[INFO] Scanning for projects...
[INFO] ------------------------------------------------------------------------
[INFO] Reactor Build Order:
[INFO] 
[INFO] Fedora Commons 4
[INFO] Fedora Repository BOM
[INFO] Fedora Repository JCR BOM
[INFO] Fedora Repository BOMs
[INFO] Fedora Repository Kernel API
[INFO] Fedora Repository Metrics Module
[INFO] Fedora Repository Minter Module
[INFO] Fedora Repository Configurations Module
[INFO] Fedora Repository Kernel Implementation
[INFO] Fedora Repository JMS Module
[INFO] Fedora Repository Object Serialization Module
[INFO] Fedora Repository HTTP Commons Module
[INFO] Fedora Repository FileSystem Connector Module
[INFO] Fedora Repository Authorization Commons Module
[INFO] Fedora Repository HTTP API Module
[INFO] Fedora Repository RDF Transformations Module
[INFO] Fedora Repository Deployable Web Application
[INFO] Fedora Repository LDP integration tests Module
[INFO] Fedora Repository RDF integration tests Module
[INFO]                                                                         
[INFO] ------------------------------------------------------------------------
[INFO] Building Fedora Commons 4 4.0.1-SNAPSHOT
[INFO] ------------------------------------------------------------------------
[INFO] 
[INFO] --- maven-clean-plugin:2.5:clean (default-clean) @ fcrepo ---
[INFO] 
[INFO] --- maven-enforcer-plugin:1.3:enforce (enforce-maven) @ fcrepo ---
[INFO] 
[INFO] --- maven-enforcer-plugin:1.3:enforce (default) @ fcrepo ---
[INFO] 
[INFO] --- maven-enforcer-plugin:1.3:enforce (enforce-victims-rule) @ fcrepo ---
[INFO] 
+=========================+
|VICTIMS-ENFORCER SETTINGS|
+=========================+
metadata     = fatal
fingerprint  = fatal
updates      = daily

[INFO] 
[INFO] --- jacoco-maven-plugin:0.7.1.201405082137:prepare-agent (default-prepare-agent) @ fcrepo ---
[INFO] jacoco.agent.unit.arg set to -javaagent:/home/awoods/.m2/repository/org/jacoco/org.jacoco.agent/0.7.1.201405082137/org.jacoco.agent-0.7.1.201405082137-runtime.jar=destfile=/home/awoods/programming/java/apps/fedora/futures/fcrepo4/target/jacoco-ut.exec,append=true
[INFO] 
[INFO] >>> maven-source-plugin:2.2.1:jar (attach-sources) @ fcrepo >>>
[INFO] 
[INFO] --- maven-enforcer-plugin:1.3:enforce (enforce-maven) @ fcrepo ---
[INFO] 
[INFO] --- maven-enforcer-plugin:1.3:enforce (default) @ fcrepo ---
[INFO] 
[INFO] --- maven-enforcer-plugin:1.3:enforce (enforce-victims-rule) @ fcrepo ---
[INFO] 
+=========================+
|VICTIMS-ENFORCER SETTINGS|
+=========================+
metadata     = fatal
fingerprint  = fatal
updates      = daily

[INFO] 
[INFO] --- jacoco-maven-plugin:0.7.1.201405082137:prepare-agent (default-prepare-agent) @ fcrepo ---
[INFO] jacoco.agent.unit.arg set to -javaagent:/home/awoods/.m2/repository/org/jacoco/org.jacoco.agent/0.7.1.201405082137/org.jacoco.agent-0.7.1.201405082137-runtime.jar=destfile=/home/awoods/programming/java/apps/fedora/futures/fcrepo4/target/jacoco-ut.exec,append=true
[INFO] 
[INFO] <<< maven-source-plugin:2.2.1:jar (attach-sources) @ fcrepo <<<
[INFO] 
[INFO] --- maven-source-plugin:2.2.1:jar (attach-sources) @ fcrepo ---
[INFO] 
[INFO] --- jacoco-maven-plugin:0.7.1.201405082137:prepare-agent-integration (default-prepare-agent-integration) @ fcrepo ---
[INFO] jacoco.agent.it.arg set to -javaagent:/home/awoods/.m2/repository/org/jacoco/org.jacoco.agent/0.7.1.201405082137/org.jacoco.agent-0.7.1.201405082137-runtime.jar=destfile=/home/awoods/programming/java/apps/fedora/futures/fcrepo4/target/jacoco-it.exec,append=true
[INFO] 
[INFO] --- maven-failsafe-plugin:2.17:integration-test (integration-test) @ fcrepo ---
[INFO] No tests to run.
[INFO] 
[INFO] --- maven-failsafe-plugin:2.17:integration-test (default-integration-test) @ fcrepo ---
[INFO] No tests to run.
[INFO] Skipping execution of surefire because it has already been run for this configuration
[INFO] 
[INFO] --- license-maven-plugin:2.6:check (default) @ fcrepo ---
[INFO] Checking licenses...
[INFO] 
[INFO] --- maven-checkstyle-plugin:2.12.1:check (checkstyle) @ fcrepo ---
[INFO] Starting audit...
Audit done.

[INFO] 
[INFO] --- maven-failsafe-plugin:2.17:verify (verify) @ fcrepo ---
[INFO] No tests to run.
[INFO] 
[INFO] --- jacoco-maven-plugin:0.7.1.201405082137:report (default-report) @ fcrepo ---
[INFO] Skipping JaCoCo execution due to missing execution data file:/home/awoods/programming/java/apps/fedora/futures/fcrepo4/target/jacoco.exec
[INFO] 
[INFO] --- jacoco-maven-plugin:0.7.1.201405082137:report-integration (default-report-integration) @ fcrepo ---
[INFO] Skipping JaCoCo execution due to missing execution data file:/home/awoods/programming/java/apps/fedora/futures/fcrepo4/target/jacoco-it.exec
[INFO] 
[INFO] --- maven-install-plugin:2.4:install (default-install) @ fcrepo ---
[INFO] Installing /home/awoods/programming/java/apps/fedora/futures/fcrepo4/pom.xml to /home/awoods/.m2/repository/org/fcrepo/fcrepo/4.0.1-SNAPSHOT/fcrepo-4.0.1-SNAPSHOT.pom
[INFO]                                                                         
[INFO] ------------------------------------------------------------------------
[INFO] Building Fedora Repository BOM 4.0.1-SNAPSHOT
[INFO] ------------------------------------------------------------------------
[INFO] 
[INFO] --- maven-clean-plugin:2.5:clean (default-clean) @ fcrepo4-bom ---
[INFO] Deleting /home/awoods/programming/java/apps/fedora/futures/fcrepo4/fcrepo-boms/fcrepo4-bom/target
[INFO] 
[INFO] --- maven-enforcer-plugin:1.3:enforce (enforce-maven) @ fcrepo4-bom ---
[INFO] 
[INFO] --- maven-enforcer-plugin:1.3:enforce (default) @ fcrepo4-bom ---
[INFO] 
[INFO] --- maven-enforcer-plugin:1.3:enforce (enforce-victims-rule) @ fcrepo4-bom ---
[INFO] 
+=========================+
|VICTIMS-ENFORCER SETTINGS|
+=========================+
metadata     = fatal
fingerprint  = fatal
updates      = daily

[INFO] 
[INFO] --- jacoco-maven-plugin:0.7.1.201405082137:prepare-agent (default-prepare-agent) @ fcrepo4-bom ---
[INFO] jacoco.agent.unit.arg set to -javaagent:/home/awoods/.m2/repository/org/jacoco/org.jacoco.agent/0.7.1.201405082137/org.jacoco.agent-0.7.1.201405082137-runtime.jar=destfile=/home/awoods/programming/java/apps/fedora/futures/fcrepo4/fcrepo-boms/fcrepo4-bom/target/jacoco-ut.exec,append=true
[INFO] 
[INFO] >>> maven-source-plugin:2.2.1:jar (attach-sources) @ fcrepo4-bom >>>
[INFO] 
[INFO] --- maven-enforcer-plugin:1.3:enforce (enforce-maven) @ fcrepo4-bom ---
[INFO] 
[INFO] --- maven-enforcer-plugin:1.3:enforce (default) @ fcrepo4-bom ---
[INFO] 
[INFO] --- maven-enforcer-plugin:1.3:enforce (enforce-victims-rule) @ fcrepo4-bom ---
[INFO] 
+=========================+
|VICTIMS-ENFORCER SETTINGS|
+=========================+
metadata     = fatal
fingerprint  = fatal
updates      = daily

[INFO] 
[INFO] --- jacoco-maven-plugin:0.7.1.201405082137:prepare-agent (default-prepare-agent) @ fcrepo4-bom ---
[INFO] jacoco.agent.unit.arg set to -javaagent:/home/awoods/.m2/repository/org/jacoco/org.jacoco.agent/0.7.1.201405082137/org.jacoco.agent-0.7.1.201405082137-runtime.jar=destfile=/home/awoods/programming/java/apps/fedora/futures/fcrepo4/fcrepo-boms/fcrepo4-bom/target/jacoco-ut.exec,append=true
[INFO] 
[INFO] <<< maven-source-plugin:2.2.1:jar (attach-sources) @ fcrepo4-bom <<<
[INFO] 
[INFO] --- maven-source-plugin:2.2.1:jar (attach-sources) @ fcrepo4-bom ---
[INFO] 
[INFO] --- jacoco-maven-plugin:0.7.1.201405082137:prepare-agent-integration (default-prepare-agent-integration) @ fcrepo4-bom ---
[INFO] jacoco.agent.it.arg set to -javaagent:/home/awoods/.m2/repository/org/jacoco/org.jacoco.agent/0.7.1.201405082137/org.jacoco.agent-0.7.1.201405082137-runtime.jar=destfile=/home/awoods/programming/java/apps/fedora/futures/fcrepo4/fcrepo-boms/fcrepo4-bom/target/jacoco-it.exec,append=true
[INFO] 
[INFO] --- maven-failsafe-plugin:2.17:integration-test (integration-test) @ fcrepo4-bom ---
[INFO] No tests to run.
[INFO] 
[INFO] --- maven-failsafe-plugin:2.17:integration-test (default-integration-test) @ fcrepo4-bom ---
[INFO] No tests to run.
[INFO] Skipping execution of surefire because it has already been run for this configuration
[INFO] 
[INFO] --- license-maven-plugin:2.6:check (default) @ fcrepo4-bom ---
[INFO] Checking licenses...
[INFO] 
[INFO] --- maven-checkstyle-plugin:2.12.1:check (checkstyle) @ fcrepo4-bom ---
[INFO] Starting audit...
Audit done.

[INFO] 
[INFO] --- maven-failsafe-plugin:2.17:verify (verify) @ fcrepo4-bom ---
[INFO] No tests to run.
[INFO] 
[INFO] --- jacoco-maven-plugin:0.7.1.201405082137:report (default-report) @ fcrepo4-bom ---
[INFO] Skipping JaCoCo execution due to missing execution data file:/home/awoods/programming/java/apps/fedora/futures/fcrepo4/fcrepo-boms/fcrepo4-bom/target/jacoco.exec
[INFO] 
[INFO] --- jacoco-maven-plugin:0.7.1.201405082137:report-integration (default-report-integration) @ fcrepo4-bom ---
[INFO] Skipping JaCoCo execution due to missing execution data file:/home/awoods/programming/java/apps/fedora/futures/fcrepo4/fcrepo-boms/fcrepo4-bom/target/jacoco-it.exec
[INFO] 
[INFO] --- maven-install-plugin:2.4:install (default-install) @ fcrepo4-bom ---
[INFO] Installing /home/awoods/programming/java/apps/fedora/futures/fcrepo4/fcrepo-boms/fcrepo4-bom/pom.xml to /home/awoods/.m2/repository/org/fcrepo/fcrepo4-bom/4.0.1-SNAPSHOT/fcrepo4-bom-4.0.1-SNAPSHOT.pom
[INFO]                                                                         
[INFO] ------------------------------------------------------------------------
[INFO] Building Fedora Repository JCR BOM 4.0.1-SNAPSHOT
[INFO] ------------------------------------------------------------------------
[INFO] 
[INFO] --- maven-clean-plugin:2.5:clean (default-clean) @ fcrepo-jcr-bom ---
[INFO] Deleting /home/awoods/programming/java/apps/fedora/futures/fcrepo4/fcrepo-boms/fcrepo-jcr-bom/target
[INFO] 
[INFO] --- maven-enforcer-plugin:1.3:enforce (enforce-maven) @ fcrepo-jcr-bom ---
[INFO] 
[INFO] --- maven-enforcer-plugin:1.3:enforce (default) @ fcrepo-jcr-bom ---
[INFO] 
[INFO] --- maven-enforcer-plugin:1.3:enforce (enforce-victims-rule) @ fcrepo-jcr-bom ---
[INFO] 
+=========================+
|VICTIMS-ENFORCER SETTINGS|
+=========================+
metadata     = fatal
fingerprint  = fatal
updates      = daily

[INFO] 
[INFO] --- jacoco-maven-plugin:0.7.1.201405082137:prepare-agent (default-prepare-agent) @ fcrepo-jcr-bom ---
[INFO] jacoco.agent.unit.arg set to -javaagent:/home/awoods/.m2/repository/org/jacoco/org.jacoco.agent/0.7.1.201405082137/org.jacoco.agent-0.7.1.201405082137-runtime.jar=destfile=/home/awoods/programming/java/apps/fedora/futures/fcrepo4/fcrepo-boms/fcrepo-jcr-bom/target/jacoco-ut.exec,append=true
[INFO] 
[INFO] >>> maven-source-plugin:2.2.1:jar (attach-sources) @ fcrepo-jcr-bom >>>
[INFO] 
[INFO] --- maven-enforcer-plugin:1.3:enforce (enforce-maven) @ fcrepo-jcr-bom ---
[INFO] 
[INFO] --- maven-enforcer-plugin:1.3:enforce (default) @ fcrepo-jcr-bom ---
[INFO] 
[INFO] --- maven-enforcer-plugin:1.3:enforce (enforce-victims-rule) @ fcrepo-jcr-bom ---
[INFO] 
+=========================+
|VICTIMS-ENFORCER SETTINGS|
+=========================+
metadata     = fatal
fingerprint  = fatal
updates      = daily

[INFO] 
[INFO] --- jacoco-maven-plugin:0.7.1.201405082137:prepare-agent (default-prepare-agent) @ fcrepo-jcr-bom ---
[INFO] jacoco.agent.unit.arg set to -javaagent:/home/awoods/.m2/repository/org/jacoco/org.jacoco.agent/0.7.1.201405082137/org.jacoco.agent-0.7.1.201405082137-runtime.jar=destfile=/home/awoods/programming/java/apps/fedora/futures/fcrepo4/fcrepo-boms/fcrepo-jcr-bom/target/jacoco-ut.exec,append=true
[INFO] 
[INFO] <<< maven-source-plugin:2.2.1:jar (attach-sources) @ fcrepo-jcr-bom <<<
[INFO] 
[INFO] --- maven-source-plugin:2.2.1:jar (attach-sources) @ fcrepo-jcr-bom ---
[INFO] 
[INFO] --- jacoco-maven-plugin:0.7.1.201405082137:prepare-agent-integration (default-prepare-agent-integration) @ fcrepo-jcr-bom ---
[INFO] jacoco.agent.it.arg set to -javaagent:/home/awoods/.m2/repository/org/jacoco/org.jacoco.agent/0.7.1.201405082137/org.jacoco.agent-0.7.1.201405082137-runtime.jar=destfile=/home/awoods/programming/java/apps/fedora/futures/fcrepo4/fcrepo-boms/fcrepo-jcr-bom/target/jacoco-it.exec,append=true
[INFO] 
[INFO] --- maven-failsafe-plugin:2.17:integration-test (integration-test) @ fcrepo-jcr-bom ---
[INFO] No tests to run.
[INFO] 
[INFO] --- maven-failsafe-plugin:2.17:integration-test (default-integration-test) @ fcrepo-jcr-bom ---
[INFO] No tests to run.
[INFO] Skipping execution of surefire because it has already been run for this configuration
[INFO] 
[INFO] --- license-maven-plugin:2.6:check (default) @ fcrepo-jcr-bom ---
[INFO] Checking licenses...
[INFO] 
[INFO] --- maven-checkstyle-plugin:2.12.1:check (checkstyle) @ fcrepo-jcr-bom ---
[INFO] Starting audit...
Audit done.

[INFO] 
[INFO] --- maven-failsafe-plugin:2.17:verify (verify) @ fcrepo-jcr-bom ---
[INFO] No tests to run.
[INFO] 
[INFO] --- jacoco-maven-plugin:0.7.1.201405082137:report (default-report) @ fcrepo-jcr-bom ---
[INFO] Skipping JaCoCo execution due to missing execution data file:/home/awoods/programming/java/apps/fedora/futures/fcrepo4/fcrepo-boms/fcrepo-jcr-bom/target/jacoco.exec
[INFO] 
[INFO] --- jacoco-maven-plugin:0.7.1.201405082137:report-integration (default-report-integration) @ fcrepo-jcr-bom ---
[INFO] Skipping JaCoCo execution due to missing execution data file:/home/awoods/programming/java/apps/fedora/futures/fcrepo4/fcrepo-boms/fcrepo-jcr-bom/target/jacoco-it.exec
[INFO] 
[INFO] --- maven-install-plugin:2.4:install (default-install) @ fcrepo-jcr-bom ---
[INFO] Installing /home/awoods/programming/java/apps/fedora/futures/fcrepo4/fcrepo-boms/fcrepo-jcr-bom/pom.xml to /home/awoods/.m2/repository/org/fcrepo/fcrepo-jcr-bom/4.0.1-SNAPSHOT/fcrepo-jcr-bom-4.0.1-SNAPSHOT.pom
[INFO]                                                                         
[INFO] ------------------------------------------------------------------------
[INFO] Building Fedora Repository BOMs 4.0.1-SNAPSHOT
[INFO] ------------------------------------------------------------------------
[INFO] 
[INFO] --- maven-clean-plugin:2.5:clean (default-clean) @ fcrepo-boms ---
[INFO] Deleting /home/awoods/programming/java/apps/fedora/futures/fcrepo4/fcrepo-boms/target
[INFO] 
[INFO] --- maven-enforcer-plugin:1.3:enforce (enforce-maven) @ fcrepo-boms ---
[INFO] 
[INFO] --- maven-enforcer-plugin:1.3:enforce (default) @ fcrepo-boms ---
[INFO] 
[INFO] --- maven-enforcer-plugin:1.3:enforce (enforce-victims-rule) @ fcrepo-boms ---
[INFO] 
+=========================+
|VICTIMS-ENFORCER SETTINGS|
+=========================+
metadata     = fatal
fingerprint  = fatal
updates      = daily

[INFO] 
[INFO] --- jacoco-maven-plugin:0.7.1.201405082137:prepare-agent (default-prepare-agent) @ fcrepo-boms ---
[INFO] jacoco.agent.unit.arg set to -javaagent:/home/awoods/.m2/repository/org/jacoco/org.jacoco.agent/0.7.1.201405082137/org.jacoco.agent-0.7.1.201405082137-runtime.jar=destfile=/home/awoods/programming/java/apps/fedora/futures/fcrepo4/fcrepo-boms/target/jacoco-ut.exec,append=true
[INFO] 
[INFO] >>> maven-source-plugin:2.2.1:jar (attach-sources) @ fcrepo-boms >>>
[INFO] 
[INFO] --- maven-enforcer-plugin:1.3:enforce (enforce-maven) @ fcrepo-boms ---
[INFO] 
[INFO] --- maven-enforcer-plugin:1.3:enforce (default) @ fcrepo-boms ---
[INFO] 
[INFO] --- maven-enforcer-plugin:1.3:enforce (enforce-victims-rule) @ fcrepo-boms ---
[INFO] 
+=========================+
|VICTIMS-ENFORCER SETTINGS|
+=========================+
metadata     = fatal
fingerprint  = fatal
updates      = daily

[INFO] 
[INFO] --- jacoco-maven-plugin:0.7.1.201405082137:prepare-agent (default-prepare-agent) @ fcrepo-boms ---
[INFO] jacoco.agent.unit.arg set to -javaagent:/home/awoods/.m2/repository/org/jacoco/org.jacoco.agent/0.7.1.201405082137/org.jacoco.agent-0.7.1.201405082137-runtime.jar=destfile=/home/awoods/programming/java/apps/fedora/futures/fcrepo4/fcrepo-boms/target/jacoco-ut.exec,append=true
[INFO] 
[INFO] <<< maven-source-plugin:2.2.1:jar (attach-sources) @ fcrepo-boms <<<
[INFO] 
[INFO] --- maven-source-plugin:2.2.1:jar (attach-sources) @ fcrepo-boms ---
[INFO] 
[INFO] --- jacoco-maven-plugin:0.7.1.201405082137:prepare-agent-integration (default-prepare-agent-integration) @ fcrepo-boms ---
[INFO] jacoco.agent.it.arg set to -javaagent:/home/awoods/.m2/repository/org/jacoco/org.jacoco.agent/0.7.1.201405082137/org.jacoco.agent-0.7.1.201405082137-runtime.jar=destfile=/home/awoods/programming/java/apps/fedora/futures/fcrepo4/fcrepo-boms/target/jacoco-it.exec,append=true
[INFO] 
[INFO] --- maven-failsafe-plugin:2.17:integration-test (integration-test) @ fcrepo-boms ---
[INFO] No tests to run.
[INFO] 
[INFO] --- maven-failsafe-plugin:2.17:integration-test (default-integration-test) @ fcrepo-boms ---
[INFO] No tests to run.
[INFO] Skipping execution of surefire because it has already been run for this configuration
[INFO] 
[INFO] --- license-maven-plugin:2.6:check (default) @ fcrepo-boms ---
[INFO] Checking licenses...
[INFO] 
[INFO] --- maven-checkstyle-plugin:2.12.1:check (checkstyle) @ fcrepo-boms ---
[INFO] Starting audit...
Audit done.

[INFO] 
[INFO] --- maven-failsafe-plugin:2.17:verify (verify) @ fcrepo-boms ---
[INFO] No tests to run.
[INFO] 
[INFO] --- jacoco-maven-plugin:0.7.1.201405082137:report (default-report) @ fcrepo-boms ---
[INFO] Skipping JaCoCo execution due to missing execution data file:/home/awoods/programming/java/apps/fedora/futures/fcrepo4/fcrepo-boms/target/jacoco.exec
[INFO] 
[INFO] --- jacoco-maven-plugin:0.7.1.201405082137:report-integration (default-report-integration) @ fcrepo-boms ---
[INFO] Skipping JaCoCo execution due to missing execution data file:/home/awoods/programming/java/apps/fedora/futures/fcrepo4/fcrepo-boms/target/jacoco-it.exec
[INFO] 
[INFO] --- maven-install-plugin:2.4:install (default-install) @ fcrepo-boms ---
[INFO] Installing /home/awoods/programming/java/apps/fedora/futures/fcrepo4/fcrepo-boms/pom.xml to /home/awoods/.m2/repository/org/fcrepo/fcrepo-boms/4.0.1-SNAPSHOT/fcrepo-boms-4.0.1-SNAPSHOT.pom
[INFO]                                                                         
[INFO] ------------------------------------------------------------------------
[INFO] Building Fedora Repository Kernel API 4.0.1-SNAPSHOT
[INFO] ------------------------------------------------------------------------
[INFO] 
[INFO] --- maven-clean-plugin:2.5:clean (default-clean) @ fcrepo-kernel ---
[INFO] Deleting /home/awoods/programming/java/apps/fedora/futures/fcrepo4/fcrepo-kernel/target
[INFO] 
[INFO] --- maven-enforcer-plugin:1.3:enforce (enforce-maven) @ fcrepo-kernel ---
[INFO] 
[INFO] --- maven-enforcer-plugin:1.3:enforce (default) @ fcrepo-kernel ---
[INFO] 
[INFO] --- maven-enforcer-plugin:1.3:enforce (enforce-victims-rule) @ fcrepo-kernel ---
[INFO] 
+=========================+
|VICTIMS-ENFORCER SETTINGS|
+=========================+
metadata     = fatal
fingerprint  = fatal
updates      = daily

[INFO] 
[INFO] --- jacoco-maven-plugin:0.7.1.201405082137:prepare-agent (default-prepare-agent) @ fcrepo-kernel ---
[INFO] jacoco.agent.unit.arg set to -javaagent:/home/awoods/.m2/repository/org/jacoco/org.jacoco.agent/0.7.1.201405082137/org.jacoco.agent-0.7.1.201405082137-runtime.jar=destfile=/home/awoods/programming/java/apps/fedora/futures/fcrepo4/fcrepo-kernel/target/jacoco-ut.exec,append=true
[INFO] 
[INFO] --- maven-resources-plugin:2.6:resources (default-resources) @ fcrepo-kernel ---
[INFO] Using 'UTF-8' encoding to copy filtered resources.
[INFO] skip non existing resourceDirectory /home/awoods/programming/java/apps/fedora/futures/fcrepo4/fcrepo-kernel/src/main/resources
[INFO] 
[INFO] --- maven-compiler-plugin:3.1:compile (default-compile) @ fcrepo-kernel ---
[INFO] Changes detected - recompiling the module!
[INFO] Compiling 56 source files to /home/awoods/programming/java/apps/fedora/futures/fcrepo4/fcrepo-kernel/target/classes
[WARNING] /home/awoods/programming/java/apps/fedora/futures/fcrepo4/fcrepo-kernel/src/main/java/org/fcrepo/kernel/utils/iterators/RdfStream.java:[166,90] Possible heap pollution from parameterized vararg type T
[WARNING] /home/awoods/programming/java/apps/fedora/futures/fcrepo4/fcrepo-kernel/src/main/java/org/fcrepo/kernel/observer/FedoraEvent.java:[139,16] unchecked method invocation: constructor <init> in class java.util.HashMap is applied to given types
  required: java.util.Map<? extends K,? extends V>
  found: java.util.Map
[WARNING] /home/awoods/programming/java/apps/fedora/futures/fcrepo4/fcrepo-kernel/src/main/java/org/fcrepo/kernel/observer/FedoraEvent.java:[139,39] unchecked conversion
  required: java.util.Map<? extends K,? extends V>
  found:    java.util.Map
[WARNING] /home/awoods/programming/java/apps/fedora/futures/fcrepo4/fcrepo-kernel/src/main/java/org/fcrepo/kernel/observer/FedoraEvent.java:[139,16] unchecked conversion
  required: java.util.Map<java.lang.Object,java.lang.Object>
  found:    java.util.HashMap
[INFO] 
[INFO] --- maven-resources-plugin:2.6:testResources (default-testResources) @ fcrepo-kernel ---
[INFO] Using 'UTF-8' encoding to copy filtered resources.
[INFO] skip non existing resourceDirectory /home/awoods/programming/java/apps/fedora/futures/fcrepo4/fcrepo-kernel/src/test/resources
[INFO] 
[INFO] --- maven-compiler-plugin:3.1:testCompile (default-testCompile) @ fcrepo-kernel ---
[INFO] Changes detected - recompiling the module!
[INFO] Compiling 7 source files to /home/awoods/programming/java/apps/fedora/futures/fcrepo4/fcrepo-kernel/target/test-classes
[INFO] 
[INFO] --- maven-surefire-plugin:2.17:test (default-test) @ fcrepo-kernel ---
[INFO] Surefire report directory: /home/awoods/programming/java/apps/fedora/futures/fcrepo4/fcrepo-kernel/target/surefire-reports

-------------------------------------------------------
 T E S T S
-------------------------------------------------------
Java HotSpot(TM) 64-Bit Server VM warning: ignoring option UseSplitVerifier; support was removed in 8.0
Running org.fcrepo.kernel.observer.FedoraEventTest
Tests run: 13, Failures: 0, Errors: 0, Skipped: 0, Time elapsed: 0.084 sec - in org.fcrepo.kernel.observer.FedoraEventTest
Running org.fcrepo.kernel.utils.NamespaceToolsTest
Tests run: 7, Failures: 0, Errors: 0, Skipped: 0, Time elapsed: 0.212 sec - in org.fcrepo.kernel.utils.NamespaceToolsTest
Running org.fcrepo.kernel.utils.ContentDigestTest
Tests run: 3, Failures: 0, Errors: 0, Skipped: 0, Time elapsed: 0.065 sec - in org.fcrepo.kernel.utils.ContentDigestTest
Running org.fcrepo.kernel.utils.iterators.GraphDifferencingIteratorTest
Tests run: 6, Failures: 0, Errors: 0, Skipped: 0, Time elapsed: 0.093 sec - in org.fcrepo.kernel.utils.iterators.GraphDifferencingIteratorTest
Running org.fcrepo.kernel.utils.iterators.RdfStreamTest
13:40:09.861 [main] DEBUG o.a.j.r.s.stream.JenaIOEnvironment - Failed to find configuration: location-mapping.ttl;location-mapping.rdf;location-mapping.n3;etc/location-mapping.rdf;etc/location-mapping.n3;etc/location-mapping.ttl
Tests run: 27, Failures: 0, Errors: 0, Skipped: 0, Time elapsed: 0.266 sec - in org.fcrepo.kernel.utils.iterators.RdfStreamTest
Running org.fcrepo.kernel.utils.EventTypeTest
Tests run: 3, Failures: 0, Errors: 0, Skipped: 0, Time elapsed: 0.005 sec - in org.fcrepo.kernel.utils.EventTypeTest
Running org.fcrepo.kernel.RdfLexiconTest
Tests run: 2, Failures: 0, Errors: 0, Skipped: 0, Time elapsed: 0 sec - in org.fcrepo.kernel.RdfLexiconTest

Results :

Tests run: 61, Failures: 0, Errors: 0, Skipped: 0

[INFO] 
[INFO] --- maven-bundle-plugin:2.4.0:bundle (default-bundle) @ fcrepo-kernel ---
[WARNING] Bundle org.fcrepo:fcrepo-kernel:bundle:4.0.1-SNAPSHOT : Export org.fcrepo.kernel.models,  has 1,  private references [org.fcrepo.kernel.services.policy], 
[INFO] 
[INFO] >>> maven-source-plugin:2.2.1:jar (attach-sources) @ fcrepo-kernel >>>
[INFO] 
[INFO] --- maven-enforcer-plugin:1.3:enforce (enforce-maven) @ fcrepo-kernel ---
[INFO] 
[INFO] --- maven-enforcer-plugin:1.3:enforce (default) @ fcrepo-kernel ---
[INFO] 
[INFO] --- maven-enforcer-plugin:1.3:enforce (enforce-victims-rule) @ fcrepo-kernel ---
[INFO] 
+=========================+
|VICTIMS-ENFORCER SETTINGS|
+=========================+
metadata     = fatal
fingerprint  = fatal
updates      = daily

[INFO] 
[INFO] --- jacoco-maven-plugin:0.7.1.201405082137:prepare-agent (default-prepare-agent) @ fcrepo-kernel ---
[INFO] jacoco.agent.unit.arg set to -javaagent:/home/awoods/.m2/repository/org/jacoco/org.jacoco.agent/0.7.1.201405082137/org.jacoco.agent-0.7.1.201405082137-runtime.jar=destfile=/home/awoods/programming/java/apps/fedora/futures/fcrepo4/fcrepo-kernel/target/jacoco-ut.exec,append=true
[INFO] 
[INFO] <<< maven-source-plugin:2.2.1:jar (attach-sources) @ fcrepo-kernel <<<
[INFO] 
[INFO] --- maven-source-plugin:2.2.1:jar (attach-sources) @ fcrepo-kernel ---
[INFO] Building jar: /home/awoods/programming/java/apps/fedora/futures/fcrepo4/fcrepo-kernel/target/fcrepo-kernel-4.0.1-SNAPSHOT-sources.jar
[INFO] 
[INFO] --- jacoco-maven-plugin:0.7.1.201405082137:prepare-agent-integration (default-prepare-agent-integration) @ fcrepo-kernel ---
[INFO] jacoco.agent.it.arg set to -javaagent:/home/awoods/.m2/repository/org/jacoco/org.jacoco.agent/0.7.1.201405082137/org.jacoco.agent-0.7.1.201405082137-runtime.jar=destfile=/home/awoods/programming/java/apps/fedora/futures/fcrepo4/fcrepo-kernel/target/jacoco-it.exec,append=true
[INFO] 
[INFO] --- maven-failsafe-plugin:2.17:integration-test (integration-test) @ fcrepo-kernel ---
[INFO] 
[INFO] --- maven-failsafe-plugin:2.17:integration-test (default-integration-test) @ fcrepo-kernel ---
[INFO] Skipping execution of surefire because it has already been run for this configuration
[INFO] 
[INFO] --- license-maven-plugin:2.6:check (default) @ fcrepo-kernel ---
[INFO] Checking licenses...
[INFO] 
[INFO] --- maven-checkstyle-plugin:2.12.1:check (checkstyle) @ fcrepo-kernel ---
[INFO] Starting audit...
Audit done.

[INFO] 
[INFO] --- maven-failsafe-plugin:2.17:verify (verify) @ fcrepo-kernel ---
[INFO] Failsafe report directory: /home/awoods/programming/java/apps/fedora/futures/fcrepo4/fcrepo-kernel/target/failsafe-reports
[INFO] 
[INFO] --- jacoco-maven-plugin:0.7.1.201405082137:report (default-report) @ fcrepo-kernel ---
[INFO] Skipping JaCoCo execution due to missing execution data file:/home/awoods/programming/java/apps/fedora/futures/fcrepo4/fcrepo-kernel/target/jacoco.exec
[INFO] 
[INFO] --- jacoco-maven-plugin:0.7.1.201405082137:report-integration (default-report-integration) @ fcrepo-kernel ---
[INFO] Skipping JaCoCo execution due to missing execution data file:/home/awoods/programming/java/apps/fedora/futures/fcrepo4/fcrepo-kernel/target/jacoco-it.exec
[INFO] 
[INFO] --- maven-install-plugin:2.4:install (default-install) @ fcrepo-kernel ---
[INFO] Installing /home/awoods/programming/java/apps/fedora/futures/fcrepo4/fcrepo-kernel/target/fcrepo-kernel-4.0.1-SNAPSHOT.jar to /home/awoods/.m2/repository/org/fcrepo/fcrepo-kernel/4.0.1-SNAPSHOT/fcrepo-kernel-4.0.1-SNAPSHOT.jar
[INFO] Installing /home/awoods/programming/java/apps/fedora/futures/fcrepo4/fcrepo-kernel/pom.xml to /home/awoods/.m2/repository/org/fcrepo/fcrepo-kernel/4.0.1-SNAPSHOT/fcrepo-kernel-4.0.1-SNAPSHOT.pom
[INFO] Installing /home/awoods/programming/java/apps/fedora/futures/fcrepo4/fcrepo-kernel/target/fcrepo-kernel-4.0.1-SNAPSHOT-sources.jar to /home/awoods/.m2/repository/org/fcrepo/fcrepo-kernel/4.0.1-SNAPSHOT/fcrepo-kernel-4.0.1-SNAPSHOT-sources.jar
[INFO] 
[INFO] --- maven-bundle-plugin:2.4.0:install (default-install) @ fcrepo-kernel ---
[INFO] Installing org/fcrepo/fcrepo-kernel/4.0.1-SNAPSHOT/fcrepo-kernel-4.0.1-SNAPSHOT.jar
[INFO] Writing OBR metadata
[INFO]                                                                         
[INFO] ------------------------------------------------------------------------
[INFO] Building Fedora Repository Metrics Module 4.0.1-SNAPSHOT
[INFO] ------------------------------------------------------------------------
[INFO] 
[INFO] --- maven-clean-plugin:2.5:clean (default-clean) @ fcrepo-metrics ---
[INFO] Deleting /home/awoods/programming/java/apps/fedora/futures/fcrepo4/fcrepo-metrics/target
[INFO] 
[INFO] --- maven-enforcer-plugin:1.3:enforce (enforce-maven) @ fcrepo-metrics ---
[INFO] 
[INFO] --- maven-enforcer-plugin:1.3:enforce (default) @ fcrepo-metrics ---
[INFO] 
[INFO] --- maven-enforcer-plugin:1.3:enforce (enforce-victims-rule) @ fcrepo-metrics ---
[INFO] 
+=========================+
|VICTIMS-ENFORCER SETTINGS|
+=========================+
metadata     = fatal
fingerprint  = fatal
updates      = daily

[INFO] 
[INFO] --- jacoco-maven-plugin:0.7.1.201405082137:prepare-agent (default-prepare-agent) @ fcrepo-metrics ---
[INFO] jacoco.agent.unit.arg set to -javaagent:/home/awoods/.m2/repository/org/jacoco/org.jacoco.agent/0.7.1.201405082137/org.jacoco.agent-0.7.1.201405082137-runtime.jar=destfile=/home/awoods/programming/java/apps/fedora/futures/fcrepo4/fcrepo-metrics/target/jacoco-ut.exec,append=true
[INFO] 
[INFO] --- maven-resources-plugin:2.6:resources (default-resources) @ fcrepo-metrics ---
[INFO] Using 'UTF-8' encoding to copy filtered resources.
[INFO] skip non existing resourceDirectory /home/awoods/programming/java/apps/fedora/futures/fcrepo4/fcrepo-metrics/src/main/resources
[INFO] 
[INFO] --- maven-compiler-plugin:3.1:compile (default-compile) @ fcrepo-metrics ---
[INFO] Changes detected - recompiling the module!
[INFO] Compiling 5 source files to /home/awoods/programming/java/apps/fedora/futures/fcrepo4/fcrepo-metrics/target/classes
[WARNING] /home/awoods/programming/java/apps/fedora/futures/fcrepo4/fcrepo-metrics/src/main/java/org/fcrepo/metrics/MetricsContextListener.java: /home/awoods/programming/java/apps/fedora/futures/fcrepo4/fcrepo-metrics/src/main/java/org/fcrepo/metrics/MetricsContextListener.java uses or overrides a deprecated API.
[WARNING] /home/awoods/programming/java/apps/fedora/futures/fcrepo4/fcrepo-metrics/src/main/java/org/fcrepo/metrics/MetricsContextListener.java: Recompile with -Xlint:deprecation for details.
[INFO] 
[INFO] --- maven-resources-plugin:2.6:testResources (default-testResources) @ fcrepo-metrics ---
[INFO] Using 'UTF-8' encoding to copy filtered resources.
[INFO] skip non existing resourceDirectory /home/awoods/programming/java/apps/fedora/futures/fcrepo4/fcrepo-metrics/src/test/resources
[INFO] 
[INFO] --- maven-compiler-plugin:3.1:testCompile (default-testCompile) @ fcrepo-metrics ---
[INFO] Changes detected - recompiling the module!
[INFO] Compiling 2 source files to /home/awoods/programming/java/apps/fedora/futures/fcrepo4/fcrepo-metrics/target/test-classes
[INFO] 
[INFO] --- maven-surefire-plugin:2.17:test (default-test) @ fcrepo-metrics ---
[INFO] Surefire report directory: /home/awoods/programming/java/apps/fedora/futures/fcrepo4/fcrepo-metrics/target/surefire-reports

-------------------------------------------------------
 T E S T S
-------------------------------------------------------
Java HotSpot(TM) 64-Bit Server VM warning: ignoring option UseSplitVerifier; support was removed in 8.0
Running org.fcrepo.services.MetricsServiceTest
Tests run: 1, Failures: 0, Errors: 0, Skipped: 0, Time elapsed: 0.069 sec - in org.fcrepo.services.MetricsServiceTest
Running org.fcrepo.services.ReporterFactoryTest
Tests run: 2, Failures: 0, Errors: 0, Skipped: 0, Time elapsed: 0.322 sec - in org.fcrepo.services.ReporterFactoryTest

Results :

Tests run: 3, Failures: 0, Errors: 0, Skipped: 0

[INFO] 
[INFO] --- maven-bundle-plugin:2.4.0:bundle (default-bundle) @ fcrepo-metrics ---
[INFO] 
[INFO] >>> maven-source-plugin:2.2.1:jar (attach-sources) @ fcrepo-metrics >>>
[INFO] 
[INFO] --- maven-enforcer-plugin:1.3:enforce (enforce-maven) @ fcrepo-metrics ---
[INFO] 
[INFO] --- maven-enforcer-plugin:1.3:enforce (default) @ fcrepo-metrics ---
[INFO] 
[INFO] --- maven-enforcer-plugin:1.3:enforce (enforce-victims-rule) @ fcrepo-metrics ---
[INFO] 
+=========================+
|VICTIMS-ENFORCER SETTINGS|
+=========================+
metadata     = fatal
fingerprint  = fatal
updates      = daily

[INFO] 
[INFO] --- jacoco-maven-plugin:0.7.1.201405082137:prepare-agent (default-prepare-agent) @ fcrepo-metrics ---
[INFO] jacoco.agent.unit.arg set to -javaagent:/home/awoods/.m2/repository/org/jacoco/org.jacoco.agent/0.7.1.201405082137/org.jacoco.agent-0.7.1.201405082137-runtime.jar=destfile=/home/awoods/programming/java/apps/fedora/futures/fcrepo4/fcrepo-metrics/target/jacoco-ut.exec,append=true
[INFO] 
[INFO] <<< maven-source-plugin:2.2.1:jar (attach-sources) @ fcrepo-metrics <<<
[INFO] 
[INFO] --- maven-source-plugin:2.2.1:jar (attach-sources) @ fcrepo-metrics ---
[INFO] Building jar: /home/awoods/programming/java/apps/fedora/futures/fcrepo4/fcrepo-metrics/target/fcrepo-metrics-4.0.1-SNAPSHOT-sources.jar
[INFO] 
[INFO] --- jacoco-maven-plugin:0.7.1.201405082137:prepare-agent-integration (default-prepare-agent-integration) @ fcrepo-metrics ---
[INFO] jacoco.agent.it.arg set to -javaagent:/home/awoods/.m2/repository/org/jacoco/org.jacoco.agent/0.7.1.201405082137/org.jacoco.agent-0.7.1.201405082137-runtime.jar=destfile=/home/awoods/programming/java/apps/fedora/futures/fcrepo4/fcrepo-metrics/target/jacoco-it.exec,append=true
[INFO] 
[INFO] --- maven-failsafe-plugin:2.17:integration-test (integration-test) @ fcrepo-metrics ---
[INFO] 
[INFO] --- maven-failsafe-plugin:2.17:integration-test (default-integration-test) @ fcrepo-metrics ---
[INFO] Skipping execution of surefire because it has already been run for this configuration
[INFO] 
[INFO] --- license-maven-plugin:2.6:check (default) @ fcrepo-metrics ---
[INFO] Checking licenses...
[INFO] 
[INFO] --- maven-checkstyle-plugin:2.12.1:check (checkstyle) @ fcrepo-metrics ---
[INFO] Starting audit...
Audit done.

[INFO] 
[INFO] --- maven-failsafe-plugin:2.17:verify (verify) @ fcrepo-metrics ---
[INFO] Failsafe report directory: /home/awoods/programming/java/apps/fedora/futures/fcrepo4/fcrepo-metrics/target/failsafe-reports
[INFO] 
[INFO] --- jacoco-maven-plugin:0.7.1.201405082137:report (default-report) @ fcrepo-metrics ---
[INFO] Skipping JaCoCo execution due to missing execution data file:/home/awoods/programming/java/apps/fedora/futures/fcrepo4/fcrepo-metrics/target/jacoco.exec
[INFO] 
[INFO] --- jacoco-maven-plugin:0.7.1.201405082137:report-integration (default-report-integration) @ fcrepo-metrics ---
[INFO] Skipping JaCoCo execution due to missing execution data file:/home/awoods/programming/java/apps/fedora/futures/fcrepo4/fcrepo-metrics/target/jacoco-it.exec
[INFO] 
[INFO] --- maven-install-plugin:2.4:install (default-install) @ fcrepo-metrics ---
[INFO] Installing /home/awoods/programming/java/apps/fedora/futures/fcrepo4/fcrepo-metrics/target/fcrepo-metrics-4.0.1-SNAPSHOT.jar to /home/awoods/.m2/repository/org/fcrepo/fcrepo-metrics/4.0.1-SNAPSHOT/fcrepo-metrics-4.0.1-SNAPSHOT.jar
[INFO] Installing /home/awoods/programming/java/apps/fedora/futures/fcrepo4/fcrepo-metrics/pom.xml to /home/awoods/.m2/repository/org/fcrepo/fcrepo-metrics/4.0.1-SNAPSHOT/fcrepo-metrics-4.0.1-SNAPSHOT.pom
[INFO] Installing /home/awoods/programming/java/apps/fedora/futures/fcrepo4/fcrepo-metrics/target/fcrepo-metrics-4.0.1-SNAPSHOT-sources.jar to /home/awoods/.m2/repository/org/fcrepo/fcrepo-metrics/4.0.1-SNAPSHOT/fcrepo-metrics-4.0.1-SNAPSHOT-sources.jar
[INFO] 
[INFO] --- maven-bundle-plugin:2.4.0:install (default-install) @ fcrepo-metrics ---
[INFO] Installing org/fcrepo/fcrepo-metrics/4.0.1-SNAPSHOT/fcrepo-metrics-4.0.1-SNAPSHOT.jar
[INFO] Writing OBR metadata
[INFO]                                                                         
[INFO] ------------------------------------------------------------------------
[INFO] Building Fedora Repository Minter Module 4.0.1-SNAPSHOT
[INFO] ------------------------------------------------------------------------
[INFO] 
[INFO] --- maven-clean-plugin:2.5:clean (default-clean) @ fcrepo-mint ---
[INFO] Deleting /home/awoods/programming/java/apps/fedora/futures/fcrepo4/fcrepo-mint/target
[INFO] 
[INFO] --- maven-enforcer-plugin:1.3:enforce (enforce-maven) @ fcrepo-mint ---
[INFO] 
[INFO] --- maven-enforcer-plugin:1.3:enforce (default) @ fcrepo-mint ---
[INFO] 
[INFO] --- maven-enforcer-plugin:1.3:enforce (enforce-victims-rule) @ fcrepo-mint ---
[INFO] 
+=========================+
|VICTIMS-ENFORCER SETTINGS|
+=========================+
metadata     = fatal
fingerprint  = fatal
updates      = daily

[INFO] 
[INFO] --- jacoco-maven-plugin:0.7.1.201405082137:prepare-agent (default-prepare-agent) @ fcrepo-mint ---
[INFO] jacoco.agent.unit.arg set to -javaagent:/home/awoods/.m2/repository/org/jacoco/org.jacoco.agent/0.7.1.201405082137/org.jacoco.agent-0.7.1.201405082137-runtime.jar=destfile=/home/awoods/programming/java/apps/fedora/futures/fcrepo4/fcrepo-mint/target/jacoco-ut.exec,append=true
[INFO] 
[INFO] --- maven-resources-plugin:2.6:resources (default-resources) @ fcrepo-mint ---
[INFO] Using 'UTF-8' encoding to copy filtered resources.
[INFO] skip non existing resourceDirectory /home/awoods/programming/java/apps/fedora/futures/fcrepo4/fcrepo-mint/src/main/resources
[INFO] 
[INFO] --- maven-compiler-plugin:3.1:compile (default-compile) @ fcrepo-mint ---
[INFO] Changes detected - recompiling the module!
[INFO] Compiling 3 source files to /home/awoods/programming/java/apps/fedora/futures/fcrepo4/fcrepo-mint/target/classes
[INFO] 
[INFO] --- maven-resources-plugin:2.6:testResources (default-testResources) @ fcrepo-mint ---
[INFO] Using 'UTF-8' encoding to copy filtered resources.
[INFO] Copying 2 resources
[INFO] 
[INFO] --- maven-compiler-plugin:3.1:testCompile (default-testCompile) @ fcrepo-mint ---
[INFO] Changes detected - recompiling the module!
[INFO] Compiling 5 source files to /home/awoods/programming/java/apps/fedora/futures/fcrepo4/fcrepo-mint/target/test-classes
[INFO] 
[INFO] --- maven-surefire-plugin:2.17:test (default-test) @ fcrepo-mint ---
[INFO] Surefire report directory: /home/awoods/programming/java/apps/fedora/futures/fcrepo4/fcrepo-mint/target/surefire-reports

-------------------------------------------------------
 T E S T S
-------------------------------------------------------
Java HotSpot(TM) 64-Bit Server VM warning: ignoring option UseSplitVerifier; support was removed in 8.0
Running org.fcrepo.mint.UUIDPathMinterTest
Tests run: 2, Failures: 0, Errors: 0, Skipped: 0, Time elapsed: 0.095 sec - in org.fcrepo.mint.UUIDPathMinterTest
Running org.fcrepo.mint.HttpPidMinterTest
Tests run: 4, Failures: 0, Errors: 0, Skipped: 0, Time elapsed: 0.508 sec - in org.fcrepo.mint.HttpPidMinterTest
Running org.fcrepo.mint.UUIDPidMinterTest
Tests run: 1, Failures: 0, Errors: 0, Skipped: 0, Time elapsed: 0.003 sec - in org.fcrepo.mint.UUIDPidMinterTest

Results :

Tests run: 7, Failures: 0, Errors: 0, Skipped: 0

[INFO] 
[INFO] --- maven-bundle-plugin:2.4.0:bundle (default-bundle) @ fcrepo-mint ---
[INFO] 
[INFO] >>> maven-source-plugin:2.2.1:jar (attach-sources) @ fcrepo-mint >>>
[INFO] 
[INFO] --- maven-enforcer-plugin:1.3:enforce (enforce-maven) @ fcrepo-mint ---
[INFO] 
[INFO] --- maven-enforcer-plugin:1.3:enforce (default) @ fcrepo-mint ---
[INFO] 
[INFO] --- maven-enforcer-plugin:1.3:enforce (enforce-victims-rule) @ fcrepo-mint ---
[INFO] 
+=========================+
|VICTIMS-ENFORCER SETTINGS|
+=========================+
metadata     = fatal
fingerprint  = fatal
updates      = daily

[INFO] 
[INFO] --- jacoco-maven-plugin:0.7.1.201405082137:prepare-agent (default-prepare-agent) @ fcrepo-mint ---
[INFO] jacoco.agent.unit.arg set to -javaagent:/home/awoods/.m2/repository/org/jacoco/org.jacoco.agent/0.7.1.201405082137/org.jacoco.agent-0.7.1.201405082137-runtime.jar=destfile=/home/awoods/programming/java/apps/fedora/futures/fcrepo4/fcrepo-mint/target/jacoco-ut.exec,append=true
[INFO] 
[INFO] <<< maven-source-plugin:2.2.1:jar (attach-sources) @ fcrepo-mint <<<
[INFO] 
[INFO] --- maven-source-plugin:2.2.1:jar (attach-sources) @ fcrepo-mint ---
[INFO] Building jar: /home/awoods/programming/java/apps/fedora/futures/fcrepo4/fcrepo-mint/target/fcrepo-mint-4.0.1-SNAPSHOT-sources.jar
[INFO] 
[INFO] --- jacoco-maven-plugin:0.7.1.201405082137:prepare-agent-integration (default-prepare-agent-integration) @ fcrepo-mint ---
[INFO] jacoco.agent.it.arg set to -javaagent:/home/awoods/.m2/repository/org/jacoco/org.jacoco.agent/0.7.1.201405082137/org.jacoco.agent-0.7.1.201405082137-runtime.jar=destfile=/home/awoods/programming/java/apps/fedora/futures/fcrepo4/fcrepo-mint/target/jacoco-it.exec,append=true
[INFO] 
[INFO] --- build-helper-maven-plugin:1.8:reserve-network-port (reserve-port) @ fcrepo-mint ---
[INFO] Reserved port 40671 for fcrepo.test.port
[INFO] 
[INFO] --- maven-failsafe-plugin:2.17:integration-test (integration-test) @ fcrepo-mint ---
[INFO] Failsafe report directory: /home/awoods/programming/java/apps/fedora/futures/fcrepo4/fcrepo-mint/target/failsafe-reports

-------------------------------------------------------
 T E S T S
-------------------------------------------------------
Java HotSpot(TM) 64-Bit Server VM warning: ignoring option MaxPermSize=128m; support was removed in 8.0
Running org.fcrepo.integration.mint.HttpPidMinterIT
ERROR 13:40:22.128 (ContainerWrapper) Error with test server
java.net.BindException: Address already in use
	at sun.nio.ch.Net.bind0(Native Method) ~[na:1.8.0_25]
	at sun.nio.ch.Net.bind(Net.java:436) ~[na:1.8.0_25]
	at sun.nio.ch.Net.bind(Net.java:428) ~[na:1.8.0_25]
	at sun.nio.ch.ServerSocketChannelImpl.bind(ServerSocketChannelImpl.java:214) ~[na:1.8.0_25]
	at sun.nio.ch.ServerSocketAdaptor.bind(ServerSocketAdaptor.java:74) ~[na:1.8.0_25]
	at org.glassfish.grizzly.nio.transport.TCPNIOBindingHandler.bindToChannelAndAddress(TCPNIOBindingHandler.java:132) ~[grizzly-framework-2.3.16.jar:2.3.16]
	at org.glassfish.grizzly.nio.transport.TCPNIOBindingHandler.bind(TCPNIOBindingHandler.java:88) ~[grizzly-framework-2.3.16.jar:2.3.16]
	at org.glassfish.grizzly.nio.transport.TCPNIOBindingHandler.bind(TCPNIOBindingHandler.java:65) ~[grizzly-framework-2.3.16.jar:2.3.16]
	at org.glassfish.grizzly.AbstractBindingHandler.bind(AbstractBindingHandler.java:142) ~[grizzly-framework-2.3.16.jar:2.3.16]
	at org.glassfish.grizzly.AbstractBindingHandler.bind(AbstractBindingHandler.java:162) ~[grizzly-framework-2.3.16.jar:2.3.16]
	at org.glassfish.grizzly.nio.transport.TCPNIOTransport.bind(TCPNIOTransport.java:257) ~[grizzly-framework-2.3.16.jar:2.3.16]
	at org.glassfish.grizzly.http.server.NetworkListener.start(NetworkListener.java:680) ~[grizzly-http-server-2.3.16.jar:2.3.16]
	at org.glassfish.grizzly.http.server.HttpServer.start(HttpServer.java:278) ~[grizzly-http-server-2.3.16.jar:2.3.16]
	at org.fcrepo.integration.mint.ContainerWrapper.start(ContainerWrapper.java:59) ~[test-classes/:na]
	at sun.reflect.NativeMethodAccessorImpl.invoke0(Native Method) ~[na:1.8.0_25]
	at sun.reflect.NativeMethodAccessorImpl.invoke(NativeMethodAccessorImpl.java:62) ~[na:1.8.0_25]
	at sun.reflect.DelegatingMethodAccessorImpl.invoke(DelegatingMethodAccessorImpl.java:43) ~[na:1.8.0_25]
	at java.lang.reflect.Method.invoke(Method.java:483) ~[na:1.8.0_25]
	at org.springframework.beans.factory.annotation.InitDestroyAnnotationBeanPostProcessor$LifecycleElement.invoke(InitDestroyAnnotationBeanPostProcessor.java:349) [spring-beans-4.1.1.RELEASE.jar:4.1.1.RELEASE]
	at org.springframework.beans.factory.annotation.InitDestroyAnnotationBeanPostProcessor$LifecycleMetadata.invokeInitMethods(InitDestroyAnnotationBeanPostProcessor.java:300) [spring-beans-4.1.1.RELEASE.jar:4.1.1.RELEASE]
	at org.springframework.beans.factory.annotation.InitDestroyAnnotationBeanPostProcessor.postProcessBeforeInitialization(InitDestroyAnnotationBeanPostProcessor.java:133) [spring-beans-4.1.1.RELEASE.jar:4.1.1.RELEASE]
	at org.springframework.beans.factory.support.AbstractAutowireCapableBeanFactory.applyBeanPostProcessorsBeforeInitialization(AbstractAutowireCapableBeanFactory.java:408) [spring-beans-4.1.1.RELEASE.jar:4.1.1.RELEASE]
	at org.springframework.beans.factory.support.AbstractAutowireCapableBeanFactory.initializeBean(AbstractAutowireCapableBeanFactory.java:1560) [spring-beans-4.1.1.RELEASE.jar:4.1.1.RELEASE]
	at org.springframework.beans.factory.support.AbstractAutowireCapableBeanFactory.doCreateBean(AbstractAutowireCapableBeanFactory.java:540) [spring-beans-4.1.1.RELEASE.jar:4.1.1.RELEASE]
	at org.springframework.beans.factory.support.AbstractAutowireCapableBeanFactory.createBean(AbstractAutowireCapableBeanFactory.java:476) [spring-beans-4.1.1.RELEASE.jar:4.1.1.RELEASE]
	at org.springframework.beans.factory.support.AbstractBeanFactory$1.getObject(AbstractBeanFactory.java:302) [spring-beans-4.1.1.RELEASE.jar:4.1.1.RELEASE]
	at org.springframework.beans.factory.support.DefaultSingletonBeanRegistry.getSingleton(DefaultSingletonBeanRegistry.java:229) [spring-beans-4.1.1.RELEASE.jar:4.1.1.RELEASE]
	at org.springframework.beans.factory.support.AbstractBeanFactory.doGetBean(AbstractBeanFactory.java:298) [spring-beans-4.1.1.RELEASE.jar:4.1.1.RELEASE]
	at org.springframework.beans.factory.support.AbstractBeanFactory.getBean(AbstractBeanFactory.java:193) [spring-beans-4.1.1.RELEASE.jar:4.1.1.RELEASE]
	at org.springframework.beans.factory.support.DefaultListableBeanFactory.preInstantiateSingletons(DefaultListableBeanFactory.java:725) [spring-beans-4.1.1.RELEASE.jar:4.1.1.RELEASE]
	at org.springframework.context.support.AbstractApplicationContext.finishBeanFactoryInitialization(AbstractApplicationContext.java:757) [spring-context-4.1.1.RELEASE.jar:4.1.1.RELEASE]
	at org.springframework.context.support.AbstractApplicationContext.refresh(AbstractApplicationContext.java:480) [spring-context-4.1.1.RELEASE.jar:4.1.1.RELEASE]
	at org.springframework.test.context.support.AbstractGenericContextLoader.loadContext(AbstractGenericContextLoader.java:125) [spring-test-4.1.1.RELEASE.jar:4.1.1.RELEASE]
	at org.springframework.test.context.support.AbstractGenericContextLoader.loadContext(AbstractGenericContextLoader.java:60) [spring-test-4.1.1.RELEASE.jar:4.1.1.RELEASE]
	at org.springframework.test.context.support.AbstractDelegatingSmartContextLoader.delegateLoading(AbstractDelegatingSmartContextLoader.java:108) [spring-test-4.1.1.RELEASE.jar:4.1.1.RELEASE]
	at org.springframework.test.context.support.AbstractDelegatingSmartContextLoader.loadContext(AbstractDelegatingSmartContextLoader.java:260) [spring-test-4.1.1.RELEASE.jar:4.1.1.RELEASE]
	at org.springframework.test.context.DefaultCacheAwareContextLoaderDelegate.loadContextInternal(DefaultCacheAwareContextLoaderDelegate.java:63) [spring-test-4.1.1.RELEASE.jar:4.1.1.RELEASE]
	at org.springframework.test.context.DefaultCacheAwareContextLoaderDelegate.loadContext(DefaultCacheAwareContextLoaderDelegate.java:83) [spring-test-4.1.1.RELEASE.jar:4.1.1.RELEASE]
	at org.springframework.test.context.DefaultTestContext.getApplicationContext(DefaultTestContext.java:74) [spring-test-4.1.1.RELEASE.jar:4.1.1.RELEASE]
	at org.springframework.test.context.support.DependencyInjectionTestExecutionListener.injectDependencies(DependencyInjectionTestExecutionListener.java:116) [spring-test-4.1.1.RELEASE.jar:4.1.1.RELEASE]
	at org.springframework.test.context.support.DependencyInjectionTestExecutionListener.prepareTestInstance(DependencyInjectionTestExecutionListener.java:82) [spring-test-4.1.1.RELEASE.jar:4.1.1.RELEASE]
	at org.springframework.test.context.TestContextManager.prepareTestInstance(TestContextManager.java:212) [spring-test-4.1.1.RELEASE.jar:4.1.1.RELEASE]
	at org.springframework.test.context.junit4.SpringJUnit4ClassRunner.createTest(SpringJUnit4ClassRunner.java:199) [spring-test-4.1.1.RELEASE.jar:4.1.1.RELEASE]
	at org.springframework.test.context.junit4.SpringJUnit4ClassRunner$1.runReflectiveCall(SpringJUnit4ClassRunner.java:251) [spring-test-4.1.1.RELEASE.jar:4.1.1.RELEASE]
	at org.junit.internal.runners.model.ReflectiveCallable.run(ReflectiveCallable.java:12) [junit-4.11.jar:na]
	at org.springframework.test.context.junit4.SpringJUnit4ClassRunner.methodBlock(SpringJUnit4ClassRunner.java:253) [spring-test-4.1.1.RELEASE.jar:4.1.1.RELEASE]
	at org.springframework.test.context.junit4.SpringJUnit4ClassRunner.runChild(SpringJUnit4ClassRunner.java:216) [spring-test-4.1.1.RELEASE.jar:4.1.1.RELEASE]
	at org.springframework.test.context.junit4.SpringJUnit4ClassRunner.runChild(SpringJUnit4ClassRunner.java:82) [spring-test-4.1.1.RELEASE.jar:4.1.1.RELEASE]
	at org.junit.runners.ParentRunner$3.run(ParentRunner.java:238) [junit-4.11.jar:na]
	at org.junit.runners.ParentRunner$1.schedule(ParentRunner.java:63) [junit-4.11.jar:na]
	at org.junit.runners.ParentRunner.runChildren(ParentRunner.java:236) [junit-4.11.jar:na]
	at org.junit.runners.ParentRunner.access$000(ParentRunner.java:53) [junit-4.11.jar:na]
	at org.junit.runners.ParentRunner$2.evaluate(ParentRunner.java:229) [junit-4.11.jar:na]
	at org.springframework.test.context.junit4.statements.RunBeforeTestClassCallbacks.evaluate(RunBeforeTestClassCallbacks.java:60) [spring-test-4.1.1.RELEASE.jar:4.1.1.RELEASE]
	at org.springframework.test.context.junit4.statements.RunAfterTestClassCallbacks.evaluate(RunAfterTestClassCallbacks.java:67) [spring-test-4.1.1.RELEASE.jar:4.1.1.RELEASE]
	at org.junit.runners.ParentRunner.run(ParentRunner.java:309) [junit-4.11.jar:na]
	at org.springframework.test.context.junit4.SpringJUnit4ClassRunner.run(SpringJUnit4ClassRunner.java:162) [spring-test-4.1.1.RELEASE.jar:4.1.1.RELEASE]
	at org.apache.maven.surefire.junit4.JUnit4Provider.execute(JUnit4Provider.java:264) [surefire-junit4-2.17.jar:2.17]
	at org.apache.maven.surefire.junit4.JUnit4Provider.executeTestSet(JUnit4Provider.java:153) [surefire-junit4-2.17.jar:2.17]
	at org.apache.maven.surefire.junit4.JUnit4Provider.invoke(JUnit4Provider.java:124) [surefire-junit4-2.17.jar:2.17]
	at org.apache.maven.surefire.booter.ForkedBooter.invokeProviderInSameClassLoader(ForkedBooter.java:200) [surefire-booter-2.17.jar:2.17]
	at org.apache.maven.surefire.booter.ForkedBooter.runSuitesInProcess(ForkedBooter.java:153) [surefire-booter-2.17.jar:2.17]
	at org.apache.maven.surefire.booter.ForkedBooter.main(ForkedBooter.java:103) [surefire-booter-2.17.jar:2.17]
WARN 13:40:22.345 (HttpPidMinter) Error processing minter response
org.xml.sax.SAXParseException: The element type "HR" must be terminated by the matching end-tag "</HR>".
	at org.apache.xerces.parsers.DOMParser.parse(Unknown Source) ~[xercesImpl-2.11.0.jar:na]
	at org.apache.xerces.jaxp.DocumentBuilderImpl.parse(Unknown Source) ~[xercesImpl-2.11.0.jar:na]
	at javax.xml.parsers.DocumentBuilder.parse(DocumentBuilder.java:121) ~[na:1.8.0_25]
	at org.fcrepo.mint.HttpPidMinter.xpath(HttpPidMinter.java:157) ~[classes/:na]
	at org.fcrepo.mint.HttpPidMinter.responseToPid(HttpPidMinter.java:146) ~[classes/:na]
	at org.fcrepo.mint.HttpPidMinter.mintPid(HttpPidMinter.java:171) ~[classes/:na]
	at org.fcrepo.integration.mint.HttpPidMinterIT.shouldMintPidXml(HttpPidMinterIT.java:133) [test-classes/:na]
	at sun.reflect.NativeMethodAccessorImpl.invoke0(Native Method) ~[na:1.8.0_25]
	at sun.reflect.NativeMethodAccessorImpl.invoke(NativeMethodAccessorImpl.java:62) ~[na:1.8.0_25]
	at sun.reflect.DelegatingMethodAccessorImpl.invoke(DelegatingMethodAccessorImpl.java:43) ~[na:1.8.0_25]
	at java.lang.reflect.Method.invoke(Method.java:483) ~[na:1.8.0_25]
	at org.junit.runners.model.FrameworkMethod$1.runReflectiveCall(FrameworkMethod.java:47) [junit-4.11.jar:na]
	at org.junit.internal.runners.model.ReflectiveCallable.run(ReflectiveCallable.java:12) [junit-4.11.jar:na]
	at org.junit.runners.model.FrameworkMethod.invokeExplosively(FrameworkMethod.java:44) [junit-4.11.jar:na]
	at org.junit.internal.runners.statements.InvokeMethod.evaluate(InvokeMethod.java:17) [junit-4.11.jar:na]
	at org.springframework.test.context.junit4.statements.RunBeforeTestMethodCallbacks.evaluate(RunBeforeTestMethodCallbacks.java:72) [spring-test-4.1.1.RELEASE.jar:4.1.1.RELEASE]
	at org.springframework.test.context.junit4.statements.RunAfterTestMethodCallbacks.evaluate(RunAfterTestMethodCallbacks.java:81) [spring-test-4.1.1.RELEASE.jar:4.1.1.RELEASE]
	at org.springframework.test.context.junit4.statements.SpringRepeat.evaluate(SpringRepeat.java:72) [spring-test-4.1.1.RELEASE.jar:4.1.1.RELEASE]
	at org.junit.runners.ParentRunner.runLeaf(ParentRunner.java:271) [junit-4.11.jar:na]
	at org.springframework.test.context.junit4.SpringJUnit4ClassRunner.runChild(SpringJUnit4ClassRunner.java:216) [spring-test-4.1.1.RELEASE.jar:4.1.1.RELEASE]
	at org.springframework.test.context.junit4.SpringJUnit4ClassRunner.runChild(SpringJUnit4ClassRunner.java:82) [spring-test-4.1.1.RELEASE.jar:4.1.1.RELEASE]
	at org.junit.runners.ParentRunner$3.run(ParentRunner.java:238) [junit-4.11.jar:na]
	at org.junit.runners.ParentRunner$1.schedule(ParentRunner.java:63) [junit-4.11.jar:na]
	at org.junit.runners.ParentRunner.runChildren(ParentRunner.java:236) [junit-4.11.jar:na]
	at org.junit.runners.ParentRunner.access$000(ParentRunner.java:53) [junit-4.11.jar:na]
	at org.junit.runners.ParentRunner$2.evaluate(ParentRunner.java:229) [junit-4.11.jar:na]
	at org.springframework.test.context.junit4.statements.RunBeforeTestClassCallbacks.evaluate(RunBeforeTestClassCallbacks.java:60) [spring-test-4.1.1.RELEASE.jar:4.1.1.RELEASE]
	at org.springframework.test.context.junit4.statements.RunAfterTestClassCallbacks.evaluate(RunAfterTestClassCallbacks.java:67) [spring-test-4.1.1.RELEASE.jar:4.1.1.RELEASE]
	at org.junit.runners.ParentRunner.run(ParentRunner.java:309) [junit-4.11.jar:na]
	at org.springframework.test.context.junit4.SpringJUnit4ClassRunner.run(SpringJUnit4ClassRunner.java:162) [spring-test-4.1.1.RELEASE.jar:4.1.1.RELEASE]
	at org.apache.maven.surefire.junit4.JUnit4Provider.execute(JUnit4Provider.java:264) [surefire-junit4-2.17.jar:2.17]
	at org.apache.maven.surefire.junit4.JUnit4Provider.executeTestSet(JUnit4Provider.java:153) [surefire-junit4-2.17.jar:2.17]
	at org.apache.maven.surefire.junit4.JUnit4Provider.invoke(JUnit4Provider.java:124) [surefire-junit4-2.17.jar:2.17]
	at org.apache.maven.surefire.booter.ForkedBooter.invokeProviderInSameClassLoader(ForkedBooter.java:200) [surefire-booter-2.17.jar:2.17]
	at org.apache.maven.surefire.booter.ForkedBooter.runSuitesInProcess(ForkedBooter.java:153) [surefire-booter-2.17.jar:2.17]
	at org.apache.maven.surefire.booter.ForkedBooter.main(ForkedBooter.java:103) [surefire-booter-2.17.jar:2.17]
WARN 13:40:22.386 (HttpPidMinter) Error parsing xpath (\wrongxpath): {}
javax.xml.xpath.XPathExpressionException: javax.xml.transform.TransformerException: A location path was expected, but the following token was encountered:  \
	at com.sun.org.apache.xpath.internal.jaxp.XPathImpl.compile(XPathImpl.java:400) ~[na:1.8.0_25]
	at org.fcrepo.mint.HttpPidMinter.<init>(HttpPidMinter.java:98) ~[classes/:na]
	at org.fcrepo.integration.mint.HttpPidMinterIT.shouldNotAccept3(HttpPidMinterIT.java:93) [test-classes/:na]
	at sun.reflect.NativeMethodAccessorImpl.invoke0(Native Method) ~[na:1.8.0_25]
	at sun.reflect.NativeMethodAccessorImpl.invoke(NativeMethodAccessorImpl.java:62) ~[na:1.8.0_25]
	at sun.reflect.DelegatingMethodAccessorImpl.invoke(DelegatingMethodAccessorImpl.java:43) ~[na:1.8.0_25]
	at java.lang.reflect.Method.invoke(Method.java:483) ~[na:1.8.0_25]
	at org.junit.runners.model.FrameworkMethod$1.runReflectiveCall(FrameworkMethod.java:47) [junit-4.11.jar:na]
	at org.junit.internal.runners.model.ReflectiveCallable.run(ReflectiveCallable.java:12) [junit-4.11.jar:na]
	at org.junit.runners.model.FrameworkMethod.invokeExplosively(FrameworkMethod.java:44) [junit-4.11.jar:na]
	at org.junit.internal.runners.statements.InvokeMethod.evaluate(InvokeMethod.java:17) [junit-4.11.jar:na]
	at org.junit.internal.runners.statements.ExpectException.evaluate(ExpectException.java:19) [junit-4.11.jar:na]
	at org.springframework.test.context.junit4.statements.RunBeforeTestMethodCallbacks.evaluate(RunBeforeTestMethodCallbacks.java:72) [spring-test-4.1.1.RELEASE.jar:4.1.1.RELEASE]
	at org.springframework.test.context.junit4.statements.RunAfterTestMethodCallbacks.evaluate(RunAfterTestMethodCallbacks.java:81) [spring-test-4.1.1.RELEASE.jar:4.1.1.RELEASE]
	at org.springframework.test.context.junit4.statements.SpringRepeat.evaluate(SpringRepeat.java:72) [spring-test-4.1.1.RELEASE.jar:4.1.1.RELEASE]
	at org.junit.runners.ParentRunner.runLeaf(ParentRunner.java:271) [junit-4.11.jar:na]
	at org.springframework.test.context.junit4.SpringJUnit4ClassRunner.runChild(SpringJUnit4ClassRunner.java:216) [spring-test-4.1.1.RELEASE.jar:4.1.1.RELEASE]
	at org.springframework.test.context.junit4.SpringJUnit4ClassRunner.runChild(SpringJUnit4ClassRunner.java:82) [spring-test-4.1.1.RELEASE.jar:4.1.1.RELEASE]
	at org.junit.runners.ParentRunner$3.run(ParentRunner.java:238) [junit-4.11.jar:na]
	at org.junit.runners.ParentRunner$1.schedule(ParentRunner.java:63) [junit-4.11.jar:na]
	at org.junit.runners.ParentRunner.runChildren(ParentRunner.java:236) [junit-4.11.jar:na]
	at org.junit.runners.ParentRunner.access$000(ParentRunner.java:53) [junit-4.11.jar:na]
	at org.junit.runners.ParentRunner$2.evaluate(ParentRunner.java:229) [junit-4.11.jar:na]
	at org.springframework.test.context.junit4.statements.RunBeforeTestClassCallbacks.evaluate(RunBeforeTestClassCallbacks.java:60) [spring-test-4.1.1.RELEASE.jar:4.1.1.RELEASE]
	at org.springframework.test.context.junit4.statements.RunAfterTestClassCallbacks.evaluate(RunAfterTestClassCallbacks.java:67) [spring-test-4.1.1.RELEASE.jar:4.1.1.RELEASE]
	at org.junit.runners.ParentRunner.run(ParentRunner.java:309) [junit-4.11.jar:na]
	at org.springframework.test.context.junit4.SpringJUnit4ClassRunner.run(SpringJUnit4ClassRunner.java:162) [spring-test-4.1.1.RELEASE.jar:4.1.1.RELEASE]
	at org.apache.maven.surefire.junit4.JUnit4Provider.execute(JUnit4Provider.java:264) [surefire-junit4-2.17.jar:2.17]
	at org.apache.maven.surefire.junit4.JUnit4Provider.executeTestSet(JUnit4Provider.java:153) [surefire-junit4-2.17.jar:2.17]
	at org.apache.maven.surefire.junit4.JUnit4Provider.invoke(JUnit4Provider.java:124) [surefire-junit4-2.17.jar:2.17]
	at org.apache.maven.surefire.booter.ForkedBooter.invokeProviderInSameClassLoader(ForkedBooter.java:200) [surefire-booter-2.17.jar:2.17]
	at org.apache.maven.surefire.booter.ForkedBooter.runSuitesInProcess(ForkedBooter.java:153) [surefire-booter-2.17.jar:2.17]
	at org.apache.maven.surefire.booter.ForkedBooter.main(ForkedBooter.java:103) [surefire-booter-2.17.jar:2.17]
Caused by: javax.xml.transform.TransformerException: A location path was expected, but the following token was encountered:  \
	at com.sun.org.apache.xpath.internal.compiler.XPathParser.error(XPathParser.java:612) ~[na:1.8.0_25]
	at com.sun.org.apache.xpath.internal.compiler.XPathParser.LocationPath(XPathParser.java:1603) ~[na:1.8.0_25]
	at com.sun.org.apache.xpath.internal.compiler.XPathParser.PathExpr(XPathParser.java:1319) ~[na:1.8.0_25]
	at com.sun.org.apache.xpath.internal.compiler.XPathParser.UnionExpr(XPathParser.java:1238) ~[na:1.8.0_25]
	at com.sun.org.apache.xpath.internal.compiler.XPathParser.UnaryExpr(XPathParser.java:1144) ~[na:1.8.0_25]
	at com.sun.org.apache.xpath.internal.compiler.XPathParser.MultiplicativeExpr(XPathParser.java:1065) ~[na:1.8.0_25]
	at com.sun.org.apache.xpath.internal.compiler.XPathParser.AdditiveExpr(XPathParser.java:1007) ~[na:1.8.0_25]
	at com.sun.org.apache.xpath.internal.compiler.XPathParser.RelationalExpr(XPathParser.java:932) ~[na:1.8.0_25]
	at com.sun.org.apache.xpath.internal.compiler.XPathParser.EqualityExpr(XPathParser.java:872) ~[na:1.8.0_25]
	at com.sun.org.apache.xpath.internal.compiler.XPathParser.AndExpr(XPathParser.java:836) ~[na:1.8.0_25]
	at com.sun.org.apache.xpath.internal.compiler.XPathParser.OrExpr(XPathParser.java:809) ~[na:1.8.0_25]
	at com.sun.org.apache.xpath.internal.compiler.XPathParser.Expr(XPathParser.java:792) ~[na:1.8.0_25]
	at com.sun.org.apache.xpath.internal.compiler.XPathParser.initXPath(XPathParser.java:131) ~[na:1.8.0_25]
	at com.sun.org.apache.xpath.internal.XPath.<init>(XPath.java:180) ~[na:1.8.0_25]
	at com.sun.org.apache.xpath.internal.XPath.<init>(XPath.java:268) ~[na:1.8.0_25]
	at com.sun.org.apache.xpath.internal.jaxp.XPathImpl.compile(XPathImpl.java:392) ~[na:1.8.0_25]
	... 32 common frames omitted
WARN 13:40:22.401 (HttpPidMinter) Error processing minter response
org.xml.sax.SAXParseException: The element type "HR" must be terminated by the matching end-tag "</HR>".
	at org.apache.xerces.parsers.DOMParser.parse(Unknown Source) ~[xercesImpl-2.11.0.jar:na]
	at org.apache.xerces.jaxp.DocumentBuilderImpl.parse(Unknown Source) ~[xercesImpl-2.11.0.jar:na]
	at javax.xml.parsers.DocumentBuilder.parse(DocumentBuilder.java:121) ~[na:1.8.0_25]
	at org.fcrepo.mint.HttpPidMinter.xpath(HttpPidMinter.java:157) ~[classes/:na]
	at org.fcrepo.mint.HttpPidMinter.responseToPid(HttpPidMinter.java:146) ~[classes/:na]
	at org.fcrepo.mint.HttpPidMinter.mintPid(HttpPidMinter.java:171) ~[classes/:na]
	at org.fcrepo.integration.mint.HttpPidMinterIT.shouldMintPidXmlInvalid(HttpPidMinterIT.java:155) [test-classes/:na]
	at sun.reflect.NativeMethodAccessorImpl.invoke0(Native Method) ~[na:1.8.0_25]
	at sun.reflect.NativeMethodAccessorImpl.invoke(NativeMethodAccessorImpl.java:62) ~[na:1.8.0_25]
	at sun.reflect.DelegatingMethodAccessorImpl.invoke(DelegatingMethodAccessorImpl.java:43) ~[na:1.8.0_25]
	at java.lang.reflect.Method.invoke(Method.java:483) ~[na:1.8.0_25]
	at org.junit.runners.model.FrameworkMethod$1.runReflectiveCall(FrameworkMethod.java:47) [junit-4.11.jar:na]
	at org.junit.internal.runners.model.ReflectiveCallable.run(ReflectiveCallable.java:12) [junit-4.11.jar:na]
	at org.junit.runners.model.FrameworkMethod.invokeExplosively(FrameworkMethod.java:44) [junit-4.11.jar:na]
	at org.junit.internal.runners.statements.InvokeMethod.evaluate(InvokeMethod.java:17) [junit-4.11.jar:na]
	at org.junit.internal.runners.statements.ExpectException.evaluate(ExpectException.java:19) [junit-4.11.jar:na]
	at org.springframework.test.context.junit4.statements.RunBeforeTestMethodCallbacks.evaluate(RunBeforeTestMethodCallbacks.java:72) [spring-test-4.1.1.RELEASE.jar:4.1.1.RELEASE]
	at org.springframework.test.context.junit4.statements.RunAfterTestMethodCallbacks.evaluate(RunAfterTestMethodCallbacks.java:81) [spring-test-4.1.1.RELEASE.jar:4.1.1.RELEASE]
	at org.springframework.test.context.junit4.statements.SpringRepeat.evaluate(SpringRepeat.java:72) [spring-test-4.1.1.RELEASE.jar:4.1.1.RELEASE]
	at org.junit.runners.ParentRunner.runLeaf(ParentRunner.java:271) [junit-4.11.jar:na]
	at org.springframework.test.context.junit4.SpringJUnit4ClassRunner.runChild(SpringJUnit4ClassRunner.java:216) [spring-test-4.1.1.RELEASE.jar:4.1.1.RELEASE]
	at org.springframework.test.context.junit4.SpringJUnit4ClassRunner.runChild(SpringJUnit4ClassRunner.java:82) [spring-test-4.1.1.RELEASE.jar:4.1.1.RELEASE]
	at org.junit.runners.ParentRunner$3.run(ParentRunner.java:238) [junit-4.11.jar:na]
	at org.junit.runners.ParentRunner$1.schedule(ParentRunner.java:63) [junit-4.11.jar:na]
	at org.junit.runners.ParentRunner.runChildren(ParentRunner.java:236) [junit-4.11.jar:na]
	at org.junit.runners.ParentRunner.access$000(ParentRunner.java:53) [junit-4.11.jar:na]
	at org.junit.runners.ParentRunner$2.evaluate(ParentRunner.java:229) [junit-4.11.jar:na]
	at org.springframework.test.context.junit4.statements.RunBeforeTestClassCallbacks.evaluate(RunBeforeTestClassCallbacks.java:60) [spring-test-4.1.1.RELEASE.jar:4.1.1.RELEASE]
	at org.springframework.test.context.junit4.statements.RunAfterTestClassCallbacks.evaluate(RunAfterTestClassCallbacks.java:67) [spring-test-4.1.1.RELEASE.jar:4.1.1.RELEASE]
	at org.junit.runners.ParentRunner.run(ParentRunner.java:309) [junit-4.11.jar:na]
	at org.springframework.test.context.junit4.SpringJUnit4ClassRunner.run(SpringJUnit4ClassRunner.java:162) [spring-test-4.1.1.RELEASE.jar:4.1.1.RELEASE]
	at org.apache.maven.surefire.junit4.JUnit4Provider.execute(JUnit4Provider.java:264) [surefire-junit4-2.17.jar:2.17]
	at org.apache.maven.surefire.junit4.JUnit4Provider.executeTestSet(JUnit4Provider.java:153) [surefire-junit4-2.17.jar:2.17]
	at org.apache.maven.surefire.junit4.JUnit4Provider.invoke(JUnit4Provider.java:124) [surefire-junit4-2.17.jar:2.17]
	at org.apache.maven.surefire.booter.ForkedBooter.invokeProviderInSameClassLoader(ForkedBooter.java:200) [surefire-booter-2.17.jar:2.17]
	at org.apache.maven.surefire.booter.ForkedBooter.runSuitesInProcess(ForkedBooter.java:153) [surefire-booter-2.17.jar:2.17]
	at org.apache.maven.surefire.booter.ForkedBooter.main(ForkedBooter.java:103) [surefire-booter-2.17.jar:2.17]
Tests run: 12, Failures: 7, Errors: 1, Skipped: 0, Time elapsed: 1.101 sec <<< FAILURE! - in org.fcrepo.integration.mint.HttpPidMinterIT
shouldMintPidXml(org.fcrepo.integration.mint.HttpPidMinterIT)  Time elapsed: 0.213 sec  <<< ERROR!
java.lang.RuntimeException: Error processing minter response
	at org.apache.xerces.parsers.DOMParser.parse(Unknown Source)
	at org.apache.xerces.jaxp.DocumentBuilderImpl.parse(Unknown Source)
	at javax.xml.parsers.DocumentBuilder.parse(DocumentBuilder.java:121)
	at org.fcrepo.mint.HttpPidMinter.xpath(HttpPidMinter.java:157)
	at org.fcrepo.mint.HttpPidMinter.responseToPid(HttpPidMinter.java:146)
	at org.fcrepo.mint.HttpPidMinter.mintPid(HttpPidMinter.java:171)
	at org.fcrepo.integration.mint.HttpPidMinterIT.shouldMintPidXml(HttpPidMinterIT.java:133)

shouldMintPidWithGET(org.fcrepo.integration.mint.HttpPidMinterIT)  Time elapsed: 0.011 sec  <<< FAILURE!
org.junit.ComparisonFailure: expected:<[html>]> but was:<[abc]>
	at org.junit.Assert.assertEquals(Assert.java:115)
	at org.junit.Assert.assertEquals(Assert.java:144)
	at org.fcrepo.integration.mint.HttpPidMinterIT.shouldMintPidWithGET(HttpPidMinterIT.java:103)

shouldMintPidWithPUT(org.fcrepo.integration.mint.HttpPidMinterIT)  Time elapsed: 0.008 sec  <<< FAILURE!
org.junit.ComparisonFailure: expected:<[html>]> but was:<[abc]>
	at org.junit.Assert.assertEquals(Assert.java:115)
	at org.junit.Assert.assertEquals(Assert.java:144)
	at org.fcrepo.integration.mint.HttpPidMinterIT.shouldMintPidWithPUT(HttpPidMinterIT.java:113)

shouldMintPid(org.fcrepo.integration.mint.HttpPidMinterIT)  Time elapsed: 0.006 sec  <<< FAILURE!
org.junit.ComparisonFailure: expected:<[html>]> but was:<[abc]>
	at org.junit.Assert.assertEquals(Assert.java:115)
	at org.junit.Assert.assertEquals(Assert.java:144)
	at org.fcrepo.integration.mint.HttpPidMinterIT.shouldMintPid(HttpPidMinterIT.java:58)

shouldRunWithNoAuth(org.fcrepo.integration.mint.HttpPidMinterIT)  Time elapsed: 0.009 sec  <<< FAILURE!
org.junit.ComparisonFailure: expected:<[html>]> but was:<[abc]>
	at org.junit.Assert.assertEquals(Assert.java:115)
	at org.junit.Assert.assertEquals(Assert.java:144)
	at org.fcrepo.integration.mint.HttpPidMinterIT.shouldRunWithNoAuth(HttpPidMinterIT.java:145)

shouldMintPidWithNullMethod(org.fcrepo.integration.mint.HttpPidMinterIT)  Time elapsed: 0.007 sec  <<< FAILURE!
org.junit.ComparisonFailure: expected:<[html>]> but was:<[abc]>
	at org.junit.Assert.assertEquals(Assert.java:115)
	at org.junit.Assert.assertEquals(Assert.java:144)
	at org.fcrepo.integration.mint.HttpPidMinterIT.shouldMintPidWithNullMethod(HttpPidMinterIT.java:123)

shouldMintPid2(org.fcrepo.integration.mint.HttpPidMinterIT)  Time elapsed: 0.009 sec  <<< FAILURE!
org.junit.ComparisonFailure: expected:<[<html><head><title>Apache Tomcat/7.0.55 (Ubuntu) - Error report</title><style><!--H1 {font-family:Tahoma,Arial,sans-serif;color:white;background-color:#525D76;font-size:22px;} H2 {font-family:Tahoma,Arial,sans-serif;color:white;background-color:#525D76;font-size:16px;} H3 {font-family:Tahoma,Arial,sans-serif;color:white;background-color:#525D76;font-size:14px;} BODY {font-family:Tahoma,Arial,sans-serif;color:black;background-color:white;} B {font-family:Tahoma,Arial,sans-serif;color:white;background-color:#525D76;} P {font-family:Tahoma,Arial,sans-serif;background:white;color:black;font-size:12px;}A {color : black;}A.name {color : black;}HR {color : #525D76;}--></style> </head><body><h1>HTTP Status 404 - /res2</h1><HR size="1" noshade="noshade"><p><b>type</b> Status report</p><p><b>message</b> <u>/res2</u></p><p><b>description</b> <u>The requested resource is not available.</u></p><HR size="1" noshade="noshade"><h3>Apache Tomcat/7.0.55 (Ubuntu)</h3></body></html>]> but was:<[abc]>
	at org.junit.Assert.assertEquals(Assert.java:115)
	at org.junit.Assert.assertEquals(Assert.java:144)
	at org.fcrepo.integration.mint.HttpPidMinterIT.shouldMintPid2(HttpPidMinterIT.java:68)

shouldMintPid3(org.fcrepo.integration.mint.HttpPidMinterIT)  Time elapsed: 0.007 sec  <<< FAILURE!
org.junit.ComparisonFailure: expected:<[<html><head><title>Apache Tomcat/7.0.55 (Ubuntu) - Error report</title><style><!--H1 {font-family:Tahoma,Arial,sans-serif;color:white;background-color:#525D76;font-size:22px;} H2 {font-family:Tahoma,Arial,sans-serif;color:white;background-color:#525D76;font-size:16px;} H3 {font-family:Tahoma,Arial,sans-serif;color:white;background-color:#525D76;font-size:14px;} BODY {font-family:Tahoma,Arial,sans-serif;color:black;background-color:white;} B {font-family:Tahoma,Arial,sans-serif;color:white;background-color:#525D76;} P {font-family:Tahoma,Arial,sans-serif;background:white;color:black;font-size:12px;}A {color : black;}A.name {color : black;}HR {color : #525D76;}--></style> </head><body><h1>HTTP Status 404 - /res3</h1><HR size="1" noshade="noshade"><p><b>type</b> Status report</p><p><b>message</b> <u>/res3</u></p><p><b>description</b> <u>The requested resource is not available.</u></p><HR size="1" noshade="noshade"><h3>Apache Tomcat/7.0.55 (Ubuntu)</h3></body></html>]> but was:<[abc]>
	at org.junit.Assert.assertEquals(Assert.java:115)
	at org.junit.Assert.assertEquals(Assert.java:144)
	at org.fcrepo.integration.mint.HttpPidMinterIT.shouldMintPid3(HttpPidMinterIT.java:78)


Results :

Failed tests: 
  HttpPidMinterIT.shouldMintPidWithGET:103 expected:<[html>]> but was:<[abc]>
  HttpPidMinterIT.shouldMintPidWithPUT:113 expected:<[html>]> but was:<[abc]>
  HttpPidMinterIT.shouldMintPid:58 expected:<[html>]> but was:<[abc]>
  HttpPidMinterIT.shouldRunWithNoAuth:145 expected:<[html>]> but was:<[abc]>
  HttpPidMinterIT.shouldMintPidWithNullMethod:123 expected:<[html>]> but was:<[abc]>
  HttpPidMinterIT.shouldMintPid2:68 expected:<[<html><head><title>Apache Tomcat/7.0.55 (Ubuntu) - Error report</title><style><!--H1 {font-family:Tahoma,Arial,sans-serif;color:white;background-color:#525D76;font-size:22px;} H2 {font-family:Tahoma,Arial,sans-serif;color:white;background-color:#525D76;font-size:16px;} H3 {font-family:Tahoma,Arial,sans-serif;color:white;background-color:#525D76;font-size:14px;} BODY {font-family:Tahoma,Arial,sans-serif;color:black;background-color:white;} B {font-family:Tahoma,Arial,sans-serif;color:white;background-color:#525D76;} P {font-family:Tahoma,Arial,sans-serif;background:white;color:black;font-size:12px;}A {color : black;}A.name {color : black;}HR {color : #525D76;}--></style> </head><body><h1>HTTP Status 404 - /res2</h1><HR size="1" noshade="noshade"><p><b>type</b> Status report</p><p><b>message</b> <u>/res2</u></p><p><b>description</b> <u>The requested resource is not available.</u></p><HR size="1" noshade="noshade"><h3>Apache Tomcat/7.0.55 (Ubuntu)</h3></body></html>]> but was:<[abc]>
  HttpPidMinterIT.shouldMintPid3:78 expected:<[<html><head><title>Apache Tomcat/7.0.55 (Ubuntu) - Error report</title><style><!--H1 {font-family:Tahoma,Arial,sans-serif;color:white;background-color:#525D76;font-size:22px;} H2 {font-family:Tahoma,Arial,sans-serif;color:white;background-color:#525D76;font-size:16px;} H3 {font-family:Tahoma,Arial,sans-serif;color:white;background-color:#525D76;font-size:14px;} BODY {font-family:Tahoma,Arial,sans-serif;color:black;background-color:white;} B {font-family:Tahoma,Arial,sans-serif;color:white;background-color:#525D76;} P {font-family:Tahoma,Arial,sans-serif;background:white;color:black;font-size:12px;}A {color : black;}A.name {color : black;}HR {color : #525D76;}--></style> </head><body><h1>HTTP Status 404 - /res3</h1><HR size="1" noshade="noshade"><p><b>type</b> Status report</p><p><b>message</b> <u>/res3</u></p><p><b>description</b> <u>The requested resource is not available.</u></p><HR size="1" noshade="noshade"><h3>Apache Tomcat/7.0.55 (Ubuntu)</h3></body></html>]> but was:<[abc]>

Tests in error: 
  HttpPidMinterIT.shouldMintPidXml:133 » Runtime Error processing minter respons...

Tests run: 12, Failures: 7, Errors: 1, Skipped: 0

[INFO] 
[INFO] --- maven-failsafe-plugin:2.17:integration-test (default-integration-test) @ fcrepo-mint ---
[INFO] Skipping execution of surefire because it has already been run for this configuration
[INFO] 
[INFO] --- license-maven-plugin:2.6:check (default) @ fcrepo-mint ---
[INFO] Checking licenses...
[INFO] 
[INFO] --- maven-checkstyle-plugin:2.12.1:check (checkstyle) @ fcrepo-mint ---
[INFO] Starting audit...
Audit done.

[INFO] 
[INFO] --- maven-failsafe-plugin:2.17:verify (verify) @ fcrepo-mint ---
[INFO] Failsafe report directory: /home/awoods/programming/java/apps/fedora/futures/fcrepo4/fcrepo-mint/target/failsafe-reports
[INFO] ------------------------------------------------------------------------
[INFO] Reactor Summary:
[INFO] 
[INFO] Fedora Commons 4 .................................. SUCCESS [4.959s]
[INFO] Fedora Repository BOM ............................. SUCCESS [0.401s]
[INFO] Fedora Repository JCR BOM ......................... SUCCESS [0.298s]
[INFO] Fedora Repository BOMs ............................ SUCCESS [0.299s]
[INFO] Fedora Repository Kernel API ...................... SUCCESS [6.333s]
[INFO] Fedora Repository Metrics Module .................. SUCCESS [3.536s]
[INFO] Fedora Repository Minter Module ................... FAILURE [5.500s]
[INFO] Fedora Repository Configurations Module ........... SKIPPED
[INFO] Fedora Repository Kernel Implementation ........... SKIPPED
[INFO] Fedora Repository JMS Module ...................... SKIPPED
[INFO] Fedora Repository Object Serialization Module ..... SKIPPED
[INFO] Fedora Repository HTTP Commons Module ............. SKIPPED
[INFO] Fedora Repository FileSystem Connector Module ..... SKIPPED
[INFO] Fedora Repository Authorization Commons Module .... SKIPPED
[INFO] Fedora Repository HTTP API Module ................. SKIPPED
[INFO] Fedora Repository RDF Transformations Module ...... SKIPPED
[INFO] Fedora Repository Deployable Web Application ...... SKIPPED
[INFO] Fedora Repository LDP integration tests Module .... SKIPPED
[INFO] Fedora Repository RDF integration tests Module .... SKIPPED
[INFO] ------------------------------------------------------------------------
[INFO] BUILD FAILURE
[INFO] ------------------------------------------------------------------------
[INFO] Total time: 22.089s
[INFO] Finished at: Mon Feb 02 13:40:22 EST 2015
[INFO] Final Memory: 49M/471M
[INFO] ------------------------------------------------------------------------
[ERROR] Failed to execute goal org.apache.maven.plugins:maven-failsafe-plugin:2.17:verify (verify) on project fcrepo-mint: There are test failures.
[ERROR] 
[ERROR] Please refer to /home/awoods/programming/java/apps/fedora/futures/fcrepo4/fcrepo-mint/target/failsafe-reports for the individual test results.
[ERROR] -> [Help 1]
[ERROR] 
[ERROR] To see the full stack trace of the errors, re-run Maven with the -e switch.
[ERROR] Re-run Maven using the -X switch to enable full debug logging.
[ERROR] 
[ERROR] For more information about the errors and possible solutions, please read the following articles:
[ERROR] [Help 1] http://cwiki.apache.org/confluence/display/MAVEN/MojoFailureException
[ERROR] 
[ERROR] After correcting the problems, you can resume the build with the command
[ERROR]   mvn <goals> -rf :fcrepo-mint
