Aug 18, 2010 1:43:00 PM org.apache.coyote.http11.Http11Protocol pause
INFO: Pausing Coyote HTTP/1.1 on http-8980
Aug 18, 2010 1:43:00 PM org.apache.coyote.http11.Http11Protocol pause
INFO: Pausing Coyote HTTP/1.1 on http-8943
Aug 18, 2010 1:43:01 PM org.apache.catalina.core.StandardService stop
INFO: Stopping service Catalina
Aug 18, 2010 1:43:07 PM org.apache.coyote.http11.Http11Protocol destroy
INFO: Stopping Coyote HTTP/1.1 on http-8980
Aug 18, 2010 1:43:07 PM org.apache.coyote.http11.Http11Protocol destroy
INFO: Stopping Coyote HTTP/1.1 on http-8943
Aug 18, 2010 3:49:34 PM org.apache.catalina.core.AprLifecycleListener init
INFO: The APR based Apache Tomcat Native library which allows optimal performance in production environments was not found on the java.library.path: /usr/jdk1.6.0_21/jre/lib/amd64/server:/usr/jdk1.6.0_21/jre/lib/amd64:/usr/jdk1.6.0_21/jre/../lib/amd64:/usr/java/packages/lib/amd64:/usr/lib64:/lib64:/lib:/usr/lib
Aug 18, 2010 3:49:35 PM org.apache.coyote.http11.Http11Protocol init
INFO: Initializing Coyote HTTP/1.1 on http-8980
Aug 18, 2010 3:49:38 PM org.apache.coyote.http11.Http11Protocol init
INFO: Initializing Coyote HTTP/1.1 on http-8943
Aug 18, 2010 3:49:38 PM org.apache.catalina.startup.Catalina load
INFO: Initialization processed in 6734 ms
Aug 18, 2010 3:49:38 PM org.apache.catalina.core.StandardService start
INFO: Starting service Catalina
Aug 18, 2010 3:49:38 PM org.apache.catalina.core.StandardEngine start
INFO: Starting Servlet Engine: Apache Tomcat/6.0.20
Aug 18, 2010 3:49:41 PM org.apache.catalina.startup.HostConfig deployWAR
INFO: Deploying web application archive fedora.war
Aug 18, 2010 3:50:02 PM org.apache.catalina.startup.HostConfig deployWAR
INFO: Deploying web application archive saxon.war
Aug 18, 2010 3:50:02 PM org.apache.catalina.startup.HostConfig deployWAR
INFO: Deploying web application archive fedora-demo.war
Aug 18, 2010 3:50:03 PM org.apache.catalina.startup.HostConfig deployWAR
INFO: Deploying web application archive imagemanip.war
Aug 18, 2010 3:50:03 PM org.apache.catalina.startup.HostConfig deployWAR
INFO: Deploying web application archive fop.war
Aug 18, 2010 3:50:05 PM org.apache.coyote.http11.Http11Protocol start
INFO: Starting Coyote HTTP/1.1 on http-8980
Aug 18, 2010 3:50:05 PM org.apache.jk.common.ChannelSocket init
INFO: JK: ajp13 listening on /0.0.0.0:8009
Aug 18, 2010 3:50:06 PM org.apache.jk.server.JkMain start
INFO: Jk running ID=0 time=0/82  config=null
Aug 18, 2010 3:50:06 PM org.apache.coyote.http11.Http11Protocol start
INFO: Starting Coyote HTTP/1.1 on http-8943
Aug 18, 2010 3:50:06 PM org.apache.catalina.startup.Catalina start
INFO: Server startup in 27400 ms
