Aug 18, 2010 12:54:17 AM org.apache.catalina.core.StandardWrapperValve invoke
SEVERE: Servlet.service() for servlet RestServlet threw exception
java.io.IOException: Bad file descriptor
	at java.io.FileInputStream.available(Native Method)
	at java.io.BufferedInputStream.read(BufferedInputStream.java:325)
	at java.io.FilterInputStream.read(FilterInputStream.java:90)
	at com.sun.jersey.core.provider.AbstractMessageReaderWriterProvider.writeTo(AbstractMessageReaderWriterProvider.java:72)
	at com.sun.jersey.core.impl.provider.entity.InputStreamProvider.writeTo(InputStreamProvider.java:95)
	at com.sun.jersey.core.impl.provider.entity.InputStreamProvider.writeTo(InputStreamProvider.java:58)
	at com.sun.jersey.spi.container.ContainerResponse.write(ContainerResponse.java:254)
	at com.sun.jersey.server.impl.application.WebApplicationImpl._handleRequest(WebApplicationImpl.java:724)
	at com.sun.jersey.server.impl.application.WebApplicationImpl.handleRequest(WebApplicationImpl.java:647)
	at com.sun.jersey.server.impl.application.WebApplicationImpl.handleRequest(WebApplicationImpl.java:638)
	at com.sun.jersey.spi.container.servlet.WebComponent.service(WebComponent.java:309)
	at com.sun.jersey.spi.container.servlet.ServletContainer.service(ServletContainer.java:425)
	at com.sun.jersey.spi.container.servlet.ServletContainer.service(ServletContainer.java:590)
	at javax.servlet.http.HttpServlet.service(HttpServlet.java:717)
	at org.apache.catalina.core.ApplicationFilterChain.internalDoFilter(ApplicationFilterChain.java:290)
	at org.apache.catalina.core.ApplicationFilterChain.doFilter(ApplicationFilterChain.java:206)
	at org.fcrepo.server.security.servletfilters.FilterRestApiFlash.doFilter(FilterRestApiFlash.java:79)
	at org.apache.catalina.core.ApplicationFilterChain.internalDoFilter(ApplicationFilterChain.java:235)
	at org.apache.catalina.core.ApplicationFilterChain.doFilter(ApplicationFilterChain.java:206)
	at org.fcrepo.server.security.jaas.AuthFilterJAAS.doFilter(AuthFilterJAAS.java:249)
	at org.apache.catalina.core.ApplicationFilterChain.internalDoFilter(ApplicationFilterChain.java:235)
	at org.apache.catalina.core.ApplicationFilterChain.doFilter(ApplicationFilterChain.java:206)
	at org.apache.catalina.core.StandardWrapperValve.invoke(StandardWrapperValve.java:233)
	at org.apache.catalina.core.StandardContextValve.invoke(StandardContextValve.java:191)
	at org.apache.catalina.authenticator.AuthenticatorBase.invoke(AuthenticatorBase.java:525)
	at org.apache.catalina.core.StandardHostValve.invoke(StandardHostValve.java:128)
	at org.apache.catalina.valves.ErrorReportValve.invoke(ErrorReportValve.java:102)
	at org.apache.catalina.core.StandardEngineValve.invoke(StandardEngineValve.java:109)
	at org.apache.catalina.connector.CoyoteAdapter.service(CoyoteAdapter.java:293)
	at org.apache.coyote.http11.Http11Processor.process(Http11Processor.java:849)
	at org.apache.coyote.http11.Http11Protocol$Http11ConnectionHandler.process(Http11Protocol.java:583)
	at org.apache.tomcat.util.net.JIoEndpoint$Worker.run(JIoEndpoint.java:454)
	at java.lang.Thread.run(Thread.java:619)
Aug 18, 2010 1:03:24 AM org.apache.catalina.core.StandardWrapperValve invoke
SEVERE: Servlet.service() for servlet RestServlet threw exception
java.io.IOException: Stream closed
	at java.io.BufferedInputStream.getBufIfOpen(BufferedInputStream.java:145)
	at java.io.BufferedInputStream.read1(BufferedInputStream.java:263)
	at java.io.BufferedInputStream.read(BufferedInputStream.java:317)
	at java.io.FilterInputStream.read(FilterInputStream.java:90)
	at com.sun.jersey.core.provider.AbstractMessageReaderWriterProvider.writeTo(AbstractMessageReaderWriterProvider.java:72)
	at com.sun.jersey.core.impl.provider.entity.InputStreamProvider.writeTo(InputStreamProvider.java:95)
	at com.sun.jersey.core.impl.provider.entity.InputStreamProvider.writeTo(InputStreamProvider.java:58)
	at com.sun.jersey.spi.container.ContainerResponse.write(ContainerResponse.java:254)
	at com.sun.jersey.server.impl.application.WebApplicationImpl._handleRequest(WebApplicationImpl.java:724)
	at com.sun.jersey.server.impl.application.WebApplicationImpl.handleRequest(WebApplicationImpl.java:647)
	at com.sun.jersey.server.impl.application.WebApplicationImpl.handleRequest(WebApplicationImpl.java:638)
	at com.sun.jersey.spi.container.servlet.WebComponent.service(WebComponent.java:309)
	at com.sun.jersey.spi.container.servlet.ServletContainer.service(ServletContainer.java:425)
	at com.sun.jersey.spi.container.servlet.ServletContainer.service(ServletContainer.java:590)
	at javax.servlet.http.HttpServlet.service(HttpServlet.java:717)
	at org.apache.catalina.core.ApplicationFilterChain.internalDoFilter(ApplicationFilterChain.java:290)
	at org.apache.catalina.core.ApplicationFilterChain.doFilter(ApplicationFilterChain.java:206)
	at org.fcrepo.server.security.servletfilters.FilterRestApiFlash.doFilter(FilterRestApiFlash.java:79)
	at org.apache.catalina.core.ApplicationFilterChain.internalDoFilter(ApplicationFilterChain.java:235)
	at org.apache.catalina.core.ApplicationFilterChain.doFilter(ApplicationFilterChain.java:206)
	at org.fcrepo.server.security.jaas.AuthFilterJAAS.doFilter(AuthFilterJAAS.java:249)
	at org.apache.catalina.core.ApplicationFilterChain.internalDoFilter(ApplicationFilterChain.java:235)
	at org.apache.catalina.core.ApplicationFilterChain.doFilter(ApplicationFilterChain.java:206)
	at org.apache.catalina.core.StandardWrapperValve.invoke(StandardWrapperValve.java:233)
	at org.apache.catalina.core.StandardContextValve.invoke(StandardContextValve.java:191)
	at org.apache.catalina.authenticator.AuthenticatorBase.invoke(AuthenticatorBase.java:525)
	at org.apache.catalina.core.StandardHostValve.invoke(StandardHostValve.java:128)
	at org.apache.catalina.valves.ErrorReportValve.invoke(ErrorReportValve.java:102)
	at org.apache.catalina.core.StandardEngineValve.invoke(StandardEngineValve.java:109)
	at org.apache.catalina.connector.CoyoteAdapter.service(CoyoteAdapter.java:293)
	at org.apache.coyote.http11.Http11Processor.process(Http11Processor.java:849)
	at org.apache.coyote.http11.Http11Protocol$Http11ConnectionHandler.process(Http11Protocol.java:583)
	at org.apache.tomcat.util.net.JIoEndpoint$Worker.run(JIoEndpoint.java:454)
	at java.lang.Thread.run(Thread.java:619)
Aug 18, 2010 1:50:21 AM org.apache.catalina.core.StandardWrapperValve invoke
SEVERE: Servlet.service() for servlet RestServlet threw exception
java.io.IOException: Bad file descriptor
	at java.io.FileInputStream.available(Native Method)
	at java.io.BufferedInputStream.read(BufferedInputStream.java:325)
	at java.io.FilterInputStream.read(FilterInputStream.java:90)
	at com.sun.jersey.core.provider.AbstractMessageReaderWriterProvider.writeTo(AbstractMessageReaderWriterProvider.java:72)
	at com.sun.jersey.core.impl.provider.entity.InputStreamProvider.writeTo(InputStreamProvider.java:95)
	at com.sun.jersey.core.impl.provider.entity.InputStreamProvider.writeTo(InputStreamProvider.java:58)
	at com.sun.jersey.spi.container.ContainerResponse.write(ContainerResponse.java:254)
	at com.sun.jersey.server.impl.application.WebApplicationImpl._handleRequest(WebApplicationImpl.java:724)
	at com.sun.jersey.server.impl.application.WebApplicationImpl.handleRequest(WebApplicationImpl.java:647)
	at com.sun.jersey.server.impl.application.WebApplicationImpl.handleRequest(WebApplicationImpl.java:638)
	at com.sun.jersey.spi.container.servlet.WebComponent.service(WebComponent.java:309)
	at com.sun.jersey.spi.container.servlet.ServletContainer.service(ServletContainer.java:425)
	at com.sun.jersey.spi.container.servlet.ServletContainer.service(ServletContainer.java:590)
	at javax.servlet.http.HttpServlet.service(HttpServlet.java:717)
	at org.apache.catalina.core.ApplicationFilterChain.internalDoFilter(ApplicationFilterChain.java:290)
	at org.apache.catalina.core.ApplicationFilterChain.doFilter(ApplicationFilterChain.java:206)
	at org.fcrepo.server.security.servletfilters.FilterRestApiFlash.doFilter(FilterRestApiFlash.java:79)
	at org.apache.catalina.core.ApplicationFilterChain.internalDoFilter(ApplicationFilterChain.java:235)
	at org.apache.catalina.core.ApplicationFilterChain.doFilter(ApplicationFilterChain.java:206)
	at org.fcrepo.server.security.jaas.AuthFilterJAAS.doFilter(AuthFilterJAAS.java:249)
	at org.apache.catalina.core.ApplicationFilterChain.internalDoFilter(ApplicationFilterChain.java:235)
	at org.apache.catalina.core.ApplicationFilterChain.doFilter(ApplicationFilterChain.java:206)
	at org.apache.catalina.core.StandardWrapperValve.invoke(StandardWrapperValve.java:233)
	at org.apache.catalina.core.StandardContextValve.invoke(StandardContextValve.java:191)
	at org.apache.catalina.authenticator.AuthenticatorBase.invoke(AuthenticatorBase.java:525)
	at org.apache.catalina.core.StandardHostValve.invoke(StandardHostValve.java:128)
	at org.apache.catalina.valves.ErrorReportValve.invoke(ErrorReportValve.java:102)
	at org.apache.catalina.core.StandardEngineValve.invoke(StandardEngineValve.java:109)
	at org.apache.catalina.connector.CoyoteAdapter.service(CoyoteAdapter.java:293)
	at org.apache.coyote.http11.Http11Processor.process(Http11Processor.java:849)
	at org.apache.coyote.http11.Http11Protocol$Http11ConnectionHandler.process(Http11Protocol.java:583)
	at org.apache.tomcat.util.net.JIoEndpoint$Worker.run(JIoEndpoint.java:454)
	at java.lang.Thread.run(Thread.java:619)
Aug 18, 2010 2:09:03 AM org.apache.catalina.core.StandardWrapperValve invoke
SEVERE: Servlet.service() for servlet RestServlet threw exception
java.io.IOException: Stream closed
	at java.io.BufferedInputStream.getBufIfOpen(BufferedInputStream.java:145)
	at java.io.BufferedInputStream.read1(BufferedInputStream.java:263)
	at java.io.BufferedInputStream.read(BufferedInputStream.java:317)
	at java.io.FilterInputStream.read(FilterInputStream.java:90)
	at com.sun.jersey.core.provider.AbstractMessageReaderWriterProvider.writeTo(AbstractMessageReaderWriterProvider.java:72)
	at com.sun.jersey.core.impl.provider.entity.InputStreamProvider.writeTo(InputStreamProvider.java:95)
	at com.sun.jersey.core.impl.provider.entity.InputStreamProvider.writeTo(InputStreamProvider.java:58)
	at com.sun.jersey.spi.container.ContainerResponse.write(ContainerResponse.java:254)
	at com.sun.jersey.server.impl.application.WebApplicationImpl._handleRequest(WebApplicationImpl.java:724)
	at com.sun.jersey.server.impl.application.WebApplicationImpl.handleRequest(WebApplicationImpl.java:647)
	at com.sun.jersey.server.impl.application.WebApplicationImpl.handleRequest(WebApplicationImpl.java:638)
	at com.sun.jersey.spi.container.servlet.WebComponent.service(WebComponent.java:309)
	at com.sun.jersey.spi.container.servlet.ServletContainer.service(ServletContainer.java:425)
	at com.sun.jersey.spi.container.servlet.ServletContainer.service(ServletContainer.java:590)
	at javax.servlet.http.HttpServlet.service(HttpServlet.java:717)
	at org.apache.catalina.core.ApplicationFilterChain.internalDoFilter(ApplicationFilterChain.java:290)
	at org.apache.catalina.core.ApplicationFilterChain.doFilter(ApplicationFilterChain.java:206)
	at org.fcrepo.server.security.servletfilters.FilterRestApiFlash.doFilter(FilterRestApiFlash.java:79)
	at org.apache.catalina.core.ApplicationFilterChain.internalDoFilter(ApplicationFilterChain.java:235)
	at org.apache.catalina.core.ApplicationFilterChain.doFilter(ApplicationFilterChain.java:206)
	at org.fcrepo.server.security.jaas.AuthFilterJAAS.doFilter(AuthFilterJAAS.java:249)
	at org.apache.catalina.core.ApplicationFilterChain.internalDoFilter(ApplicationFilterChain.java:235)
	at org.apache.catalina.core.ApplicationFilterChain.doFilter(ApplicationFilterChain.java:206)
	at org.apache.catalina.core.StandardWrapperValve.invoke(StandardWrapperValve.java:233)
	at org.apache.catalina.core.StandardContextValve.invoke(StandardContextValve.java:191)
	at org.apache.catalina.authenticator.AuthenticatorBase.invoke(AuthenticatorBase.java:525)
	at org.apache.catalina.core.StandardHostValve.invoke(StandardHostValve.java:128)
	at org.apache.catalina.valves.ErrorReportValve.invoke(ErrorReportValve.java:102)
	at org.apache.catalina.core.StandardEngineValve.invoke(StandardEngineValve.java:109)
	at org.apache.catalina.connector.CoyoteAdapter.service(CoyoteAdapter.java:293)
	at org.apache.coyote.http11.Http11Processor.process(Http11Processor.java:849)
	at org.apache.coyote.http11.Http11Protocol$Http11ConnectionHandler.process(Http11Protocol.java:583)
	at org.apache.tomcat.util.net.JIoEndpoint$Worker.run(JIoEndpoint.java:454)
	at java.lang.Thread.run(Thread.java:619)
Aug 18, 2010 3:23:08 AM org.apache.catalina.core.StandardWrapperValve invoke
SEVERE: Servlet.service() for servlet RestServlet threw exception
java.io.IOException: Stream closed
	at java.io.BufferedInputStream.getBufIfOpen(BufferedInputStream.java:145)
	at java.io.BufferedInputStream.read(BufferedInputStream.java:308)
	at java.io.FilterInputStream.read(FilterInputStream.java:90)
	at com.sun.jersey.core.provider.AbstractMessageReaderWriterProvider.writeTo(AbstractMessageReaderWriterProvider.java:72)
	at com.sun.jersey.core.impl.provider.entity.InputStreamProvider.writeTo(InputStreamProvider.java:95)
	at com.sun.jersey.core.impl.provider.entity.InputStreamProvider.writeTo(InputStreamProvider.java:58)
	at com.sun.jersey.spi.container.ContainerResponse.write(ContainerResponse.java:254)
	at com.sun.jersey.server.impl.application.WebApplicationImpl._handleRequest(WebApplicationImpl.java:724)
	at com.sun.jersey.server.impl.application.WebApplicationImpl.handleRequest(WebApplicationImpl.java:647)
	at com.sun.jersey.server.impl.application.WebApplicationImpl.handleRequest(WebApplicationImpl.java:638)
	at com.sun.jersey.spi.container.servlet.WebComponent.service(WebComponent.java:309)
	at com.sun.jersey.spi.container.servlet.ServletContainer.service(ServletContainer.java:425)
	at com.sun.jersey.spi.container.servlet.ServletContainer.service(ServletContainer.java:590)
	at javax.servlet.http.HttpServlet.service(HttpServlet.java:717)
	at org.apache.catalina.core.ApplicationFilterChain.internalDoFilter(ApplicationFilterChain.java:290)
	at org.apache.catalina.core.ApplicationFilterChain.doFilter(ApplicationFilterChain.java:206)
	at org.fcrepo.server.security.servletfilters.FilterRestApiFlash.doFilter(FilterRestApiFlash.java:79)
	at org.apache.catalina.core.ApplicationFilterChain.internalDoFilter(ApplicationFilterChain.java:235)
	at org.apache.catalina.core.ApplicationFilterChain.doFilter(ApplicationFilterChain.java:206)
	at org.fcrepo.server.security.jaas.AuthFilterJAAS.doFilter(AuthFilterJAAS.java:249)
	at org.apache.catalina.core.ApplicationFilterChain.internalDoFilter(ApplicationFilterChain.java:235)
	at org.apache.catalina.core.ApplicationFilterChain.doFilter(ApplicationFilterChain.java:206)
	at org.apache.catalina.core.StandardWrapperValve.invoke(StandardWrapperValve.java:233)
	at org.apache.catalina.core.StandardContextValve.invoke(StandardContextValve.java:191)
	at org.apache.catalina.authenticator.AuthenticatorBase.invoke(AuthenticatorBase.java:525)
	at org.apache.catalina.core.StandardHostValve.invoke(StandardHostValve.java:128)
	at org.apache.catalina.valves.ErrorReportValve.invoke(ErrorReportValve.java:102)
	at org.apache.catalina.core.StandardEngineValve.invoke(StandardEngineValve.java:109)
	at org.apache.catalina.connector.CoyoteAdapter.service(CoyoteAdapter.java:293)
	at org.apache.coyote.http11.Http11Processor.process(Http11Processor.java:849)
	at org.apache.coyote.http11.Http11Protocol$Http11ConnectionHandler.process(Http11Protocol.java:583)
	at org.apache.tomcat.util.net.JIoEndpoint$Worker.run(JIoEndpoint.java:454)
	at java.lang.Thread.run(Thread.java:619)
Aug 18, 2010 5:01:20 AM org.apache.catalina.core.StandardWrapperValve invoke
SEVERE: Servlet.service() for servlet RestServlet threw exception
java.io.IOException: Stream closed
	at java.io.BufferedInputStream.getBufIfOpen(BufferedInputStream.java:145)
	at java.io.BufferedInputStream.read(BufferedInputStream.java:308)
	at java.io.FilterInputStream.read(FilterInputStream.java:90)
	at com.sun.jersey.core.provider.AbstractMessageReaderWriterProvider.writeTo(AbstractMessageReaderWriterProvider.java:72)
	at com.sun.jersey.core.impl.provider.entity.InputStreamProvider.writeTo(InputStreamProvider.java:95)
	at com.sun.jersey.core.impl.provider.entity.InputStreamProvider.writeTo(InputStreamProvider.java:58)
	at com.sun.jersey.spi.container.ContainerResponse.write(ContainerResponse.java:254)
	at com.sun.jersey.server.impl.application.WebApplicationImpl._handleRequest(WebApplicationImpl.java:724)
	at com.sun.jersey.server.impl.application.WebApplicationImpl.handleRequest(WebApplicationImpl.java:647)
	at com.sun.jersey.server.impl.application.WebApplicationImpl.handleRequest(WebApplicationImpl.java:638)
	at com.sun.jersey.spi.container.servlet.WebComponent.service(WebComponent.java:309)
	at com.sun.jersey.spi.container.servlet.ServletContainer.service(ServletContainer.java:425)
	at com.sun.jersey.spi.container.servlet.ServletContainer.service(ServletContainer.java:590)
	at javax.servlet.http.HttpServlet.service(HttpServlet.java:717)
	at org.apache.catalina.core.ApplicationFilterChain.internalDoFilter(ApplicationFilterChain.java:290)
	at org.apache.catalina.core.ApplicationFilterChain.doFilter(ApplicationFilterChain.java:206)
	at org.fcrepo.server.security.servletfilters.FilterRestApiFlash.doFilter(FilterRestApiFlash.java:79)
	at org.apache.catalina.core.ApplicationFilterChain.internalDoFilter(ApplicationFilterChain.java:235)
	at org.apache.catalina.core.ApplicationFilterChain.doFilter(ApplicationFilterChain.java:206)
	at org.fcrepo.server.security.jaas.AuthFilterJAAS.doFilter(AuthFilterJAAS.java:249)
	at org.apache.catalina.core.ApplicationFilterChain.internalDoFilter(ApplicationFilterChain.java:235)
	at org.apache.catalina.core.ApplicationFilterChain.doFilter(ApplicationFilterChain.java:206)
	at org.apache.catalina.core.StandardWrapperValve.invoke(StandardWrapperValve.java:233)
	at org.apache.catalina.core.StandardContextValve.invoke(StandardContextValve.java:191)
	at org.apache.catalina.authenticator.AuthenticatorBase.invoke(AuthenticatorBase.java:525)
	at org.apache.catalina.core.StandardHostValve.invoke(StandardHostValve.java:128)
	at org.apache.catalina.valves.ErrorReportValve.invoke(ErrorReportValve.java:102)
	at org.apache.catalina.core.StandardEngineValve.invoke(StandardEngineValve.java:109)
	at org.apache.catalina.connector.CoyoteAdapter.service(CoyoteAdapter.java:293)
	at org.apache.coyote.http11.Http11Processor.process(Http11Processor.java:849)
	at org.apache.coyote.http11.Http11Protocol$Http11ConnectionHandler.process(Http11Protocol.java:583)
	at org.apache.tomcat.util.net.JIoEndpoint$Worker.run(JIoEndpoint.java:454)
	at java.lang.Thread.run(Thread.java:619)
Aug 18, 2010 5:33:51 AM org.apache.catalina.core.StandardWrapperValve invoke
SEVERE: Servlet.service() for servlet RestServlet threw exception
java.io.IOException: Stream closed
	at java.io.BufferedInputStream.getBufIfOpen(BufferedInputStream.java:145)
	at java.io.BufferedInputStream.read(BufferedInputStream.java:308)
	at java.io.FilterInputStream.read(FilterInputStream.java:90)
	at com.sun.jersey.core.provider.AbstractMessageReaderWriterProvider.writeTo(AbstractMessageReaderWriterProvider.java:72)
	at com.sun.jersey.core.impl.provider.entity.InputStreamProvider.writeTo(InputStreamProvider.java:95)
	at com.sun.jersey.core.impl.provider.entity.InputStreamProvider.writeTo(InputStreamProvider.java:58)
	at com.sun.jersey.spi.container.ContainerResponse.write(ContainerResponse.java:254)
	at com.sun.jersey.server.impl.application.WebApplicationImpl._handleRequest(WebApplicationImpl.java:724)
	at com.sun.jersey.server.impl.application.WebApplicationImpl.handleRequest(WebApplicationImpl.java:647)
	at com.sun.jersey.server.impl.application.WebApplicationImpl.handleRequest(WebApplicationImpl.java:638)
	at com.sun.jersey.spi.container.servlet.WebComponent.service(WebComponent.java:309)
	at com.sun.jersey.spi.container.servlet.ServletContainer.service(ServletContainer.java:425)
	at com.sun.jersey.spi.container.servlet.ServletContainer.service(ServletContainer.java:590)
	at javax.servlet.http.HttpServlet.service(HttpServlet.java:717)
	at org.apache.catalina.core.ApplicationFilterChain.internalDoFilter(ApplicationFilterChain.java:290)
	at org.apache.catalina.core.ApplicationFilterChain.doFilter(ApplicationFilterChain.java:206)
	at org.fcrepo.server.security.servletfilters.FilterRestApiFlash.doFilter(FilterRestApiFlash.java:79)
	at org.apache.catalina.core.ApplicationFilterChain.internalDoFilter(ApplicationFilterChain.java:235)
	at org.apache.catalina.core.ApplicationFilterChain.doFilter(ApplicationFilterChain.java:206)
	at org.fcrepo.server.security.jaas.AuthFilterJAAS.doFilter(AuthFilterJAAS.java:249)
	at org.apache.catalina.core.ApplicationFilterChain.internalDoFilter(ApplicationFilterChain.java:235)
	at org.apache.catalina.core.ApplicationFilterChain.doFilter(ApplicationFilterChain.java:206)
	at org.apache.catalina.core.StandardWrapperValve.invoke(StandardWrapperValve.java:233)
	at org.apache.catalina.core.StandardContextValve.invoke(StandardContextValve.java:191)
	at org.apache.catalina.authenticator.AuthenticatorBase.invoke(AuthenticatorBase.java:525)
	at org.apache.catalina.core.StandardHostValve.invoke(StandardHostValve.java:128)
	at org.apache.catalina.valves.ErrorReportValve.invoke(ErrorReportValve.java:102)
	at org.apache.catalina.core.StandardEngineValve.invoke(StandardEngineValve.java:109)
	at org.apache.catalina.connector.CoyoteAdapter.service(CoyoteAdapter.java:293)
	at org.apache.coyote.http11.Http11Processor.process(Http11Processor.java:849)
	at org.apache.coyote.http11.Http11Protocol$Http11ConnectionHandler.process(Http11Protocol.java:583)
	at org.apache.tomcat.util.net.JIoEndpoint$Worker.run(JIoEndpoint.java:454)
	at java.lang.Thread.run(Thread.java:619)
Aug 18, 2010 5:43:46 AM org.apache.catalina.core.StandardWrapperValve invoke
SEVERE: Servlet.service() for servlet RestServlet threw exception
java.io.IOException: Stream closed
	at java.io.BufferedInputStream.getBufIfOpen(BufferedInputStream.java:145)
	at java.io.BufferedInputStream.read1(BufferedInputStream.java:263)
	at java.io.BufferedInputStream.read(BufferedInputStream.java:317)
	at java.io.FilterInputStream.read(FilterInputStream.java:90)
	at com.sun.jersey.core.provider.AbstractMessageReaderWriterProvider.writeTo(AbstractMessageReaderWriterProvider.java:72)
	at com.sun.jersey.core.impl.provider.entity.InputStreamProvider.writeTo(InputStreamProvider.java:95)
	at com.sun.jersey.core.impl.provider.entity.InputStreamProvider.writeTo(InputStreamProvider.java:58)
	at com.sun.jersey.spi.container.ContainerResponse.write(ContainerResponse.java:254)
	at com.sun.jersey.server.impl.application.WebApplicationImpl._handleRequest(WebApplicationImpl.java:724)
	at com.sun.jersey.server.impl.application.WebApplicationImpl.handleRequest(WebApplicationImpl.java:647)
	at com.sun.jersey.server.impl.application.WebApplicationImpl.handleRequest(WebApplicationImpl.java:638)
	at com.sun.jersey.spi.container.servlet.WebComponent.service(WebComponent.java:309)
	at com.sun.jersey.spi.container.servlet.ServletContainer.service(ServletContainer.java:425)
	at com.sun.jersey.spi.container.servlet.ServletContainer.service(ServletContainer.java:590)
	at javax.servlet.http.HttpServlet.service(HttpServlet.java:717)
	at org.apache.catalina.core.ApplicationFilterChain.internalDoFilter(ApplicationFilterChain.java:290)
	at org.apache.catalina.core.ApplicationFilterChain.doFilter(ApplicationFilterChain.java:206)
	at org.fcrepo.server.security.servletfilters.FilterRestApiFlash.doFilter(FilterRestApiFlash.java:79)
	at org.apache.catalina.core.ApplicationFilterChain.internalDoFilter(ApplicationFilterChain.java:235)
	at org.apache.catalina.core.ApplicationFilterChain.doFilter(ApplicationFilterChain.java:206)
	at org.fcrepo.server.security.jaas.AuthFilterJAAS.doFilter(AuthFilterJAAS.java:249)
	at org.apache.catalina.core.ApplicationFilterChain.internalDoFilter(ApplicationFilterChain.java:235)
	at org.apache.catalina.core.ApplicationFilterChain.doFilter(ApplicationFilterChain.java:206)
	at org.apache.catalina.core.StandardWrapperValve.invoke(StandardWrapperValve.java:233)
	at org.apache.catalina.core.StandardContextValve.invoke(StandardContextValve.java:191)
	at org.apache.catalina.authenticator.AuthenticatorBase.invoke(AuthenticatorBase.java:525)
	at org.apache.catalina.core.StandardHostValve.invoke(StandardHostValve.java:128)
	at org.apache.catalina.valves.ErrorReportValve.invoke(ErrorReportValve.java:102)
	at org.apache.catalina.core.StandardEngineValve.invoke(StandardEngineValve.java:109)
	at org.apache.catalina.connector.CoyoteAdapter.service(CoyoteAdapter.java:293)
	at org.apache.coyote.http11.Http11Processor.process(Http11Processor.java:849)
	at org.apache.coyote.http11.Http11Protocol$Http11ConnectionHandler.process(Http11Protocol.java:583)
	at org.apache.tomcat.util.net.JIoEndpoint$Worker.run(JIoEndpoint.java:454)
	at java.lang.Thread.run(Thread.java:619)
Aug 18, 2010 8:20:19 AM org.apache.catalina.core.StandardWrapperValve invoke
SEVERE: Servlet.service() for servlet RestServlet threw exception
java.io.IOException: Stream closed
	at java.io.BufferedInputStream.getBufIfOpen(BufferedInputStream.java:145)
	at java.io.BufferedInputStream.read(BufferedInputStream.java:308)
	at java.io.FilterInputStream.read(FilterInputStream.java:90)
	at com.sun.jersey.core.provider.AbstractMessageReaderWriterProvider.writeTo(AbstractMessageReaderWriterProvider.java:72)
	at com.sun.jersey.core.impl.provider.entity.InputStreamProvider.writeTo(InputStreamProvider.java:95)
	at com.sun.jersey.core.impl.provider.entity.InputStreamProvider.writeTo(InputStreamProvider.java:58)
	at com.sun.jersey.spi.container.ContainerResponse.write(ContainerResponse.java:254)
	at com.sun.jersey.server.impl.application.WebApplicationImpl._handleRequest(WebApplicationImpl.java:724)
	at com.sun.jersey.server.impl.application.WebApplicationImpl.handleRequest(WebApplicationImpl.java:647)
	at com.sun.jersey.server.impl.application.WebApplicationImpl.handleRequest(WebApplicationImpl.java:638)
	at com.sun.jersey.spi.container.servlet.WebComponent.service(WebComponent.java:309)
	at com.sun.jersey.spi.container.servlet.ServletContainer.service(ServletContainer.java:425)
	at com.sun.jersey.spi.container.servlet.ServletContainer.service(ServletContainer.java:590)
	at javax.servlet.http.HttpServlet.service(HttpServlet.java:717)
	at org.apache.catalina.core.ApplicationFilterChain.internalDoFilter(ApplicationFilterChain.java:290)
	at org.apache.catalina.core.ApplicationFilterChain.doFilter(ApplicationFilterChain.java:206)
	at org.fcrepo.server.security.servletfilters.FilterRestApiFlash.doFilter(FilterRestApiFlash.java:79)
	at org.apache.catalina.core.ApplicationFilterChain.internalDoFilter(ApplicationFilterChain.java:235)
	at org.apache.catalina.core.ApplicationFilterChain.doFilter(ApplicationFilterChain.java:206)
	at org.fcrepo.server.security.jaas.AuthFilterJAAS.doFilter(AuthFilterJAAS.java:249)
	at org.apache.catalina.core.ApplicationFilterChain.internalDoFilter(ApplicationFilterChain.java:235)
	at org.apache.catalina.core.ApplicationFilterChain.doFilter(ApplicationFilterChain.java:206)
	at org.apache.catalina.core.StandardWrapperValve.invoke(StandardWrapperValve.java:233)
	at org.apache.catalina.core.StandardContextValve.invoke(StandardContextValve.java:191)
	at org.apache.catalina.authenticator.AuthenticatorBase.invoke(AuthenticatorBase.java:525)
	at org.apache.catalina.core.StandardHostValve.invoke(StandardHostValve.java:128)
	at org.apache.catalina.valves.ErrorReportValve.invoke(ErrorReportValve.java:102)
	at org.apache.catalina.core.StandardEngineValve.invoke(StandardEngineValve.java:109)
	at org.apache.catalina.connector.CoyoteAdapter.service(CoyoteAdapter.java:293)
	at org.apache.coyote.http11.Http11Processor.process(Http11Processor.java:849)
	at org.apache.coyote.http11.Http11Protocol$Http11ConnectionHandler.process(Http11Protocol.java:583)
	at org.apache.tomcat.util.net.JIoEndpoint$Worker.run(JIoEndpoint.java:454)
	at java.lang.Thread.run(Thread.java:619)
Aug 18, 2010 8:40:14 AM org.apache.catalina.core.StandardWrapperValve invoke
SEVERE: Servlet.service() for servlet RestServlet threw exception
java.io.IOException: Stream closed
	at java.io.BufferedInputStream.getBufIfOpen(BufferedInputStream.java:145)
	at java.io.BufferedInputStream.read(BufferedInputStream.java:308)
	at java.io.FilterInputStream.read(FilterInputStream.java:90)
	at com.sun.jersey.core.provider.AbstractMessageReaderWriterProvider.writeTo(AbstractMessageReaderWriterProvider.java:72)
	at com.sun.jersey.core.impl.provider.entity.InputStreamProvider.writeTo(InputStreamProvider.java:95)
	at com.sun.jersey.core.impl.provider.entity.InputStreamProvider.writeTo(InputStreamProvider.java:58)
	at com.sun.jersey.spi.container.ContainerResponse.write(ContainerResponse.java:254)
	at com.sun.jersey.server.impl.application.WebApplicationImpl._handleRequest(WebApplicationImpl.java:724)
	at com.sun.jersey.server.impl.application.WebApplicationImpl.handleRequest(WebApplicationImpl.java:647)
	at com.sun.jersey.server.impl.application.WebApplicationImpl.handleRequest(WebApplicationImpl.java:638)
	at com.sun.jersey.spi.container.servlet.WebComponent.service(WebComponent.java:309)
	at com.sun.jersey.spi.container.servlet.ServletContainer.service(ServletContainer.java:425)
	at com.sun.jersey.spi.container.servlet.ServletContainer.service(ServletContainer.java:590)
	at javax.servlet.http.HttpServlet.service(HttpServlet.java:717)
	at org.apache.catalina.core.ApplicationFilterChain.internalDoFilter(ApplicationFilterChain.java:290)
	at org.apache.catalina.core.ApplicationFilterChain.doFilter(ApplicationFilterChain.java:206)
	at org.fcrepo.server.security.servletfilters.FilterRestApiFlash.doFilter(FilterRestApiFlash.java:79)
	at org.apache.catalina.core.ApplicationFilterChain.internalDoFilter(ApplicationFilterChain.java:235)
	at org.apache.catalina.core.ApplicationFilterChain.doFilter(ApplicationFilterChain.java:206)
	at org.fcrepo.server.security.jaas.AuthFilterJAAS.doFilter(AuthFilterJAAS.java:249)
	at org.apache.catalina.core.ApplicationFilterChain.internalDoFilter(ApplicationFilterChain.java:235)
	at org.apache.catalina.core.ApplicationFilterChain.doFilter(ApplicationFilterChain.java:206)
	at org.apache.catalina.core.StandardWrapperValve.invoke(StandardWrapperValve.java:233)
	at org.apache.catalina.core.StandardContextValve.invoke(StandardContextValve.java:191)
	at org.apache.catalina.authenticator.AuthenticatorBase.invoke(AuthenticatorBase.java:525)
	at org.apache.catalina.core.StandardHostValve.invoke(StandardHostValve.java:128)
	at org.apache.catalina.valves.ErrorReportValve.invoke(ErrorReportValve.java:102)
	at org.apache.catalina.core.StandardEngineValve.invoke(StandardEngineValve.java:109)
	at org.apache.catalina.connector.CoyoteAdapter.service(CoyoteAdapter.java:293)
	at org.apache.coyote.http11.Http11Processor.process(Http11Processor.java:849)
	at org.apache.coyote.http11.Http11Protocol$Http11ConnectionHandler.process(Http11Protocol.java:583)
	at org.apache.tomcat.util.net.JIoEndpoint$Worker.run(JIoEndpoint.java:454)
	at java.lang.Thread.run(Thread.java:619)
Aug 18, 2010 9:19:58 AM org.apache.catalina.core.StandardWrapperValve invoke
SEVERE: Servlet.service() for servlet RestServlet threw exception
java.io.IOException: Stream closed
	at java.io.BufferedInputStream.getBufIfOpen(BufferedInputStream.java:145)
	at java.io.BufferedInputStream.read1(BufferedInputStream.java:263)
	at java.io.BufferedInputStream.read(BufferedInputStream.java:317)
	at java.io.FilterInputStream.read(FilterInputStream.java:90)
	at com.sun.jersey.core.provider.AbstractMessageReaderWriterProvider.writeTo(AbstractMessageReaderWriterProvider.java:72)
	at com.sun.jersey.core.impl.provider.entity.InputStreamProvider.writeTo(InputStreamProvider.java:95)
	at com.sun.jersey.core.impl.provider.entity.InputStreamProvider.writeTo(InputStreamProvider.java:58)
	at com.sun.jersey.spi.container.ContainerResponse.write(ContainerResponse.java:254)
	at com.sun.jersey.server.impl.application.WebApplicationImpl._handleRequest(WebApplicationImpl.java:724)
	at com.sun.jersey.server.impl.application.WebApplicationImpl.handleRequest(WebApplicationImpl.java:647)
	at com.sun.jersey.server.impl.application.WebApplicationImpl.handleRequest(WebApplicationImpl.java:638)
	at com.sun.jersey.spi.container.servlet.WebComponent.service(WebComponent.java:309)
	at com.sun.jersey.spi.container.servlet.ServletContainer.service(ServletContainer.java:425)
	at com.sun.jersey.spi.container.servlet.ServletContainer.service(ServletContainer.java:590)
	at javax.servlet.http.HttpServlet.service(HttpServlet.java:717)
	at org.apache.catalina.core.ApplicationFilterChain.internalDoFilter(ApplicationFilterChain.java:290)
	at org.apache.catalina.core.ApplicationFilterChain.doFilter(ApplicationFilterChain.java:206)
	at org.fcrepo.server.security.servletfilters.FilterRestApiFlash.doFilter(FilterRestApiFlash.java:79)
	at org.apache.catalina.core.ApplicationFilterChain.internalDoFilter(ApplicationFilterChain.java:235)
	at org.apache.catalina.core.ApplicationFilterChain.doFilter(ApplicationFilterChain.java:206)
	at org.fcrepo.server.security.jaas.AuthFilterJAAS.doFilter(AuthFilterJAAS.java:249)
	at org.apache.catalina.core.ApplicationFilterChain.internalDoFilter(ApplicationFilterChain.java:235)
	at org.apache.catalina.core.ApplicationFilterChain.doFilter(ApplicationFilterChain.java:206)
	at org.apache.catalina.core.StandardWrapperValve.invoke(StandardWrapperValve.java:233)
	at org.apache.catalina.core.StandardContextValve.invoke(StandardContextValve.java:191)
	at org.apache.catalina.authenticator.AuthenticatorBase.invoke(AuthenticatorBase.java:525)
	at org.apache.catalina.core.StandardHostValve.invoke(StandardHostValve.java:128)
	at org.apache.catalina.valves.ErrorReportValve.invoke(ErrorReportValve.java:102)
	at org.apache.catalina.core.StandardEngineValve.invoke(StandardEngineValve.java:109)
	at org.apache.catalina.connector.CoyoteAdapter.service(CoyoteAdapter.java:293)
	at org.apache.coyote.http11.Http11Processor.process(Http11Processor.java:849)
	at org.apache.coyote.http11.Http11Protocol$Http11ConnectionHandler.process(Http11Protocol.java:583)
	at org.apache.tomcat.util.net.JIoEndpoint$Worker.run(JIoEndpoint.java:454)
	at java.lang.Thread.run(Thread.java:619)
Aug 18, 2010 1:43:07 PM org.apache.catalina.core.ApplicationContext log
INFO: SessionListener: contextDestroyed()
Aug 18, 2010 1:43:07 PM org.apache.catalina.core.ApplicationContext log
INFO: ContextListener: contextDestroyed()
Aug 18, 2010 3:50:05 PM org.apache.catalina.core.ApplicationContext log
INFO: ContextListener: contextInitialized()
Aug 18, 2010 3:50:05 PM org.apache.catalina.core.ApplicationContext log
INFO: SessionListener: contextInitialized()
Aug 18, 2010 5:04:18 PM org.apache.catalina.core.StandardWrapperValve invoke
SEVERE: Servlet.service() for servlet RestServlet threw exception
java.io.IOException: Stream closed
	at java.io.BufferedInputStream.getBufIfOpen(BufferedInputStream.java:145)
	at java.io.BufferedInputStream.read1(BufferedInputStream.java:263)
	at java.io.BufferedInputStream.read(BufferedInputStream.java:317)
	at java.io.FilterInputStream.read(FilterInputStream.java:90)
	at com.sun.jersey.core.provider.AbstractMessageReaderWriterProvider.writeTo(AbstractMessageReaderWriterProvider.java:72)
	at com.sun.jersey.core.impl.provider.entity.InputStreamProvider.writeTo(InputStreamProvider.java:95)
	at com.sun.jersey.core.impl.provider.entity.InputStreamProvider.writeTo(InputStreamProvider.java:58)
	at com.sun.jersey.spi.container.ContainerResponse.write(ContainerResponse.java:254)
	at com.sun.jersey.server.impl.application.WebApplicationImpl._handleRequest(WebApplicationImpl.java:724)
	at com.sun.jersey.server.impl.application.WebApplicationImpl.handleRequest(WebApplicationImpl.java:647)
	at com.sun.jersey.server.impl.application.WebApplicationImpl.handleRequest(WebApplicationImpl.java:638)
	at com.sun.jersey.spi.container.servlet.WebComponent.service(WebComponent.java:309)
	at com.sun.jersey.spi.container.servlet.ServletContainer.service(ServletContainer.java:425)
	at com.sun.jersey.spi.container.servlet.ServletContainer.service(ServletContainer.java:590)
	at javax.servlet.http.HttpServlet.service(HttpServlet.java:717)
	at org.apache.catalina.core.ApplicationFilterChain.internalDoFilter(ApplicationFilterChain.java:290)
	at org.apache.catalina.core.ApplicationFilterChain.doFilter(ApplicationFilterChain.java:206)
	at org.fcrepo.server.security.servletfilters.FilterRestApiFlash.doFilter(FilterRestApiFlash.java:79)
	at org.apache.catalina.core.ApplicationFilterChain.internalDoFilter(ApplicationFilterChain.java:235)
	at org.apache.catalina.core.ApplicationFilterChain.doFilter(ApplicationFilterChain.java:206)
	at org.fcrepo.server.security.jaas.AuthFilterJAAS.doFilter(AuthFilterJAAS.java:249)
	at org.apache.catalina.core.ApplicationFilterChain.internalDoFilter(ApplicationFilterChain.java:235)
	at org.apache.catalina.core.ApplicationFilterChain.doFilter(ApplicationFilterChain.java:206)
	at org.apache.catalina.core.StandardWrapperValve.invoke(StandardWrapperValve.java:233)
	at org.apache.catalina.core.StandardContextValve.invoke(StandardContextValve.java:191)
	at org.apache.catalina.authenticator.AuthenticatorBase.invoke(AuthenticatorBase.java:525)
	at org.apache.catalina.core.StandardHostValve.invoke(StandardHostValve.java:128)
	at org.apache.catalina.valves.ErrorReportValve.invoke(ErrorReportValve.java:102)
	at org.apache.catalina.core.StandardEngineValve.invoke(StandardEngineValve.java:109)
	at org.apache.catalina.connector.CoyoteAdapter.service(CoyoteAdapter.java:293)
	at org.apache.coyote.http11.Http11Processor.process(Http11Processor.java:849)
	at org.apache.coyote.http11.Http11Protocol$Http11ConnectionHandler.process(Http11Protocol.java:583)
	at org.apache.tomcat.util.net.JIoEndpoint$Worker.run(JIoEndpoint.java:454)
	at java.lang.Thread.run(Thread.java:619)
Aug 18, 2010 5:08:07 PM org.apache.catalina.core.StandardWrapperValve invoke
SEVERE: Servlet.service() for servlet RestServlet threw exception
java.io.IOException: Stream closed
	at java.io.BufferedInputStream.getBufIfOpen(BufferedInputStream.java:145)
	at java.io.BufferedInputStream.read1(BufferedInputStream.java:263)
	at java.io.BufferedInputStream.read(BufferedInputStream.java:317)
	at java.io.FilterInputStream.read(FilterInputStream.java:90)
	at com.sun.jersey.core.provider.AbstractMessageReaderWriterProvider.writeTo(AbstractMessageReaderWriterProvider.java:72)
	at com.sun.jersey.core.impl.provider.entity.InputStreamProvider.writeTo(InputStreamProvider.java:95)
	at com.sun.jersey.core.impl.provider.entity.InputStreamProvider.writeTo(InputStreamProvider.java:58)
	at com.sun.jersey.spi.container.ContainerResponse.write(ContainerResponse.java:254)
	at com.sun.jersey.server.impl.application.WebApplicationImpl._handleRequest(WebApplicationImpl.java:724)
	at com.sun.jersey.server.impl.application.WebApplicationImpl.handleRequest(WebApplicationImpl.java:647)
	at com.sun.jersey.server.impl.application.WebApplicationImpl.handleRequest(WebApplicationImpl.java:638)
	at com.sun.jersey.spi.container.servlet.WebComponent.service(WebComponent.java:309)
	at com.sun.jersey.spi.container.servlet.ServletContainer.service(ServletContainer.java:425)
	at com.sun.jersey.spi.container.servlet.ServletContainer.service(ServletContainer.java:590)
	at javax.servlet.http.HttpServlet.service(HttpServlet.java:717)
	at org.apache.catalina.core.ApplicationFilterChain.internalDoFilter(ApplicationFilterChain.java:290)
	at org.apache.catalina.core.ApplicationFilterChain.doFilter(ApplicationFilterChain.java:206)
	at org.fcrepo.server.security.servletfilters.FilterRestApiFlash.doFilter(FilterRestApiFlash.java:79)
	at org.apache.catalina.core.ApplicationFilterChain.internalDoFilter(ApplicationFilterChain.java:235)
	at org.apache.catalina.core.ApplicationFilterChain.doFilter(ApplicationFilterChain.java:206)
	at org.fcrepo.server.security.jaas.AuthFilterJAAS.doFilter(AuthFilterJAAS.java:249)
	at org.apache.catalina.core.ApplicationFilterChain.internalDoFilter(ApplicationFilterChain.java:235)
	at org.apache.catalina.core.ApplicationFilterChain.doFilter(ApplicationFilterChain.java:206)
	at org.apache.catalina.core.StandardWrapperValve.invoke(StandardWrapperValve.java:233)
	at org.apache.catalina.core.StandardContextValve.invoke(StandardContextValve.java:191)
	at org.apache.catalina.authenticator.AuthenticatorBase.invoke(AuthenticatorBase.java:525)
	at org.apache.catalina.core.StandardHostValve.invoke(StandardHostValve.java:128)
	at org.apache.catalina.valves.ErrorReportValve.invoke(ErrorReportValve.java:102)
	at org.apache.catalina.core.StandardEngineValve.invoke(StandardEngineValve.java:109)
	at org.apache.catalina.connector.CoyoteAdapter.service(CoyoteAdapter.java:293)
	at org.apache.coyote.http11.Http11Processor.process(Http11Processor.java:849)
	at org.apache.coyote.http11.Http11Protocol$Http11ConnectionHandler.process(Http11Protocol.java:583)
	at org.apache.tomcat.util.net.JIoEndpoint$Worker.run(JIoEndpoint.java:454)
	at java.lang.Thread.run(Thread.java:619)
Aug 18, 2010 5:31:31 PM org.apache.catalina.core.StandardWrapperValve invoke
SEVERE: Servlet.service() for servlet RestServlet threw exception
java.io.IOException: Stream closed
	at java.io.BufferedInputStream.getBufIfOpen(BufferedInputStream.java:145)
	at java.io.BufferedInputStream.read1(BufferedInputStream.java:263)
	at java.io.BufferedInputStream.read(BufferedInputStream.java:317)
	at java.io.FilterInputStream.read(FilterInputStream.java:90)
	at com.sun.jersey.core.provider.AbstractMessageReaderWriterProvider.writeTo(AbstractMessageReaderWriterProvider.java:72)
	at com.sun.jersey.core.impl.provider.entity.InputStreamProvider.writeTo(InputStreamProvider.java:95)
	at com.sun.jersey.core.impl.provider.entity.InputStreamProvider.writeTo(InputStreamProvider.java:58)
	at com.sun.jersey.spi.container.ContainerResponse.write(ContainerResponse.java:254)
	at com.sun.jersey.server.impl.application.WebApplicationImpl._handleRequest(WebApplicationImpl.java:724)
	at com.sun.jersey.server.impl.application.WebApplicationImpl.handleRequest(WebApplicationImpl.java:647)
	at com.sun.jersey.server.impl.application.WebApplicationImpl.handleRequest(WebApplicationImpl.java:638)
	at com.sun.jersey.spi.container.servlet.WebComponent.service(WebComponent.java:309)
	at com.sun.jersey.spi.container.servlet.ServletContainer.service(ServletContainer.java:425)
	at com.sun.jersey.spi.container.servlet.ServletContainer.service(ServletContainer.java:590)
	at javax.servlet.http.HttpServlet.service(HttpServlet.java:717)
	at org.apache.catalina.core.ApplicationFilterChain.internalDoFilter(ApplicationFilterChain.java:290)
	at org.apache.catalina.core.ApplicationFilterChain.doFilter(ApplicationFilterChain.java:206)
	at org.fcrepo.server.security.servletfilters.FilterRestApiFlash.doFilter(FilterRestApiFlash.java:79)
	at org.apache.catalina.core.ApplicationFilterChain.internalDoFilter(ApplicationFilterChain.java:235)
	at org.apache.catalina.core.ApplicationFilterChain.doFilter(ApplicationFilterChain.java:206)
	at org.fcrepo.server.security.jaas.AuthFilterJAAS.doFilter(AuthFilterJAAS.java:249)
	at org.apache.catalina.core.ApplicationFilterChain.internalDoFilter(ApplicationFilterChain.java:235)
	at org.apache.catalina.core.ApplicationFilterChain.doFilter(ApplicationFilterChain.java:206)
	at org.apache.catalina.core.StandardWrapperValve.invoke(StandardWrapperValve.java:233)
	at org.apache.catalina.core.StandardContextValve.invoke(StandardContextValve.java:191)
	at org.apache.catalina.authenticator.AuthenticatorBase.invoke(AuthenticatorBase.java:525)
	at org.apache.catalina.core.StandardHostValve.invoke(StandardHostValve.java:128)
	at org.apache.catalina.valves.ErrorReportValve.invoke(ErrorReportValve.java:102)
	at org.apache.catalina.core.StandardEngineValve.invoke(StandardEngineValve.java:109)
	at org.apache.catalina.connector.CoyoteAdapter.service(CoyoteAdapter.java:293)
	at org.apache.coyote.http11.Http11Processor.process(Http11Processor.java:849)
	at org.apache.coyote.http11.Http11Protocol$Http11ConnectionHandler.process(Http11Protocol.java:583)
	at org.apache.tomcat.util.net.JIoEndpoint$Worker.run(JIoEndpoint.java:454)
	at java.lang.Thread.run(Thread.java:619)
Aug 18, 2010 6:23:22 PM org.apache.catalina.core.StandardWrapperValve invoke
SEVERE: Servlet.service() for servlet RestServlet threw exception
java.io.IOException: Stream closed
	at java.io.BufferedInputStream.getBufIfOpen(BufferedInputStream.java:145)
	at java.io.BufferedInputStream.read(BufferedInputStream.java:308)
	at java.io.FilterInputStream.read(FilterInputStream.java:90)
	at com.sun.jersey.core.provider.AbstractMessageReaderWriterProvider.writeTo(AbstractMessageReaderWriterProvider.java:72)
	at com.sun.jersey.core.impl.provider.entity.InputStreamProvider.writeTo(InputStreamProvider.java:95)
	at com.sun.jersey.core.impl.provider.entity.InputStreamProvider.writeTo(InputStreamProvider.java:58)
	at com.sun.jersey.spi.container.ContainerResponse.write(ContainerResponse.java:254)
	at com.sun.jersey.server.impl.application.WebApplicationImpl._handleRequest(WebApplicationImpl.java:724)
	at com.sun.jersey.server.impl.application.WebApplicationImpl.handleRequest(WebApplicationImpl.java:647)
	at com.sun.jersey.server.impl.application.WebApplicationImpl.handleRequest(WebApplicationImpl.java:638)
	at com.sun.jersey.spi.container.servlet.WebComponent.service(WebComponent.java:309)
	at com.sun.jersey.spi.container.servlet.ServletContainer.service(ServletContainer.java:425)
	at com.sun.jersey.spi.container.servlet.ServletContainer.service(ServletContainer.java:590)
	at javax.servlet.http.HttpServlet.service(HttpServlet.java:717)
	at org.apache.catalina.core.ApplicationFilterChain.internalDoFilter(ApplicationFilterChain.java:290)
	at org.apache.catalina.core.ApplicationFilterChain.doFilter(ApplicationFilterChain.java:206)
	at org.fcrepo.server.security.servletfilters.FilterRestApiFlash.doFilter(FilterRestApiFlash.java:79)
	at org.apache.catalina.core.ApplicationFilterChain.internalDoFilter(ApplicationFilterChain.java:235)
	at org.apache.catalina.core.ApplicationFilterChain.doFilter(ApplicationFilterChain.java:206)
	at org.fcrepo.server.security.jaas.AuthFilterJAAS.doFilter(AuthFilterJAAS.java:249)
	at org.apache.catalina.core.ApplicationFilterChain.internalDoFilter(ApplicationFilterChain.java:235)
	at org.apache.catalina.core.ApplicationFilterChain.doFilter(ApplicationFilterChain.java:206)
	at org.apache.catalina.core.StandardWrapperValve.invoke(StandardWrapperValve.java:233)
	at org.apache.catalina.core.StandardContextValve.invoke(StandardContextValve.java:191)
	at org.apache.catalina.authenticator.AuthenticatorBase.invoke(AuthenticatorBase.java:525)
	at org.apache.catalina.core.StandardHostValve.invoke(StandardHostValve.java:128)
	at org.apache.catalina.valves.ErrorReportValve.invoke(ErrorReportValve.java:102)
	at org.apache.catalina.core.StandardEngineValve.invoke(StandardEngineValve.java:109)
	at org.apache.catalina.connector.CoyoteAdapter.service(CoyoteAdapter.java:293)
	at org.apache.coyote.http11.Http11Processor.process(Http11Processor.java:849)
	at org.apache.coyote.http11.Http11Protocol$Http11ConnectionHandler.process(Http11Protocol.java:583)
	at org.apache.tomcat.util.net.JIoEndpoint$Worker.run(JIoEndpoint.java:454)
	at java.lang.Thread.run(Thread.java:619)
Aug 18, 2010 6:24:24 PM org.apache.catalina.core.StandardWrapperValve invoke
SEVERE: Servlet.service() for servlet RestServlet threw exception
java.io.IOException: Stream closed
	at java.io.BufferedInputStream.getBufIfOpen(BufferedInputStream.java:145)
	at java.io.BufferedInputStream.read(BufferedInputStream.java:308)
	at java.io.FilterInputStream.read(FilterInputStream.java:90)
	at com.sun.jersey.core.provider.AbstractMessageReaderWriterProvider.writeTo(AbstractMessageReaderWriterProvider.java:72)
	at com.sun.jersey.core.impl.provider.entity.InputStreamProvider.writeTo(InputStreamProvider.java:95)
	at com.sun.jersey.core.impl.provider.entity.InputStreamProvider.writeTo(InputStreamProvider.java:58)
	at com.sun.jersey.spi.container.ContainerResponse.write(ContainerResponse.java:254)
	at com.sun.jersey.server.impl.application.WebApplicationImpl._handleRequest(WebApplicationImpl.java:724)
	at com.sun.jersey.server.impl.application.WebApplicationImpl.handleRequest(WebApplicationImpl.java:647)
	at com.sun.jersey.server.impl.application.WebApplicationImpl.handleRequest(WebApplicationImpl.java:638)
	at com.sun.jersey.spi.container.servlet.WebComponent.service(WebComponent.java:309)
	at com.sun.jersey.spi.container.servlet.ServletContainer.service(ServletContainer.java:425)
	at com.sun.jersey.spi.container.servlet.ServletContainer.service(ServletContainer.java:590)
	at javax.servlet.http.HttpServlet.service(HttpServlet.java:717)
	at org.apache.catalina.core.ApplicationFilterChain.internalDoFilter(ApplicationFilterChain.java:290)
	at org.apache.catalina.core.ApplicationFilterChain.doFilter(ApplicationFilterChain.java:206)
	at org.fcrepo.server.security.servletfilters.FilterRestApiFlash.doFilter(FilterRestApiFlash.java:79)
	at org.apache.catalina.core.ApplicationFilterChain.internalDoFilter(ApplicationFilterChain.java:235)
	at org.apache.catalina.core.ApplicationFilterChain.doFilter(ApplicationFilterChain.java:206)
	at org.fcrepo.server.security.jaas.AuthFilterJAAS.doFilter(AuthFilterJAAS.java:249)
	at org.apache.catalina.core.ApplicationFilterChain.internalDoFilter(ApplicationFilterChain.java:235)
	at org.apache.catalina.core.ApplicationFilterChain.doFilter(ApplicationFilterChain.java:206)
	at org.apache.catalina.core.StandardWrapperValve.invoke(StandardWrapperValve.java:233)
	at org.apache.catalina.core.StandardContextValve.invoke(StandardContextValve.java:191)
	at org.apache.catalina.authenticator.AuthenticatorBase.invoke(AuthenticatorBase.java:525)
	at org.apache.catalina.core.StandardHostValve.invoke(StandardHostValve.java:128)
	at org.apache.catalina.valves.ErrorReportValve.invoke(ErrorReportValve.java:102)
	at org.apache.catalina.core.StandardEngineValve.invoke(StandardEngineValve.java:109)
	at org.apache.catalina.connector.CoyoteAdapter.service(CoyoteAdapter.java:293)
	at org.apache.coyote.http11.Http11Processor.process(Http11Processor.java:849)
	at org.apache.coyote.http11.Http11Protocol$Http11ConnectionHandler.process(Http11Protocol.java:583)
	at org.apache.tomcat.util.net.JIoEndpoint$Worker.run(JIoEndpoint.java:454)
	at java.lang.Thread.run(Thread.java:619)
