[INFO] Scanning for projects...
[INFO]                                                                         
[INFO] ------------------------------------------------------------------------
[INFO] Building fcrepo-oaiprovider 4.1.1-SNAPSHOT
[INFO] ------------------------------------------------------------------------
[INFO] 
[INFO] --- maven-clean-plugin:2.6.1:clean (default-clean) @ fcrepo-oaiprovider ---
[INFO] Deleting /home/awoods/programming/java/apps/fedora/futures/fcrepo4-oaiprovider/target
[INFO] 
[INFO] --- maven-enforcer-plugin:1.4:enforce (enforce-maven) @ fcrepo-oaiprovider ---
[INFO] 
[INFO] --- maven-enforcer-plugin:1.4:enforce (default) @ fcrepo-oaiprovider ---
[INFO] 
[INFO] --- maven-enforcer-plugin:1.4:enforce (enforce-victims-rule) @ fcrepo-oaiprovider ---
[INFO] 
+=========================+
|VICTIMS-ENFORCER SETTINGS|
+=========================+
metadata     = fatal
fingerprint  = fatal
updates      = daily

[INFO] 
[INFO] --- jacoco-maven-plugin:0.7.2.201409121644:prepare-agent (default-prepare-agent) @ fcrepo-oaiprovider ---
[INFO] jacoco.agent.unit.arg set to -javaagent:/home/awoods/.m2/repository/org/jacoco/org.jacoco.agent/0.7.2.201409121644/org.jacoco.agent-0.7.2.201409121644-runtime.jar=destfile=/home/awoods/programming/java/apps/fedora/futures/fcrepo4-oaiprovider/target/jacoco-ut.exec,append=true
[INFO] 
[INFO] --- jaxb2-maven-plugin:1.6:xjc (default) @ fcrepo-oaiprovider ---
[INFO] Generating source...
[INFO] parsing a schema...
[INFO] compiling a schema...
[INFO] org/openarchives/oai/_2_0/oai_dc/OaiDcType.java
[INFO] org/openarchives/oai/_2_0/oai_dc/ObjectFactory.java
[INFO] org/openarchives/oai/_2_0/oai_dc/package-info.java
[INFO] org/openarchives/oai/_2/AboutType.java
[INFO] org/openarchives/oai/_2/DeletedRecordType.java
[INFO] org/openarchives/oai/_2/DescriptionType.java
[INFO] org/openarchives/oai/_2/GetRecordType.java
[INFO] org/openarchives/oai/_2/GranularityType.java
[INFO] org/openarchives/oai/_2/HeaderType.java
[INFO] org/openarchives/oai/_2/IdentifyType.java
[INFO] org/openarchives/oai/_2/ListIdentifiersType.java
[INFO] org/openarchives/oai/_2/ListMetadataFormatsType.java
[INFO] org/openarchives/oai/_2/ListRecordsType.java
[INFO] org/openarchives/oai/_2/ListSetsType.java
[INFO] org/openarchives/oai/_2/MetadataFormatType.java
[INFO] org/openarchives/oai/_2/MetadataType.java
[INFO] org/openarchives/oai/_2/OAIPMHerrorType.java
[INFO] org/openarchives/oai/_2/OAIPMHerrorcodeType.java
[INFO] org/openarchives/oai/_2/OAIPMHtype.java
[INFO] org/openarchives/oai/_2/ObjectFactory.java
[INFO] org/openarchives/oai/_2/RecordType.java
[INFO] org/openarchives/oai/_2/RequestType.java
[INFO] org/openarchives/oai/_2/ResumptionTokenType.java
[INFO] org/openarchives/oai/_2/SetType.java
[INFO] org/openarchives/oai/_2/StatusType.java
[INFO] org/openarchives/oai/_2/VerbType.java
[INFO] org/openarchives/oai/_2/package-info.java
[INFO] org/purl/dc/elements/_1/ElementType.java
[INFO] org/purl/dc/elements/_1/ObjectFactory.java
[INFO] org/purl/dc/elements/_1/package-info.java
[INFO] 
[INFO] --- maven-resources-plugin:2.7:resources (default-resources) @ fcrepo-oaiprovider ---
[INFO] Using 'UTF-8' encoding to copy filtered resources.
[INFO] Copying 3 resources
[INFO] 
[INFO] --- maven-compiler-plugin:3.2:compile (default-compile) @ fcrepo-oaiprovider ---
[INFO] Changes detected - recompiling the module!
[INFO] Compiling 38 source files to /home/awoods/programming/java/apps/fedora/futures/fcrepo4-oaiprovider/target/classes
[INFO] 
[INFO] --- maven-resources-plugin:2.7:testResources (default-testResources) @ fcrepo-oaiprovider ---
[INFO] Using 'UTF-8' encoding to copy filtered resources.
[INFO] Copying 6 resources
[INFO] 
[INFO] --- maven-compiler-plugin:3.2:testCompile (default-testCompile) @ fcrepo-oaiprovider ---
[INFO] Changes detected - recompiling the module!
[INFO] Compiling 7 source files to /home/awoods/programming/java/apps/fedora/futures/fcrepo4-oaiprovider/target/test-classes
[WARNING] /home/awoods/programming/java/apps/fedora/futures/fcrepo4-oaiprovider/src/test/java/org/fcrepo/oai/integration/AbstractOAIProviderIT.java:[247,28] unchecked call to JAXBElement(javax.xml.namespace.QName,java.lang.Class<T>,T) as a member of the raw type javax.xml.bind.JAXBElement
[WARNING] /home/awoods/programming/java/apps/fedora/futures/fcrepo4-oaiprovider/src/test/java/org/fcrepo/oai/integration/GetRecordIT.java:[40,71] unchecked cast
  required: javax.xml.bind.JAXBElement<org.openarchives.oai._2.OAIPMHtype>
  found:    java.lang.Object
[WARNING] /home/awoods/programming/java/apps/fedora/futures/fcrepo4-oaiprovider/src/test/java/org/fcrepo/oai/integration/GetRecordIT.java:[52,71] unchecked cast
  required: javax.xml.bind.JAXBElement<org.openarchives.oai._2.OAIPMHtype>
  found:    java.lang.Object
[WARNING] /home/awoods/programming/java/apps/fedora/futures/fcrepo4-oaiprovider/src/test/java/org/fcrepo/oai/integration/GetRecordIT.java:[70,71] unchecked cast
  required: javax.xml.bind.JAXBElement<org.openarchives.oai._2.OAIPMHtype>
  found:    java.lang.Object
[WARNING] /home/awoods/programming/java/apps/fedora/futures/fcrepo4-oaiprovider/src/test/java/org/fcrepo/oai/integration/GetRecordIT.java:[88,71] unchecked cast
  required: javax.xml.bind.JAXBElement<org.openarchives.oai._2.OAIPMHtype>
  found:    java.lang.Object
[WARNING] /home/awoods/programming/java/apps/fedora/futures/fcrepo4-oaiprovider/src/test/java/org/fcrepo/oai/integration/GetRecordIT.java:[106,71] unchecked cast
  required: javax.xml.bind.JAXBElement<org.openarchives.oai._2.OAIPMHtype>
  found:    java.lang.Object
[WARNING] /home/awoods/programming/java/apps/fedora/futures/fcrepo4-oaiprovider/src/test/java/org/fcrepo/oai/integration/GetRecordIT.java:[124,71] unchecked cast
  required: javax.xml.bind.JAXBElement<org.openarchives.oai._2.OAIPMHtype>
  found:    java.lang.Object
[WARNING] /home/awoods/programming/java/apps/fedora/futures/fcrepo4-oaiprovider/src/test/java/org/fcrepo/oai/integration/ListMetadataFormatsIT.java:[38,71] unchecked cast
  required: javax.xml.bind.JAXBElement<org.openarchives.oai._2.OAIPMHtype>
  found:    java.lang.Object
[WARNING] /home/awoods/programming/java/apps/fedora/futures/fcrepo4-oaiprovider/src/test/java/org/fcrepo/oai/integration/ListMetadataFormatsIT.java:[59,71] unchecked cast
  required: javax.xml.bind.JAXBElement<org.openarchives.oai._2.OAIPMHtype>
  found:    java.lang.Object
[WARNING] /home/awoods/programming/java/apps/fedora/futures/fcrepo4-oaiprovider/src/test/java/org/fcrepo/oai/integration/ListMetadataFormatsIT.java:[74,71] unchecked cast
  required: javax.xml.bind.JAXBElement<org.openarchives.oai._2.OAIPMHtype>
  found:    java.lang.Object
[INFO] /home/awoods/programming/java/apps/fedora/futures/fcrepo4-oaiprovider/src/test/java/org/fcrepo/oai/integration/ListRecordsIT.java: /home/awoods/programming/java/apps/fedora/futures/fcrepo4-oaiprovider/src/test/java/org/fcrepo/oai/integration/ListRecordsIT.java uses or overrides a deprecated API.
[INFO] /home/awoods/programming/java/apps/fedora/futures/fcrepo4-oaiprovider/src/test/java/org/fcrepo/oai/integration/ListRecordsIT.java: Recompile with -Xlint:deprecation for details.
[INFO] 
[INFO] --- maven-surefire-plugin:2.18.1:test (default-test) @ fcrepo-oaiprovider ---
[INFO] 
[INFO] --- maven-bundle-plugin:2.5.3:bundle (default-bundle) @ fcrepo-oaiprovider ---
[INFO] 
[INFO] >>> maven-source-plugin:2.4:jar (attach-sources) @ fcrepo-oaiprovider >>>
[INFO] 
[INFO] --- maven-enforcer-plugin:1.4:enforce (enforce-maven) @ fcrepo-oaiprovider ---
[INFO] 
[INFO] --- maven-enforcer-plugin:1.4:enforce (default) @ fcrepo-oaiprovider ---
[INFO] 
[INFO] --- maven-enforcer-plugin:1.4:enforce (enforce-victims-rule) @ fcrepo-oaiprovider ---
[INFO] 
+=========================+
|VICTIMS-ENFORCER SETTINGS|
+=========================+
metadata     = fatal
fingerprint  = fatal
updates      = daily

[INFO] 
[INFO] --- jacoco-maven-plugin:0.7.2.201409121644:prepare-agent (default-prepare-agent) @ fcrepo-oaiprovider ---
[INFO] jacoco.agent.unit.arg set to -javaagent:/home/awoods/.m2/repository/org/jacoco/org.jacoco.agent/0.7.2.201409121644/org.jacoco.agent-0.7.2.201409121644-runtime.jar=destfile=/home/awoods/programming/java/apps/fedora/futures/fcrepo4-oaiprovider/target/jacoco-ut.exec,append=true
[INFO] 
[INFO] --- jaxb2-maven-plugin:1.6:xjc (default) @ fcrepo-oaiprovider ---
[INFO] No changes detected in schema or binding files - skipping source generation.
[INFO] 
[INFO] <<< maven-source-plugin:2.4:jar (attach-sources) @ fcrepo-oaiprovider <<<
[INFO] 
[INFO] --- maven-source-plugin:2.4:jar (attach-sources) @ fcrepo-oaiprovider ---
[INFO] Building jar: /home/awoods/programming/java/apps/fedora/futures/fcrepo4-oaiprovider/target/fcrepo-oaiprovider-4.1.1-SNAPSHOT-sources.jar
[INFO] 
[INFO] --- build-helper-maven-plugin:1.9.1:reserve-network-port (reserve-port) @ fcrepo-oaiprovider ---
[INFO] Reserved port 44343 for fcrepo.dynamic.test.port
[INFO] 
[INFO] --- jacoco-maven-plugin:0.7.2.201409121644:prepare-agent-integration (default-prepare-agent-integration) @ fcrepo-oaiprovider ---
[INFO] jacoco.agent.it.arg set to -javaagent:/home/awoods/.m2/repository/org/jacoco/org.jacoco.agent/0.7.2.201409121644/org.jacoco.agent-0.7.2.201409121644-runtime.jar=destfile=/home/awoods/programming/java/apps/fedora/futures/fcrepo4-oaiprovider/target/jacoco-it.exec,append=true
[INFO] 
[INFO] --- maven-failsafe-plugin:2.18.1:integration-test (integration-test) @ fcrepo-oaiprovider ---
[INFO] Failsafe report directory: /home/awoods/programming/java/apps/fedora/futures/fcrepo4-oaiprovider/target/failsafe-reports

-------------------------------------------------------
 T E S T S
-------------------------------------------------------
Java HotSpot(TM) 64-Bit Server VM warning: ignoring option MaxPermSize=128m; support was removed in 8.0
Running org.fcrepo.oai.integration.ListMetadataFormatsIT
INFO 20:50:02.721 (ModeShapeRepositoryFactoryBean) Using repo config (classpath): jar:file:/home/awoods/.m2/repository/org/fcrepo/fcrepo-configs/4.1.1-SNAPSHOT/fcrepo-configs-4.1.1-SNAPSHOT.jar!/config/minimal/repository.json
INFO 20:50:02.727 (DefaultPropertiesLoader) Loading properties
INFO 20:50:02.728 (DefaultPropertiesLoader) com.arjuna.ats.arjuna.common.ObjectStoreEnvironmentBean.default.objectStoreDir = /home/awoods/programming/java/apps/fedora/futures/fcrepo4-oaiprovider/target/object-store-default
INFO 20:50:02.729 (DefaultPropertiesLoader) com.arjuna.ats.arjuna.objectstore.objectStoreDir = /home/awoods/programming/java/apps/fedora/futures/fcrepo4-oaiprovider/target/object-store
INFO 20:50:02.729 (DefaultPropertiesLoader) fcrepo.ispn.cache = null
INFO 20:50:02.729 (DefaultPropertiesLoader) fcrepo.ispn.binary.cache = null
INFO 20:50:02.729 (DefaultPropertiesLoader) fcrepo.binary.directory = null
INFO 20:50:02.730 (DefaultPropertiesLoader) fcrepo.modeshape.index.directory = null
INFO 20:50:02.730 (DefaultPropertiesLoader) fcrepo.ispn.alternative.cache = null
INFO 20:50:02.730 (DefaultPropertiesLoader) fcrepo.ispn.binary.alternative.cache = null
INFO 20:50:02.730 (DefaultPropertiesLoader) fcrepo.ispn.repo.cache = null
INFO 20:50:02.730 (DefaultPropertiesLoader) fcrepo.activemq.directory = null
INFO 20:50:05.034 (OAIProviderService) Initializing OAI root /oai-cache/setspec ...
INFO 20:50:05.295 (SerializerUtil) Registering serializer org.fcrepo.serialization.JcrXmlSerializer@388ad8aa for format jcr/xml
INFO 20:50:07.812 (FedoraLdp) Ingest with path: /oai-test-VYzwvtnP
Tests run: 3, Failures: 0, Errors: 0, Skipped: 0, Time elapsed: 8.702 sec - in org.fcrepo.oai.integration.ListMetadataFormatsIT
Running org.fcrepo.oai.integration.ListSetsIT
Tests run: 2, Failures: 0, Errors: 0, Skipped: 0, Time elapsed: 0.954 sec - in org.fcrepo.oai.integration.ListSetsIT
Running org.fcrepo.oai.integration.ListIdentifiersIT
INFO 20:50:09.081 (FedoraLdp) Ingest with path: /oai-test-EhqoCFnKVMERDhYG
INFO 20:50:09.223 (FedoraLdp) Ingest with path: /oai-test-SWAirKXacDiYJlKf
INFO 20:50:09.254 (FedoraLdp) Ingest with path: /oai-test-OaNidkUgBpIiLcgV
INFO 20:50:09.277 (FedoraLdp) Ingest with path: /oai-test-hgQAoXoqsREggvHP
INFO 20:50:09.309 (FedoraLdp) Ingest with path: /oai-test-ytMtXNWovpCbzKDV
INFO 20:50:09.350 (FedoraLdp) Ingest with path: /oai-test-WAOevEHNJPmHjCPZ
INFO 20:50:09.401 (FedoraLdp) Ingest with path: /oai-test-CUEGZEhLwkTMZZie
INFO 20:50:09.590 (FedoraLdp) Ingest with path: /oai-test-IwRGVBExHixplmlU
INFO 20:50:09.727 (FedoraLdp) Ingest with path: /oai-test-bqGIohotvbRrikpX
INFO 20:50:09.942 (FedoraLdp) Ingest with path: /oai-test-dUpKcnslwDklTdch
Tests run: 7, Failures: 0, Errors: 0, Skipped: 0, Time elapsed: 1.162 sec - in org.fcrepo.oai.integration.ListIdentifiersIT
Running org.fcrepo.oai.integration.ListRecordsIT
INFO 20:50:10.184 (FedoraLdp) Ingest with path: /oai-test-EHGbZfglHJjDxbrY
Tests run: 2, Failures: 0, Errors: 0, Skipped: 0, Time elapsed: 0.332 sec - in org.fcrepo.oai.integration.ListRecordsIT
Running org.fcrepo.oai.integration.GetRecordIT
INFO 20:50:10.529 (FedoraLdp) PUT resource 'oai-data/marc21-binary-WERikfnj'
INFO 20:50:10.606 (FedoraLdp) Ingest with path: /oai-test-jCxCfXRe
INFO 20:50:10.735 (FedoraLdp) PUT resource 'oai-data/marc21-binary-WOlwxGZW'
INFO 20:50:10.771 (FedoraLdp) Ingest with path: /foo/oai-test-vquunynW
INFO 20:50:10.910 (FedoraLdp) PUT resource 'premis-binary-MOmrcdtl'
INFO 20:50:10.939 (FedoraLdp) Ingest with path: /oai-test-CdXnnLeq
INFO 20:50:11.067 (FedoraLdp) Ingest with path: /oai-test-aAvVoaUk
INFO 20:50:11.234 (FedoraLdp) PUT resource 'foo/bar/premis-binary-OgqmGLAS'
INFO 20:50:11.267 (FedoraLdp) Ingest with path: /oai-test-GnTorDEB
Tests run: 6, Failures: 0, Errors: 0, Skipped: 0, Time elapsed: 0.885 sec - in org.fcrepo.oai.integration.GetRecordIT
Running org.fcrepo.oai.integration.IdentifyIT
Tests run: 1, Failures: 0, Errors: 0, Skipped: 0, Time elapsed: 0.097 sec - in org.fcrepo.oai.integration.IdentifyIT
INFO 20:50:11.549 (ModeShapeRepositoryFactoryBean) Initiating shutdown of ModeShape
INFO 20:50:11.601 (ModeShapeRepositoryFactoryBean) Repository repo undeployed.
INFO 20:50:11.603 (ModeShapeRepositoryFactoryBean) ModeShape Engine has shutdown.

Results :

Tests run: 21, Failures: 0, Errors: 0, Skipped: 0

[INFO] 
[INFO] --- maven-failsafe-plugin:2.18.1:integration-test (default-integration-test) @ fcrepo-oaiprovider ---
[INFO] Skipping execution of surefire because it has already been run for this configuration
[INFO] 
[INFO] --- license-maven-plugin:2.9:check (default) @ fcrepo-oaiprovider ---
[INFO] Checking licenses...
[INFO] 
[INFO] --- maven-checkstyle-plugin:2.14:check (checkstyle) @ fcrepo-oaiprovider ---
[INFO] Starting audit...
/home/awoods/programming/java/apps/fedora/futures/fcrepo4-oaiprovider/target/generated-sources/org/openarchives/oai/_2_0/oai_dc/ObjectFactory.java:0: Required pattern 'Javadoc @author tag' missing in file.
/home/awoods/programming/java/apps/fedora/futures/fcrepo4-oaiprovider/target/generated-sources/org/openarchives/oai/_2_0/oai_dc/ObjectFactory.java:2: Trailing whitespace
/home/awoods/programming/java/apps/fedora/futures/fcrepo4-oaiprovider/target/generated-sources/org/openarchives/oai/_2_0/oai_dc/ObjectFactory.java:3: Trailing whitespace
/home/awoods/programming/java/apps/fedora/futures/fcrepo4-oaiprovider/target/generated-sources/org/openarchives/oai/_2_0/oai_dc/ObjectFactory.java:4: Trailing whitespace
/home/awoods/programming/java/apps/fedora/futures/fcrepo4-oaiprovider/target/generated-sources/org/openarchives/oai/_2_0/oai_dc/ObjectFactory.java:5: Trailing whitespace
/home/awoods/programming/java/apps/fedora/futures/fcrepo4-oaiprovider/target/generated-sources/org/openarchives/oai/_2_0/oai_dc/ObjectFactory.java:18: Trailing whitespace
/home/awoods/programming/java/apps/fedora/futures/fcrepo4-oaiprovider/target/generated-sources/org/openarchives/oai/_2_0/oai_dc/ObjectFactory.java:19: Trailing whitespace
/home/awoods/programming/java/apps/fedora/futures/fcrepo4-oaiprovider/target/generated-sources/org/openarchives/oai/_2_0/oai_dc/ObjectFactory.java:20: Trailing whitespace
/home/awoods/programming/java/apps/fedora/futures/fcrepo4-oaiprovider/target/generated-sources/org/openarchives/oai/_2_0/oai_dc/ObjectFactory.java:21: Trailing whitespace
/home/awoods/programming/java/apps/fedora/futures/fcrepo4-oaiprovider/target/generated-sources/org/openarchives/oai/_2_0/oai_dc/ObjectFactory.java:22: Trailing whitespace
/home/awoods/programming/java/apps/fedora/futures/fcrepo4-oaiprovider/target/generated-sources/org/openarchives/oai/_2_0/oai_dc/ObjectFactory.java:23: Trailing whitespace
/home/awoods/programming/java/apps/fedora/futures/fcrepo4-oaiprovider/target/generated-sources/org/openarchives/oai/_2_0/oai_dc/ObjectFactory.java:24: Trailing whitespace
/home/awoods/programming/java/apps/fedora/futures/fcrepo4-oaiprovider/target/generated-sources/org/openarchives/oai/_2_0/oai_dc/ObjectFactory.java:25: Trailing whitespace
/home/awoods/programming/java/apps/fedora/futures/fcrepo4-oaiprovider/target/generated-sources/org/openarchives/oai/_2_0/oai_dc/ObjectFactory.java:26: Trailing whitespace
/home/awoods/programming/java/apps/fedora/futures/fcrepo4-oaiprovider/target/generated-sources/org/openarchives/oai/_2_0/oai_dc/ObjectFactory.java:27: Trailing whitespace
/home/awoods/programming/java/apps/fedora/futures/fcrepo4-oaiprovider/target/generated-sources/org/openarchives/oai/_2_0/oai_dc/ObjectFactory.java:37: Line is longer than 120 characters (found 146).
/home/awoods/programming/java/apps/fedora/futures/fcrepo4-oaiprovider/target/generated-sources/org/openarchives/oai/_2_0/oai_dc/ObjectFactory.java:56:44: Parameter value should be final.
/home/awoods/programming/java/apps/fedora/futures/fcrepo4-oaiprovider/target/generated-sources/org/openarchives/oai/_2_0/oai_dc/package-info.java:0: Required pattern 'Javadoc @author tag' missing in file.
/home/awoods/programming/java/apps/fedora/futures/fcrepo4-oaiprovider/target/generated-sources/org/openarchives/oai/_2_0/oai_dc/package-info.java:2: Trailing whitespace
/home/awoods/programming/java/apps/fedora/futures/fcrepo4-oaiprovider/target/generated-sources/org/openarchives/oai/_2_0/oai_dc/package-info.java:3: Trailing whitespace
/home/awoods/programming/java/apps/fedora/futures/fcrepo4-oaiprovider/target/generated-sources/org/openarchives/oai/_2_0/oai_dc/package-info.java:4: Trailing whitespace
/home/awoods/programming/java/apps/fedora/futures/fcrepo4-oaiprovider/target/generated-sources/org/openarchives/oai/_2_0/oai_dc/package-info.java:5: Trailing whitespace
/home/awoods/programming/java/apps/fedora/futures/fcrepo4-oaiprovider/target/generated-sources/org/openarchives/oai/_2_0/oai_dc/package-info.java:8: Line is longer than 120 characters (found 163).
/home/awoods/programming/java/apps/fedora/futures/fcrepo4-oaiprovider/target/generated-sources/org/openarchives/oai/_2_0/oai_dc/OaiDcType.java:0: Required pattern 'Javadoc @author tag' missing in file.
/home/awoods/programming/java/apps/fedora/futures/fcrepo4-oaiprovider/target/generated-sources/org/openarchives/oai/_2_0/oai_dc/OaiDcType.java:2: Trailing whitespace
/home/awoods/programming/java/apps/fedora/futures/fcrepo4-oaiprovider/target/generated-sources/org/openarchives/oai/_2_0/oai_dc/OaiDcType.java:3: Trailing whitespace
/home/awoods/programming/java/apps/fedora/futures/fcrepo4-oaiprovider/target/generated-sources/org/openarchives/oai/_2_0/oai_dc/OaiDcType.java:4: Trailing whitespace
/home/awoods/programming/java/apps/fedora/futures/fcrepo4-oaiprovider/target/generated-sources/org/openarchives/oai/_2_0/oai_dc/OaiDcType.java:5: Trailing whitespace
/home/awoods/programming/java/apps/fedora/futures/fcrepo4-oaiprovider/target/generated-sources/org/openarchives/oai/_2_0/oai_dc/OaiDcType.java:62: Line is longer than 120 characters (found 131).
/home/awoods/programming/java/apps/fedora/futures/fcrepo4-oaiprovider/target/generated-sources/org/openarchives/oai/_2_0/oai_dc/OaiDcType.java:63: Line is longer than 120 characters (found 135).
/home/awoods/programming/java/apps/fedora/futures/fcrepo4-oaiprovider/target/generated-sources/org/openarchives/oai/_2_0/oai_dc/OaiDcType.java:64: Line is longer than 120 characters (found 132).
/home/awoods/programming/java/apps/fedora/futures/fcrepo4-oaiprovider/target/generated-sources/org/openarchives/oai/_2_0/oai_dc/OaiDcType.java:65: Line is longer than 120 characters (found 134).
/home/awoods/programming/java/apps/fedora/futures/fcrepo4-oaiprovider/target/generated-sources/org/openarchives/oai/_2_0/oai_dc/OaiDcType.java:66: Line is longer than 120 characters (found 132).
/home/awoods/programming/java/apps/fedora/futures/fcrepo4-oaiprovider/target/generated-sources/org/openarchives/oai/_2_0/oai_dc/OaiDcType.java:67: Line is longer than 120 characters (found 134).
/home/awoods/programming/java/apps/fedora/futures/fcrepo4-oaiprovider/target/generated-sources/org/openarchives/oai/_2_0/oai_dc/OaiDcType.java:68: Line is longer than 120 characters (found 133).
/home/awoods/programming/java/apps/fedora/futures/fcrepo4-oaiprovider/target/generated-sources/org/openarchives/oai/_2_0/oai_dc/OaiDcType.java:69: Line is longer than 120 characters (found 130).
/home/awoods/programming/java/apps/fedora/futures/fcrepo4-oaiprovider/target/generated-sources/org/openarchives/oai/_2_0/oai_dc/OaiDcType.java:70: Line is longer than 120 characters (found 137).
/home/awoods/programming/java/apps/fedora/futures/fcrepo4-oaiprovider/target/generated-sources/org/openarchives/oai/_2_0/oai_dc/OaiDcType.java:71: Line is longer than 120 characters (found 136).
/home/awoods/programming/java/apps/fedora/futures/fcrepo4-oaiprovider/target/generated-sources/org/openarchives/oai/_2_0/oai_dc/OaiDcType.java:72: Line is longer than 120 characters (found 132).
/home/awoods/programming/java/apps/fedora/futures/fcrepo4-oaiprovider/target/generated-sources/org/openarchives/oai/_2_0/oai_dc/OaiDcType.java:73: Line is longer than 120 characters (found 137).
/home/awoods/programming/java/apps/fedora/futures/fcrepo4-oaiprovider/target/generated-sources/org/openarchives/oai/_2_0/oai_dc/OaiDcType.java:74: Line is longer than 120 characters (found 130).
/home/awoods/programming/java/apps/fedora/futures/fcrepo4-oaiprovider/target/generated-sources/org/openarchives/oai/_2_0/oai_dc/OaiDcType.java:75: Line is longer than 120 characters (found 133).
/home/awoods/programming/java/apps/fedora/futures/fcrepo4-oaiprovider/target/generated-sources/org/openarchives/oai/_2_0/oai_dc/OaiDcType.java:76: Line is longer than 120 characters (found 133).
/home/awoods/programming/java/apps/fedora/futures/fcrepo4-oaiprovider/target/generated-sources/org/openarchives/oai/_2/GetRecordType.java:0: Required pattern 'Javadoc @author tag' missing in file.
/home/awoods/programming/java/apps/fedora/futures/fcrepo4-oaiprovider/target/generated-sources/org/openarchives/oai/_2/GetRecordType.java:2: Trailing whitespace
/home/awoods/programming/java/apps/fedora/futures/fcrepo4-oaiprovider/target/generated-sources/org/openarchives/oai/_2/GetRecordType.java:3: Trailing whitespace
/home/awoods/programming/java/apps/fedora/futures/fcrepo4-oaiprovider/target/generated-sources/org/openarchives/oai/_2/GetRecordType.java:4: Trailing whitespace
/home/awoods/programming/java/apps/fedora/futures/fcrepo4-oaiprovider/target/generated-sources/org/openarchives/oai/_2/GetRecordType.java:5: Trailing whitespace
/home/awoods/programming/java/apps/fedora/futures/fcrepo4-oaiprovider/target/generated-sources/org/openarchives/oai/_2/GetRecordType.java:51: Trailing whitespace
/home/awoods/programming/java/apps/fedora/futures/fcrepo4-oaiprovider/target/generated-sources/org/openarchives/oai/_2/GetRecordType.java:63: Trailing whitespace
/home/awoods/programming/java/apps/fedora/futures/fcrepo4-oaiprovider/target/generated-sources/org/openarchives/oai/_2/GetRecordType.java:65:27: Parameter value should be final.
/home/awoods/programming/java/apps/fedora/futures/fcrepo4-oaiprovider/target/generated-sources/org/openarchives/oai/_2/ObjectFactory.java:0: Required pattern 'Javadoc @author tag' missing in file.
/home/awoods/programming/java/apps/fedora/futures/fcrepo4-oaiprovider/target/generated-sources/org/openarchives/oai/_2/ObjectFactory.java:2: Trailing whitespace
/home/awoods/programming/java/apps/fedora/futures/fcrepo4-oaiprovider/target/generated-sources/org/openarchives/oai/_2/ObjectFactory.java:3: Trailing whitespace
/home/awoods/programming/java/apps/fedora/futures/fcrepo4-oaiprovider/target/generated-sources/org/openarchives/oai/_2/ObjectFactory.java:4: Trailing whitespace
/home/awoods/programming/java/apps/fedora/futures/fcrepo4-oaiprovider/target/generated-sources/org/openarchives/oai/_2/ObjectFactory.java:5: Trailing whitespace
/home/awoods/programming/java/apps/fedora/futures/fcrepo4-oaiprovider/target/generated-sources/org/openarchives/oai/_2/ObjectFactory.java:18: Trailing whitespace
/home/awoods/programming/java/apps/fedora/futures/fcrepo4-oaiprovider/target/generated-sources/org/openarchives/oai/_2/ObjectFactory.java:19: Trailing whitespace
/home/awoods/programming/java/apps/fedora/futures/fcrepo4-oaiprovider/target/generated-sources/org/openarchives/oai/_2/ObjectFactory.java:20: Trailing whitespace
/home/awoods/programming/java/apps/fedora/futures/fcrepo4-oaiprovider/target/generated-sources/org/openarchives/oai/_2/ObjectFactory.java:21: Trailing whitespace
/home/awoods/programming/java/apps/fedora/futures/fcrepo4-oaiprovider/target/generated-sources/org/openarchives/oai/_2/ObjectFactory.java:22: Trailing whitespace
/home/awoods/programming/java/apps/fedora/futures/fcrepo4-oaiprovider/target/generated-sources/org/openarchives/oai/_2/ObjectFactory.java:23: Trailing whitespace
/home/awoods/programming/java/apps/fedora/futures/fcrepo4-oaiprovider/target/generated-sources/org/openarchives/oai/_2/ObjectFactory.java:24: Trailing whitespace
/home/awoods/programming/java/apps/fedora/futures/fcrepo4-oaiprovider/target/generated-sources/org/openarchives/oai/_2/ObjectFactory.java:25: Trailing whitespace
/home/awoods/programming/java/apps/fedora/futures/fcrepo4-oaiprovider/target/generated-sources/org/openarchives/oai/_2/ObjectFactory.java:26: Trailing whitespace
/home/awoods/programming/java/apps/fedora/futures/fcrepo4-oaiprovider/target/generated-sources/org/openarchives/oai/_2/ObjectFactory.java:27: Trailing whitespace
/home/awoods/programming/java/apps/fedora/futures/fcrepo4-oaiprovider/target/generated-sources/org/openarchives/oai/_2/ObjectFactory.java:37: Line is longer than 120 characters (found 137).
/home/awoods/programming/java/apps/fedora/futures/fcrepo4-oaiprovider/target/generated-sources/org/openarchives/oai/_2/ObjectFactory.java:184:49: Parameter value should be final.
/home/awoods/programming/java/apps/fedora/futures/fcrepo4-oaiprovider/target/generated-sources/org/openarchives/oai/_2/HeaderType.java:0: Required pattern 'Javadoc @author tag' missing in file.
/home/awoods/programming/java/apps/fedora/futures/fcrepo4-oaiprovider/target/generated-sources/org/openarchives/oai/_2/HeaderType.java:2: Trailing whitespace
/home/awoods/programming/java/apps/fedora/futures/fcrepo4-oaiprovider/target/generated-sources/org/openarchives/oai/_2/HeaderType.java:3: Trailing whitespace
/home/awoods/programming/java/apps/fedora/futures/fcrepo4-oaiprovider/target/generated-sources/org/openarchives/oai/_2/HeaderType.java:4: Trailing whitespace
/home/awoods/programming/java/apps/fedora/futures/fcrepo4-oaiprovider/target/generated-sources/org/openarchives/oai/_2/HeaderType.java:5: Trailing whitespace
/home/awoods/programming/java/apps/fedora/futures/fcrepo4-oaiprovider/target/generated-sources/org/openarchives/oai/_2/HeaderType.java:26: Trailing whitespace
/home/awoods/programming/java/apps/fedora/futures/fcrepo4-oaiprovider/target/generated-sources/org/openarchives/oai/_2/HeaderType.java:39: Line is longer than 120 characters (found 132).
/home/awoods/programming/java/apps/fedora/futures/fcrepo4-oaiprovider/target/generated-sources/org/openarchives/oai/_2/HeaderType.java:71: Trailing whitespace
/home/awoods/programming/java/apps/fedora/futures/fcrepo4-oaiprovider/target/generated-sources/org/openarchives/oai/_2/HeaderType.java:83: Trailing whitespace
/home/awoods/programming/java/apps/fedora/futures/fcrepo4-oaiprovider/target/generated-sources/org/openarchives/oai/_2/HeaderType.java:85:31: Parameter value should be final.
/home/awoods/programming/java/apps/fedora/futures/fcrepo4-oaiprovider/target/generated-sources/org/openarchives/oai/_2/HeaderType.java:95: Trailing whitespace
/home/awoods/programming/java/apps/fedora/futures/fcrepo4-oaiprovider/target/generated-sources/org/openarchives/oai/_2/HeaderType.java:107: Trailing whitespace
/home/awoods/programming/java/apps/fedora/futures/fcrepo4-oaiprovider/target/generated-sources/org/openarchives/oai/_2/HeaderType.java:109:30: Parameter value should be final.
/home/awoods/programming/java/apps/fedora/futures/fcrepo4-oaiprovider/target/generated-sources/org/openarchives/oai/_2/HeaderType.java:148: Trailing whitespace
/home/awoods/programming/java/apps/fedora/futures/fcrepo4-oaiprovider/target/generated-sources/org/openarchives/oai/_2/HeaderType.java:160: Trailing whitespace
/home/awoods/programming/java/apps/fedora/futures/fcrepo4-oaiprovider/target/generated-sources/org/openarchives/oai/_2/HeaderType.java:162:27: Parameter value should be final.
/home/awoods/programming/java/apps/fedora/futures/fcrepo4-oaiprovider/target/generated-sources/org/openarchives/oai/_2/RequestType.java:0: Required pattern 'Javadoc @author tag' missing in file.
/home/awoods/programming/java/apps/fedora/futures/fcrepo4-oaiprovider/target/generated-sources/org/openarchives/oai/_2/RequestType.java:2: Trailing whitespace
/home/awoods/programming/java/apps/fedora/futures/fcrepo4-oaiprovider/target/generated-sources/org/openarchives/oai/_2/RequestType.java:3: Trailing whitespace
/home/awoods/programming/java/apps/fedora/futures/fcrepo4-oaiprovider/target/generated-sources/org/openarchives/oai/_2/RequestType.java:4: Trailing whitespace
/home/awoods/programming/java/apps/fedora/futures/fcrepo4-oaiprovider/target/generated-sources/org/openarchives/oai/_2/RequestType.java:5: Trailing whitespace
/home/awoods/programming/java/apps/fedora/futures/fcrepo4-oaiprovider/target/generated-sources/org/openarchives/oai/_2/RequestType.java:24: Trailing whitespace
/home/awoods/programming/java/apps/fedora/futures/fcrepo4-oaiprovider/target/generated-sources/org/openarchives/oai/_2/RequestType.java:78: Trailing whitespace
/home/awoods/programming/java/apps/fedora/futures/fcrepo4-oaiprovider/target/generated-sources/org/openarchives/oai/_2/RequestType.java:90: Trailing whitespace
/home/awoods/programming/java/apps/fedora/futures/fcrepo4-oaiprovider/target/generated-sources/org/openarchives/oai/_2/RequestType.java:92:26: Parameter value should be final.
/home/awoods/programming/java/apps/fedora/futures/fcrepo4-oaiprovider/target/generated-sources/org/openarchives/oai/_2/RequestType.java:102: Trailing whitespace
/home/awoods/programming/java/apps/fedora/futures/fcrepo4-oaiprovider/target/generated-sources/org/openarchives/oai/_2/RequestType.java:114: Trailing whitespace
/home/awoods/programming/java/apps/fedora/futures/fcrepo4-oaiprovider/target/generated-sources/org/openarchives/oai/_2/RequestType.java:116:25: Parameter value should be final.
/home/awoods/programming/java/apps/fedora/futures/fcrepo4-oaiprovider/target/generated-sources/org/openarchives/oai/_2/RequestType.java:126: Trailing whitespace
/home/awoods/programming/java/apps/fedora/futures/fcrepo4-oaiprovider/target/generated-sources/org/openarchives/oai/_2/RequestType.java:138: Trailing whitespace
/home/awoods/programming/java/apps/fedora/futures/fcrepo4-oaiprovider/target/generated-sources/org/openarchives/oai/_2/RequestType.java:140:31: Parameter value should be final.
/home/awoods/programming/java/apps/fedora/futures/fcrepo4-oaiprovider/target/generated-sources/org/openarchives/oai/_2/RequestType.java:150: Trailing whitespace
/home/awoods/programming/java/apps/fedora/futures/fcrepo4-oaiprovider/target/generated-sources/org/openarchives/oai/_2/RequestType.java:162: Trailing whitespace
/home/awoods/programming/java/apps/fedora/futures/fcrepo4-oaiprovider/target/generated-sources/org/openarchives/oai/_2/RequestType.java:164:35: Parameter value should be final.
/home/awoods/programming/java/apps/fedora/futures/fcrepo4-oaiprovider/target/generated-sources/org/openarchives/oai/_2/RequestType.java:174: Trailing whitespace
/home/awoods/programming/java/apps/fedora/futures/fcrepo4-oaiprovider/target/generated-sources/org/openarchives/oai/_2/RequestType.java:186: Trailing whitespace
/home/awoods/programming/java/apps/fedora/futures/fcrepo4-oaiprovider/target/generated-sources/org/openarchives/oai/_2/RequestType.java:188:25: Parameter value should be final.
/home/awoods/programming/java/apps/fedora/futures/fcrepo4-oaiprovider/target/generated-sources/org/openarchives/oai/_2/RequestType.java:198: Trailing whitespace
/home/awoods/programming/java/apps/fedora/futures/fcrepo4-oaiprovider/target/generated-sources/org/openarchives/oai/_2/RequestType.java:210: Trailing whitespace
/home/awoods/programming/java/apps/fedora/futures/fcrepo4-oaiprovider/target/generated-sources/org/openarchives/oai/_2/RequestType.java:212:26: Parameter value should be final.
/home/awoods/programming/java/apps/fedora/futures/fcrepo4-oaiprovider/target/generated-sources/org/openarchives/oai/_2/RequestType.java:222: Trailing whitespace
/home/awoods/programming/java/apps/fedora/futures/fcrepo4-oaiprovider/target/generated-sources/org/openarchives/oai/_2/RequestType.java:234: Trailing whitespace
/home/awoods/programming/java/apps/fedora/futures/fcrepo4-oaiprovider/target/generated-sources/org/openarchives/oai/_2/RequestType.java:236:24: Parameter value should be final.
/home/awoods/programming/java/apps/fedora/futures/fcrepo4-oaiprovider/target/generated-sources/org/openarchives/oai/_2/RequestType.java:246: Trailing whitespace
/home/awoods/programming/java/apps/fedora/futures/fcrepo4-oaiprovider/target/generated-sources/org/openarchives/oai/_2/RequestType.java:258: Trailing whitespace
/home/awoods/programming/java/apps/fedora/futures/fcrepo4-oaiprovider/target/generated-sources/org/openarchives/oai/_2/RequestType.java:260:36: Parameter value should be final.
/home/awoods/programming/java/apps/fedora/futures/fcrepo4-oaiprovider/target/generated-sources/org/openarchives/oai/_2/AboutType.java:0: Required pattern 'Javadoc @author tag' missing in file.
/home/awoods/programming/java/apps/fedora/futures/fcrepo4-oaiprovider/target/generated-sources/org/openarchives/oai/_2/AboutType.java:2: Trailing whitespace
/home/awoods/programming/java/apps/fedora/futures/fcrepo4-oaiprovider/target/generated-sources/org/openarchives/oai/_2/AboutType.java:3: Trailing whitespace
/home/awoods/programming/java/apps/fedora/futures/fcrepo4-oaiprovider/target/generated-sources/org/openarchives/oai/_2/AboutType.java:4: Trailing whitespace
/home/awoods/programming/java/apps/fedora/futures/fcrepo4-oaiprovider/target/generated-sources/org/openarchives/oai/_2/AboutType.java:5: Trailing whitespace
/home/awoods/programming/java/apps/fedora/futures/fcrepo4-oaiprovider/target/generated-sources/org/openarchives/oai/_2/AboutType.java:20: Trailing whitespace
/home/awoods/programming/java/apps/fedora/futures/fcrepo4-oaiprovider/target/generated-sources/org/openarchives/oai/_2/AboutType.java:55: Trailing whitespace
/home/awoods/programming/java/apps/fedora/futures/fcrepo4-oaiprovider/target/generated-sources/org/openarchives/oai/_2/AboutType.java:67: Trailing whitespace
/home/awoods/programming/java/apps/fedora/futures/fcrepo4-oaiprovider/target/generated-sources/org/openarchives/oai/_2/AboutType.java:69:24: Parameter value should be final.
/home/awoods/programming/java/apps/fedora/futures/fcrepo4-oaiprovider/target/generated-sources/org/openarchives/oai/_2/DescriptionType.java:0: Required pattern 'Javadoc @author tag' missing in file.
/home/awoods/programming/java/apps/fedora/futures/fcrepo4-oaiprovider/target/generated-sources/org/openarchives/oai/_2/DescriptionType.java:2: Trailing whitespace
/home/awoods/programming/java/apps/fedora/futures/fcrepo4-oaiprovider/target/generated-sources/org/openarchives/oai/_2/DescriptionType.java:3: Trailing whitespace
/home/awoods/programming/java/apps/fedora/futures/fcrepo4-oaiprovider/target/generated-sources/org/openarchives/oai/_2/DescriptionType.java:4: Trailing whitespace
/home/awoods/programming/java/apps/fedora/futures/fcrepo4-oaiprovider/target/generated-sources/org/openarchives/oai/_2/DescriptionType.java:5: Trailing whitespace
/home/awoods/programming/java/apps/fedora/futures/fcrepo4-oaiprovider/target/generated-sources/org/openarchives/oai/_2/DescriptionType.java:22: Trailing whitespace
/home/awoods/programming/java/apps/fedora/futures/fcrepo4-oaiprovider/target/generated-sources/org/openarchives/oai/_2/DescriptionType.java:57: Trailing whitespace
/home/awoods/programming/java/apps/fedora/futures/fcrepo4-oaiprovider/target/generated-sources/org/openarchives/oai/_2/DescriptionType.java:69: Trailing whitespace
/home/awoods/programming/java/apps/fedora/futures/fcrepo4-oaiprovider/target/generated-sources/org/openarchives/oai/_2/DescriptionType.java:71:24: Parameter value should be final.
/home/awoods/programming/java/apps/fedora/futures/fcrepo4-oaiprovider/target/generated-sources/org/openarchives/oai/_2/MetadataType.java:0: Required pattern 'Javadoc @author tag' missing in file.
/home/awoods/programming/java/apps/fedora/futures/fcrepo4-oaiprovider/target/generated-sources/org/openarchives/oai/_2/MetadataType.java:2: Trailing whitespace
/home/awoods/programming/java/apps/fedora/futures/fcrepo4-oaiprovider/target/generated-sources/org/openarchives/oai/_2/MetadataType.java:3: Trailing whitespace
/home/awoods/programming/java/apps/fedora/futures/fcrepo4-oaiprovider/target/generated-sources/org/openarchives/oai/_2/MetadataType.java:4: Trailing whitespace
/home/awoods/programming/java/apps/fedora/futures/fcrepo4-oaiprovider/target/generated-sources/org/openarchives/oai/_2/MetadataType.java:5: Trailing whitespace
/home/awoods/programming/java/apps/fedora/futures/fcrepo4-oaiprovider/target/generated-sources/org/openarchives/oai/_2/MetadataType.java:21: Trailing whitespace
/home/awoods/programming/java/apps/fedora/futures/fcrepo4-oaiprovider/target/generated-sources/org/openarchives/oai/_2/MetadataType.java:56: Trailing whitespace
/home/awoods/programming/java/apps/fedora/futures/fcrepo4-oaiprovider/target/generated-sources/org/openarchives/oai/_2/MetadataType.java:68: Trailing whitespace
/home/awoods/programming/java/apps/fedora/futures/fcrepo4-oaiprovider/target/generated-sources/org/openarchives/oai/_2/MetadataType.java:70:24: Parameter value should be final.
/home/awoods/programming/java/apps/fedora/futures/fcrepo4-oaiprovider/target/generated-sources/org/openarchives/oai/_2/OAIPMHerrorcodeType.java:0: Required pattern 'Javadoc @author tag' missing in file.
/home/awoods/programming/java/apps/fedora/futures/fcrepo4-oaiprovider/target/generated-sources/org/openarchives/oai/_2/OAIPMHerrorcodeType.java:2: Trailing whitespace
/home/awoods/programming/java/apps/fedora/futures/fcrepo4-oaiprovider/target/generated-sources/org/openarchives/oai/_2/OAIPMHerrorcodeType.java:3: Trailing whitespace
/home/awoods/programming/java/apps/fedora/futures/fcrepo4-oaiprovider/target/generated-sources/org/openarchives/oai/_2/OAIPMHerrorcodeType.java:4: Trailing whitespace
/home/awoods/programming/java/apps/fedora/futures/fcrepo4-oaiprovider/target/generated-sources/org/openarchives/oai/_2/OAIPMHerrorcodeType.java:5: Trailing whitespace
/home/awoods/programming/java/apps/fedora/futures/fcrepo4-oaiprovider/target/generated-sources/org/openarchives/oai/_2/OAIPMHerrorcodeType.java:59:25: Parameter v should be final.
/home/awoods/programming/java/apps/fedora/futures/fcrepo4-oaiprovider/target/generated-sources/org/openarchives/oai/_2/OAIPMHerrorcodeType.java:63:5: Missing a Javadoc comment.
/home/awoods/programming/java/apps/fedora/futures/fcrepo4-oaiprovider/target/generated-sources/org/openarchives/oai/_2/OAIPMHerrorcodeType.java:67:5: Missing a Javadoc comment.
/home/awoods/programming/java/apps/fedora/futures/fcrepo4-oaiprovider/target/generated-sources/org/openarchives/oai/_2/OAIPMHerrorcodeType.java:67:49: Parameter v should be final.
/home/awoods/programming/java/apps/fedora/futures/fcrepo4-oaiprovider/target/generated-sources/org/openarchives/oai/_2/ListIdentifiersType.java:0: Required pattern 'Javadoc @author tag' missing in file.
/home/awoods/programming/java/apps/fedora/futures/fcrepo4-oaiprovider/target/generated-sources/org/openarchives/oai/_2/ListIdentifiersType.java:2: Trailing whitespace
/home/awoods/programming/java/apps/fedora/futures/fcrepo4-oaiprovider/target/generated-sources/org/openarchives/oai/_2/ListIdentifiersType.java:3: Trailing whitespace
/home/awoods/programming/java/apps/fedora/futures/fcrepo4-oaiprovider/target/generated-sources/org/openarchives/oai/_2/ListIdentifiersType.java:4: Trailing whitespace
/home/awoods/programming/java/apps/fedora/futures/fcrepo4-oaiprovider/target/generated-sources/org/openarchives/oai/_2/ListIdentifiersType.java:5: Trailing whitespace
/home/awoods/programming/java/apps/fedora/futures/fcrepo4-oaiprovider/target/generated-sources/org/openarchives/oai/_2/ListIdentifiersType.java:30: Line is longer than 120 characters (found 126).
/home/awoods/programming/java/apps/fedora/futures/fcrepo4-oaiprovider/target/generated-sources/org/openarchives/oai/_2/ListIdentifiersType.java:85: Trailing whitespace
/home/awoods/programming/java/apps/fedora/futures/fcrepo4-oaiprovider/target/generated-sources/org/openarchives/oai/_2/ListIdentifiersType.java:97: Trailing whitespace
/home/awoods/programming/java/apps/fedora/futures/fcrepo4-oaiprovider/target/generated-sources/org/openarchives/oai/_2/ListIdentifiersType.java:99:36: Parameter value should be final.
/home/awoods/programming/java/apps/fedora/futures/fcrepo4-oaiprovider/target/generated-sources/org/openarchives/oai/_2/package-info.java:0: Required pattern 'Javadoc @author tag' missing in file.
/home/awoods/programming/java/apps/fedora/futures/fcrepo4-oaiprovider/target/generated-sources/org/openarchives/oai/_2/package-info.java:2: Trailing whitespace
/home/awoods/programming/java/apps/fedora/futures/fcrepo4-oaiprovider/target/generated-sources/org/openarchives/oai/_2/package-info.java:3: Trailing whitespace
/home/awoods/programming/java/apps/fedora/futures/fcrepo4-oaiprovider/target/generated-sources/org/openarchives/oai/_2/package-info.java:4: Trailing whitespace
/home/awoods/programming/java/apps/fedora/futures/fcrepo4-oaiprovider/target/generated-sources/org/openarchives/oai/_2/package-info.java:5: Trailing whitespace
/home/awoods/programming/java/apps/fedora/futures/fcrepo4-oaiprovider/target/generated-sources/org/openarchives/oai/_2/package-info.java:8: Line is longer than 120 characters (found 156).
/home/awoods/programming/java/apps/fedora/futures/fcrepo4-oaiprovider/target/generated-sources/org/openarchives/oai/_2/RecordType.java:0: Required pattern 'Javadoc @author tag' missing in file.
/home/awoods/programming/java/apps/fedora/futures/fcrepo4-oaiprovider/target/generated-sources/org/openarchives/oai/_2/RecordType.java:2: Trailing whitespace
/home/awoods/programming/java/apps/fedora/futures/fcrepo4-oaiprovider/target/generated-sources/org/openarchives/oai/_2/RecordType.java:3: Trailing whitespace
/home/awoods/programming/java/apps/fedora/futures/fcrepo4-oaiprovider/target/generated-sources/org/openarchives/oai/_2/RecordType.java:4: Trailing whitespace
/home/awoods/programming/java/apps/fedora/futures/fcrepo4-oaiprovider/target/generated-sources/org/openarchives/oai/_2/RecordType.java:5: Trailing whitespace
/home/awoods/programming/java/apps/fedora/futures/fcrepo4-oaiprovider/target/generated-sources/org/openarchives/oai/_2/RecordType.java:22: Trailing whitespace
/home/awoods/programming/java/apps/fedora/futures/fcrepo4-oaiprovider/target/generated-sources/org/openarchives/oai/_2/RecordType.java:35: Line is longer than 120 characters (found 128).
/home/awoods/programming/java/apps/fedora/futures/fcrepo4-oaiprovider/target/generated-sources/org/openarchives/oai/_2/RecordType.java:63: Trailing whitespace
/home/awoods/programming/java/apps/fedora/futures/fcrepo4-oaiprovider/target/generated-sources/org/openarchives/oai/_2/RecordType.java:75: Trailing whitespace
/home/awoods/programming/java/apps/fedora/futures/fcrepo4-oaiprovider/target/generated-sources/org/openarchives/oai/_2/RecordType.java:77:27: Parameter value should be final.
/home/awoods/programming/java/apps/fedora/futures/fcrepo4-oaiprovider/target/generated-sources/org/openarchives/oai/_2/RecordType.java:87: Trailing whitespace
/home/awoods/programming/java/apps/fedora/futures/fcrepo4-oaiprovider/target/generated-sources/org/openarchives/oai/_2/RecordType.java:99: Trailing whitespace
/home/awoods/programming/java/apps/fedora/futures/fcrepo4-oaiprovider/target/generated-sources/org/openarchives/oai/_2/RecordType.java:101:29: Parameter value should be final.
/home/awoods/programming/java/apps/fedora/futures/fcrepo4-oaiprovider/target/generated-sources/org/openarchives/oai/_2/ListSetsType.java:0: Required pattern 'Javadoc @author tag' missing in file.
/home/awoods/programming/java/apps/fedora/futures/fcrepo4-oaiprovider/target/generated-sources/org/openarchives/oai/_2/ListSetsType.java:2: Trailing whitespace
/home/awoods/programming/java/apps/fedora/futures/fcrepo4-oaiprovider/target/generated-sources/org/openarchives/oai/_2/ListSetsType.java:3: Trailing whitespace
/home/awoods/programming/java/apps/fedora/futures/fcrepo4-oaiprovider/target/generated-sources/org/openarchives/oai/_2/ListSetsType.java:4: Trailing whitespace
/home/awoods/programming/java/apps/fedora/futures/fcrepo4-oaiprovider/target/generated-sources/org/openarchives/oai/_2/ListSetsType.java:5: Trailing whitespace
/home/awoods/programming/java/apps/fedora/futures/fcrepo4-oaiprovider/target/generated-sources/org/openarchives/oai/_2/ListSetsType.java:30: Line is longer than 120 characters (found 126).
/home/awoods/programming/java/apps/fedora/futures/fcrepo4-oaiprovider/target/generated-sources/org/openarchives/oai/_2/ListSetsType.java:85: Trailing whitespace
/home/awoods/programming/java/apps/fedora/futures/fcrepo4-oaiprovider/target/generated-sources/org/openarchives/oai/_2/ListSetsType.java:97: Trailing whitespace
/home/awoods/programming/java/apps/fedora/futures/fcrepo4-oaiprovider/target/generated-sources/org/openarchives/oai/_2/ListSetsType.java:99:36: Parameter value should be final.
/home/awoods/programming/java/apps/fedora/futures/fcrepo4-oaiprovider/target/generated-sources/org/openarchives/oai/_2/OAIPMHtype.java:0: Required pattern 'Javadoc @author tag' missing in file.
/home/awoods/programming/java/apps/fedora/futures/fcrepo4-oaiprovider/target/generated-sources/org/openarchives/oai/_2/OAIPMHtype.java:2: Trailing whitespace
/home/awoods/programming/java/apps/fedora/futures/fcrepo4-oaiprovider/target/generated-sources/org/openarchives/oai/_2/OAIPMHtype.java:3: Trailing whitespace
/home/awoods/programming/java/apps/fedora/futures/fcrepo4-oaiprovider/target/generated-sources/org/openarchives/oai/_2/OAIPMHtype.java:4: Trailing whitespace
/home/awoods/programming/java/apps/fedora/futures/fcrepo4-oaiprovider/target/generated-sources/org/openarchives/oai/_2/OAIPMHtype.java:5: Trailing whitespace
/home/awoods/programming/java/apps/fedora/futures/fcrepo4-oaiprovider/target/generated-sources/org/openarchives/oai/_2/OAIPMHtype.java:34: Line is longer than 120 characters (found 123).
/home/awoods/programming/java/apps/fedora/futures/fcrepo4-oaiprovider/target/generated-sources/org/openarchives/oai/_2/OAIPMHtype.java:36: Line is longer than 120 characters (found 122).
/home/awoods/programming/java/apps/fedora/futures/fcrepo4-oaiprovider/target/generated-sources/org/openarchives/oai/_2/OAIPMHtype.java:89: Trailing whitespace
/home/awoods/programming/java/apps/fedora/futures/fcrepo4-oaiprovider/target/generated-sources/org/openarchives/oai/_2/OAIPMHtype.java:101: Trailing whitespace
/home/awoods/programming/java/apps/fedora/futures/fcrepo4-oaiprovider/target/generated-sources/org/openarchives/oai/_2/OAIPMHtype.java:103:33: Parameter value should be final.
/home/awoods/programming/java/apps/fedora/futures/fcrepo4-oaiprovider/target/generated-sources/org/openarchives/oai/_2/OAIPMHtype.java:113: Trailing whitespace
/home/awoods/programming/java/apps/fedora/futures/fcrepo4-oaiprovider/target/generated-sources/org/openarchives/oai/_2/OAIPMHtype.java:125: Trailing whitespace
/home/awoods/programming/java/apps/fedora/futures/fcrepo4-oaiprovider/target/generated-sources/org/openarchives/oai/_2/OAIPMHtype.java:127:28: Parameter value should be final.
/home/awoods/programming/java/apps/fedora/futures/fcrepo4-oaiprovider/target/generated-sources/org/openarchives/oai/_2/OAIPMHtype.java:166: Trailing whitespace
/home/awoods/programming/java/apps/fedora/futures/fcrepo4-oaiprovider/target/generated-sources/org/openarchives/oai/_2/OAIPMHtype.java:178: Trailing whitespace
/home/awoods/programming/java/apps/fedora/futures/fcrepo4-oaiprovider/target/generated-sources/org/openarchives/oai/_2/OAIPMHtype.java:180:29: Parameter value should be final.
/home/awoods/programming/java/apps/fedora/futures/fcrepo4-oaiprovider/target/generated-sources/org/openarchives/oai/_2/OAIPMHtype.java:190: Trailing whitespace
/home/awoods/programming/java/apps/fedora/futures/fcrepo4-oaiprovider/target/generated-sources/org/openarchives/oai/_2/OAIPMHtype.java:202: Trailing whitespace
/home/awoods/programming/java/apps/fedora/futures/fcrepo4-oaiprovider/target/generated-sources/org/openarchives/oai/_2/OAIPMHtype.java:204:40: Parameter value should be final.
/home/awoods/programming/java/apps/fedora/futures/fcrepo4-oaiprovider/target/generated-sources/org/openarchives/oai/_2/OAIPMHtype.java:214: Trailing whitespace
/home/awoods/programming/java/apps/fedora/futures/fcrepo4-oaiprovider/target/generated-sources/org/openarchives/oai/_2/OAIPMHtype.java:226: Trailing whitespace
/home/awoods/programming/java/apps/fedora/futures/fcrepo4-oaiprovider/target/generated-sources/org/openarchives/oai/_2/OAIPMHtype.java:228:29: Parameter value should be final.
/home/awoods/programming/java/apps/fedora/futures/fcrepo4-oaiprovider/target/generated-sources/org/openarchives/oai/_2/OAIPMHtype.java:238: Trailing whitespace
/home/awoods/programming/java/apps/fedora/futures/fcrepo4-oaiprovider/target/generated-sources/org/openarchives/oai/_2/OAIPMHtype.java:250: Trailing whitespace
/home/awoods/programming/java/apps/fedora/futures/fcrepo4-oaiprovider/target/generated-sources/org/openarchives/oai/_2/OAIPMHtype.java:252:30: Parameter value should be final.
/home/awoods/programming/java/apps/fedora/futures/fcrepo4-oaiprovider/target/generated-sources/org/openarchives/oai/_2/OAIPMHtype.java:262: Trailing whitespace
/home/awoods/programming/java/apps/fedora/futures/fcrepo4-oaiprovider/target/generated-sources/org/openarchives/oai/_2/OAIPMHtype.java:274: Trailing whitespace
/home/awoods/programming/java/apps/fedora/futures/fcrepo4-oaiprovider/target/generated-sources/org/openarchives/oai/_2/OAIPMHtype.java:276:36: Parameter value should be final.
/home/awoods/programming/java/apps/fedora/futures/fcrepo4-oaiprovider/target/generated-sources/org/openarchives/oai/_2/OAIPMHtype.java:286: Trailing whitespace
/home/awoods/programming/java/apps/fedora/futures/fcrepo4-oaiprovider/target/generated-sources/org/openarchives/oai/_2/OAIPMHtype.java:298: Trailing whitespace
/home/awoods/programming/java/apps/fedora/futures/fcrepo4-oaiprovider/target/generated-sources/org/openarchives/oai/_2/OAIPMHtype.java:300:32: Parameter value should be final.
/home/awoods/programming/java/apps/fedora/futures/fcrepo4-oaiprovider/target/generated-sources/org/openarchives/oai/_2/ListRecordsType.java:0: Required pattern 'Javadoc @author tag' missing in file.
/home/awoods/programming/java/apps/fedora/futures/fcrepo4-oaiprovider/target/generated-sources/org/openarchives/oai/_2/ListRecordsType.java:2: Trailing whitespace
/home/awoods/programming/java/apps/fedora/futures/fcrepo4-oaiprovider/target/generated-sources/org/openarchives/oai/_2/ListRecordsType.java:3: Trailing whitespace
/home/awoods/programming/java/apps/fedora/futures/fcrepo4-oaiprovider/target/generated-sources/org/openarchives/oai/_2/ListRecordsType.java:4: Trailing whitespace
/home/awoods/programming/java/apps/fedora/futures/fcrepo4-oaiprovider/target/generated-sources/org/openarchives/oai/_2/ListRecordsType.java:5: Trailing whitespace
/home/awoods/programming/java/apps/fedora/futures/fcrepo4-oaiprovider/target/generated-sources/org/openarchives/oai/_2/ListRecordsType.java:30: Line is longer than 120 characters (found 126).
/home/awoods/programming/java/apps/fedora/futures/fcrepo4-oaiprovider/target/generated-sources/org/openarchives/oai/_2/ListRecordsType.java:85: Trailing whitespace
/home/awoods/programming/java/apps/fedora/futures/fcrepo4-oaiprovider/target/generated-sources/org/openarchives/oai/_2/ListRecordsType.java:97: Trailing whitespace
/home/awoods/programming/java/apps/fedora/futures/fcrepo4-oaiprovider/target/generated-sources/org/openarchives/oai/_2/ListRecordsType.java:99:36: Parameter value should be final.
/home/awoods/programming/java/apps/fedora/futures/fcrepo4-oaiprovider/target/generated-sources/org/openarchives/oai/_2/SetType.java:0: Required pattern 'Javadoc @author tag' missing in file.
/home/awoods/programming/java/apps/fedora/futures/fcrepo4-oaiprovider/target/generated-sources/org/openarchives/oai/_2/SetType.java:2: Trailing whitespace
/home/awoods/programming/java/apps/fedora/futures/fcrepo4-oaiprovider/target/generated-sources/org/openarchives/oai/_2/SetType.java:3: Trailing whitespace
/home/awoods/programming/java/apps/fedora/futures/fcrepo4-oaiprovider/target/generated-sources/org/openarchives/oai/_2/SetType.java:4: Trailing whitespace
/home/awoods/programming/java/apps/fedora/futures/fcrepo4-oaiprovider/target/generated-sources/org/openarchives/oai/_2/SetType.java:5: Trailing whitespace
/home/awoods/programming/java/apps/fedora/futures/fcrepo4-oaiprovider/target/generated-sources/org/openarchives/oai/_2/SetType.java:31: Line is longer than 120 characters (found 143).
/home/awoods/programming/java/apps/fedora/futures/fcrepo4-oaiprovider/target/generated-sources/org/openarchives/oai/_2/SetType.java:60: Trailing whitespace
/home/awoods/programming/java/apps/fedora/futures/fcrepo4-oaiprovider/target/generated-sources/org/openarchives/oai/_2/SetType.java:72: Trailing whitespace
/home/awoods/programming/java/apps/fedora/futures/fcrepo4-oaiprovider/target/generated-sources/org/openarchives/oai/_2/SetType.java:74:28: Parameter value should be final.
/home/awoods/programming/java/apps/fedora/futures/fcrepo4-oaiprovider/target/generated-sources/org/openarchives/oai/_2/SetType.java:84: Trailing whitespace
/home/awoods/programming/java/apps/fedora/futures/fcrepo4-oaiprovider/target/generated-sources/org/openarchives/oai/_2/SetType.java:96: Trailing whitespace
/home/awoods/programming/java/apps/fedora/futures/fcrepo4-oaiprovider/target/generated-sources/org/openarchives/oai/_2/SetType.java:98:28: Parameter value should be final.
/home/awoods/programming/java/apps/fedora/futures/fcrepo4-oaiprovider/target/generated-sources/org/openarchives/oai/_2/IdentifyType.java:0: Required pattern 'Javadoc @author tag' missing in file.
/home/awoods/programming/java/apps/fedora/futures/fcrepo4-oaiprovider/target/generated-sources/org/openarchives/oai/_2/IdentifyType.java:2: Trailing whitespace
/home/awoods/programming/java/apps/fedora/futures/fcrepo4-oaiprovider/target/generated-sources/org/openarchives/oai/_2/IdentifyType.java:3: Trailing whitespace
/home/awoods/programming/java/apps/fedora/futures/fcrepo4-oaiprovider/target/generated-sources/org/openarchives/oai/_2/IdentifyType.java:4: Trailing whitespace
/home/awoods/programming/java/apps/fedora/futures/fcrepo4-oaiprovider/target/generated-sources/org/openarchives/oai/_2/IdentifyType.java:5: Trailing whitespace
/home/awoods/programming/java/apps/fedora/futures/fcrepo4-oaiprovider/target/generated-sources/org/openarchives/oai/_2/IdentifyType.java:37: Line is longer than 120 characters (found 127).
/home/awoods/programming/java/apps/fedora/futures/fcrepo4-oaiprovider/target/generated-sources/org/openarchives/oai/_2/IdentifyType.java:38: Line is longer than 120 characters (found 140).
/home/awoods/programming/java/apps/fedora/futures/fcrepo4-oaiprovider/target/generated-sources/org/openarchives/oai/_2/IdentifyType.java:85: Trailing whitespace
/home/awoods/programming/java/apps/fedora/futures/fcrepo4-oaiprovider/target/generated-sources/org/openarchives/oai/_2/IdentifyType.java:97: Trailing whitespace
/home/awoods/programming/java/apps/fedora/futures/fcrepo4-oaiprovider/target/generated-sources/org/openarchives/oai/_2/IdentifyType.java:99:35: Parameter value should be final.
/home/awoods/programming/java/apps/fedora/futures/fcrepo4-oaiprovider/target/generated-sources/org/openarchives/oai/_2/IdentifyType.java:109: Trailing whitespace
/home/awoods/programming/java/apps/fedora/futures/fcrepo4-oaiprovider/target/generated-sources/org/openarchives/oai/_2/IdentifyType.java:121: Trailing whitespace
/home/awoods/programming/java/apps/fedora/futures/fcrepo4-oaiprovider/target/generated-sources/org/openarchives/oai/_2/IdentifyType.java:123:28: Parameter value should be final.
/home/awoods/programming/java/apps/fedora/futures/fcrepo4-oaiprovider/target/generated-sources/org/openarchives/oai/_2/IdentifyType.java:133: Trailing whitespace
/home/awoods/programming/java/apps/fedora/futures/fcrepo4-oaiprovider/target/generated-sources/org/openarchives/oai/_2/IdentifyType.java:145: Trailing whitespace
/home/awoods/programming/java/apps/fedora/futures/fcrepo4-oaiprovider/target/generated-sources/org/openarchives/oai/_2/IdentifyType.java:147:36: Parameter value should be final.
/home/awoods/programming/java/apps/fedora/futures/fcrepo4-oaiprovider/target/generated-sources/org/openarchives/oai/_2/IdentifyType.java:186: Trailing whitespace
/home/awoods/programming/java/apps/fedora/futures/fcrepo4-oaiprovider/target/generated-sources/org/openarchives/oai/_2/IdentifyType.java:198: Trailing whitespace
/home/awoods/programming/java/apps/fedora/futures/fcrepo4-oaiprovider/target/generated-sources/org/openarchives/oai/_2/IdentifyType.java:200:38: Parameter value should be final.
/home/awoods/programming/java/apps/fedora/futures/fcrepo4-oaiprovider/target/generated-sources/org/openarchives/oai/_2/IdentifyType.java:210: Trailing whitespace
/home/awoods/programming/java/apps/fedora/futures/fcrepo4-oaiprovider/target/generated-sources/org/openarchives/oai/_2/IdentifyType.java:222: Trailing whitespace
/home/awoods/programming/java/apps/fedora/futures/fcrepo4-oaiprovider/target/generated-sources/org/openarchives/oai/_2/IdentifyType.java:224:34: Parameter value should be final.
/home/awoods/programming/java/apps/fedora/futures/fcrepo4-oaiprovider/target/generated-sources/org/openarchives/oai/_2/IdentifyType.java:234: Trailing whitespace
/home/awoods/programming/java/apps/fedora/futures/fcrepo4-oaiprovider/target/generated-sources/org/openarchives/oai/_2/IdentifyType.java:246: Trailing whitespace
/home/awoods/programming/java/apps/fedora/futures/fcrepo4-oaiprovider/target/generated-sources/org/openarchives/oai/_2/IdentifyType.java:248:32: Parameter value should be final.
/home/awoods/programming/java/apps/fedora/futures/fcrepo4-oaiprovider/target/generated-sources/org/openarchives/oai/_2/DeletedRecordType.java:0: Required pattern 'Javadoc @author tag' missing in file.
/home/awoods/programming/java/apps/fedora/futures/fcrepo4-oaiprovider/target/generated-sources/org/openarchives/oai/_2/DeletedRecordType.java:2: Trailing whitespace
/home/awoods/programming/java/apps/fedora/futures/fcrepo4-oaiprovider/target/generated-sources/org/openarchives/oai/_2/DeletedRecordType.java:3: Trailing whitespace
/home/awoods/programming/java/apps/fedora/futures/fcrepo4-oaiprovider/target/generated-sources/org/openarchives/oai/_2/DeletedRecordType.java:4: Trailing whitespace
/home/awoods/programming/java/apps/fedora/futures/fcrepo4-oaiprovider/target/generated-sources/org/openarchives/oai/_2/DeletedRecordType.java:5: Trailing whitespace
/home/awoods/programming/java/apps/fedora/futures/fcrepo4-oaiprovider/target/generated-sources/org/openarchives/oai/_2/DeletedRecordType.java:44:23: Parameter v should be final.
/home/awoods/programming/java/apps/fedora/futures/fcrepo4-oaiprovider/target/generated-sources/org/openarchives/oai/_2/DeletedRecordType.java:48:5: Missing a Javadoc comment.
/home/awoods/programming/java/apps/fedora/futures/fcrepo4-oaiprovider/target/generated-sources/org/openarchives/oai/_2/DeletedRecordType.java:52:5: Missing a Javadoc comment.
/home/awoods/programming/java/apps/fedora/futures/fcrepo4-oaiprovider/target/generated-sources/org/openarchives/oai/_2/DeletedRecordType.java:52:47: Parameter v should be final.
/home/awoods/programming/java/apps/fedora/futures/fcrepo4-oaiprovider/target/generated-sources/org/openarchives/oai/_2/OAIPMHerrorType.java:0: Required pattern 'Javadoc @author tag' missing in file.
/home/awoods/programming/java/apps/fedora/futures/fcrepo4-oaiprovider/target/generated-sources/org/openarchives/oai/_2/OAIPMHerrorType.java:2: Trailing whitespace
/home/awoods/programming/java/apps/fedora/futures/fcrepo4-oaiprovider/target/generated-sources/org/openarchives/oai/_2/OAIPMHerrorType.java:3: Trailing whitespace
/home/awoods/programming/java/apps/fedora/futures/fcrepo4-oaiprovider/target/generated-sources/org/openarchives/oai/_2/OAIPMHerrorType.java:4: Trailing whitespace
/home/awoods/programming/java/apps/fedora/futures/fcrepo4-oaiprovider/target/generated-sources/org/openarchives/oai/_2/OAIPMHerrorType.java:5: Trailing whitespace
/home/awoods/programming/java/apps/fedora/futures/fcrepo4-oaiprovider/target/generated-sources/org/openarchives/oai/_2/OAIPMHerrorType.java:52: Trailing whitespace
/home/awoods/programming/java/apps/fedora/futures/fcrepo4-oaiprovider/target/generated-sources/org/openarchives/oai/_2/OAIPMHerrorType.java:64: Trailing whitespace
/home/awoods/programming/java/apps/fedora/futures/fcrepo4-oaiprovider/target/generated-sources/org/openarchives/oai/_2/OAIPMHerrorType.java:66:26: Parameter value should be final.
/home/awoods/programming/java/apps/fedora/futures/fcrepo4-oaiprovider/target/generated-sources/org/openarchives/oai/_2/OAIPMHerrorType.java:76: Trailing whitespace
/home/awoods/programming/java/apps/fedora/futures/fcrepo4-oaiprovider/target/generated-sources/org/openarchives/oai/_2/OAIPMHerrorType.java:88: Trailing whitespace
/home/awoods/programming/java/apps/fedora/futures/fcrepo4-oaiprovider/target/generated-sources/org/openarchives/oai/_2/OAIPMHerrorType.java:90:25: Parameter value should be final.
/home/awoods/programming/java/apps/fedora/futures/fcrepo4-oaiprovider/target/generated-sources/org/openarchives/oai/_2/StatusType.java:0: Required pattern 'Javadoc @author tag' missing in file.
/home/awoods/programming/java/apps/fedora/futures/fcrepo4-oaiprovider/target/generated-sources/org/openarchives/oai/_2/StatusType.java:2: Trailing whitespace
/home/awoods/programming/java/apps/fedora/futures/fcrepo4-oaiprovider/target/generated-sources/org/openarchives/oai/_2/StatusType.java:3: Trailing whitespace
/home/awoods/programming/java/apps/fedora/futures/fcrepo4-oaiprovider/target/generated-sources/org/openarchives/oai/_2/StatusType.java:4: Trailing whitespace
/home/awoods/programming/java/apps/fedora/futures/fcrepo4-oaiprovider/target/generated-sources/org/openarchives/oai/_2/StatusType.java:5: Trailing whitespace
/home/awoods/programming/java/apps/fedora/futures/fcrepo4-oaiprovider/target/generated-sources/org/openarchives/oai/_2/StatusType.java:38:16: Parameter v should be final.
/home/awoods/programming/java/apps/fedora/futures/fcrepo4-oaiprovider/target/generated-sources/org/openarchives/oai/_2/StatusType.java:42:5: Missing a Javadoc comment.
/home/awoods/programming/java/apps/fedora/futures/fcrepo4-oaiprovider/target/generated-sources/org/openarchives/oai/_2/StatusType.java:46:5: Missing a Javadoc comment.
/home/awoods/programming/java/apps/fedora/futures/fcrepo4-oaiprovider/target/generated-sources/org/openarchives/oai/_2/StatusType.java:46:40: Parameter v should be final.
/home/awoods/programming/java/apps/fedora/futures/fcrepo4-oaiprovider/target/generated-sources/org/openarchives/oai/_2/ListMetadataFormatsType.java:0: Required pattern 'Javadoc @author tag' missing in file.
/home/awoods/programming/java/apps/fedora/futures/fcrepo4-oaiprovider/target/generated-sources/org/openarchives/oai/_2/ListMetadataFormatsType.java:2: Trailing whitespace
/home/awoods/programming/java/apps/fedora/futures/fcrepo4-oaiprovider/target/generated-sources/org/openarchives/oai/_2/ListMetadataFormatsType.java:3: Trailing whitespace
/home/awoods/programming/java/apps/fedora/futures/fcrepo4-oaiprovider/target/generated-sources/org/openarchives/oai/_2/ListMetadataFormatsType.java:4: Trailing whitespace
/home/awoods/programming/java/apps/fedora/futures/fcrepo4-oaiprovider/target/generated-sources/org/openarchives/oai/_2/ListMetadataFormatsType.java:5: Trailing whitespace
/home/awoods/programming/java/apps/fedora/futures/fcrepo4-oaiprovider/target/generated-sources/org/openarchives/oai/_2/ListMetadataFormatsType.java:29: Line is longer than 120 characters (found 132).
/home/awoods/programming/java/apps/fedora/futures/fcrepo4-oaiprovider/target/generated-sources/org/openarchives/oai/_2/GranularityType.java:0: Required pattern 'Javadoc @author tag' missing in file.
/home/awoods/programming/java/apps/fedora/futures/fcrepo4-oaiprovider/target/generated-sources/org/openarchives/oai/_2/GranularityType.java:2: Trailing whitespace
/home/awoods/programming/java/apps/fedora/futures/fcrepo4-oaiprovider/target/generated-sources/org/openarchives/oai/_2/GranularityType.java:3: Trailing whitespace
/home/awoods/programming/java/apps/fedora/futures/fcrepo4-oaiprovider/target/generated-sources/org/openarchives/oai/_2/GranularityType.java:4: Trailing whitespace
/home/awoods/programming/java/apps/fedora/futures/fcrepo4-oaiprovider/target/generated-sources/org/openarchives/oai/_2/GranularityType.java:5: Trailing whitespace
/home/awoods/programming/java/apps/fedora/futures/fcrepo4-oaiprovider/target/generated-sources/org/openarchives/oai/_2/GranularityType.java:41:21: Parameter v should be final.
/home/awoods/programming/java/apps/fedora/futures/fcrepo4-oaiprovider/target/generated-sources/org/openarchives/oai/_2/GranularityType.java:45:5: Missing a Javadoc comment.
/home/awoods/programming/java/apps/fedora/futures/fcrepo4-oaiprovider/target/generated-sources/org/openarchives/oai/_2/GranularityType.java:49:5: Missing a Javadoc comment.
/home/awoods/programming/java/apps/fedora/futures/fcrepo4-oaiprovider/target/generated-sources/org/openarchives/oai/_2/GranularityType.java:49:45: Parameter v should be final.
/home/awoods/programming/java/apps/fedora/futures/fcrepo4-oaiprovider/target/generated-sources/org/openarchives/oai/_2/VerbType.java:0: Required pattern 'Javadoc @author tag' missing in file.
/home/awoods/programming/java/apps/fedora/futures/fcrepo4-oaiprovider/target/generated-sources/org/openarchives/oai/_2/VerbType.java:2: Trailing whitespace
/home/awoods/programming/java/apps/fedora/futures/fcrepo4-oaiprovider/target/generated-sources/org/openarchives/oai/_2/VerbType.java:3: Trailing whitespace
/home/awoods/programming/java/apps/fedora/futures/fcrepo4-oaiprovider/target/generated-sources/org/openarchives/oai/_2/VerbType.java:4: Trailing whitespace
/home/awoods/programming/java/apps/fedora/futures/fcrepo4-oaiprovider/target/generated-sources/org/openarchives/oai/_2/VerbType.java:5: Trailing whitespace
/home/awoods/programming/java/apps/fedora/futures/fcrepo4-oaiprovider/target/generated-sources/org/openarchives/oai/_2/VerbType.java:53:14: Parameter v should be final.
/home/awoods/programming/java/apps/fedora/futures/fcrepo4-oaiprovider/target/generated-sources/org/openarchives/oai/_2/VerbType.java:57:5: Missing a Javadoc comment.
/home/awoods/programming/java/apps/fedora/futures/fcrepo4-oaiprovider/target/generated-sources/org/openarchives/oai/_2/VerbType.java:61:5: Missing a Javadoc comment.
/home/awoods/programming/java/apps/fedora/futures/fcrepo4-oaiprovider/target/generated-sources/org/openarchives/oai/_2/VerbType.java:61:38: Parameter v should be final.
/home/awoods/programming/java/apps/fedora/futures/fcrepo4-oaiprovider/target/generated-sources/org/openarchives/oai/_2/ResumptionTokenType.java:0: Required pattern 'Javadoc @author tag' missing in file.
/home/awoods/programming/java/apps/fedora/futures/fcrepo4-oaiprovider/target/generated-sources/org/openarchives/oai/_2/ResumptionTokenType.java:2: Trailing whitespace
/home/awoods/programming/java/apps/fedora/futures/fcrepo4-oaiprovider/target/generated-sources/org/openarchives/oai/_2/ResumptionTokenType.java:3: Trailing whitespace
/home/awoods/programming/java/apps/fedora/futures/fcrepo4-oaiprovider/target/generated-sources/org/openarchives/oai/_2/ResumptionTokenType.java:4: Trailing whitespace
/home/awoods/programming/java/apps/fedora/futures/fcrepo4-oaiprovider/target/generated-sources/org/openarchives/oai/_2/ResumptionTokenType.java:5: Trailing whitespace
/home/awoods/programming/java/apps/fedora/futures/fcrepo4-oaiprovider/target/generated-sources/org/openarchives/oai/_2/ResumptionTokenType.java:25: Trailing whitespace
/home/awoods/programming/java/apps/fedora/futures/fcrepo4-oaiprovider/target/generated-sources/org/openarchives/oai/_2/ResumptionTokenType.java:69: Trailing whitespace
/home/awoods/programming/java/apps/fedora/futures/fcrepo4-oaiprovider/target/generated-sources/org/openarchives/oai/_2/ResumptionTokenType.java:81: Trailing whitespace
/home/awoods/programming/java/apps/fedora/futures/fcrepo4-oaiprovider/target/generated-sources/org/openarchives/oai/_2/ResumptionTokenType.java:83:26: Parameter value should be final.
/home/awoods/programming/java/apps/fedora/futures/fcrepo4-oaiprovider/target/generated-sources/org/openarchives/oai/_2/ResumptionTokenType.java:93: Trailing whitespace
/home/awoods/programming/java/apps/fedora/futures/fcrepo4-oaiprovider/target/generated-sources/org/openarchives/oai/_2/ResumptionTokenType.java:105: Trailing whitespace
/home/awoods/programming/java/apps/fedora/futures/fcrepo4-oaiprovider/target/generated-sources/org/openarchives/oai/_2/ResumptionTokenType.java:107:35: Parameter value should be final.
/home/awoods/programming/java/apps/fedora/futures/fcrepo4-oaiprovider/target/generated-sources/org/openarchives/oai/_2/ResumptionTokenType.java:117: Trailing whitespace
/home/awoods/programming/java/apps/fedora/futures/fcrepo4-oaiprovider/target/generated-sources/org/openarchives/oai/_2/ResumptionTokenType.java:129: Trailing whitespace
/home/awoods/programming/java/apps/fedora/futures/fcrepo4-oaiprovider/target/generated-sources/org/openarchives/oai/_2/ResumptionTokenType.java:131:37: Parameter value should be final.
/home/awoods/programming/java/apps/fedora/futures/fcrepo4-oaiprovider/target/generated-sources/org/openarchives/oai/_2/ResumptionTokenType.java:141: Trailing whitespace
/home/awoods/programming/java/apps/fedora/futures/fcrepo4-oaiprovider/target/generated-sources/org/openarchives/oai/_2/ResumptionTokenType.java:153: Trailing whitespace
/home/awoods/programming/java/apps/fedora/futures/fcrepo4-oaiprovider/target/generated-sources/org/openarchives/oai/_2/ResumptionTokenType.java:155:27: Parameter value should be final.
/home/awoods/programming/java/apps/fedora/futures/fcrepo4-oaiprovider/target/generated-sources/org/openarchives/oai/_2/MetadataFormatType.java:0: Required pattern 'Javadoc @author tag' missing in file.
/home/awoods/programming/java/apps/fedora/futures/fcrepo4-oaiprovider/target/generated-sources/org/openarchives/oai/_2/MetadataFormatType.java:2: Trailing whitespace
/home/awoods/programming/java/apps/fedora/futures/fcrepo4-oaiprovider/target/generated-sources/org/openarchives/oai/_2/MetadataFormatType.java:3: Trailing whitespace
/home/awoods/programming/java/apps/fedora/futures/fcrepo4-oaiprovider/target/generated-sources/org/openarchives/oai/_2/MetadataFormatType.java:4: Trailing whitespace
/home/awoods/programming/java/apps/fedora/futures/fcrepo4-oaiprovider/target/generated-sources/org/openarchives/oai/_2/MetadataFormatType.java:5: Trailing whitespace
/home/awoods/programming/java/apps/fedora/futures/fcrepo4-oaiprovider/target/generated-sources/org/openarchives/oai/_2/MetadataFormatType.java:62: Trailing whitespace
/home/awoods/programming/java/apps/fedora/futures/fcrepo4-oaiprovider/target/generated-sources/org/openarchives/oai/_2/MetadataFormatType.java:74: Trailing whitespace
/home/awoods/programming/java/apps/fedora/futures/fcrepo4-oaiprovider/target/generated-sources/org/openarchives/oai/_2/MetadataFormatType.java:76:35: Parameter value should be final.
/home/awoods/programming/java/apps/fedora/futures/fcrepo4-oaiprovider/target/generated-sources/org/openarchives/oai/_2/MetadataFormatType.java:86: Trailing whitespace
/home/awoods/programming/java/apps/fedora/futures/fcrepo4-oaiprovider/target/generated-sources/org/openarchives/oai/_2/MetadataFormatType.java:98: Trailing whitespace
/home/awoods/programming/java/apps/fedora/futures/fcrepo4-oaiprovider/target/generated-sources/org/openarchives/oai/_2/MetadataFormatType.java:100:27: Parameter value should be final.
/home/awoods/programming/java/apps/fedora/futures/fcrepo4-oaiprovider/target/generated-sources/org/openarchives/oai/_2/MetadataFormatType.java:110: Trailing whitespace
/home/awoods/programming/java/apps/fedora/futures/fcrepo4-oaiprovider/target/generated-sources/org/openarchives/oai/_2/MetadataFormatType.java:122: Trailing whitespace
/home/awoods/programming/java/apps/fedora/futures/fcrepo4-oaiprovider/target/generated-sources/org/openarchives/oai/_2/MetadataFormatType.java:124:38: Parameter value should be final.
/home/awoods/programming/java/apps/fedora/futures/fcrepo4-oaiprovider/target/generated-sources/org/purl/dc/elements/_1/ObjectFactory.java:0: Required pattern 'Javadoc @author tag' missing in file.
/home/awoods/programming/java/apps/fedora/futures/fcrepo4-oaiprovider/target/generated-sources/org/purl/dc/elements/_1/ObjectFactory.java:2: Trailing whitespace
/home/awoods/programming/java/apps/fedora/futures/fcrepo4-oaiprovider/target/generated-sources/org/purl/dc/elements/_1/ObjectFactory.java:3: Trailing whitespace
/home/awoods/programming/java/apps/fedora/futures/fcrepo4-oaiprovider/target/generated-sources/org/purl/dc/elements/_1/ObjectFactory.java:4: Trailing whitespace
/home/awoods/programming/java/apps/fedora/futures/fcrepo4-oaiprovider/target/generated-sources/org/purl/dc/elements/_1/ObjectFactory.java:5: Trailing whitespace
/home/awoods/programming/java/apps/fedora/futures/fcrepo4-oaiprovider/target/generated-sources/org/purl/dc/elements/_1/ObjectFactory.java:18: Trailing whitespace
/home/awoods/programming/java/apps/fedora/futures/fcrepo4-oaiprovider/target/generated-sources/org/purl/dc/elements/_1/ObjectFactory.java:19: Trailing whitespace
/home/awoods/programming/java/apps/fedora/futures/fcrepo4-oaiprovider/target/generated-sources/org/purl/dc/elements/_1/ObjectFactory.java:20: Trailing whitespace
/home/awoods/programming/java/apps/fedora/futures/fcrepo4-oaiprovider/target/generated-sources/org/purl/dc/elements/_1/ObjectFactory.java:21: Trailing whitespace
/home/awoods/programming/java/apps/fedora/futures/fcrepo4-oaiprovider/target/generated-sources/org/purl/dc/elements/_1/ObjectFactory.java:22: Trailing whitespace
/home/awoods/programming/java/apps/fedora/futures/fcrepo4-oaiprovider/target/generated-sources/org/purl/dc/elements/_1/ObjectFactory.java:23: Trailing whitespace
/home/awoods/programming/java/apps/fedora/futures/fcrepo4-oaiprovider/target/generated-sources/org/purl/dc/elements/_1/ObjectFactory.java:24: Trailing whitespace
/home/awoods/programming/java/apps/fedora/futures/fcrepo4-oaiprovider/target/generated-sources/org/purl/dc/elements/_1/ObjectFactory.java:25: Trailing whitespace
/home/awoods/programming/java/apps/fedora/futures/fcrepo4-oaiprovider/target/generated-sources/org/purl/dc/elements/_1/ObjectFactory.java:26: Trailing whitespace
/home/awoods/programming/java/apps/fedora/futures/fcrepo4-oaiprovider/target/generated-sources/org/purl/dc/elements/_1/ObjectFactory.java:27: Trailing whitespace
/home/awoods/programming/java/apps/fedora/futures/fcrepo4-oaiprovider/target/generated-sources/org/purl/dc/elements/_1/ObjectFactory.java:51: Line is longer than 120 characters (found 137).
/home/awoods/programming/java/apps/fedora/futures/fcrepo4-oaiprovider/target/generated-sources/org/purl/dc/elements/_1/ObjectFactory.java:70:55: Parameter value should be final.
/home/awoods/programming/java/apps/fedora/futures/fcrepo4-oaiprovider/target/generated-sources/org/purl/dc/elements/_1/ObjectFactory.java:79:50: Parameter value should be final.
/home/awoods/programming/java/apps/fedora/futures/fcrepo4-oaiprovider/target/generated-sources/org/purl/dc/elements/_1/ObjectFactory.java:88:53: Parameter value should be final.
/home/awoods/programming/java/apps/fedora/futures/fcrepo4-oaiprovider/target/generated-sources/org/purl/dc/elements/_1/ObjectFactory.java:97:48: Parameter value should be final.
/home/awoods/programming/java/apps/fedora/futures/fcrepo4-oaiprovider/target/generated-sources/org/purl/dc/elements/_1/ObjectFactory.java:106:52: Parameter value should be final.
/home/awoods/programming/java/apps/fedora/futures/fcrepo4-oaiprovider/target/generated-sources/org/purl/dc/elements/_1/ObjectFactory.java:115:54: Parameter value should be final.
/home/awoods/programming/java/apps/fedora/futures/fcrepo4-oaiprovider/target/generated-sources/org/purl/dc/elements/_1/ObjectFactory.java:124:51: Parameter value should be final.
/home/awoods/programming/java/apps/fedora/futures/fcrepo4-oaiprovider/target/generated-sources/org/purl/dc/elements/_1/ObjectFactory.java:133:51: Parameter value should be final.
/home/awoods/programming/java/apps/fedora/futures/fcrepo4-oaiprovider/target/generated-sources/org/purl/dc/elements/_1/ObjectFactory.java:142:50: Parameter value should be final.
/home/awoods/programming/java/apps/fedora/futures/fcrepo4-oaiprovider/target/generated-sources/org/purl/dc/elements/_1/ObjectFactory.java:151:55: Parameter value should be final.
/home/awoods/programming/java/apps/fedora/futures/fcrepo4-oaiprovider/target/generated-sources/org/purl/dc/elements/_1/ObjectFactory.java:160:52: Parameter value should be final.
/home/awoods/programming/java/apps/fedora/futures/fcrepo4-oaiprovider/target/generated-sources/org/purl/dc/elements/_1/ObjectFactory.java:169:50: Parameter value should be final.
/home/awoods/programming/java/apps/fedora/futures/fcrepo4-oaiprovider/target/generated-sources/org/purl/dc/elements/_1/ObjectFactory.java:178:49: Parameter value should be final.
/home/awoods/programming/java/apps/fedora/futures/fcrepo4-oaiprovider/target/generated-sources/org/purl/dc/elements/_1/ObjectFactory.java:187:48: Parameter value should be final.
/home/awoods/programming/java/apps/fedora/futures/fcrepo4-oaiprovider/target/generated-sources/org/purl/dc/elements/_1/ObjectFactory.java:196:52: Parameter value should be final.
/home/awoods/programming/java/apps/fedora/futures/fcrepo4-oaiprovider/target/generated-sources/org/purl/dc/elements/_1/package-info.java:0: Required pattern 'Javadoc @author tag' missing in file.
/home/awoods/programming/java/apps/fedora/futures/fcrepo4-oaiprovider/target/generated-sources/org/purl/dc/elements/_1/package-info.java:2: Trailing whitespace
/home/awoods/programming/java/apps/fedora/futures/fcrepo4-oaiprovider/target/generated-sources/org/purl/dc/elements/_1/package-info.java:3: Trailing whitespace
/home/awoods/programming/java/apps/fedora/futures/fcrepo4-oaiprovider/target/generated-sources/org/purl/dc/elements/_1/package-info.java:4: Trailing whitespace
/home/awoods/programming/java/apps/fedora/futures/fcrepo4-oaiprovider/target/generated-sources/org/purl/dc/elements/_1/package-info.java:5: Trailing whitespace
/home/awoods/programming/java/apps/fedora/futures/fcrepo4-oaiprovider/target/generated-sources/org/purl/dc/elements/_1/ElementType.java:0: Required pattern 'Javadoc @author tag' missing in file.
/home/awoods/programming/java/apps/fedora/futures/fcrepo4-oaiprovider/target/generated-sources/org/purl/dc/elements/_1/ElementType.java:2: Trailing whitespace
/home/awoods/programming/java/apps/fedora/futures/fcrepo4-oaiprovider/target/generated-sources/org/purl/dc/elements/_1/ElementType.java:3: Trailing whitespace
/home/awoods/programming/java/apps/fedora/futures/fcrepo4-oaiprovider/target/generated-sources/org/purl/dc/elements/_1/ElementType.java:4: Trailing whitespace
/home/awoods/programming/java/apps/fedora/futures/fcrepo4-oaiprovider/target/generated-sources/org/purl/dc/elements/_1/ElementType.java:5: Trailing whitespace
/home/awoods/programming/java/apps/fedora/futures/fcrepo4-oaiprovider/target/generated-sources/org/purl/dc/elements/_1/ElementType.java:57: Trailing whitespace
/home/awoods/programming/java/apps/fedora/futures/fcrepo4-oaiprovider/target/generated-sources/org/purl/dc/elements/_1/ElementType.java:69: Trailing whitespace
/home/awoods/programming/java/apps/fedora/futures/fcrepo4-oaiprovider/target/generated-sources/org/purl/dc/elements/_1/ElementType.java:71:26: Parameter value should be final.
/home/awoods/programming/java/apps/fedora/futures/fcrepo4-oaiprovider/target/generated-sources/org/purl/dc/elements/_1/ElementType.java:81: Trailing whitespace
/home/awoods/programming/java/apps/fedora/futures/fcrepo4-oaiprovider/target/generated-sources/org/purl/dc/elements/_1/ElementType.java:93: Trailing whitespace
/home/awoods/programming/java/apps/fedora/futures/fcrepo4-oaiprovider/target/generated-sources/org/purl/dc/elements/_1/ElementType.java:95:25: Parameter value should be final.
Audit done.
[INFO] ------------------------------------------------------------------------
[INFO] BUILD FAILURE
[INFO] ------------------------------------------------------------------------
[INFO] Total time: 27.037s
[INFO] Finished at: Wed Feb 18 20:50:13 EST 2015
[INFO] Final Memory: 51M/486M
[INFO] ------------------------------------------------------------------------
[ERROR] Failed to execute goal org.apache.maven.plugins:maven-checkstyle-plugin:2.14:check (checkstyle) on project fcrepo-oaiprovider: Failed during checkstyle execution: There are 396 checkstyle errors. -> [Help 1]
[ERROR] 
[ERROR] To see the full stack trace of the errors, re-run Maven with the -e switch.
[ERROR] Re-run Maven using the -X switch to enable full debug logging.
[ERROR] 
[ERROR] For more information about the errors and possible solutions, please read the following articles:
[ERROR] [Help 1] http://cwiki.apache.org/confluence/display/MAVEN/MojoExecutionException
