09:09:21,011 |-ERROR in ch.qos.logback.core.joran.spi.Interpreter@13:21 - RuntimeException in Action for tag [rollingPolicy] java.lang.IllegalStateException: FileNamePattern [C:/Program Files (x86)/fedora/server/logs/fedora.log.%i] does not contain a valid IntegerToken
        at java.lang.IllegalStateException: FileNamePattern [C:/Program Files (x86)/fedora/server/logs/fedora.log.%i] does not contain a valid IntegerToken
        at      at ch.qos.logback.core.rolling.FixedWindowRollingPolicy.start(FixedWindowRollingPolicy.java:92)
        at      at ch.qos.logback.core.joran.action.NestedComplexPropertyIA.end(NestedComplexPropertyIA.java:168)
        at      at ch.qos.logback.core.joran.spi.Interpreter.callEndAction(Interpreter.java:311)
        at      at ch.qos.logback.core.joran.spi.Interpreter.endElement(Interpreter.java:191)
        at      at ch.qos.logback.core.joran.spi.Interpreter.endElement(Interpreter.java:178)
        at      at ch.qos.logback.core.joran.spi.EventPlayer.play(EventPlayer.java:52)
        at      at ch.qos.logback.core.joran.spi.Interpreter.play(Interpreter.java:328)
        at      at ch.qos.logback.core.joran.GenericConfigurator.doConfigure(GenericConfigurator.java:126)
        at      at ch.qos.logback.core.joran.GenericConfigurator.doConfigure(GenericConfigurator.java:93)
        at      at ch.qos.logback.core.joran.GenericConfigurator.doConfigure(GenericConfigurator.java:52)
        at      at ch.qos.logback.classic.util.ContextInitializer.configureByResource(ContextInitializer.java:60)
        at      at ch.qos.logback.classic.util.ContextInitializer.autoConfig(ContextInitializer.java:121)
        at      at org.slf4j.impl.StaticLoggerBinder.init(StaticLoggerBinder.java:89)
        at      at org.slf4j.impl.StaticLoggerBinder.<clinit>(StaticLoggerBinder.java:60)
        at      at org.slf4j.LoggerFactory.getSingleton(LoggerFactory.java:230)
        at      at org.slf4j.LoggerFactory.bind(LoggerFactory.java:121)
        at      at org.slf4j.LoggerFactory.performInitialization(LoggerFactory.java:112)
        at      at org.slf4j.LoggerFactory.getILoggerFactory(LoggerFactory.java:275)
        at      at org.slf4j.LoggerFactory.getLogger(LoggerFactory.java:248)
        at      at org.slf4j.LoggerFactory.getLogger(LoggerFactory.java:261)
        at      at org.fcrepo.server.security.servletfilters.Base.<clinit>(Base.java:15)
        at      at sun.reflect.NativeConstructorAccessorImpl.newInstance0(Native Method)
        at      at sun.reflect.NativeConstructorAccessorImpl.newInstance(NativeConstructorAccessorImpl.java:39)
        at      at sun.reflect.DelegatingConstructorAccessorImpl.newInstance(DelegatingConstructorAccessorImpl.java:27)
        at      at java.lang.reflect.Constructor.newInstance(Constructor.java:513)
        at      at java.lang.Class.newInstance0(Class.java:355)
        at      at java.lang.Class.newInstance(Class.java:308)
        at      at org.apache.catalina.core.ApplicationFilterConfig.getFilter(ApplicationFilterConfig.java:255)
        at      at org.apache.catalina.core.ApplicationFilterConfig.setFilterDef(ApplicationFilterConfig.java:397)
        at      at org.apache.catalina.core.ApplicationFilterConfig.<init>(ApplicationFilterConfig.java:108)
        at      at org.apache.catalina.core.StandardContext.filterStart(StandardContext.java:3722)
        at      at org.apache.catalina.core.StandardContext.start(StandardContext.java:4367)
        at      at org.apache.catalina.core.ContainerBase.addChildInternal(ContainerBase.java:790)
        at      at org.apache.catalina.core.ContainerBase.addChild(ContainerBase.java:770)
        at      at org.apache.catalina.core.StandardHost.addChild(StandardHost.java:553)
        at      at sun.reflect.NativeMethodAccessorImpl.invoke0(Native Method)
        at      at sun.reflect.NativeMethodAccessorImpl.invoke(NativeMethodAccessorImpl.java:39)
        at      at sun.reflect.DelegatingMethodAccessorImpl.invoke(DelegatingMethodAccessorImpl.java:25)
        at      at java.lang.reflect.Method.invoke(Method.java:597)
        at      at org.apache.tomcat.util.modeler.BaseModelMBean.invoke(BaseModelMBean.java:296)
        at      at org.jboss.mx.server.RawDynamicInvoker.invoke(RawDynamicInvoker.java:164)
        at      at org.jboss.mx.server.MBeanServerImpl.invoke(MBeanServerImpl.java:659)
        at      at org.apache.catalina.core.StandardContext.init(StandardContext.java:5312)
        at      at sun.reflect.NativeMethodAccessorImpl.invoke0(Native Method)
        at      at sun.reflect.NativeMethodAccessorImpl.invoke(NativeMethodAccessorImpl.java:39)
        at      at sun.reflect.DelegatingMethodAccessorImpl.invoke(DelegatingMethodAccessorImpl.java:25)
        at      at java.lang.reflect.Method.invoke(Method.java:597)
        at      at org.apache.tomcat.util.modeler.BaseModelMBean.invoke(BaseModelMBean.java:296)
        at      at org.jboss.mx.server.RawDynamicInvoker.invoke(RawDynamicInvoker.java:164)
        at      at org.jboss.mx.server.MBeanServerImpl.invoke(MBeanServerImpl.java:659)
        at      at org.jboss.web.tomcat.service.TomcatDeployer.performDeployInternal(TomcatDeployer.java:301)
        at      at org.jboss.web.tomcat.service.TomcatDeployer.performDeploy(TomcatDeployer.java:104)
        at      at org.jboss.web.AbstractWebDeployer.start(AbstractWebDeployer.java:375)
        at      at org.jboss.web.WebModule.startModule(WebModule.java:83)
        at      at org.jboss.web.WebModule.startService(WebModule.java:61)
        at      at org.jboss.system.ServiceMBeanSupport.jbossInternalStart(ServiceMBeanSupport.java:289)
        at      at org.jboss.system.ServiceMBeanSupport.jbossInternalLifecycle(ServiceMBeanSupport.java:245)
        at      at sun.reflect.GeneratedMethodAccessor4.invoke(Unknown Source)
        at      at sun.reflect.DelegatingMethodAccessorImpl.invoke(DelegatingMethodAccessorImpl.java:25)
        at      at java.lang.reflect.Method.invoke(Method.java:597)
        at      at org.jboss.mx.interceptor.ReflectedDispatcher.invoke(ReflectedDispatcher.java:155)
        at      at org.jboss.mx.server.Invocation.dispatch(Invocation.java:94)
        at      at org.jboss.mx.server.Invocation.invoke(Invocation.java:86)
        at      at org.jboss.mx.server.AbstractMBeanInvoker.invoke(AbstractMBeanInvoker.java:264)
        at      at org.jboss.mx.server.MBeanServerImpl.invoke(MBeanServerImpl.java:659)
        at      at org.jboss.system.ServiceController$ServiceProxy.invoke(ServiceController.java:978)
        at      at $Proxy0.start(Unknown Source)
        at      at org.jboss.system.ServiceController.start(ServiceController.java:417)
        at      at sun.reflect.GeneratedMethodAccessor10.invoke(Unknown Source)
        at      at sun.reflect.DelegatingMethodAccessorImpl.invoke(DelegatingMethodAccessorImpl.java:25)
        at      at java.lang.reflect.Method.invoke(Method.java:597)
        at      at org.jboss.mx.interceptor.ReflectedDispatcher.invoke(ReflectedDispatcher.java:155)
        at      at org.jboss.mx.server.Invocation.dispatch(Invocation.java:94)
        at      at org.jboss.mx.server.Invocation.invoke(Invocation.java:86)
        at      at org.jboss.mx.server.AbstractMBeanInvoker.invoke(AbstractMBeanInvoker.java:264)
        at      at org.jboss.mx.server.MBeanServerImpl.invoke(MBeanServerImpl.java:659)
        at      at org.jboss.mx.util.MBeanProxyExt.invoke(MBeanProxyExt.java:210)
        at      at $Proxy44.start(Unknown Source)
        at      at org.jboss.web.AbstractWebContainer.start(AbstractWebContainer.java:466)
        at      at sun.reflect.NativeMethodAccessorImpl.invoke0(Native Method)
        at      at sun.reflect.NativeMethodAccessorImpl.invoke(NativeMethodAccessorImpl.java:39)
        at      at sun.reflect.DelegatingMethodAccessorImpl.invoke(DelegatingMethodAccessorImpl.java:25)
        at      at java.lang.reflect.Method.invoke(Method.java:597)
        at      at org.jboss.mx.interceptor.ReflectedDispatcher.invoke(ReflectedDispatcher.java:155)
        at      at org.jboss.mx.server.Invocation.dispatch(Invocation.java:94)
        at      at org.jboss.mx.interceptor.AbstractInterceptor.invoke(AbstractInterceptor.java:133)
        at      at org.jboss.mx.server.Invocation.invoke(Invocation.java:88)
        at      at org.jboss.mx.interceptor.ModelMBeanOperationInterceptor.invoke(ModelMBeanOperationInterceptor.java:142)
        at      at org.jboss.mx.interceptor.DynamicInterceptor.invoke(DynamicInterceptor.java:97)
        at      at org.jboss.system.InterceptorServiceMBeanSupport.invokeNext(InterceptorServiceMBeanSupport.java:238)
        at      at org.jboss.wsf.container.jboss42.DeployerInterceptor.start(DeployerInterceptor.java:87)
        at      at org.jboss.deployment.SubDeployerInterceptorSupport$XMBeanInterceptor.start(SubDeployerInterceptorSupport.java:188)
        at      at org.jboss.deployment.SubDeployerInterceptor.invoke(SubDeployerInterceptor.java:95)
        at      at org.jboss.mx.server.Invocation.invoke(Invocation.java:88)
        at      at org.jboss.mx.server.AbstractMBeanInvoker.invoke(AbstractMBeanInvoker.java:264)
        at      at org.jboss.mx.server.MBeanServerImpl.invoke(MBeanServerImpl.java:659)
        at      at org.jboss.mx.util.MBeanProxyExt.invoke(MBeanProxyExt.java:210)
        at      at $Proxy45.start(Unknown Source)
        at      at org.jboss.deployment.MainDeployer.start(MainDeployer.java:1025)
        at      at org.jboss.deployment.MainDeployer.deploy(MainDeployer.java:819)
        at      at org.jboss.deployment.MainDeployer.deploy(MainDeployer.java:782)
        at      at sun.reflect.GeneratedMethodAccessor21.invoke(Unknown Source)
        at      at sun.reflect.DelegatingMethodAccessorImpl.invoke(DelegatingMethodAccessorImpl.java:25)
        at      at java.lang.reflect.Method.invoke(Method.java:597)
        at      at org.jboss.mx.interceptor.ReflectedDispatcher.invoke(ReflectedDispatcher.java:155)
        at      at org.jboss.mx.server.Invocation.dispatch(Invocation.java:94)
        at      at org.jboss.mx.interceptor.AbstractInterceptor.invoke(AbstractInterceptor.java:133)
        at      at org.jboss.mx.server.Invocation.invoke(Invocation.java:88)
        at      at org.jboss.mx.interceptor.ModelMBeanOperationInterceptor.invoke(ModelMBeanOperationInterceptor.java:142)
        at      at org.jboss.mx.server.Invocation.invoke(Invocation.java:88)
        at      at org.jboss.mx.server.AbstractMBeanInvoker.invoke(AbstractMBeanInvoker.java:264)
        at      at org.jboss.mx.server.MBeanServerImpl.invoke(MBeanServerImpl.java:659)
        at      at org.jboss.mx.util.MBeanProxyExt.invoke(MBeanProxyExt.java:210)
        at      at $Proxy9.deploy(Unknown Source)
        at      at org.jboss.deployment.scanner.URLDeploymentScanner.deploy(URLDeploymentScanner.java:421)
        at      at org.jboss.deployment.scanner.URLDeploymentScanner.scan(URLDeploymentScanner.java:634)
        at      at org.jboss.deployment.scanner.AbstractDeploymentScanner$ScannerThread.doScan(AbstractDeploymentScanner.java:263)
        at      at org.jboss.deployment.scanner.AbstractDeploymentScanner.startService(AbstractDeploymentScanner.java:336)
        at      at org.jboss.system.ServiceMBeanSupport.jbossInternalStart(ServiceMBeanSupport.java:289)
        at      at org.jboss.system.ServiceMBeanSupport.jbossInternalLifecycle(ServiceMBeanSupport.java:245)
        at      at sun.reflect.GeneratedMethodAccessor4.invoke(Unknown Source)
        at      at sun.reflect.DelegatingMethodAccessorImpl.invoke(DelegatingMethodAccessorImpl.java:25)
        at      at java.lang.reflect.Method.invoke(Method.java:597)
        at      at org.jboss.mx.interceptor.ReflectedDispatcher.invoke(ReflectedDispatcher.java:155)
        at      at org.jboss.mx.server.Invocation.dispatch(Invocation.java:94)
        at      at org.jboss.mx.server.Invocation.invoke(Invocation.java:86)
        at      at org.jboss.mx.server.AbstractMBeanInvoker.invoke(AbstractMBeanInvoker.java:264)
        at      at org.jboss.mx.server.MBeanServerImpl.invoke(MBeanServerImpl.java:659)
        at      at org.jboss.system.ServiceController$ServiceProxy.invoke(ServiceController.java:978)
        at      at $Proxy0.start(Unknown Source)
        at      at org.jboss.system.ServiceController.start(ServiceController.java:417)
        at      at sun.reflect.GeneratedMethodAccessor10.invoke(Unknown Source)
        at      at sun.reflect.DelegatingMethodAccessorImpl.invoke(DelegatingMethodAccessorImpl.java:25)
        at      at java.lang.reflect.Method.invoke(Method.java:597)
        at      at org.jboss.mx.interceptor.ReflectedDispatcher.invoke(ReflectedDispatcher.java:155)
        at      at org.jboss.mx.server.Invocation.dispatch(Invocation.java:94)
        at      at org.jboss.mx.server.Invocation.invoke(Invocation.java:86)
        at      at org.jboss.mx.server.AbstractMBeanInvoker.invoke(AbstractMBeanInvoker.java:264)
        at      at org.jboss.mx.server.MBeanServerImpl.invoke(MBeanServerImpl.java:659)
        at      at org.jboss.mx.util.MBeanProxyExt.invoke(MBeanProxyExt.java:210)
        at      at $Proxy4.start(Unknown Source)
        at      at org.jboss.deployment.SARDeployer.start(SARDeployer.java:304)
        at      at org.jboss.deployment.MainDeployer.start(MainDeployer.java:1025)
        at      at org.jboss.deployment.MainDeployer.deploy(MainDeployer.java:819)
        at      at org.jboss.deployment.MainDeployer.deploy(MainDeployer.java:782)
        at      at org.jboss.deployment.MainDeployer.deploy(MainDeployer.java:766)
        at      at sun.reflect.NativeMethodAccessorImpl.invoke0(Native Method)
        at      at sun.reflect.NativeMethodAccessorImpl.invoke(NativeMethodAccessorImpl.java:39)
        at      at sun.reflect.DelegatingMethodAccessorImpl.invoke(DelegatingMethodAccessorImpl.java:25)
        at      at java.lang.reflect.Method.invoke(Method.java:597)
        at      at org.jboss.mx.interceptor.ReflectedDispatcher.invoke(ReflectedDispatcher.java:155)
        at      at org.jboss.mx.server.Invocation.dispatch(Invocation.java:94)
        at      at org.jboss.mx.interceptor.AbstractInterceptor.invoke(AbstractInterceptor.java:133)
        at      at org.jboss.mx.server.Invocation.invoke(Invocation.java:88)
        at      at org.jboss.mx.interceptor.ModelMBeanOperationInterceptor.invoke(ModelMBeanOperationInterceptor.java:142)
        at      at org.jboss.mx.server.Invocation.invoke(Invocation.java:88)
        at      at org.jboss.mx.server.AbstractMBeanInvoker.invoke(AbstractMBeanInvoker.java:264)
        at      at org.jboss.mx.server.MBeanServerImpl.invoke(MBeanServerImpl.java:659)
        at      at org.jboss.mx.util.MBeanProxyExt.invoke(MBeanProxyExt.java:210)
        at      at $Proxy5.deploy(Unknown Source)
        at      at org.jboss.system.server.ServerImpl.doStart(ServerImpl.java:482)
        at      at org.jboss.system.server.ServerImpl.start(ServerImpl.java:362)
        at      at org.jboss.Main.boot(Main.java:200)
        at      at org.jboss.Main$1.run(Main.java:508)
        at      at java.lang.Thread.run(Thread.java:619)
09:09:21,011 |-ERROR in ch.qos.logback.core.joran.spi.Interpreter@14:85 - no applicable action for [triggeringPolicy], current pattern is [[configuration][appender][triggeringPolicy]]
09:09:21,011 |-ERROR in ch.qos.logback.core.joran.spi.Interpreter@15:20 - no applicable action for [MaxFileSize], current pattern is [[configuration][appender][triggeringPolicy][MaxFileSize]]
