[INFO] Scanning for projects...
[INFO]                                                                         
[INFO] ------------------------------------------------------------------------
[INFO] Building Fcrepo Camel Component 4.1.1-SNAPSHOT
[INFO] ------------------------------------------------------------------------
[INFO] 
[INFO] --- maven-javadoc-plugin:2.10.1:jar (default-cli) @ fcrepo-camel ---
[INFO] 
Loading source files for package org.fcrepo.camel...
Loading source files for package org.fcrepo.camel.processor...
Constructing Javadoc information...
Standard Doclet version 1.8.0_25
Building tree for all the packages and classes...
Generating /home/awoods/programming/java/apps/fedora/futures/fcrepo-camel/target/apidocs/org/fcrepo/camel/FcrepoClient.html...
Generating /home/awoods/programming/java/apps/fedora/futures/fcrepo-camel/target/apidocs/org/fcrepo/camel/FcrepoComponent.html...
Generating /home/awoods/programming/java/apps/fedora/futures/fcrepo-camel/target/apidocs/org/fcrepo/camel/FcrepoConfiguration.html...
Generating /home/awoods/programming/java/apps/fedora/futures/fcrepo-camel/target/apidocs/org/fcrepo/camel/FcrepoEndpoint.html...
Generating /home/awoods/programming/java/apps/fedora/futures/fcrepo-camel/target/apidocs/org/fcrepo/camel/FcrepoHeaders.html...
Generating /home/awoods/programming/java/apps/fedora/futures/fcrepo-camel/target/apidocs/org/fcrepo/camel/FcrepoOperationFailedException.html...
Generating /home/awoods/programming/java/apps/fedora/futures/fcrepo-camel/target/apidocs/org/fcrepo/camel/FcrepoProducer.html...
Generating /home/awoods/programming/java/apps/fedora/futures/fcrepo-camel/target/apidocs/org/fcrepo/camel/FcrepoResponse.html...
Generating /home/awoods/programming/java/apps/fedora/futures/fcrepo-camel/target/apidocs/org/fcrepo/camel/HttpMethods.html...
Generating /home/awoods/programming/java/apps/fedora/futures/fcrepo-camel/target/apidocs/org/fcrepo/camel/JmsHeaders.html...
Generating /home/awoods/programming/java/apps/fedora/futures/fcrepo-camel/target/apidocs/org/fcrepo/camel/RdfNamespaces.html...
Generating /home/awoods/programming/java/apps/fedora/futures/fcrepo-camel/target/apidocs/org/fcrepo/camel/processor/ProcessorUtils.html...
Generating /home/awoods/programming/java/apps/fedora/futures/fcrepo-camel/target/apidocs/org/fcrepo/camel/processor/SparqlDeleteProcessor.html...
Generating /home/awoods/programming/java/apps/fedora/futures/fcrepo-camel/target/apidocs/org/fcrepo/camel/processor/SparqlDescribeProcessor.html...
Generating /home/awoods/programming/java/apps/fedora/futures/fcrepo-camel/target/apidocs/org/fcrepo/camel/processor/SparqlInsertProcessor.html...
Generating /home/awoods/programming/java/apps/fedora/futures/fcrepo-camel/target/apidocs/org/fcrepo/camel/processor/SparqlUpdateProcessor.html...
Generating /home/awoods/programming/java/apps/fedora/futures/fcrepo-camel/target/apidocs/overview-frame.html...
Generating /home/awoods/programming/java/apps/fedora/futures/fcrepo-camel/target/apidocs/org/fcrepo/camel/package-frame.html...
Generating /home/awoods/programming/java/apps/fedora/futures/fcrepo-camel/target/apidocs/org/fcrepo/camel/package-summary.html...
Generating /home/awoods/programming/java/apps/fedora/futures/fcrepo-camel/target/apidocs/org/fcrepo/camel/package-tree.html...
Generating /home/awoods/programming/java/apps/fedora/futures/fcrepo-camel/target/apidocs/org/fcrepo/camel/processor/package-frame.html...
Generating /home/awoods/programming/java/apps/fedora/futures/fcrepo-camel/target/apidocs/org/fcrepo/camel/processor/package-summary.html...
Generating /home/awoods/programming/java/apps/fedora/futures/fcrepo-camel/target/apidocs/org/fcrepo/camel/processor/package-tree.html...
Generating /home/awoods/programming/java/apps/fedora/futures/fcrepo-camel/target/apidocs/constant-values.html...
Generating /home/awoods/programming/java/apps/fedora/futures/fcrepo-camel/target/apidocs/serialized-form.html...
Generating src-html/org/fcrepo/camel/FcrepoProducer.html...
Generating src-html/org/fcrepo/camel/FcrepoComponent.html...
Generating src-html/org/fcrepo/camel/HttpMethods.html...
Generating src-html/org/fcrepo/camel/JmsHeaders.html...
Generating src-html/org/fcrepo/camel/RdfNamespaces.html...
Generating src-html/org/fcrepo/camel/FcrepoResponse.html...
Generating src-html/org/fcrepo/camel/FcrepoEndpoint.html...
Generating src-html/org/fcrepo/camel/FcrepoHeaders.html...
Generating src-html/org/fcrepo/camel/FcrepoOperationFailedException.html...
Generating src-html/org/fcrepo/camel/FcrepoClient.html...
Generating src-html/org/fcrepo/camel/FcrepoConfiguration.html...
Generating src-html/org/fcrepo/camel/processor/SparqlDeleteProcessor.html...
Generating src-html/org/fcrepo/camel/processor/SparqlInsertProcessor.html...
Generating src-html/org/fcrepo/camel/processor/SparqlDescribeProcessor.html...
Generating src-html/org/fcrepo/camel/processor/SparqlUpdateProcessor.html...
Generating src-html/org/fcrepo/camel/processor/ProcessorUtils.html...
Generating /home/awoods/programming/java/apps/fedora/futures/fcrepo-camel/target/apidocs/org/fcrepo/camel/class-use/FcrepoProducer.html...
Generating /home/awoods/programming/java/apps/fedora/futures/fcrepo-camel/target/apidocs/org/fcrepo/camel/class-use/FcrepoComponent.html...
Generating /home/awoods/programming/java/apps/fedora/futures/fcrepo-camel/target/apidocs/org/fcrepo/camel/class-use/HttpMethods.html...
Generating /home/awoods/programming/java/apps/fedora/futures/fcrepo-camel/target/apidocs/org/fcrepo/camel/class-use/JmsHeaders.html...
Generating /home/awoods/programming/java/apps/fedora/futures/fcrepo-camel/target/apidocs/org/fcrepo/camel/class-use/RdfNamespaces.html...
Generating /home/awoods/programming/java/apps/fedora/futures/fcrepo-camel/target/apidocs/org/fcrepo/camel/class-use/FcrepoResponse.html...
Generating /home/awoods/programming/java/apps/fedora/futures/fcrepo-camel/target/apidocs/org/fcrepo/camel/class-use/FcrepoEndpoint.html...
Generating /home/awoods/programming/java/apps/fedora/futures/fcrepo-camel/target/apidocs/org/fcrepo/camel/class-use/FcrepoHeaders.html...
Generating /home/awoods/programming/java/apps/fedora/futures/fcrepo-camel/target/apidocs/org/fcrepo/camel/class-use/FcrepoOperationFailedException.html...
Generating /home/awoods/programming/java/apps/fedora/futures/fcrepo-camel/target/apidocs/org/fcrepo/camel/class-use/FcrepoClient.html...
Generating /home/awoods/programming/java/apps/fedora/futures/fcrepo-camel/target/apidocs/org/fcrepo/camel/class-use/FcrepoConfiguration.html...
Generating /home/awoods/programming/java/apps/fedora/futures/fcrepo-camel/target/apidocs/org/fcrepo/camel/processor/class-use/SparqlDeleteProcessor.html...
Generating /home/awoods/programming/java/apps/fedora/futures/fcrepo-camel/target/apidocs/org/fcrepo/camel/processor/class-use/SparqlInsertProcessor.html...
Generating /home/awoods/programming/java/apps/fedora/futures/fcrepo-camel/target/apidocs/org/fcrepo/camel/processor/class-use/SparqlDescribeProcessor.html...
Generating /home/awoods/programming/java/apps/fedora/futures/fcrepo-camel/target/apidocs/org/fcrepo/camel/processor/class-use/SparqlUpdateProcessor.html...
Generating /home/awoods/programming/java/apps/fedora/futures/fcrepo-camel/target/apidocs/org/fcrepo/camel/processor/class-use/ProcessorUtils.html...
Generating /home/awoods/programming/java/apps/fedora/futures/fcrepo-camel/target/apidocs/org/fcrepo/camel/package-use.html...
Generating /home/awoods/programming/java/apps/fedora/futures/fcrepo-camel/target/apidocs/org/fcrepo/camel/processor/package-use.html...
Building index for all the packages and classes...
Generating /home/awoods/programming/java/apps/fedora/futures/fcrepo-camel/target/apidocs/overview-tree.html...
Generating /home/awoods/programming/java/apps/fedora/futures/fcrepo-camel/target/apidocs/index-all.html...
Generating /home/awoods/programming/java/apps/fedora/futures/fcrepo-camel/target/apidocs/deprecated-list.html...
Building index for all classes...
Generating /home/awoods/programming/java/apps/fedora/futures/fcrepo-camel/target/apidocs/allclasses-frame.html...
Generating /home/awoods/programming/java/apps/fedora/futures/fcrepo-camel/target/apidocs/allclasses-noframe.html...
Generating /home/awoods/programming/java/apps/fedora/futures/fcrepo-camel/target/apidocs/index.html...
Generating /home/awoods/programming/java/apps/fedora/futures/fcrepo-camel/target/apidocs/overview-summary.html...
Generating /home/awoods/programming/java/apps/fedora/futures/fcrepo-camel/target/apidocs/help-doc.html...
13 warnings
[WARNING] Javadoc Warnings
[WARNING] /home/awoods/programming/java/apps/fedora/futures/fcrepo-camel/src/main/java/org/fcrepo/camel/FcrepoClient.java:105: warning: no @throws for org.fcrepo.camel.FcrepoOperationFailedException
[WARNING] public FcrepoResponse head(final URI url)
[WARNING] ^
[WARNING] /home/awoods/programming/java/apps/fedora/futures/fcrepo-camel/src/main/java/org/fcrepo/camel/FcrepoClient.java:135: warning: no @throws for org.fcrepo.camel.FcrepoOperationFailedException
[WARNING] public FcrepoResponse put(final URI url, final InputStream body, final String contentType)
[WARNING] ^
[WARNING] /home/awoods/programming/java/apps/fedora/futures/fcrepo-camel/src/main/java/org/fcrepo/camel/FcrepoClient.java:163: warning: no @throws for org.fcrepo.camel.FcrepoOperationFailedException
[WARNING] public FcrepoResponse patch(final URI url, final InputStream body)
[WARNING] ^
[WARNING] /home/awoods/programming/java/apps/fedora/futures/fcrepo-camel/src/main/java/org/fcrepo/camel/FcrepoClient.java:187: warning: no @throws for org.fcrepo.camel.FcrepoOperationFailedException
[WARNING] public FcrepoResponse post(final URI url, final InputStream body, final String contentType)
[WARNING] ^
[WARNING] /home/awoods/programming/java/apps/fedora/futures/fcrepo-camel/src/main/java/org/fcrepo/camel/FcrepoClient.java:213: warning: no @throws for org.fcrepo.camel.FcrepoOperationFailedException
[WARNING] public FcrepoResponse delete(final URI url)
[WARNING] ^
[WARNING] /home/awoods/programming/java/apps/fedora/futures/fcrepo-camel/src/main/java/org/fcrepo/camel/FcrepoClient.java:231: warning: no @param for prefer
[WARNING] public FcrepoResponse get(final URI url, final String accept, final String prefer)
[WARNING] ^
[WARNING] /home/awoods/programming/java/apps/fedora/futures/fcrepo-camel/src/main/java/org/fcrepo/camel/FcrepoClient.java:231: warning: no @throws for org.fcrepo.camel.FcrepoOperationFailedException
[WARNING] public FcrepoResponse get(final URI url, final String accept, final String prefer)
[WARNING] ^
[WARNING] /home/awoods/programming/java/apps/fedora/futures/fcrepo-camel/src/main/java/org/fcrepo/camel/FcrepoEndpoint.java:44: warning: no @param for configuration
[WARNING] public FcrepoEndpoint(final String uri, final String remaining, final FcrepoComponent component,
[WARNING] ^
[WARNING] /home/awoods/programming/java/apps/fedora/futures/fcrepo-camel/src/main/java/org/fcrepo/camel/FcrepoProducer.java:70: warning: no description for @throws
[WARNING] * @throws FcrepoOperationFailedException
[WARNING] ^
[WARNING] /home/awoods/programming/java/apps/fedora/futures/fcrepo-camel/src/main/java/org/fcrepo/camel/processor/ProcessorUtils.java:52: warning: no @return
[WARNING] public static String getSubjectUri(final Message in) throws IOException {
[WARNING] ^
[WARNING] /home/awoods/programming/java/apps/fedora/futures/fcrepo-camel/src/main/java/org/fcrepo/camel/processor/ProcessorUtils.java:52: warning: no @throws for java.io.IOException
[WARNING] public static String getSubjectUri(final Message in) throws IOException {
[WARNING] ^
[WARNING] /home/awoods/programming/java/apps/fedora/futures/fcrepo-camel/src/main/java/org/fcrepo/camel/processor/ProcessorUtils.java:77: warning: no @return
[WARNING] public static String deleteWhere(final String subject, final String namedGraph) {
[WARNING] ^
[WARNING] /home/awoods/programming/java/apps/fedora/futures/fcrepo-camel/src/main/java/org/fcrepo/camel/processor/ProcessorUtils.java:103: warning: no @return
[WARNING] public static String insertData(final String serializedGraph, final String namedGraph) {
[WARNING] ^
[INFO] Building jar: /home/awoods/programming/java/apps/fedora/futures/fcrepo-camel/target/fcrepo-camel-4.1.1-SNAPSHOT-javadoc.jar
[INFO] ------------------------------------------------------------------------
[INFO] BUILD SUCCESS
[INFO] ------------------------------------------------------------------------
[INFO] Total time: 3.608s
[INFO] Finished at: Tue Feb 17 22:55:50 EST 2015
[INFO] Final Memory: 27M/326M
[INFO] ------------------------------------------------------------------------
