INFO 15:07:35.536 (ModeShapeRepositoryFactoryBean) Using repo config (classpath): file:/opt/lake/tomcat7-47/work/Catalina/localhost/fcrepo/WEB-INF/classes/config/file-simple/repository.json
INFO 15:07:35.540 (DefaultPropertiesLoader) Loading properties
INFO 15:07:35.541 (DefaultPropertiesLoader) com.arjuna.ats.arjuna.common.ObjectStoreEnvironmentBean.default.objectStoreDir = /data/fcrepo47_data/com.arjuna.ats.arjuna.common.ObjectStoreEnvironmentBean.default.objectStoreDir
INFO 15:07:35.541 (DefaultPropertiesLoader) com.arjuna.ats.arjuna.objectstore.objectStoreDir = /data/fcrepo47_data/com.arjuna.ats.arjuna.objectstore.objectStoreDir
INFO 15:07:35.541 (DefaultPropertiesLoader) fcrepo.object.directory = /data/fcrepo47_data/fcrepo.object.directory
INFO 15:07:35.541 (DefaultPropertiesLoader) fcrepo.binary.directory = /data/fcrepo47_data/fcrepo.binary.directory
INFO 15:07:35.541 (DefaultPropertiesLoader) fcrepo.modeshape.index.directory = /data/fcrepo47_data/fcrepo.modeshape.index.directory
INFO 15:07:35.541 (DefaultPropertiesLoader) fcrepo.activemq.directory = /data/fcrepo47_data/fcrepo.activemq.directory
INFO 15:07:38.005 (RdfWriterHelper) Loading JENA 3.1.1 Patched RDF Output Writers
INFO 15:08:55.067 (FedoraLdp) GET resource ''
INFO 15:09:04.289 (FedoraLdp) PUT resource 'ktest/'
INFO 15:09:05.602 (FedoraLdp) PUT resource 'ktest/related03'
WARN 15:09:05.650 (PropertyConverter) The namespace of predicate: http://www.w3.org/2004/02/skos/core#prefLabel was possibly misinterpreted as: http://www.w3.org/2004/02/skos/core#.
INFO 15:09:05.695 (FedoraLdp) PUT resource 'ktest/related02'
INFO 15:09:05.735 (FedoraLdp) PUT resource 'ktest/related01'
INFO 15:09:05.775 (FedoraLdp) PUT resource 'ktest/related04'
INFO 15:09:40.553 (FedoraLdp) PUT resource 'ktest/4d/sh85093560'
INFO 15:09:41.523 (FedoraLdp) PUT resource 'ktest/4d/sh85093560/addison.jpg'
INFO 15:09:41.636 (FedoraLdp) PUT resource 'ktest/4d/sh99010538'
INFO 15:09:42.546 (FedoraLdp) PUT resource 'ktest/4d/sh99010538/addison.jpg'
INFO 15:09:42.620 (FedoraLdp) PUT resource 'ktest/4d/sh2010111260'
INFO 15:09:43.542 (FedoraLdp) PUT resource 'ktest/4d/sh2010111260/addison.jpg'
INFO 15:09:43.601 (FedoraLdp) PUT resource 'ktest/4d/sh2008104335'
INFO 15:09:44.524 (FedoraLdp) PUT resource 'ktest/4d/sh2008104335/addison.jpg'
INFO 15:09:44.586 (FedoraLdp) PUT resource 'ktest/4d/sh2009004016'
INFO 15:09:45.510 (FedoraLdp) PUT resource 'ktest/4d/sh2009004016/addison.jpg'
INFO 15:09:45.569 (FedoraLdp) PUT resource 'ktest/4d/sh2007006286'
INFO 15:09:46.464 (FedoraLdp) PUT resource 'ktest/4d/sh2007006286/addison.jpg'
INFO 15:09:46.521 (FedoraLdp) PUT resource 'ktest/4d/sh94008871'
INFO 15:09:47.430 (FedoraLdp) PUT resource 'ktest/4d/sh94008871/addison.jpg'
INFO 15:09:47.474 (FedoraLdp) PUT resource 'ktest/4d/sh00008623'
INFO 15:09:48.391 (FedoraLdp) PUT resource 'ktest/4d/sh00008623/addison.jpg'
INFO 15:09:48.442 (FedoraLdp) PUT resource 'ktest/4d/sh2003001921'
INFO 15:09:59.794 (ModeShapeRepositoryFactoryBean) Initiating shutdown of ModeShape
INFO 15:09:59.812 (ModeShapeRepositoryFactoryBean) ModeShape repository repo has undeployed.
INFO 15:09:59.812 (ModeShapeRepositoryFactoryBean) Repository repo undeployed.
INFO 15:09:59.813 (ModeShapeRepositoryFactoryBean) ModeShape Engine has shutdown.


