Jan 25, 2018 3:07:24 PM org.apache.catalina.startup.VersionLoggerListener log
INFO: Server version:        Apache Tomcat/7.0.72
Jan 25, 2018 3:07:24 PM org.apache.catalina.startup.VersionLoggerListener log
INFO: Server built:          Sep 14 2016 12:12:26 UTC
Jan 25, 2018 3:07:24 PM org.apache.catalina.startup.VersionLoggerListener log
INFO: Server number:         7.0.72.0
Jan 25, 2018 3:07:24 PM org.apache.catalina.startup.VersionLoggerListener log
INFO: OS Name:               Linux
Jan 25, 2018 3:07:24 PM org.apache.catalina.startup.VersionLoggerListener log
INFO: OS Version:            2.6.32-573.18.1.el6.x86_64
Jan 25, 2018 3:07:24 PM org.apache.catalina.startup.VersionLoggerListener log
INFO: Architecture:          amd64
Jan 25, 2018 3:07:24 PM org.apache.catalina.startup.VersionLoggerListener log
INFO: Java Home:             /usr/java/jdk1.8.0_112/jre
Jan 25, 2018 3:07:24 PM org.apache.catalina.startup.VersionLoggerListener log
INFO: JVM Version:           1.8.0_112-b15
Jan 25, 2018 3:07:24 PM org.apache.catalina.startup.VersionLoggerListener log
INFO: JVM Vendor:            Oracle Corporation
Jan 25, 2018 3:07:24 PM org.apache.catalina.startup.VersionLoggerListener log
INFO: CATALINA_BASE:         /opt/lake/tomcat7-47
Jan 25, 2018 3:07:24 PM org.apache.catalina.startup.VersionLoggerListener log
INFO: CATALINA_HOME:         /opt/lake/tomcat7-47
Jan 25, 2018 3:07:24 PM org.apache.catalina.startup.VersionLoggerListener log
INFO: Command line argument: -Djava.util.logging.config.file=/opt/lake/tomcat7-47/conf/logging.properties
Jan 25, 2018 3:07:24 PM org.apache.catalina.startup.VersionLoggerListener log
INFO: Command line argument: -Djava.util.logging.manager=org.apache.juli.ClassLoaderLogManager
Jan 25, 2018 3:07:24 PM org.apache.catalina.startup.VersionLoggerListener log
INFO: Command line argument: -Dfcrepo.home=/data/fcrepo47_data
Jan 25, 2018 3:07:24 PM org.apache.catalina.startup.VersionLoggerListener log
INFO: Command line argument: -Dfcrepo.activemq.dir=/data/fcrepo47_data/jms
Jan 25, 2018 3:07:24 PM org.apache.catalina.startup.VersionLoggerListener log
INFO: Command line argument: -Dlogback.configurationFile=/opt/lake/fcrepo47/etc/logback.xml
Jan 25, 2018 3:07:24 PM org.apache.catalina.startup.VersionLoggerListener log
INFO: Command line argument: -Dfcrepo.modeshape.configuration=file:/opt/lake/fcrepo47/etc/repository-postgres.json
Jan 25, 2018 3:07:24 PM org.apache.catalina.startup.VersionLoggerListener log
INFO: Command line argument: -Djdk.tls.ephemeralDHKeySize=2048
Jan 25, 2018 3:07:24 PM org.apache.catalina.startup.VersionLoggerListener log
INFO: Command line argument: -Djava.endorsed.dirs=/opt/lake/tomcat7-47/endorsed
Jan 25, 2018 3:07:24 PM org.apache.catalina.startup.VersionLoggerListener log
INFO: Command line argument: -Dcatalina.base=/opt/lake/tomcat7-47
Jan 25, 2018 3:07:24 PM org.apache.catalina.startup.VersionLoggerListener log
INFO: Command line argument: -Dcatalina.home=/opt/lake/tomcat7-47
Jan 25, 2018 3:07:24 PM org.apache.catalina.startup.VersionLoggerListener log
INFO: Command line argument: -Djava.io.tmpdir=/opt/lake/tomcat7-47/temp
Jan 25, 2018 3:07:24 PM org.apache.catalina.core.AprLifecycleListener lifecycleEvent
INFO: The APR based Apache Tomcat Native library which allows optimal performance in production environments was not found on the java.library.path: /usr/java/packages/lib/amd64:/usr/lib64:/lib64:/lib:/usr/lib
Jan 25, 2018 3:07:24 PM org.apache.coyote.AbstractProtocol init
INFO: Initializing ProtocolHandler ["http-bio-8080"]
Jan 25, 2018 3:07:24 PM org.apache.coyote.AbstractProtocol init
INFO: Initializing ProtocolHandler ["ajp-bio-8009"]
Jan 25, 2018 3:07:24 PM org.apache.catalina.startup.Catalina load
INFO: Initialization processed in 569 ms
Jan 25, 2018 3:07:24 PM org.apache.catalina.core.StandardService startInternal
INFO: Starting service Catalina
Jan 25, 2018 3:07:24 PM org.apache.catalina.core.StandardEngine startInternal
INFO: Starting Servlet Engine: Apache Tomcat/7.0.72
Jan 25, 2018 3:07:24 PM org.apache.catalina.startup.HostConfig deployDescriptor
INFO: Deploying configuration descriptor /opt/lake/tomcat7-47/conf/Catalina/localhost/fcrepo.xml
Jan 25, 2018 3:07:33 PM org.apache.catalina.startup.TldConfig execute
INFO: At least one JAR was scanned for TLDs yet contained no TLDs. Enable debug logging for this logger for a complete list of JARs that were scanned but no TLDs were found in them. Skipping unneeded JARs during scanning can improve startup time and JSP compilation time.
Jan 25, 2018 3:07:49 PM org.apache.catalina.util.SessionIdGeneratorBase createSecureRandom
INFO: Creation of SecureRandom instance for session ID generation using [SHA1PRNG] took [9,530] milliseconds.
Jan 25, 2018 3:07:49 PM org.apache.catalina.startup.HostConfig deployDescriptor
INFO: Deployment of configuration descriptor /opt/lake/tomcat7-47/conf/Catalina/localhost/fcrepo.xml has finished in 25,170 ms
Jan 25, 2018 3:07:49 PM org.apache.catalina.startup.HostConfig deployDirectory
INFO: Deploying web application directory /opt/lake/tomcat7-47/webapps/ROOT
Jan 25, 2018 3:07:50 PM org.apache.catalina.startup.HostConfig deployDirectory
INFO: Deployment of web application directory /opt/lake/tomcat7-47/webapps/ROOT has finished in 76 ms
Jan 25, 2018 3:07:50 PM org.apache.catalina.startup.HostConfig deployDirectory
INFO: Deploying web application directory /opt/lake/tomcat7-47/webapps/manager
Jan 25, 2018 3:07:50 PM org.apache.catalina.startup.HostConfig deployDirectory
INFO: Deployment of web application directory /opt/lake/tomcat7-47/webapps/manager has finished in 75 ms
Jan 25, 2018 3:07:50 PM org.apache.catalina.startup.HostConfig deployDirectory
INFO: Deploying web application directory /opt/lake/tomcat7-47/webapps/host-manager
Jan 25, 2018 3:07:50 PM org.apache.catalina.startup.HostConfig deployDirectory
INFO: Deployment of web application directory /opt/lake/tomcat7-47/webapps/host-manager has finished in 45 ms
Jan 25, 2018 3:07:50 PM org.apache.catalina.startup.HostConfig deployDirectory
INFO: Deploying web application directory /opt/lake/tomcat7-47/webapps/examples
Jan 25, 2018 3:07:50 PM org.apache.catalina.startup.HostConfig deployDirectory
INFO: Deployment of web application directory /opt/lake/tomcat7-47/webapps/examples has finished in 186 ms
Jan 25, 2018 3:07:50 PM org.apache.catalina.startup.HostConfig deployDirectory
INFO: Deploying web application directory /opt/lake/tomcat7-47/webapps/docs
Jan 25, 2018 3:07:50 PM org.apache.catalina.startup.HostConfig deployDirectory
INFO: Deployment of web application directory /opt/lake/tomcat7-47/webapps/docs has finished in 31 ms
Jan 25, 2018 3:07:50 PM org.apache.coyote.AbstractProtocol start
INFO: Starting ProtocolHandler ["http-bio-8080"]
Jan 25, 2018 3:07:50 PM org.apache.coyote.AbstractProtocol start
INFO: Starting ProtocolHandler ["ajp-bio-8009"]
Jan 25, 2018 3:07:50 PM org.apache.catalina.startup.Catalina start
INFO: Server startup in 25639 ms
Jan 25, 2018 3:09:59 PM org.apache.catalina.core.StandardServer await
INFO: A valid shutdown command was received via the shutdown port. Stopping the Server instance.
Jan 25, 2018 3:09:59 PM org.apache.coyote.AbstractProtocol pause
INFO: Pausing ProtocolHandler ["http-bio-8080"]
Jan 25, 2018 3:09:59 PM org.apache.coyote.AbstractProtocol pause
INFO: Pausing ProtocolHandler ["ajp-bio-8009"]
Jan 25, 2018 3:09:59 PM org.apache.catalina.core.StandardService stopInternal
INFO: Stopping service Catalina
Jan 25, 2018 3:09:59 PM org.apache.catalina.loader.WebappClassLoaderBase clearReferencesThreads
SEVERE: The web application [/fcrepo] appears to have started a thread named [Listener:39046] but has failed to stop it. This is very likely to create a memory leak.
Jan 25, 2018 3:09:59 PM org.apache.catalina.loader.WebappClassLoaderBase clearReferencesThreads
SEVERE: The web application [/fcrepo] appears to have started a thread named [Transaction Reaper] but has failed to stop it. This is very likely to create a memory leak.
Jan 25, 2018 3:09:59 PM org.apache.catalina.loader.WebappClassLoaderBase clearReferencesThreads
SEVERE: The web application [/fcrepo] appears to have started a thread named [Transaction Reaper Worker 0] but has failed to stop it. This is very likely to create a memory leak.
Jan 25, 2018 3:09:59 PM org.apache.catalina.loader.WebappClassLoaderBase clearReferencesThreads
SEVERE: The web application [/fcrepo] appears to have started a thread named [pool-3-thread-1] but has failed to stop it. This is very likely to create a memory leak.
Jan 25, 2018 3:09:59 PM org.apache.catalina.loader.WebappClassLoaderBase checkThreadLocalMapForLeaks
SEVERE: The web application [/fcrepo] created a ThreadLocal with key of type [com.codahale.metrics.ThreadLocalRandom$1] (value [com.codahale.metrics.ThreadLocalRandom$1@35a70405]) and a value of type [com.codahale.metrics.ThreadLocalRandom] (value [com.codahale.metrics.ThreadLocalRandom@1a0ff4c5]) but failed to remove it when the web application was stopped. T
hreads are going to be renewed over time to try and avoid a probable memory leak.
Jan 25, 2018 3:09:59 PM org.apache.catalina.loader.WebappClassLoaderBase checkThreadLocalMapForLeaks
SEVERE: The web application [/fcrepo] created a ThreadLocal with key of type [org.modeshape.jcr.NodeTypes$1] (value [org.modeshape.jcr.NodeTypes$1@675f45a1]) and a value of type [org.modeshape.jcr.NodeTypes.SingleNodeDefinitionSet] (value [org.modeshape.jcr.NodeTypes$SingleNodeDefinitionSet@65465602]) but failed to remove it when the web application was stoppe
d. Threads are going to be renewed over time to try and avoid a probable memory leak.
Jan 25, 2018 3:09:59 PM org.apache.catalina.loader.WebappClassLoaderBase checkThreadLocalMapForLeaks
SEVERE: The web application [/fcrepo] created a ThreadLocal with key of type [com.codahale.metrics.ThreadLocalRandom$1] (value [com.codahale.metrics.ThreadLocalRandom$1@35a70405]) and a value of type [com.codahale.metrics.ThreadLocalRandom] (value [com.codahale.metrics.ThreadLocalRandom@78296546]) but failed to remove it when the web application was stopped. T
hreads are going to be renewed over time to try and avoid a probable memory leak.
Jan 25, 2018 3:09:59 PM org.apache.catalina.loader.WebappClassLoaderBase checkThreadLocalMapForLeaks
SEVERE: The web application [/fcrepo] created a ThreadLocal with key of type [org.modeshape.jcr.NodeTypes$1] (value [org.modeshape.jcr.NodeTypes$1@675f45a1]) and a value of type [org.modeshape.jcr.NodeTypes.SingleNodeDefinitionSet] (value [org.modeshape.jcr.NodeTypes$SingleNodeDefinitionSet@65465602]) but failed to remove it when the web application was stoppe
d. Threads are going to be renewed over time to try and avoid a probable memory leak.
Jan 25, 2018 3:09:59 PM org.apache.catalina.loader.WebappClassLoaderBase checkThreadLocalMapForLeaks
SEVERE: The web application [/fcrepo] created a ThreadLocal with key of type [com.codahale.metrics.ThreadLocalRandom$1] (value [com.codahale.metrics.ThreadLocalRandom$1@35a70405]) and a value of type [com.codahale.metrics.ThreadLocalRandom] (value [com.codahale.metrics.ThreadLocalRandom@716cb751]) but failed to remove it when the web application was stopped. T
hreads are going to be renewed over time to try and avoid a probable memory leak.
Jan 25, 2018 3:09:59 PM org.apache.catalina.loader.WebappClassLoaderBase checkThreadLocalMapForLeaks
SEVERE: The web application [/fcrepo] created a ThreadLocal with key of type [org.modeshape.jcr.NodeTypes$1] (value [org.modeshape.jcr.NodeTypes$1@675f45a1]) and a value of type [org.modeshape.jcr.NodeTypes.MultipleNodeDefinitionSet] (value [org.modeshape.jcr.NodeTypes$MultipleNodeDefinitionSet@20af5805]) but failed to remove it when the web application was st
opped. Threads are going to be renewed over time to try and avoid a probable memory leak.
Jan 25, 2018 3:09:59 PM org.apache.catalina.loader.WebappClassLoaderBase checkThreadLocalMapForLeaks
SEVERE: The web application [/fcrepo] created a ThreadLocal with key of type [com.codahale.metrics.ThreadLocalRandom$1] (value [com.codahale.metrics.ThreadLocalRandom$1@35a70405]) and a value of type [com.codahale.metrics.ThreadLocalRandom] (value [com.codahale.metrics.ThreadLocalRandom@770eec54]) but failed to remove it when the web application was stopped. T
hreads are going to be renewed over time to try and avoid a probable memory leak.
Jan 25, 2018 3:09:59 PM org.apache.catalina.loader.WebappClassLoaderBase checkThreadLocalMapForLeaks
SEVERE: The web application [/fcrepo] created a ThreadLocal with key of type [org.modeshape.jcr.NodeTypes$1] (value [org.modeshape.jcr.NodeTypes$1@675f45a1]) and a value of type [org.modeshape.jcr.NodeTypes.MultipleNodeDefinitionSet] (value [org.modeshape.jcr.NodeTypes$MultipleNodeDefinitionSet@443eb4a6]) but failed to remove it when the web application was st
opped. Threads are going to be renewed over time to try and avoid a probable memory leak.
Jan 25, 2018 3:09:59 PM org.apache.catalina.loader.WebappClassLoaderBase checkThreadLocalMapForLeaks
SEVERE: The web application [/fcrepo] created a ThreadLocal with key of type [com.codahale.metrics.ThreadLocalRandom$1] (value [com.codahale.metrics.ThreadLocalRandom$1@35a70405]) and a value of type [com.codahale.metrics.ThreadLocalRandom] (value [com.codahale.metrics.ThreadLocalRandom@50fc554f]) but failed to remove it when the web application was stopped. T
hreads are going to be renewed over time to try and avoid a probable memory leak.
Jan 25, 2018 3:09:59 PM org.apache.catalina.loader.WebappClassLoaderBase checkThreadLocalMapForLeaks
SEVERE: The web application [/fcrepo] created a ThreadLocal with key of type [org.modeshape.jcr.NodeTypes$1] (value [org.modeshape.jcr.NodeTypes$1@675f45a1]) and a value of type [org.modeshape.jcr.NodeTypes.MultipleNodeDefinitionSet] (value [org.modeshape.jcr.NodeTypes$MultipleNodeDefinitionSet@ac94025]) but failed to remove it when the web application was sto
pped. Threads are going to be renewed over time to try and avoid a probable memory leak.
Jan 25, 2018 3:09:59 PM org.apache.catalina.loader.WebappClassLoaderBase checkThreadLocalMapForLeaks
SEVERE: The web application [/fcrepo] created a ThreadLocal with key of type [com.codahale.metrics.ThreadLocalRandom$1] (value [com.codahale.metrics.ThreadLocalRandom$1@35a70405]) and a value of type [com.codahale.metrics.ThreadLocalRandom] (value [com.codahale.metrics.ThreadLocalRandom@aa56164]) but failed to remove it when the web application was stopped. Th
reads are going to be renewed over time to try and avoid a probable memory leak.
Jan 25, 2018 3:09:59 PM org.apache.catalina.loader.WebappClassLoaderBase checkThreadLocalMapForLeaks
SEVERE: The web application [/fcrepo] created a ThreadLocal with key of type [org.modeshape.jcr.NodeTypes$1] (value [org.modeshape.jcr.NodeTypes$1@675f45a1]) and a value of type [org.modeshape.jcr.NodeTypes.SingleNodeDefinitionSet] (value [org.modeshape.jcr.NodeTypes$SingleNodeDefinitionSet@65465602]) but failed to remove it when the web application was stoppe
d. Threads are going to be renewed over time to try and avoid a probable memory leak.
Jan 25, 2018 3:09:59 PM org.apache.catalina.loader.WebappClassLoaderBase checkThreadLocalMapForLeaks
SEVERE: The web application [/fcrepo] created a ThreadLocal with key of type [com.codahale.metrics.ThreadLocalRandom$1] (value [com.codahale.metrics.ThreadLocalRandom$1@35a70405]) and a value of type [com.codahale.metrics.ThreadLocalRandom] (value [com.codahale.metrics.ThreadLocalRandom@3b8f7f12]) but failed to remove it when the web application was stopped. T
hreads are going to be renewed over time to try and avoid a probable memory leak.
Jan 25, 2018 3:09:59 PM org.apache.catalina.loader.WebappClassLoaderBase checkThreadLocalMapForLeaks
SEVERE: The web application [/fcrepo] created a ThreadLocal with key of type [org.modeshape.jcr.NodeTypes$1] (value [org.modeshape.jcr.NodeTypes$1@675f45a1]) and a value of type [org.modeshape.jcr.NodeTypes.SingleNodeDefinitionSet] (value [org.modeshape.jcr.NodeTypes$SingleNodeDefinitionSet@65465602]) but failed to remove it when the web application was stoppe
d. Threads are going to be renewed over time to try and avoid a probable memory leak.
Jan 25, 2018 3:09:59 PM org.apache.catalina.loader.WebappClassLoaderBase checkThreadLocalMapForLeaks
SEVERE: The web application [/fcrepo] created a ThreadLocal with key of type [com.codahale.metrics.ThreadLocalRandom$1] (value [com.codahale.metrics.ThreadLocalRandom$1@35a70405]) and a value of type [com.codahale.metrics.ThreadLocalRandom] (value [com.codahale.metrics.ThreadLocalRandom@96b1301]) but failed to remove it when the web application was stopped. Th
reads are going to be renewed over time to try and avoid a probable memory leak.
Jan 25, 2018 3:09:59 PM org.apache.catalina.loader.WebappClassLoaderBase checkThreadLocalMapForLeaks
SEVERE: The web application [/fcrepo] created a ThreadLocal with key of type [org.modeshape.jcr.NodeTypes$1] (value [org.modeshape.jcr.NodeTypes$1@675f45a1]) and a value of type [org.modeshape.jcr.NodeTypes.MultipleNodeDefinitionSet] (value [org.modeshape.jcr.NodeTypes$MultipleNodeDefinitionSet@49e3b261]) but failed to remove it when the web application was st
opped. Threads are going to be renewed over time to try and avoid a probable memory leak.
Jan 25, 2018 3:09:59 PM org.apache.catalina.loader.WebappClassLoaderBase checkThreadLocalMapForLeaks
SEVERE: The web application [/fcrepo] created a ThreadLocal with key of type [com.codahale.metrics.ThreadLocalRandom$1] (value [com.codahale.metrics.ThreadLocalRandom$1@35a70405]) and a value of type [com.codahale.metrics.ThreadLocalRandom] (value [com.codahale.metrics.ThreadLocalRandom@686c5478]) but failed to remove it when the web application was stopped. T
hreads are going to be renewed over time to try and avoid a probable memory leak.
Jan 25, 2018 3:09:59 PM org.apache.catalina.loader.WebappClassLoaderBase checkThreadLocalMapForLeaks
SEVERE: The web application [/fcrepo] created a ThreadLocal with key of type [org.modeshape.jcr.NodeTypes$1] (value [org.modeshape.jcr.NodeTypes$1@675f45a1]) and a value of type [org.modeshape.jcr.NodeTypes.MultipleNodeDefinitionSet] (value [org.modeshape.jcr.NodeTypes$MultipleNodeDefinitionSet@28dbc188]) but failed to remove it when the web application was st
opped. Threads are going to be renewed over time to try and avoid a probable memory leak.
Jan 25, 2018 3:09:59 PM org.apache.coyote.AbstractProtocol stop
INFO: Stopping ProtocolHandler ["http-bio-8080"]
Jan 25, 2018 3:09:59 PM org.apache.coyote.AbstractProtocol stop
INFO: Stopping ProtocolHandler ["ajp-bio-8009"]
Jan 25, 2018 3:09:59 PM org.apache.coyote.AbstractProtocol destroy
INFO: Destroying ProtocolHandler ["http-bio-8080"]
Jan 25, 2018 3:09:59 PM org.apache.coyote.AbstractProtocol destroy
INFO: Destroying ProtocolHandler ["ajp-bio-8009"]
