INFO 15:25:11.605 (InternalIDResolver) Building an index of all the datastreams in "/fedora3-prod/fedora/datastreams"...
INFO 17:59:56.437 (Migrator) Processing "1711.dl:4RJO2AJNM55JH82"...
INFO 17:59:57.171 (OCFLFedora4Client) createVersionSnapshot: 1711.dl:4RJO2AJNM55JH82, version-id: ignored
INFO 17:59:58.248 (OCFLFedora4Client) createVersionSnapshot: 1711.dl:4RJO2AJNM55JH82, version-id: ignored
INFO 17:59:58.568 (OCFLFedora4Client) createVersionSnapshot: 1711.dl:4RJO2AJNM55JH82, version-id: ignored
INFO 17:59:58.860 (OCFLFedora4Client) createVersionSnapshot: 1711.dl:4RJO2AJNM55JH82, version-id: ignored
INFO 17:59:59.217 (OCFLFedora4Client) createVersionSnapshot: 1711.dl:4RJO2AJNM55JH82, version-id: ignored
WARN 17:59:59.344 (FileUtil) Failed to delete file: /fedora-migration-test/staging/1711.dl:4RJO2AJNM55JH82
java.nio.file.DirectoryNotEmptyException: /fedora-migration-test/staging/1711.dl:4RJO2AJNM55JH82
	at java.base/sun.nio.fs.UnixFileSystemProvider.implDelete(UnixFileSystemProvider.java:247) ~[na:na]
	at java.base/sun.nio.fs.AbstractFileSystemProvider.delete(AbstractFileSystemProvider.java:105) ~[na:na]
	at java.base/java.nio.file.Files.delete(Files.java:1141) ~[na:na]
	at edu.wisc.library.ocfl.core.util.FileUtil.lambda$safeDeletePath$4(FileUtil.java:156) ~[migration-utils-4.4.1-SNAPSHOT-driver.jar:na]
	at java.base/java.util.stream.ForEachOps$ForEachOp$OfRef.accept(ForEachOps.java:183) ~[na:na]
	at java.base/java.util.ArrayList.forEach(ArrayList.java:1540) ~[na:na]
	at java.base/java.util.stream.SortedOps$RefSortingSink.end(SortedOps.java:395) ~[na:na]
	at java.base/java.util.stream.Sink$ChainedReference.end(Sink.java:258) ~[na:na]
	at java.base/java.util.stream.AbstractPipeline.copyInto(AbstractPipeline.java:485) ~[na:na]
	at java.base/java.util.stream.AbstractPipeline.wrapAndCopyInto(AbstractPipeline.java:474) ~[na:na]
	at java.base/java.util.stream.ForEachOps$ForEachOp.evaluateSequential(ForEachOps.java:150) ~[na:na]
	at java.base/java.util.stream.ForEachOps$ForEachOp$OfRef.evaluateSequential(ForEachOps.java:173) ~[na:na]
	at java.base/java.util.stream.AbstractPipeline.evaluate(AbstractPipeline.java:234) ~[na:na]
	at java.base/java.util.stream.ReferencePipeline.forEach(ReferencePipeline.java:497) ~[na:na]
	at edu.wisc.library.ocfl.core.util.FileUtil.safeDeletePath(FileUtil.java:154) ~[migration-utils-4.4.1-SNAPSHOT-driver.jar:na]
	at edu.wisc.library.ocfl.core.inventory.AddFileProcessor.processPath(AddFileProcessor.java:149) ~[migration-utils-4.4.1-SNAPSHOT-driver.jar:na]
	at edu.wisc.library.ocfl.core.inventory.AddFileProcessor.processPath(AddFileProcessor.java:86) ~[migration-utils-4.4.1-SNAPSHOT-driver.jar:na]
	at edu.wisc.library.ocfl.core.DefaultOcflRepository.putObject(DefaultOcflRepository.java:132) ~[migration-utils-4.4.1-SNAPSHOT-driver.jar:na]
	at org.fcrepo.migration.f4clients.OCFLFedora4Client.createVersionSnapshot(OCFLFedora4Client.java:212) ~[migration-utils-4.4.1-SNAPSHOT-driver.jar:na]
	at org.fcrepo.migration.handlers.ocfl.HackyOcflDriver$1.commit(HackyOcflDriver.java:66) ~[migration-utils-4.4.1-SNAPSHOT-driver.jar:na]
	at org.fcrepo.migration.handlers.ocfl.ArchiveGroupHandler.lambda$processObjectVersions$1(ArchiveGroupHandler.java:115) ~[migration-utils-4.4.1-SNAPSHOT-driver.jar:na]
	at java.base/java.util.ArrayList.forEach(ArrayList.java:1540) ~[na:na]
	at org.fcrepo.migration.handlers.ocfl.ArchiveGroupHandler.processObjectVersions(ArchiveGroupHandler.java:73) ~[migration-utils-4.4.1-SNAPSHOT-driver.jar:na]
	at org.fcrepo.migration.handlers.VersionAbstractionFedoraObjectHandler.processObject(VersionAbstractionFedoraObjectHandler.java:110) ~[migration-utils-4.4.1-SNAPSHOT-driver.jar:na]
	at org.fcrepo.migration.handlers.ObjectAbstractionStreamingFedoraObjectHandler.completeObject(ObjectAbstractionStreamingFedoraObjectHandler.java:89) ~[migration-utils-4.4.1-SNAPSHOT-driver.jar:na]
	at org.fcrepo.migration.foxml.FoxmlInputStreamFedoraObjectProcessor.processObject(FoxmlInputStreamFedoraObjectProcessor.java:150) ~[migration-utils-4.4.1-SNAPSHOT-driver.jar:na]
	at org.fcrepo.migration.Migrator.run(Migrator.java:144) ~[migration-utils-4.4.1-SNAPSHOT-driver.jar:na]
	at org.fcrepo.migration.PicocliMigrator.call(PicocliMigrator.java:258) ~[migration-utils-4.4.1-SNAPSHOT-driver.jar:na]
	at org.fcrepo.migration.PicocliMigrator.call(PicocliMigrator.java:62) ~[migration-utils-4.4.1-SNAPSHOT-driver.jar:na]
	at picocli.CommandLine.executeUserObject(CommandLine.java:1743) ~[migration-utils-4.4.1-SNAPSHOT-driver.jar:na]
	at picocli.CommandLine.access$900(CommandLine.java:145) ~[migration-utils-4.4.1-SNAPSHOT-driver.jar:na]
	at picocli.CommandLine$RunLast.handle(CommandLine.java:2101) ~[migration-utils-4.4.1-SNAPSHOT-driver.jar:na]
	at picocli.CommandLine$RunLast.handle(CommandLine.java:2068) ~[migration-utils-4.4.1-SNAPSHOT-driver.jar:na]
	at picocli.CommandLine$AbstractParseResultHandler.execute(CommandLine.java:1935) ~[migration-utils-4.4.1-SNAPSHOT-driver.jar:na]
	at picocli.CommandLine.execute(CommandLine.java:1864) ~[migration-utils-4.4.1-SNAPSHOT-driver.jar:na]
	at org.fcrepo.migration.PicocliMigrator.main(PicocliMigrator.java:134) ~[migration-utils-4.4.1-SNAPSHOT-driver.jar:na]
INFO 17:59:59.544 (OCFLFedora4Client) createVersionSnapshot: 1711.dl:4RJO2AJNM55JH82, version-id: ignored
Unable to delete file: /fedora-migration-test/staging/1711.dl:4RJO2AJNM55JH82/BIB0
Usage: migration-utils [-hrV] [--debug] -a=<targetDir> [-d=<f3DatastreamsDir>]
                       [-e=<f3ExportedDir>] [-i=<indexDir>] [-l=<objectLimit>]
                       [-o=<f3ObjectsDir>] [-p=<pidFile>] -t=<f3SourceType>
                       [-y=<ocflLayout>]
  -h, --help                 Show this help message and exit.
  -V, --version              Print version information and exit.
  -t, --source-type=<f3SourceType>
                             Fedora 3 source type. Choices: akubra | legacy |
                               exported
  -d, --datastreams-dir=<f3DatastreamsDir>
                             Directory containing Fedora 3 datastreams (used
                               with --source-type 'akubra' or 'legacy')
  -o, --objects-dir=<f3ObjectsDir>
                             Directory containing Fedora 3 objects (used with
                               --source-type 'akubra' or 'legacy')
  -e, --exported-dir=<f3ExportedDir>
                             Directory containing Fedora 3 export (used with
                               --source-type 'exported')
  -a, --target-dir=<targetDir>
                             Directory where OCFL storage root and supporting
                               state will be written
  -y, --layout=<ocflLayout>  OCFL layout of storage root. Choices: flat |
                               pairtree | truncated
                               Default: flat
  -l, --limit=<objectLimit>  Limit number of objects to be processed.
                               Default: no limit
  -r, --resume               Resume from last successfully migrated Fedora 3
                               object
                               Default: false
  -p, --pid-file=<pidFile>   PID file listing which Fedora 3 objects to migrate
  -i, --index-dir=<indexDir> Directory where cached index of datastreams (will
                               reuse index if already exists)
      --debug                Enables debug logging
