[INFO] Scanning for projects...
[INFO] ------------------------------------------------------------------------
[INFO] Reactor Build Order:
[INFO] 
[INFO] Fedora Commons 4
[INFO] Fedora Repository BOM
[INFO] Fedora Repository JCR BOM
[INFO] Fedora Repository BOMs
[INFO] Fedora Repository Kernel API
[INFO] Fedora Repository Metrics Module
[INFO] Fedora Repository Minter Module
[INFO] Fedora Repository Configurations Module
[INFO] Fedora Repository Kernel Implementation
[INFO] Fedora Repository JMS Module
[INFO] Fedora Repository Object Serialization Module
[INFO] Fedora Repository HTTP Commons Module
[INFO] Fedora Repository FileSystem Connector Module
[INFO] Fedora Repository Authorization Commons Module
[INFO] Fedora Repository HTTP API Module
[INFO] Fedora Repository RDF Transformations Module
[INFO] Fedora Repository Deployable Web Application
[INFO] Fedora Repository LDP integration tests Module
[INFO] Fedora Repository RDF integration tests Module
Downloading: https://oss.sonatype.org/service/local/staging/deploy/maven2/com/lazerycode/jmeter/jmeter-maven-plugin/1.10.1/jmeter-maven-plugin-1.10.1.pom
[WARNING] Failed to retrieve plugin descriptor for com.lazerycode.jmeter:jmeter-maven-plugin:1.10.1: Plugin com.lazerycode.jmeter:jmeter-maven-plugin:1.10.1 or one of its dependencies could not be resolved: Failed to read artifact descriptor for com.lazerycode.jmeter:jmeter-maven-plugin:jar:1.10.1
Downloading: https://oss.sonatype.org/service/local/staging/deploy/maven2/org/codehaus/mojo/maven-metadata.xml
Downloading: https://oss.sonatype.org/service/local/staging/deploy/maven2/org/apache/maven/plugins/maven-metadata.xml
[WARNING] Could not transfer metadata org.apache.maven.plugins/maven-metadata.xml from/to sonatype-nexus-staging (https://oss.sonatype.org/service/local/staging/deploy/maven2/): Failed to transfer file: https://oss.sonatype.org/service/local/staging/deploy/maven2/org/apache/maven/plugins/maven-metadata.xml. Return code is: 400 , ReasonPhrase:Bad Request.
[WARNING] Could not transfer metadata org.codehaus.mojo/maven-metadata.xml from/to sonatype-nexus-staging (https://oss.sonatype.org/service/local/staging/deploy/maven2/): Failed to transfer file: https://oss.sonatype.org/service/local/staging/deploy/maven2/org/codehaus/mojo/maven-metadata.xml. Return code is: 400 , ReasonPhrase:Bad Request.
Downloading: https://oss.sonatype.org/service/local/staging/deploy/maven2/org/apache/maven/plugins/maven-javadoc-plugin/maven-metadata.xml
[WARNING] Could not transfer metadata org.apache.maven.plugins:maven-javadoc-plugin/maven-metadata.xml from/to sonatype-nexus-staging (https://oss.sonatype.org/service/local/staging/deploy/maven2/): Failed to transfer file: https://oss.sonatype.org/service/local/staging/deploy/maven2/org/apache/maven/plugins/maven-javadoc-plugin/maven-metadata.xml. Return code is: 400 , ReasonPhrase:Bad Request.
[INFO]                                                                         
[INFO] ------------------------------------------------------------------------
[INFO] Building Fedora Commons 4 4.1.1-SNAPSHOT
[INFO] ------------------------------------------------------------------------
[WARNING] Failed to retrieve plugin descriptor for com.lazerycode.jmeter:jmeter-maven-plugin:1.10.1: Plugin com.lazerycode.jmeter:jmeter-maven-plugin:1.10.1 or one of its dependencies could not be resolved: Failed to read artifact descriptor for com.lazerycode.jmeter:jmeter-maven-plugin:jar:1.10.1
[WARNING] Failure to transfer org.apache.maven.plugins/maven-metadata.xml from https://oss.sonatype.org/service/local/staging/deploy/maven2/ was cached in the local repository, resolution will not be reattempted until the update interval of sonatype-nexus-staging has elapsed or updates are forced. Original error: Could not transfer metadata org.apache.maven.plugins/maven-metadata.xml from/to sonatype-nexus-staging (https://oss.sonatype.org/service/local/staging/deploy/maven2/): Failed to transfer file: https://oss.sonatype.org/service/local/staging/deploy/maven2/org/apache/maven/plugins/maven-metadata.xml. Return code is: 400 , ReasonPhrase:Bad Request.
[WARNING] Failure to transfer org.codehaus.mojo/maven-metadata.xml from https://oss.sonatype.org/service/local/staging/deploy/maven2/ was cached in the local repository, resolution will not be reattempted until the update interval of sonatype-nexus-staging has elapsed or updates are forced. Original error: Could not transfer metadata org.codehaus.mojo/maven-metadata.xml from/to sonatype-nexus-staging (https://oss.sonatype.org/service/local/staging/deploy/maven2/): Failed to transfer file: https://oss.sonatype.org/service/local/staging/deploy/maven2/org/codehaus/mojo/maven-metadata.xml. Return code is: 400 , ReasonPhrase:Bad Request.
[WARNING] Failure to transfer org.apache.maven.plugins:maven-javadoc-plugin/maven-metadata.xml from https://oss.sonatype.org/service/local/staging/deploy/maven2/ was cached in the local repository, resolution will not be reattempted until the update interval of sonatype-nexus-staging has elapsed or updates are forced. Original error: Could not transfer metadata org.apache.maven.plugins:maven-javadoc-plugin/maven-metadata.xml from/to sonatype-nexus-staging (https://oss.sonatype.org/service/local/staging/deploy/maven2/): Failed to transfer file: https://oss.sonatype.org/service/local/staging/deploy/maven2/org/apache/maven/plugins/maven-javadoc-plugin/maven-metadata.xml. Return code is: 400 , ReasonPhrase:Bad Request.
[INFO] 
[INFO] --- maven-javadoc-plugin:2.10.1:jar (default-cli) @ fcrepo ---
[INFO] Not executing Javadoc as the project is not a Java classpath-capable package
[INFO]                                                                         
[INFO] ------------------------------------------------------------------------
[INFO] Building Fedora Repository BOM 4.1.1-SNAPSHOT
[INFO] ------------------------------------------------------------------------
[WARNING] Failed to retrieve plugin descriptor for com.lazerycode.jmeter:jmeter-maven-plugin:1.10.1: Plugin com.lazerycode.jmeter:jmeter-maven-plugin:1.10.1 or one of its dependencies could not be resolved: Failed to read artifact descriptor for com.lazerycode.jmeter:jmeter-maven-plugin:jar:1.10.1
[WARNING] Failure to transfer org.apache.maven.plugins/maven-metadata.xml from https://oss.sonatype.org/service/local/staging/deploy/maven2/ was cached in the local repository, resolution will not be reattempted until the update interval of sonatype-nexus-staging has elapsed or updates are forced. Original error: Could not transfer metadata org.apache.maven.plugins/maven-metadata.xml from/to sonatype-nexus-staging (https://oss.sonatype.org/service/local/staging/deploy/maven2/): Failed to transfer file: https://oss.sonatype.org/service/local/staging/deploy/maven2/org/apache/maven/plugins/maven-metadata.xml. Return code is: 400 , ReasonPhrase:Bad Request.
[WARNING] Failure to transfer org.codehaus.mojo/maven-metadata.xml from https://oss.sonatype.org/service/local/staging/deploy/maven2/ was cached in the local repository, resolution will not be reattempted until the update interval of sonatype-nexus-staging has elapsed or updates are forced. Original error: Could not transfer metadata org.codehaus.mojo/maven-metadata.xml from/to sonatype-nexus-staging (https://oss.sonatype.org/service/local/staging/deploy/maven2/): Failed to transfer file: https://oss.sonatype.org/service/local/staging/deploy/maven2/org/codehaus/mojo/maven-metadata.xml. Return code is: 400 , ReasonPhrase:Bad Request.
[WARNING] Failure to transfer org.apache.maven.plugins:maven-javadoc-plugin/maven-metadata.xml from https://oss.sonatype.org/service/local/staging/deploy/maven2/ was cached in the local repository, resolution will not be reattempted until the update interval of sonatype-nexus-staging has elapsed or updates are forced. Original error: Could not transfer metadata org.apache.maven.plugins:maven-javadoc-plugin/maven-metadata.xml from/to sonatype-nexus-staging (https://oss.sonatype.org/service/local/staging/deploy/maven2/): Failed to transfer file: https://oss.sonatype.org/service/local/staging/deploy/maven2/org/apache/maven/plugins/maven-javadoc-plugin/maven-metadata.xml. Return code is: 400 , ReasonPhrase:Bad Request.
[INFO] 
[INFO] --- maven-javadoc-plugin:2.10.1:jar (default-cli) @ fcrepo4-bom ---
[INFO] Not executing Javadoc as the project is not a Java classpath-capable package
[INFO]                                                                         
[INFO] ------------------------------------------------------------------------
[INFO] Building Fedora Repository JCR BOM 4.1.1-SNAPSHOT
[INFO] ------------------------------------------------------------------------
[WARNING] Failed to retrieve plugin descriptor for com.lazerycode.jmeter:jmeter-maven-plugin:1.10.1: Plugin com.lazerycode.jmeter:jmeter-maven-plugin:1.10.1 or one of its dependencies could not be resolved: Failed to read artifact descriptor for com.lazerycode.jmeter:jmeter-maven-plugin:jar:1.10.1
[WARNING] Failure to transfer org.apache.maven.plugins/maven-metadata.xml from https://oss.sonatype.org/service/local/staging/deploy/maven2/ was cached in the local repository, resolution will not be reattempted until the update interval of sonatype-nexus-staging has elapsed or updates are forced. Original error: Could not transfer metadata org.apache.maven.plugins/maven-metadata.xml from/to sonatype-nexus-staging (https://oss.sonatype.org/service/local/staging/deploy/maven2/): Failed to transfer file: https://oss.sonatype.org/service/local/staging/deploy/maven2/org/apache/maven/plugins/maven-metadata.xml. Return code is: 400 , ReasonPhrase:Bad Request.
[WARNING] Failure to transfer org.codehaus.mojo/maven-metadata.xml from https://oss.sonatype.org/service/local/staging/deploy/maven2/ was cached in the local repository, resolution will not be reattempted until the update interval of sonatype-nexus-staging has elapsed or updates are forced. Original error: Could not transfer metadata org.codehaus.mojo/maven-metadata.xml from/to sonatype-nexus-staging (https://oss.sonatype.org/service/local/staging/deploy/maven2/): Failed to transfer file: https://oss.sonatype.org/service/local/staging/deploy/maven2/org/codehaus/mojo/maven-metadata.xml. Return code is: 400 , ReasonPhrase:Bad Request.
[WARNING] Failure to transfer org.apache.maven.plugins:maven-javadoc-plugin/maven-metadata.xml from https://oss.sonatype.org/service/local/staging/deploy/maven2/ was cached in the local repository, resolution will not be reattempted until the update interval of sonatype-nexus-staging has elapsed or updates are forced. Original error: Could not transfer metadata org.apache.maven.plugins:maven-javadoc-plugin/maven-metadata.xml from/to sonatype-nexus-staging (https://oss.sonatype.org/service/local/staging/deploy/maven2/): Failed to transfer file: https://oss.sonatype.org/service/local/staging/deploy/maven2/org/apache/maven/plugins/maven-javadoc-plugin/maven-metadata.xml. Return code is: 400 , ReasonPhrase:Bad Request.
[INFO] 
[INFO] --- maven-javadoc-plugin:2.10.1:jar (default-cli) @ fcrepo-jcr-bom ---
[INFO] Not executing Javadoc as the project is not a Java classpath-capable package
[INFO]                                                                         
[INFO] ------------------------------------------------------------------------
[INFO] Building Fedora Repository BOMs 4.1.1-SNAPSHOT
[INFO] ------------------------------------------------------------------------
[WARNING] Failed to retrieve plugin descriptor for com.lazerycode.jmeter:jmeter-maven-plugin:1.10.1: Plugin com.lazerycode.jmeter:jmeter-maven-plugin:1.10.1 or one of its dependencies could not be resolved: Failed to read artifact descriptor for com.lazerycode.jmeter:jmeter-maven-plugin:jar:1.10.1
[WARNING] Failure to transfer org.apache.maven.plugins/maven-metadata.xml from https://oss.sonatype.org/service/local/staging/deploy/maven2/ was cached in the local repository, resolution will not be reattempted until the update interval of sonatype-nexus-staging has elapsed or updates are forced. Original error: Could not transfer metadata org.apache.maven.plugins/maven-metadata.xml from/to sonatype-nexus-staging (https://oss.sonatype.org/service/local/staging/deploy/maven2/): Failed to transfer file: https://oss.sonatype.org/service/local/staging/deploy/maven2/org/apache/maven/plugins/maven-metadata.xml. Return code is: 400 , ReasonPhrase:Bad Request.
[WARNING] Failure to transfer org.codehaus.mojo/maven-metadata.xml from https://oss.sonatype.org/service/local/staging/deploy/maven2/ was cached in the local repository, resolution will not be reattempted until the update interval of sonatype-nexus-staging has elapsed or updates are forced. Original error: Could not transfer metadata org.codehaus.mojo/maven-metadata.xml from/to sonatype-nexus-staging (https://oss.sonatype.org/service/local/staging/deploy/maven2/): Failed to transfer file: https://oss.sonatype.org/service/local/staging/deploy/maven2/org/codehaus/mojo/maven-metadata.xml. Return code is: 400 , ReasonPhrase:Bad Request.
[WARNING] Failure to transfer org.apache.maven.plugins:maven-javadoc-plugin/maven-metadata.xml from https://oss.sonatype.org/service/local/staging/deploy/maven2/ was cached in the local repository, resolution will not be reattempted until the update interval of sonatype-nexus-staging has elapsed or updates are forced. Original error: Could not transfer metadata org.apache.maven.plugins:maven-javadoc-plugin/maven-metadata.xml from/to sonatype-nexus-staging (https://oss.sonatype.org/service/local/staging/deploy/maven2/): Failed to transfer file: https://oss.sonatype.org/service/local/staging/deploy/maven2/org/apache/maven/plugins/maven-javadoc-plugin/maven-metadata.xml. Return code is: 400 , ReasonPhrase:Bad Request.
[INFO] 
[INFO] --- maven-javadoc-plugin:2.10.1:jar (default-cli) @ fcrepo-boms ---
[INFO] Not executing Javadoc as the project is not a Java classpath-capable package
[INFO]                                                                         
[INFO] ------------------------------------------------------------------------
[INFO] Building Fedora Repository Kernel API 4.1.1-SNAPSHOT
[INFO] ------------------------------------------------------------------------
[WARNING] Failed to retrieve plugin descriptor for com.lazerycode.jmeter:jmeter-maven-plugin:1.10.1: Plugin com.lazerycode.jmeter:jmeter-maven-plugin:1.10.1 or one of its dependencies could not be resolved: Failed to read artifact descriptor for com.lazerycode.jmeter:jmeter-maven-plugin:jar:1.10.1
[WARNING] Failure to transfer org.apache.maven.plugins/maven-metadata.xml from https://oss.sonatype.org/service/local/staging/deploy/maven2/ was cached in the local repository, resolution will not be reattempted until the update interval of sonatype-nexus-staging has elapsed or updates are forced. Original error: Could not transfer metadata org.apache.maven.plugins/maven-metadata.xml from/to sonatype-nexus-staging (https://oss.sonatype.org/service/local/staging/deploy/maven2/): Failed to transfer file: https://oss.sonatype.org/service/local/staging/deploy/maven2/org/apache/maven/plugins/maven-metadata.xml. Return code is: 400 , ReasonPhrase:Bad Request.
[WARNING] Failure to transfer org.codehaus.mojo/maven-metadata.xml from https://oss.sonatype.org/service/local/staging/deploy/maven2/ was cached in the local repository, resolution will not be reattempted until the update interval of sonatype-nexus-staging has elapsed or updates are forced. Original error: Could not transfer metadata org.codehaus.mojo/maven-metadata.xml from/to sonatype-nexus-staging (https://oss.sonatype.org/service/local/staging/deploy/maven2/): Failed to transfer file: https://oss.sonatype.org/service/local/staging/deploy/maven2/org/codehaus/mojo/maven-metadata.xml. Return code is: 400 , ReasonPhrase:Bad Request.
[WARNING] Failure to transfer org.apache.maven.plugins:maven-javadoc-plugin/maven-metadata.xml from https://oss.sonatype.org/service/local/staging/deploy/maven2/ was cached in the local repository, resolution will not be reattempted until the update interval of sonatype-nexus-staging has elapsed or updates are forced. Original error: Could not transfer metadata org.apache.maven.plugins:maven-javadoc-plugin/maven-metadata.xml from/to sonatype-nexus-staging (https://oss.sonatype.org/service/local/staging/deploy/maven2/): Failed to transfer file: https://oss.sonatype.org/service/local/staging/deploy/maven2/org/apache/maven/plugins/maven-javadoc-plugin/maven-metadata.xml. Return code is: 400 , ReasonPhrase:Bad Request.
[INFO] 
[INFO] --- maven-javadoc-plugin:2.10.1:jar (default-cli) @ fcrepo-kernel ---
[INFO] 
Loading source files for package org.fcrepo.kernel.identifiers...
Loading source files for package org.fcrepo.kernel...
Loading source files for package org.fcrepo.kernel.observer.eventmappings...
Loading source files for package org.fcrepo.kernel.observer...
Loading source files for package org.fcrepo.kernel.exception...
Loading source files for package org.fcrepo.kernel.models...
Loading source files for package org.fcrepo.kernel.services...
Loading source files for package org.fcrepo.kernel.services.policy...
Loading source files for package org.fcrepo.kernel.services.functions...
Loading source files for package org.fcrepo.kernel.utils...
Loading source files for package org.fcrepo.kernel.utils.iterators...
Constructing Javadoc information...
Standard Doclet version 1.8.0_25
Building tree for all the packages and classes...
Generating /home/awoods/programming/java/apps/fedora/futures/fcrepo4/fcrepo-kernel/target/apidocs/org/fcrepo/kernel/identifiers/IdentifierConverter.html...
Generating /home/awoods/programming/java/apps/fedora/futures/fcrepo4/fcrepo-kernel/target/apidocs/org/fcrepo/kernel/identifiers/InternalIdentifierConverter.html...
Generating /home/awoods/programming/java/apps/fedora/futures/fcrepo4/fcrepo-kernel/target/apidocs/org/fcrepo/kernel/identifiers/PidMinter.html...
Generating /home/awoods/programming/java/apps/fedora/futures/fcrepo4/fcrepo-kernel/target/apidocs/org/fcrepo/kernel/FedoraJcrTypes.html...
Generating /home/awoods/programming/java/apps/fedora/futures/fcrepo4/fcrepo-kernel/target/apidocs/org/fcrepo/kernel/RdfLexicon.html...
Generating /home/awoods/programming/java/apps/fedora/futures/fcrepo4/fcrepo-kernel/target/apidocs/org/fcrepo/kernel/Transaction.html...
Generating /home/awoods/programming/java/apps/fedora/futures/fcrepo4/fcrepo-kernel/target/apidocs/org/fcrepo/kernel/Transaction.State.html...
Generating /home/awoods/programming/java/apps/fedora/futures/fcrepo4/fcrepo-kernel/target/apidocs/org/fcrepo/kernel/TxSession.html...
Generating /home/awoods/programming/java/apps/fedora/futures/fcrepo4/fcrepo-kernel/target/apidocs/org/fcrepo/kernel/observer/eventmappings/InternalExternalEventMapper.html...
Generating /home/awoods/programming/java/apps/fedora/futures/fcrepo4/fcrepo-kernel/target/apidocs/org/fcrepo/kernel/observer/EventFilter.html...
Generating /home/awoods/programming/java/apps/fedora/futures/fcrepo4/fcrepo-kernel/target/apidocs/org/fcrepo/kernel/observer/FedoraEvent.html...
Generating /home/awoods/programming/java/apps/fedora/futures/fcrepo4/fcrepo-kernel/target/apidocs/org/fcrepo/kernel/exception/FedoraInvalidNamespaceException.html...
Generating /home/awoods/programming/java/apps/fedora/futures/fcrepo4/fcrepo-kernel/target/apidocs/org/fcrepo/kernel/exception/IdentifierConversionException.html...
Generating /home/awoods/programming/java/apps/fedora/futures/fcrepo4/fcrepo-kernel/target/apidocs/org/fcrepo/kernel/exception/InvalidChecksumException.html...
Generating /home/awoods/programming/java/apps/fedora/futures/fcrepo4/fcrepo-kernel/target/apidocs/org/fcrepo/kernel/exception/MalformedRdfException.html...
Generating /home/awoods/programming/java/apps/fedora/futures/fcrepo4/fcrepo-kernel/target/apidocs/org/fcrepo/kernel/exception/NoSuchPropertyDefinitionException.html...
Generating /home/awoods/programming/java/apps/fedora/futures/fcrepo4/fcrepo-kernel/target/apidocs/org/fcrepo/kernel/exception/PathNotFoundRuntimeException.html...
Generating /home/awoods/programming/java/apps/fedora/futures/fcrepo4/fcrepo-kernel/target/apidocs/org/fcrepo/kernel/exception/RepositoryRuntimeException.html...
Generating /home/awoods/programming/java/apps/fedora/futures/fcrepo4/fcrepo-kernel/target/apidocs/org/fcrepo/kernel/exception/RepositoryVersionRuntimeException.html...
Generating /home/awoods/programming/java/apps/fedora/futures/fcrepo4/fcrepo-kernel/target/apidocs/org/fcrepo/kernel/exception/ResourceTypeException.html...
Generating /home/awoods/programming/java/apps/fedora/futures/fcrepo4/fcrepo-kernel/target/apidocs/org/fcrepo/kernel/exception/ServerManagedPropertyException.html...
Generating /home/awoods/programming/java/apps/fedora/futures/fcrepo4/fcrepo-kernel/target/apidocs/org/fcrepo/kernel/exception/TombstoneException.html...
Generating /home/awoods/programming/java/apps/fedora/futures/fcrepo4/fcrepo-kernel/target/apidocs/org/fcrepo/kernel/exception/TransactionMissingException.html...
Generating /home/awoods/programming/java/apps/fedora/futures/fcrepo4/fcrepo-kernel/target/apidocs/org/fcrepo/kernel/models/Container.html...
Generating /home/awoods/programming/java/apps/fedora/futures/fcrepo4/fcrepo-kernel/target/apidocs/org/fcrepo/kernel/models/FedoraBinary.html...
Generating /home/awoods/programming/java/apps/fedora/futures/fcrepo4/fcrepo-kernel/target/apidocs/org/fcrepo/kernel/models/FedoraResource.html...
Generating /home/awoods/programming/java/apps/fedora/futures/fcrepo4/fcrepo-kernel/target/apidocs/org/fcrepo/kernel/models/NonRdfSource.html...
Generating /home/awoods/programming/java/apps/fedora/futures/fcrepo4/fcrepo-kernel/target/apidocs/org/fcrepo/kernel/models/NonRdfSourceDescription.html...
Generating /home/awoods/programming/java/apps/fedora/futures/fcrepo4/fcrepo-kernel/target/apidocs/org/fcrepo/kernel/models/Tombstone.html...
Generating /home/awoods/programming/java/apps/fedora/futures/fcrepo4/fcrepo-kernel/target/apidocs/org/fcrepo/kernel/services/BinaryService.html...
Generating /home/awoods/programming/java/apps/fedora/futures/fcrepo4/fcrepo-kernel/target/apidocs/org/fcrepo/kernel/services/ContainerService.html...
Generating /home/awoods/programming/java/apps/fedora/futures/fcrepo4/fcrepo-kernel/target/apidocs/org/fcrepo/kernel/services/ExternalContentService.html...
Generating /home/awoods/programming/java/apps/fedora/futures/fcrepo4/fcrepo-kernel/target/apidocs/org/fcrepo/kernel/services/NodeService.html...
Generating /home/awoods/programming/java/apps/fedora/futures/fcrepo4/fcrepo-kernel/target/apidocs/org/fcrepo/kernel/services/RepositoryService.html...
Generating /home/awoods/programming/java/apps/fedora/futures/fcrepo4/fcrepo-kernel/target/apidocs/org/fcrepo/kernel/services/Service.html...
Generating /home/awoods/programming/java/apps/fedora/futures/fcrepo4/fcrepo-kernel/target/apidocs/org/fcrepo/kernel/services/TransactionService.html...
Generating /home/awoods/programming/java/apps/fedora/futures/fcrepo4/fcrepo-kernel/target/apidocs/org/fcrepo/kernel/services/VersionService.html...
Generating /home/awoods/programming/java/apps/fedora/futures/fcrepo4/fcrepo-kernel/target/apidocs/org/fcrepo/kernel/services/policy/StoragePolicy.html...
Generating /home/awoods/programming/java/apps/fedora/futures/fcrepo4/fcrepo-kernel/target/apidocs/org/fcrepo/kernel/services/policy/StoragePolicyDecisionPoint.html...
Generating /home/awoods/programming/java/apps/fedora/futures/fcrepo4/fcrepo-kernel/target/apidocs/org/fcrepo/kernel/services/functions/AllTypesPredicate.html...
Generating /home/awoods/programming/java/apps/fedora/futures/fcrepo4/fcrepo-kernel/target/apidocs/org/fcrepo/kernel/services/functions/AnyTypesPredicate.html...
Generating /home/awoods/programming/java/apps/fedora/futures/fcrepo4/fcrepo-kernel/target/apidocs/org/fcrepo/kernel/services/functions/BooleanTypesPredicate.html...
Generating /home/awoods/programming/java/apps/fedora/futures/fcrepo4/fcrepo-kernel/target/apidocs/org/fcrepo/kernel/services/functions/JcrPropertyFunctions.html...
Generating /home/awoods/programming/java/apps/fedora/futures/fcrepo4/fcrepo-kernel/target/apidocs/org/fcrepo/kernel/utils/CacheEntry.html...
Generating /home/awoods/programming/java/apps/fedora/futures/fcrepo4/fcrepo-kernel/target/apidocs/org/fcrepo/kernel/utils/ContentDigest.html...
Generating /home/awoods/programming/java/apps/fedora/futures/fcrepo4/fcrepo-kernel/target/apidocs/org/fcrepo/kernel/utils/EventType.html...
Generating /home/awoods/programming/java/apps/fedora/futures/fcrepo4/fcrepo-kernel/target/apidocs/org/fcrepo/kernel/utils/FixityResult.html...
Generating /home/awoods/programming/java/apps/fedora/futures/fcrepo4/fcrepo-kernel/target/apidocs/org/fcrepo/kernel/utils/FixityResult.FixityState.html...
Generating /home/awoods/programming/java/apps/fedora/futures/fcrepo4/fcrepo-kernel/target/apidocs/org/fcrepo/kernel/utils/NamespaceTools.html...
Generating /home/awoods/programming/java/apps/fedora/futures/fcrepo4/fcrepo-kernel/target/apidocs/org/fcrepo/kernel/utils/iterators/GraphDifferencingIterator.html...
Generating /home/awoods/programming/java/apps/fedora/futures/fcrepo4/fcrepo-kernel/target/apidocs/org/fcrepo/kernel/utils/iterators/IteratorConsumer.html...
Generating /home/awoods/programming/java/apps/fedora/futures/fcrepo4/fcrepo-kernel/target/apidocs/org/fcrepo/kernel/utils/iterators/RdfStream.html...
Generating /home/awoods/programming/java/apps/fedora/futures/fcrepo4/fcrepo-kernel/target/apidocs/org/fcrepo/kernel/utils/iterators/RdfStreamConsumer.html...
Generating /home/awoods/programming/java/apps/fedora/futures/fcrepo4/fcrepo-kernel/target/apidocs/overview-frame.html...
Generating /home/awoods/programming/java/apps/fedora/futures/fcrepo4/fcrepo-kernel/target/apidocs/org/fcrepo/kernel/package-frame.html...
Generating /home/awoods/programming/java/apps/fedora/futures/fcrepo4/fcrepo-kernel/target/apidocs/org/fcrepo/kernel/package-summary.html...
Generating /home/awoods/programming/java/apps/fedora/futures/fcrepo4/fcrepo-kernel/target/apidocs/org/fcrepo/kernel/package-tree.html...
Generating /home/awoods/programming/java/apps/fedora/futures/fcrepo4/fcrepo-kernel/target/apidocs/org/fcrepo/kernel/exception/package-frame.html...
Generating /home/awoods/programming/java/apps/fedora/futures/fcrepo4/fcrepo-kernel/target/apidocs/org/fcrepo/kernel/exception/package-summary.html...
Generating /home/awoods/programming/java/apps/fedora/futures/fcrepo4/fcrepo-kernel/target/apidocs/org/fcrepo/kernel/exception/package-tree.html...
Generating /home/awoods/programming/java/apps/fedora/futures/fcrepo4/fcrepo-kernel/target/apidocs/org/fcrepo/kernel/identifiers/package-frame.html...
Generating /home/awoods/programming/java/apps/fedora/futures/fcrepo4/fcrepo-kernel/target/apidocs/org/fcrepo/kernel/identifiers/package-summary.html...
Generating /home/awoods/programming/java/apps/fedora/futures/fcrepo4/fcrepo-kernel/target/apidocs/org/fcrepo/kernel/identifiers/package-tree.html...
Generating /home/awoods/programming/java/apps/fedora/futures/fcrepo4/fcrepo-kernel/target/apidocs/org/fcrepo/kernel/models/package-frame.html...
Generating /home/awoods/programming/java/apps/fedora/futures/fcrepo4/fcrepo-kernel/target/apidocs/org/fcrepo/kernel/models/package-summary.html...
Generating /home/awoods/programming/java/apps/fedora/futures/fcrepo4/fcrepo-kernel/target/apidocs/org/fcrepo/kernel/models/package-tree.html...
Generating /home/awoods/programming/java/apps/fedora/futures/fcrepo4/fcrepo-kernel/target/apidocs/org/fcrepo/kernel/observer/package-frame.html...
Generating /home/awoods/programming/java/apps/fedora/futures/fcrepo4/fcrepo-kernel/target/apidocs/org/fcrepo/kernel/observer/package-summary.html...
Generating /home/awoods/programming/java/apps/fedora/futures/fcrepo4/fcrepo-kernel/target/apidocs/org/fcrepo/kernel/observer/package-tree.html...
Generating /home/awoods/programming/java/apps/fedora/futures/fcrepo4/fcrepo-kernel/target/apidocs/org/fcrepo/kernel/observer/eventmappings/package-frame.html...
Generating /home/awoods/programming/java/apps/fedora/futures/fcrepo4/fcrepo-kernel/target/apidocs/org/fcrepo/kernel/observer/eventmappings/package-summary.html...
Generating /home/awoods/programming/java/apps/fedora/futures/fcrepo4/fcrepo-kernel/target/apidocs/org/fcrepo/kernel/observer/eventmappings/package-tree.html...
Generating /home/awoods/programming/java/apps/fedora/futures/fcrepo4/fcrepo-kernel/target/apidocs/org/fcrepo/kernel/services/package-frame.html...
Generating /home/awoods/programming/java/apps/fedora/futures/fcrepo4/fcrepo-kernel/target/apidocs/org/fcrepo/kernel/services/package-summary.html...
Generating /home/awoods/programming/java/apps/fedora/futures/fcrepo4/fcrepo-kernel/target/apidocs/org/fcrepo/kernel/services/package-tree.html...
Generating /home/awoods/programming/java/apps/fedora/futures/fcrepo4/fcrepo-kernel/target/apidocs/org/fcrepo/kernel/services/functions/package-frame.html...
Generating /home/awoods/programming/java/apps/fedora/futures/fcrepo4/fcrepo-kernel/target/apidocs/org/fcrepo/kernel/services/functions/package-summary.html...
Generating /home/awoods/programming/java/apps/fedora/futures/fcrepo4/fcrepo-kernel/target/apidocs/org/fcrepo/kernel/services/functions/package-tree.html...
Generating /home/awoods/programming/java/apps/fedora/futures/fcrepo4/fcrepo-kernel/target/apidocs/org/fcrepo/kernel/services/policy/package-frame.html...
Generating /home/awoods/programming/java/apps/fedora/futures/fcrepo4/fcrepo-kernel/target/apidocs/org/fcrepo/kernel/services/policy/package-summary.html...
Generating /home/awoods/programming/java/apps/fedora/futures/fcrepo4/fcrepo-kernel/target/apidocs/org/fcrepo/kernel/services/policy/package-tree.html...
Generating /home/awoods/programming/java/apps/fedora/futures/fcrepo4/fcrepo-kernel/target/apidocs/org/fcrepo/kernel/utils/package-frame.html...
Generating /home/awoods/programming/java/apps/fedora/futures/fcrepo4/fcrepo-kernel/target/apidocs/org/fcrepo/kernel/utils/package-summary.html...
Generating /home/awoods/programming/java/apps/fedora/futures/fcrepo4/fcrepo-kernel/target/apidocs/org/fcrepo/kernel/utils/package-tree.html...
Generating /home/awoods/programming/java/apps/fedora/futures/fcrepo4/fcrepo-kernel/target/apidocs/org/fcrepo/kernel/utils/iterators/package-frame.html...
Generating /home/awoods/programming/java/apps/fedora/futures/fcrepo4/fcrepo-kernel/target/apidocs/org/fcrepo/kernel/utils/iterators/package-summary.html...
Generating /home/awoods/programming/java/apps/fedora/futures/fcrepo4/fcrepo-kernel/target/apidocs/org/fcrepo/kernel/utils/iterators/package-tree.html...
Generating /home/awoods/programming/java/apps/fedora/futures/fcrepo4/fcrepo-kernel/target/apidocs/constant-values.html...
Generating /home/awoods/programming/java/apps/fedora/futures/fcrepo4/fcrepo-kernel/target/apidocs/serialized-form.html...
Generating /home/awoods/programming/java/apps/fedora/futures/fcrepo4/fcrepo-kernel/target/apidocs/org/fcrepo/kernel/identifiers/class-use/IdentifierConverter.html...
Generating /home/awoods/programming/java/apps/fedora/futures/fcrepo4/fcrepo-kernel/target/apidocs/org/fcrepo/kernel/identifiers/class-use/InternalIdentifierConverter.html...
Generating /home/awoods/programming/java/apps/fedora/futures/fcrepo4/fcrepo-kernel/target/apidocs/org/fcrepo/kernel/identifiers/class-use/PidMinter.html...
Generating /home/awoods/programming/java/apps/fedora/futures/fcrepo4/fcrepo-kernel/target/apidocs/org/fcrepo/kernel/class-use/RdfLexicon.html...
Generating /home/awoods/programming/java/apps/fedora/futures/fcrepo4/fcrepo-kernel/target/apidocs/org/fcrepo/kernel/class-use/FedoraJcrTypes.html...
Generating /home/awoods/programming/java/apps/fedora/futures/fcrepo4/fcrepo-kernel/target/apidocs/org/fcrepo/kernel/class-use/Transaction.html...
Generating /home/awoods/programming/java/apps/fedora/futures/fcrepo4/fcrepo-kernel/target/apidocs/org/fcrepo/kernel/class-use/Transaction.State.html...
Generating /home/awoods/programming/java/apps/fedora/futures/fcrepo4/fcrepo-kernel/target/apidocs/org/fcrepo/kernel/class-use/TxSession.html...
Generating /home/awoods/programming/java/apps/fedora/futures/fcrepo4/fcrepo-kernel/target/apidocs/org/fcrepo/kernel/observer/eventmappings/class-use/InternalExternalEventMapper.html...
Generating /home/awoods/programming/java/apps/fedora/futures/fcrepo4/fcrepo-kernel/target/apidocs/org/fcrepo/kernel/observer/class-use/FedoraEvent.html...
Generating /home/awoods/programming/java/apps/fedora/futures/fcrepo4/fcrepo-kernel/target/apidocs/org/fcrepo/kernel/observer/class-use/EventFilter.html...
Generating /home/awoods/programming/java/apps/fedora/futures/fcrepo4/fcrepo-kernel/target/apidocs/org/fcrepo/kernel/exception/class-use/IdentifierConversionException.html...
Generating /home/awoods/programming/java/apps/fedora/futures/fcrepo4/fcrepo-kernel/target/apidocs/org/fcrepo/kernel/exception/class-use/RepositoryVersionRuntimeException.html...
Generating /home/awoods/programming/java/apps/fedora/futures/fcrepo4/fcrepo-kernel/target/apidocs/org/fcrepo/kernel/exception/class-use/InvalidChecksumException.html...
Generating /home/awoods/programming/java/apps/fedora/futures/fcrepo4/fcrepo-kernel/target/apidocs/org/fcrepo/kernel/exception/class-use/NoSuchPropertyDefinitionException.html...
Generating /home/awoods/programming/java/apps/fedora/futures/fcrepo4/fcrepo-kernel/target/apidocs/org/fcrepo/kernel/exception/class-use/ResourceTypeException.html...
Generating /home/awoods/programming/java/apps/fedora/futures/fcrepo4/fcrepo-kernel/target/apidocs/org/fcrepo/kernel/exception/class-use/RepositoryRuntimeException.html...
Generating /home/awoods/programming/java/apps/fedora/futures/fcrepo4/fcrepo-kernel/target/apidocs/org/fcrepo/kernel/exception/class-use/FedoraInvalidNamespaceException.html...
Generating /home/awoods/programming/java/apps/fedora/futures/fcrepo4/fcrepo-kernel/target/apidocs/org/fcrepo/kernel/exception/class-use/PathNotFoundRuntimeException.html...
Generating /home/awoods/programming/java/apps/fedora/futures/fcrepo4/fcrepo-kernel/target/apidocs/org/fcrepo/kernel/exception/class-use/MalformedRdfException.html...
Generating /home/awoods/programming/java/apps/fedora/futures/fcrepo4/fcrepo-kernel/target/apidocs/org/fcrepo/kernel/exception/class-use/TombstoneException.html...
Generating /home/awoods/programming/java/apps/fedora/futures/fcrepo4/fcrepo-kernel/target/apidocs/org/fcrepo/kernel/exception/class-use/ServerManagedPropertyException.html...
Generating /home/awoods/programming/java/apps/fedora/futures/fcrepo4/fcrepo-kernel/target/apidocs/org/fcrepo/kernel/exception/class-use/TransactionMissingException.html...
Generating /home/awoods/programming/java/apps/fedora/futures/fcrepo4/fcrepo-kernel/target/apidocs/org/fcrepo/kernel/models/class-use/FedoraResource.html...
Generating /home/awoods/programming/java/apps/fedora/futures/fcrepo4/fcrepo-kernel/target/apidocs/org/fcrepo/kernel/models/class-use/Container.html...
Generating /home/awoods/programming/java/apps/fedora/futures/fcrepo4/fcrepo-kernel/target/apidocs/org/fcrepo/kernel/models/class-use/Tombstone.html...
Generating /home/awoods/programming/java/apps/fedora/futures/fcrepo4/fcrepo-kernel/target/apidocs/org/fcrepo/kernel/models/class-use/FedoraBinary.html...
Generating /home/awoods/programming/java/apps/fedora/futures/fcrepo4/fcrepo-kernel/target/apidocs/org/fcrepo/kernel/models/class-use/NonRdfSource.html...
Generating /home/awoods/programming/java/apps/fedora/futures/fcrepo4/fcrepo-kernel/target/apidocs/org/fcrepo/kernel/models/class-use/NonRdfSourceDescription.html...
Generating /home/awoods/programming/java/apps/fedora/futures/fcrepo4/fcrepo-kernel/target/apidocs/org/fcrepo/kernel/services/class-use/NodeService.html...
Generating /home/awoods/programming/java/apps/fedora/futures/fcrepo4/fcrepo-kernel/target/apidocs/org/fcrepo/kernel/services/class-use/BinaryService.html...
Generating /home/awoods/programming/java/apps/fedora/futures/fcrepo4/fcrepo-kernel/target/apidocs/org/fcrepo/kernel/services/class-use/RepositoryService.html...
Generating /home/awoods/programming/java/apps/fedora/futures/fcrepo4/fcrepo-kernel/target/apidocs/org/fcrepo/kernel/services/class-use/VersionService.html...
Generating /home/awoods/programming/java/apps/fedora/futures/fcrepo4/fcrepo-kernel/target/apidocs/org/fcrepo/kernel/services/class-use/Service.html...
Generating /home/awoods/programming/java/apps/fedora/futures/fcrepo4/fcrepo-kernel/target/apidocs/org/fcrepo/kernel/services/class-use/TransactionService.html...
Generating /home/awoods/programming/java/apps/fedora/futures/fcrepo4/fcrepo-kernel/target/apidocs/org/fcrepo/kernel/services/class-use/ExternalContentService.html...
Generating /home/awoods/programming/java/apps/fedora/futures/fcrepo4/fcrepo-kernel/target/apidocs/org/fcrepo/kernel/services/class-use/ContainerService.html...
Generating /home/awoods/programming/java/apps/fedora/futures/fcrepo4/fcrepo-kernel/target/apidocs/org/fcrepo/kernel/services/policy/class-use/StoragePolicy.html...
Generating /home/awoods/programming/java/apps/fedora/futures/fcrepo4/fcrepo-kernel/target/apidocs/org/fcrepo/kernel/services/policy/class-use/StoragePolicyDecisionPoint.html...
Generating /home/awoods/programming/java/apps/fedora/futures/fcrepo4/fcrepo-kernel/target/apidocs/org/fcrepo/kernel/services/functions/class-use/BooleanTypesPredicate.html...
Generating /home/awoods/programming/java/apps/fedora/futures/fcrepo4/fcrepo-kernel/target/apidocs/org/fcrepo/kernel/services/functions/class-use/JcrPropertyFunctions.html...
Generating /home/awoods/programming/java/apps/fedora/futures/fcrepo4/fcrepo-kernel/target/apidocs/org/fcrepo/kernel/services/functions/class-use/AllTypesPredicate.html...
Generating /home/awoods/programming/java/apps/fedora/futures/fcrepo4/fcrepo-kernel/target/apidocs/org/fcrepo/kernel/services/functions/class-use/AnyTypesPredicate.html...
Generating /home/awoods/programming/java/apps/fedora/futures/fcrepo4/fcrepo-kernel/target/apidocs/org/fcrepo/kernel/utils/class-use/ContentDigest.html...
Generating /home/awoods/programming/java/apps/fedora/futures/fcrepo4/fcrepo-kernel/target/apidocs/org/fcrepo/kernel/utils/class-use/EventType.html...
Generating /home/awoods/programming/java/apps/fedora/futures/fcrepo4/fcrepo-kernel/target/apidocs/org/fcrepo/kernel/utils/class-use/NamespaceTools.html...
Generating /home/awoods/programming/java/apps/fedora/futures/fcrepo4/fcrepo-kernel/target/apidocs/org/fcrepo/kernel/utils/class-use/CacheEntry.html...
Generating /home/awoods/programming/java/apps/fedora/futures/fcrepo4/fcrepo-kernel/target/apidocs/org/fcrepo/kernel/utils/class-use/FixityResult.html...
Generating /home/awoods/programming/java/apps/fedora/futures/fcrepo4/fcrepo-kernel/target/apidocs/org/fcrepo/kernel/utils/class-use/FixityResult.FixityState.html...
Generating /home/awoods/programming/java/apps/fedora/futures/fcrepo4/fcrepo-kernel/target/apidocs/org/fcrepo/kernel/utils/iterators/class-use/RdfStream.html...
Generating /home/awoods/programming/java/apps/fedora/futures/fcrepo4/fcrepo-kernel/target/apidocs/org/fcrepo/kernel/utils/iterators/class-use/IteratorConsumer.html...
Generating /home/awoods/programming/java/apps/fedora/futures/fcrepo4/fcrepo-kernel/target/apidocs/org/fcrepo/kernel/utils/iterators/class-use/RdfStreamConsumer.html...
Generating /home/awoods/programming/java/apps/fedora/futures/fcrepo4/fcrepo-kernel/target/apidocs/org/fcrepo/kernel/utils/iterators/class-use/GraphDifferencingIterator.html...
Generating /home/awoods/programming/java/apps/fedora/futures/fcrepo4/fcrepo-kernel/target/apidocs/org/fcrepo/kernel/package-use.html...
Generating /home/awoods/programming/java/apps/fedora/futures/fcrepo4/fcrepo-kernel/target/apidocs/org/fcrepo/kernel/exception/package-use.html...
Generating /home/awoods/programming/java/apps/fedora/futures/fcrepo4/fcrepo-kernel/target/apidocs/org/fcrepo/kernel/identifiers/package-use.html...
Generating /home/awoods/programming/java/apps/fedora/futures/fcrepo4/fcrepo-kernel/target/apidocs/org/fcrepo/kernel/models/package-use.html...
Generating /home/awoods/programming/java/apps/fedora/futures/fcrepo4/fcrepo-kernel/target/apidocs/org/fcrepo/kernel/observer/package-use.html...
Generating /home/awoods/programming/java/apps/fedora/futures/fcrepo4/fcrepo-kernel/target/apidocs/org/fcrepo/kernel/observer/eventmappings/package-use.html...
Generating /home/awoods/programming/java/apps/fedora/futures/fcrepo4/fcrepo-kernel/target/apidocs/org/fcrepo/kernel/services/package-use.html...
Generating /home/awoods/programming/java/apps/fedora/futures/fcrepo4/fcrepo-kernel/target/apidocs/org/fcrepo/kernel/services/functions/package-use.html...
Generating /home/awoods/programming/java/apps/fedora/futures/fcrepo4/fcrepo-kernel/target/apidocs/org/fcrepo/kernel/services/policy/package-use.html...
Generating /home/awoods/programming/java/apps/fedora/futures/fcrepo4/fcrepo-kernel/target/apidocs/org/fcrepo/kernel/utils/package-use.html...
Generating /home/awoods/programming/java/apps/fedora/futures/fcrepo4/fcrepo-kernel/target/apidocs/org/fcrepo/kernel/utils/iterators/package-use.html...
Building index for all the packages and classes...
Generating /home/awoods/programming/java/apps/fedora/futures/fcrepo4/fcrepo-kernel/target/apidocs/overview-tree.html...
Generating /home/awoods/programming/java/apps/fedora/futures/fcrepo4/fcrepo-kernel/target/apidocs/index-all.html...
Generating /home/awoods/programming/java/apps/fedora/futures/fcrepo4/fcrepo-kernel/target/apidocs/deprecated-list.html...
Building index for all classes...
Generating /home/awoods/programming/java/apps/fedora/futures/fcrepo4/fcrepo-kernel/target/apidocs/allclasses-frame.html...
Generating /home/awoods/programming/java/apps/fedora/futures/fcrepo4/fcrepo-kernel/target/apidocs/allclasses-noframe.html...
Generating /home/awoods/programming/java/apps/fedora/futures/fcrepo4/fcrepo-kernel/target/apidocs/index.html...
Generating /home/awoods/programming/java/apps/fedora/futures/fcrepo4/fcrepo-kernel/target/apidocs/overview-summary.html...
Generating /home/awoods/programming/java/apps/fedora/futures/fcrepo4/fcrepo-kernel/target/apidocs/help-doc.html...
1 error
2 warnings
[INFO] ------------------------------------------------------------------------
[INFO] Reactor Summary:
[INFO] 
[INFO] Fedora Commons 4 .................................. SUCCESS [0.452s]
[INFO] Fedora Repository BOM ............................. SUCCESS [0.014s]
[INFO] Fedora Repository JCR BOM ......................... SUCCESS [0.015s]
[INFO] Fedora Repository BOMs ............................ SUCCESS [0.016s]
[INFO] Fedora Repository Kernel API ...................... FAILURE [2.325s]
[INFO] Fedora Repository Metrics Module .................. SKIPPED
[INFO] Fedora Repository Minter Module ................... SKIPPED
[INFO] Fedora Repository Configurations Module ........... SKIPPED
[INFO] Fedora Repository Kernel Implementation ........... SKIPPED
[INFO] Fedora Repository JMS Module ...................... SKIPPED
[INFO] Fedora Repository Object Serialization Module ..... SKIPPED
[INFO] Fedora Repository HTTP Commons Module ............. SKIPPED
[INFO] Fedora Repository FileSystem Connector Module ..... SKIPPED
[INFO] Fedora Repository Authorization Commons Module .... SKIPPED
[INFO] Fedora Repository HTTP API Module ................. SKIPPED
[INFO] Fedora Repository RDF Transformations Module ...... SKIPPED
[INFO] Fedora Repository Deployable Web Application ...... SKIPPED
[INFO] Fedora Repository LDP integration tests Module .... SKIPPED
[INFO] Fedora Repository RDF integration tests Module .... SKIPPED
[INFO] ------------------------------------------------------------------------
[INFO] BUILD FAILURE
[INFO] ------------------------------------------------------------------------
[INFO] Total time: 5.671s
[INFO] Finished at: Thu Feb 19 17:24:01 EST 2015
[INFO] Final Memory: 29M/329M
[INFO] ------------------------------------------------------------------------
[ERROR] Failed to execute goal org.apache.maven.plugins:maven-javadoc-plugin:2.10.1:jar (default-cli) on project fcrepo-kernel: MavenReportException: Error while creating archive:
[ERROR] Exit code: 1 - /home/awoods/programming/java/apps/fedora/futures/fcrepo4/fcrepo-kernel/src/main/java/org/fcrepo/kernel/services/VersionService.java:35: warning: no @return
[ERROR] String createVersion(Session session, String absPath, String label) throws RepositoryException;
[ERROR] ^
[ERROR] /home/awoods/programming/java/apps/fedora/futures/fcrepo4/fcrepo-kernel/src/main/java/org/fcrepo/kernel/utils/iterators/IteratorConsumer.java:35: error: exception not thrown: java.lang.Exception
[ERROR] * @throws Exception if exception occurred
[ERROR] ^
[ERROR] /home/awoods/programming/java/apps/fedora/futures/fcrepo4/fcrepo-kernel/src/main/java/org/fcrepo/kernel/utils/iterators/IteratorConsumer.java:37: warning: no @throws for org.fcrepo.kernel.exception.MalformedRdfException
[ERROR] void consume() throws MalformedRdfException;
[ERROR] ^
[ERROR] 
[ERROR] Command line was: /usr/lib/jvm/jdk1.8.0_25/jre/../bin/javadoc @options @packages
[ERROR] 
[ERROR] Refer to the generated Javadoc files in '/home/awoods/programming/java/apps/fedora/futures/fcrepo4/fcrepo-kernel/target/apidocs' dir.
[ERROR] -> [Help 1]
[ERROR] 
[ERROR] To see the full stack trace of the errors, re-run Maven with the -e switch.
[ERROR] Re-run Maven using the -X switch to enable full debug logging.
[ERROR] 
[ERROR] For more information about the errors and possible solutions, please read the following articles:
[ERROR] [Help 1] http://cwiki.apache.org/confluence/display/MAVEN/MojoExecutionException
[ERROR] 
[ERROR] After correcting the problems, you can resume the build with the command
[ERROR]   mvn <goals> -rf :fcrepo-kernel
