[INFO] Scanning for projects...
[INFO] ------------------------------------------------------------------------
[INFO] Reactor Build Order:
[INFO] 
[INFO] Fedora Commons 4
[INFO] Fedora Repository BOM
[INFO] Fedora Repository JCR BOM
[INFO] Fedora Repository BOMs
[INFO] Fedora Repository Kernel API
[INFO] Fedora Repository Metrics Module
[INFO] Fedora Repository Minter Module
[INFO] Fedora Repository Configurations Module
[INFO] Fedora Repository Kernel Implementation
[INFO] Fedora Repository JMS Module
[INFO] Fedora Repository Object Serialization Module
[INFO] Fedora Repository HTTP Commons Module
[INFO] Fedora Repository FileSystem Connector Module
[INFO] Fedora Repository Authorization Commons Module
[INFO] Fedora Repository HTTP API Module
[INFO] Fedora Repository RDF Transformations Module
[INFO] Fedora Repository Deployable Web Application
[INFO] Fedora Repository LDP integration tests Module
[INFO] Fedora Repository RDF integration tests Module
Downloading: https://oss.sonatype.org/service/local/staging/deploy/maven2/org/apache/maven/plugins/maven-metadata.xml
Downloading: https://oss.sonatype.org/service/local/staging/deploy/maven2/org/codehaus/mojo/maven-metadata.xml
[WARNING] Could not transfer metadata org.apache.maven.plugins/maven-metadata.xml from/to sonatype-nexus-staging (https://oss.sonatype.org/service/local/staging/deploy/maven2/): Failed to transfer file: https://oss.sonatype.org/service/local/staging/deploy/maven2/org/apache/maven/plugins/maven-metadata.xml. Return code is: 400 , ReasonPhrase:Bad Request.
[WARNING] Could not transfer metadata org.codehaus.mojo/maven-metadata.xml from/to sonatype-nexus-staging (https://oss.sonatype.org/service/local/staging/deploy/maven2/): Failed to transfer file: https://oss.sonatype.org/service/local/staging/deploy/maven2/org/codehaus/mojo/maven-metadata.xml. Return code is: 400 , ReasonPhrase:Bad Request.
Downloading: https://oss.sonatype.org/service/local/staging/deploy/maven2/org/apache/maven/plugins/maven-javadoc-plugin/maven-metadata.xml
[WARNING] Could not transfer metadata org.apache.maven.plugins:maven-javadoc-plugin/maven-metadata.xml from/to sonatype-nexus-staging (https://oss.sonatype.org/service/local/staging/deploy/maven2/): Failed to transfer file: https://oss.sonatype.org/service/local/staging/deploy/maven2/org/apache/maven/plugins/maven-javadoc-plugin/maven-metadata.xml. Return code is: 400 , ReasonPhrase:Bad Request.
[INFO]                                                                         
[INFO] ------------------------------------------------------------------------
[INFO] Building Fedora Commons 4 4.1.1-SNAPSHOT
[INFO] ------------------------------------------------------------------------
[WARNING] Failure to transfer org.apache.maven.plugins/maven-metadata.xml from https://oss.sonatype.org/service/local/staging/deploy/maven2/ was cached in the local repository, resolution will not be reattempted until the update interval of sonatype-nexus-staging has elapsed or updates are forced. Original error: Could not transfer metadata org.apache.maven.plugins/maven-metadata.xml from/to sonatype-nexus-staging (https://oss.sonatype.org/service/local/staging/deploy/maven2/): Failed to transfer file: https://oss.sonatype.org/service/local/staging/deploy/maven2/org/apache/maven/plugins/maven-metadata.xml. Return code is: 400 , ReasonPhrase:Bad Request.
[WARNING] Failure to transfer org.codehaus.mojo/maven-metadata.xml from https://oss.sonatype.org/service/local/staging/deploy/maven2/ was cached in the local repository, resolution will not be reattempted until the update interval of sonatype-nexus-staging has elapsed or updates are forced. Original error: Could not transfer metadata org.codehaus.mojo/maven-metadata.xml from/to sonatype-nexus-staging (https://oss.sonatype.org/service/local/staging/deploy/maven2/): Failed to transfer file: https://oss.sonatype.org/service/local/staging/deploy/maven2/org/codehaus/mojo/maven-metadata.xml. Return code is: 400 , ReasonPhrase:Bad Request.
[WARNING] Failure to transfer org.apache.maven.plugins:maven-javadoc-plugin/maven-metadata.xml from https://oss.sonatype.org/service/local/staging/deploy/maven2/ was cached in the local repository, resolution will not be reattempted until the update interval of sonatype-nexus-staging has elapsed or updates are forced. Original error: Could not transfer metadata org.apache.maven.plugins:maven-javadoc-plugin/maven-metadata.xml from/to sonatype-nexus-staging (https://oss.sonatype.org/service/local/staging/deploy/maven2/): Failed to transfer file: https://oss.sonatype.org/service/local/staging/deploy/maven2/org/apache/maven/plugins/maven-javadoc-plugin/maven-metadata.xml. Return code is: 400 , ReasonPhrase:Bad Request.
[INFO] 
[INFO] --- maven-javadoc-plugin:2.10.1:jar (default-cli) @ fcrepo ---
[INFO] Not executing Javadoc as the project is not a Java classpath-capable package
[INFO]                                                                         
[INFO] ------------------------------------------------------------------------
[INFO] Building Fedora Repository BOM 4.1.1-SNAPSHOT
[INFO] ------------------------------------------------------------------------
[WARNING] Failure to transfer org.apache.maven.plugins/maven-metadata.xml from https://oss.sonatype.org/service/local/staging/deploy/maven2/ was cached in the local repository, resolution will not be reattempted until the update interval of sonatype-nexus-staging has elapsed or updates are forced. Original error: Could not transfer metadata org.apache.maven.plugins/maven-metadata.xml from/to sonatype-nexus-staging (https://oss.sonatype.org/service/local/staging/deploy/maven2/): Failed to transfer file: https://oss.sonatype.org/service/local/staging/deploy/maven2/org/apache/maven/plugins/maven-metadata.xml. Return code is: 400 , ReasonPhrase:Bad Request.
[WARNING] Failure to transfer org.codehaus.mojo/maven-metadata.xml from https://oss.sonatype.org/service/local/staging/deploy/maven2/ was cached in the local repository, resolution will not be reattempted until the update interval of sonatype-nexus-staging has elapsed or updates are forced. Original error: Could not transfer metadata org.codehaus.mojo/maven-metadata.xml from/to sonatype-nexus-staging (https://oss.sonatype.org/service/local/staging/deploy/maven2/): Failed to transfer file: https://oss.sonatype.org/service/local/staging/deploy/maven2/org/codehaus/mojo/maven-metadata.xml. Return code is: 400 , ReasonPhrase:Bad Request.
[WARNING] Failure to transfer org.apache.maven.plugins:maven-javadoc-plugin/maven-metadata.xml from https://oss.sonatype.org/service/local/staging/deploy/maven2/ was cached in the local repository, resolution will not be reattempted until the update interval of sonatype-nexus-staging has elapsed or updates are forced. Original error: Could not transfer metadata org.apache.maven.plugins:maven-javadoc-plugin/maven-metadata.xml from/to sonatype-nexus-staging (https://oss.sonatype.org/service/local/staging/deploy/maven2/): Failed to transfer file: https://oss.sonatype.org/service/local/staging/deploy/maven2/org/apache/maven/plugins/maven-javadoc-plugin/maven-metadata.xml. Return code is: 400 , ReasonPhrase:Bad Request.
[INFO] 
[INFO] --- maven-javadoc-plugin:2.10.1:jar (default-cli) @ fcrepo4-bom ---
[INFO] Not executing Javadoc as the project is not a Java classpath-capable package
[INFO]                                                                         
[INFO] ------------------------------------------------------------------------
[INFO] Building Fedora Repository JCR BOM 4.1.1-SNAPSHOT
[INFO] ------------------------------------------------------------------------
[WARNING] Failure to transfer org.apache.maven.plugins/maven-metadata.xml from https://oss.sonatype.org/service/local/staging/deploy/maven2/ was cached in the local repository, resolution will not be reattempted until the update interval of sonatype-nexus-staging has elapsed or updates are forced. Original error: Could not transfer metadata org.apache.maven.plugins/maven-metadata.xml from/to sonatype-nexus-staging (https://oss.sonatype.org/service/local/staging/deploy/maven2/): Failed to transfer file: https://oss.sonatype.org/service/local/staging/deploy/maven2/org/apache/maven/plugins/maven-metadata.xml. Return code is: 400 , ReasonPhrase:Bad Request.
[WARNING] Failure to transfer org.codehaus.mojo/maven-metadata.xml from https://oss.sonatype.org/service/local/staging/deploy/maven2/ was cached in the local repository, resolution will not be reattempted until the update interval of sonatype-nexus-staging has elapsed or updates are forced. Original error: Could not transfer metadata org.codehaus.mojo/maven-metadata.xml from/to sonatype-nexus-staging (https://oss.sonatype.org/service/local/staging/deploy/maven2/): Failed to transfer file: https://oss.sonatype.org/service/local/staging/deploy/maven2/org/codehaus/mojo/maven-metadata.xml. Return code is: 400 , ReasonPhrase:Bad Request.
[WARNING] Failure to transfer org.apache.maven.plugins:maven-javadoc-plugin/maven-metadata.xml from https://oss.sonatype.org/service/local/staging/deploy/maven2/ was cached in the local repository, resolution will not be reattempted until the update interval of sonatype-nexus-staging has elapsed or updates are forced. Original error: Could not transfer metadata org.apache.maven.plugins:maven-javadoc-plugin/maven-metadata.xml from/to sonatype-nexus-staging (https://oss.sonatype.org/service/local/staging/deploy/maven2/): Failed to transfer file: https://oss.sonatype.org/service/local/staging/deploy/maven2/org/apache/maven/plugins/maven-javadoc-plugin/maven-metadata.xml. Return code is: 400 , ReasonPhrase:Bad Request.
[INFO] 
[INFO] --- maven-javadoc-plugin:2.10.1:jar (default-cli) @ fcrepo-jcr-bom ---
[INFO] Not executing Javadoc as the project is not a Java classpath-capable package
[INFO]                                                                         
[INFO] ------------------------------------------------------------------------
[INFO] Building Fedora Repository BOMs 4.1.1-SNAPSHOT
[INFO] ------------------------------------------------------------------------
[WARNING] Failure to transfer org.apache.maven.plugins/maven-metadata.xml from https://oss.sonatype.org/service/local/staging/deploy/maven2/ was cached in the local repository, resolution will not be reattempted until the update interval of sonatype-nexus-staging has elapsed or updates are forced. Original error: Could not transfer metadata org.apache.maven.plugins/maven-metadata.xml from/to sonatype-nexus-staging (https://oss.sonatype.org/service/local/staging/deploy/maven2/): Failed to transfer file: https://oss.sonatype.org/service/local/staging/deploy/maven2/org/apache/maven/plugins/maven-metadata.xml. Return code is: 400 , ReasonPhrase:Bad Request.
[WARNING] Failure to transfer org.codehaus.mojo/maven-metadata.xml from https://oss.sonatype.org/service/local/staging/deploy/maven2/ was cached in the local repository, resolution will not be reattempted until the update interval of sonatype-nexus-staging has elapsed or updates are forced. Original error: Could not transfer metadata org.codehaus.mojo/maven-metadata.xml from/to sonatype-nexus-staging (https://oss.sonatype.org/service/local/staging/deploy/maven2/): Failed to transfer file: https://oss.sonatype.org/service/local/staging/deploy/maven2/org/codehaus/mojo/maven-metadata.xml. Return code is: 400 , ReasonPhrase:Bad Request.
[WARNING] Failure to transfer org.apache.maven.plugins:maven-javadoc-plugin/maven-metadata.xml from https://oss.sonatype.org/service/local/staging/deploy/maven2/ was cached in the local repository, resolution will not be reattempted until the update interval of sonatype-nexus-staging has elapsed or updates are forced. Original error: Could not transfer metadata org.apache.maven.plugins:maven-javadoc-plugin/maven-metadata.xml from/to sonatype-nexus-staging (https://oss.sonatype.org/service/local/staging/deploy/maven2/): Failed to transfer file: https://oss.sonatype.org/service/local/staging/deploy/maven2/org/apache/maven/plugins/maven-javadoc-plugin/maven-metadata.xml. Return code is: 400 , ReasonPhrase:Bad Request.
[INFO] 
[INFO] --- maven-javadoc-plugin:2.10.1:jar (default-cli) @ fcrepo-boms ---
[INFO] Not executing Javadoc as the project is not a Java classpath-capable package
[INFO]                                                                         
[INFO] ------------------------------------------------------------------------
[INFO] Building Fedora Repository Kernel API 4.1.1-SNAPSHOT
[INFO] ------------------------------------------------------------------------
[WARNING] Failure to transfer org.apache.maven.plugins/maven-metadata.xml from https://oss.sonatype.org/service/local/staging/deploy/maven2/ was cached in the local repository, resolution will not be reattempted until the update interval of sonatype-nexus-staging has elapsed or updates are forced. Original error: Could not transfer metadata org.apache.maven.plugins/maven-metadata.xml from/to sonatype-nexus-staging (https://oss.sonatype.org/service/local/staging/deploy/maven2/): Failed to transfer file: https://oss.sonatype.org/service/local/staging/deploy/maven2/org/apache/maven/plugins/maven-metadata.xml. Return code is: 400 , ReasonPhrase:Bad Request.
[WARNING] Failure to transfer org.codehaus.mojo/maven-metadata.xml from https://oss.sonatype.org/service/local/staging/deploy/maven2/ was cached in the local repository, resolution will not be reattempted until the update interval of sonatype-nexus-staging has elapsed or updates are forced. Original error: Could not transfer metadata org.codehaus.mojo/maven-metadata.xml from/to sonatype-nexus-staging (https://oss.sonatype.org/service/local/staging/deploy/maven2/): Failed to transfer file: https://oss.sonatype.org/service/local/staging/deploy/maven2/org/codehaus/mojo/maven-metadata.xml. Return code is: 400 , ReasonPhrase:Bad Request.
[WARNING] Failure to transfer org.apache.maven.plugins:maven-javadoc-plugin/maven-metadata.xml from https://oss.sonatype.org/service/local/staging/deploy/maven2/ was cached in the local repository, resolution will not be reattempted until the update interval of sonatype-nexus-staging has elapsed or updates are forced. Original error: Could not transfer metadata org.apache.maven.plugins:maven-javadoc-plugin/maven-metadata.xml from/to sonatype-nexus-staging (https://oss.sonatype.org/service/local/staging/deploy/maven2/): Failed to transfer file: https://oss.sonatype.org/service/local/staging/deploy/maven2/org/apache/maven/plugins/maven-javadoc-plugin/maven-metadata.xml. Return code is: 400 , ReasonPhrase:Bad Request.
[INFO] 
[INFO] --- maven-javadoc-plugin:2.10.1:jar (default-cli) @ fcrepo-kernel ---
[INFO] 
Loading source files for package org.fcrepo.kernel.identifiers...
Loading source files for package org.fcrepo.kernel...
Loading source files for package org.fcrepo.kernel.observer.eventmappings...
Loading source files for package org.fcrepo.kernel.observer...
Loading source files for package org.fcrepo.kernel.exception...
Loading source files for package org.fcrepo.kernel.models...
Loading source files for package org.fcrepo.kernel.services...
Loading source files for package org.fcrepo.kernel.services.policy...
Loading source files for package org.fcrepo.kernel.services.functions...
Loading source files for package org.fcrepo.kernel.utils...
Loading source files for package org.fcrepo.kernel.utils.iterators...
Constructing Javadoc information...
Standard Doclet version 1.8.0_25
Building tree for all the packages and classes...
Generating /home/awoods/programming/java/apps/fedora/futures/fcrepo4/fcrepo-kernel/target/apidocs/org/fcrepo/kernel/identifiers/IdentifierConverter.html...
Generating /home/awoods/programming/java/apps/fedora/futures/fcrepo4/fcrepo-kernel/target/apidocs/org/fcrepo/kernel/identifiers/InternalIdentifierConverter.html...
Generating /home/awoods/programming/java/apps/fedora/futures/fcrepo4/fcrepo-kernel/target/apidocs/org/fcrepo/kernel/identifiers/PidMinter.html...
Generating /home/awoods/programming/java/apps/fedora/futures/fcrepo4/fcrepo-kernel/target/apidocs/org/fcrepo/kernel/FedoraJcrTypes.html...
Generating /home/awoods/programming/java/apps/fedora/futures/fcrepo4/fcrepo-kernel/target/apidocs/org/fcrepo/kernel/RdfLexicon.html...
Generating /home/awoods/programming/java/apps/fedora/futures/fcrepo4/fcrepo-kernel/target/apidocs/org/fcrepo/kernel/Transaction.html...
Generating /home/awoods/programming/java/apps/fedora/futures/fcrepo4/fcrepo-kernel/target/apidocs/org/fcrepo/kernel/Transaction.State.html...
Generating /home/awoods/programming/java/apps/fedora/futures/fcrepo4/fcrepo-kernel/target/apidocs/org/fcrepo/kernel/TxSession.html...
Generating /home/awoods/programming/java/apps/fedora/futures/fcrepo4/fcrepo-kernel/target/apidocs/org/fcrepo/kernel/observer/eventmappings/InternalExternalEventMapper.html...
Generating /home/awoods/programming/java/apps/fedora/futures/fcrepo4/fcrepo-kernel/target/apidocs/org/fcrepo/kernel/observer/EventFilter.html...
Generating /home/awoods/programming/java/apps/fedora/futures/fcrepo4/fcrepo-kernel/target/apidocs/org/fcrepo/kernel/observer/FedoraEvent.html...
Generating /home/awoods/programming/java/apps/fedora/futures/fcrepo4/fcrepo-kernel/target/apidocs/org/fcrepo/kernel/exception/FedoraInvalidNamespaceException.html...
Generating /home/awoods/programming/java/apps/fedora/futures/fcrepo4/fcrepo-kernel/target/apidocs/org/fcrepo/kernel/exception/IdentifierConversionException.html...
Generating /home/awoods/programming/java/apps/fedora/futures/fcrepo4/fcrepo-kernel/target/apidocs/org/fcrepo/kernel/exception/InvalidChecksumException.html...
Generating /home/awoods/programming/java/apps/fedora/futures/fcrepo4/fcrepo-kernel/target/apidocs/org/fcrepo/kernel/exception/MalformedRdfException.html...
Generating /home/awoods/programming/java/apps/fedora/futures/fcrepo4/fcrepo-kernel/target/apidocs/org/fcrepo/kernel/exception/NoSuchPropertyDefinitionException.html...
Generating /home/awoods/programming/java/apps/fedora/futures/fcrepo4/fcrepo-kernel/target/apidocs/org/fcrepo/kernel/exception/PathNotFoundRuntimeException.html...
Generating /home/awoods/programming/java/apps/fedora/futures/fcrepo4/fcrepo-kernel/target/apidocs/org/fcrepo/kernel/exception/RepositoryRuntimeException.html...
Generating /home/awoods/programming/java/apps/fedora/futures/fcrepo4/fcrepo-kernel/target/apidocs/org/fcrepo/kernel/exception/RepositoryVersionRuntimeException.html...
Generating /home/awoods/programming/java/apps/fedora/futures/fcrepo4/fcrepo-kernel/target/apidocs/org/fcrepo/kernel/exception/ResourceTypeException.html...
Generating /home/awoods/programming/java/apps/fedora/futures/fcrepo4/fcrepo-kernel/target/apidocs/org/fcrepo/kernel/exception/ServerManagedPropertyException.html...
Generating /home/awoods/programming/java/apps/fedora/futures/fcrepo4/fcrepo-kernel/target/apidocs/org/fcrepo/kernel/exception/TombstoneException.html...
Generating /home/awoods/programming/java/apps/fedora/futures/fcrepo4/fcrepo-kernel/target/apidocs/org/fcrepo/kernel/exception/TransactionMissingException.html...
Generating /home/awoods/programming/java/apps/fedora/futures/fcrepo4/fcrepo-kernel/target/apidocs/org/fcrepo/kernel/models/Container.html...
Generating /home/awoods/programming/java/apps/fedora/futures/fcrepo4/fcrepo-kernel/target/apidocs/org/fcrepo/kernel/models/FedoraBinary.html...
Generating /home/awoods/programming/java/apps/fedora/futures/fcrepo4/fcrepo-kernel/target/apidocs/org/fcrepo/kernel/models/FedoraResource.html...
Generating /home/awoods/programming/java/apps/fedora/futures/fcrepo4/fcrepo-kernel/target/apidocs/org/fcrepo/kernel/models/NonRdfSource.html...
Generating /home/awoods/programming/java/apps/fedora/futures/fcrepo4/fcrepo-kernel/target/apidocs/org/fcrepo/kernel/models/NonRdfSourceDescription.html...
Generating /home/awoods/programming/java/apps/fedora/futures/fcrepo4/fcrepo-kernel/target/apidocs/org/fcrepo/kernel/models/Tombstone.html...
Generating /home/awoods/programming/java/apps/fedora/futures/fcrepo4/fcrepo-kernel/target/apidocs/org/fcrepo/kernel/services/BinaryService.html...
Generating /home/awoods/programming/java/apps/fedora/futures/fcrepo4/fcrepo-kernel/target/apidocs/org/fcrepo/kernel/services/ContainerService.html...
Generating /home/awoods/programming/java/apps/fedora/futures/fcrepo4/fcrepo-kernel/target/apidocs/org/fcrepo/kernel/services/ExternalContentService.html...
Generating /home/awoods/programming/java/apps/fedora/futures/fcrepo4/fcrepo-kernel/target/apidocs/org/fcrepo/kernel/services/NodeService.html...
Generating /home/awoods/programming/java/apps/fedora/futures/fcrepo4/fcrepo-kernel/target/apidocs/org/fcrepo/kernel/services/RepositoryService.html...
Generating /home/awoods/programming/java/apps/fedora/futures/fcrepo4/fcrepo-kernel/target/apidocs/org/fcrepo/kernel/services/Service.html...
Generating /home/awoods/programming/java/apps/fedora/futures/fcrepo4/fcrepo-kernel/target/apidocs/org/fcrepo/kernel/services/TransactionService.html...
Generating /home/awoods/programming/java/apps/fedora/futures/fcrepo4/fcrepo-kernel/target/apidocs/org/fcrepo/kernel/services/VersionService.html...
Generating /home/awoods/programming/java/apps/fedora/futures/fcrepo4/fcrepo-kernel/target/apidocs/org/fcrepo/kernel/services/policy/StoragePolicy.html...
Generating /home/awoods/programming/java/apps/fedora/futures/fcrepo4/fcrepo-kernel/target/apidocs/org/fcrepo/kernel/services/policy/StoragePolicyDecisionPoint.html...
Generating /home/awoods/programming/java/apps/fedora/futures/fcrepo4/fcrepo-kernel/target/apidocs/org/fcrepo/kernel/services/functions/AllTypesPredicate.html...
Generating /home/awoods/programming/java/apps/fedora/futures/fcrepo4/fcrepo-kernel/target/apidocs/org/fcrepo/kernel/services/functions/AnyTypesPredicate.html...
Generating /home/awoods/programming/java/apps/fedora/futures/fcrepo4/fcrepo-kernel/target/apidocs/org/fcrepo/kernel/services/functions/BooleanTypesPredicate.html...
Generating /home/awoods/programming/java/apps/fedora/futures/fcrepo4/fcrepo-kernel/target/apidocs/org/fcrepo/kernel/services/functions/JcrPropertyFunctions.html...
Generating /home/awoods/programming/java/apps/fedora/futures/fcrepo4/fcrepo-kernel/target/apidocs/org/fcrepo/kernel/utils/CacheEntry.html...
Generating /home/awoods/programming/java/apps/fedora/futures/fcrepo4/fcrepo-kernel/target/apidocs/org/fcrepo/kernel/utils/ContentDigest.html...
Generating /home/awoods/programming/java/apps/fedora/futures/fcrepo4/fcrepo-kernel/target/apidocs/org/fcrepo/kernel/utils/EventType.html...
Generating /home/awoods/programming/java/apps/fedora/futures/fcrepo4/fcrepo-kernel/target/apidocs/org/fcrepo/kernel/utils/FixityResult.html...
Generating /home/awoods/programming/java/apps/fedora/futures/fcrepo4/fcrepo-kernel/target/apidocs/org/fcrepo/kernel/utils/FixityResult.FixityState.html...
Generating /home/awoods/programming/java/apps/fedora/futures/fcrepo4/fcrepo-kernel/target/apidocs/org/fcrepo/kernel/utils/NamespaceTools.html...
Generating /home/awoods/programming/java/apps/fedora/futures/fcrepo4/fcrepo-kernel/target/apidocs/org/fcrepo/kernel/utils/iterators/GraphDifferencingIterator.html...
Generating /home/awoods/programming/java/apps/fedora/futures/fcrepo4/fcrepo-kernel/target/apidocs/org/fcrepo/kernel/utils/iterators/IteratorConsumer.html...
Generating /home/awoods/programming/java/apps/fedora/futures/fcrepo4/fcrepo-kernel/target/apidocs/org/fcrepo/kernel/utils/iterators/RdfStream.html...
Generating /home/awoods/programming/java/apps/fedora/futures/fcrepo4/fcrepo-kernel/target/apidocs/org/fcrepo/kernel/utils/iterators/RdfStreamConsumer.html...
Generating /home/awoods/programming/java/apps/fedora/futures/fcrepo4/fcrepo-kernel/target/apidocs/overview-frame.html...
Generating /home/awoods/programming/java/apps/fedora/futures/fcrepo4/fcrepo-kernel/target/apidocs/org/fcrepo/kernel/package-frame.html...
Generating /home/awoods/programming/java/apps/fedora/futures/fcrepo4/fcrepo-kernel/target/apidocs/org/fcrepo/kernel/package-summary.html...
Generating /home/awoods/programming/java/apps/fedora/futures/fcrepo4/fcrepo-kernel/target/apidocs/org/fcrepo/kernel/package-tree.html...
Generating /home/awoods/programming/java/apps/fedora/futures/fcrepo4/fcrepo-kernel/target/apidocs/org/fcrepo/kernel/exception/package-frame.html...
Generating /home/awoods/programming/java/apps/fedora/futures/fcrepo4/fcrepo-kernel/target/apidocs/org/fcrepo/kernel/exception/package-summary.html...
Generating /home/awoods/programming/java/apps/fedora/futures/fcrepo4/fcrepo-kernel/target/apidocs/org/fcrepo/kernel/exception/package-tree.html...
Generating /home/awoods/programming/java/apps/fedora/futures/fcrepo4/fcrepo-kernel/target/apidocs/org/fcrepo/kernel/identifiers/package-frame.html...
Generating /home/awoods/programming/java/apps/fedora/futures/fcrepo4/fcrepo-kernel/target/apidocs/org/fcrepo/kernel/identifiers/package-summary.html...
Generating /home/awoods/programming/java/apps/fedora/futures/fcrepo4/fcrepo-kernel/target/apidocs/org/fcrepo/kernel/identifiers/package-tree.html...
Generating /home/awoods/programming/java/apps/fedora/futures/fcrepo4/fcrepo-kernel/target/apidocs/org/fcrepo/kernel/models/package-frame.html...
Generating /home/awoods/programming/java/apps/fedora/futures/fcrepo4/fcrepo-kernel/target/apidocs/org/fcrepo/kernel/models/package-summary.html...
Generating /home/awoods/programming/java/apps/fedora/futures/fcrepo4/fcrepo-kernel/target/apidocs/org/fcrepo/kernel/models/package-tree.html...
Generating /home/awoods/programming/java/apps/fedora/futures/fcrepo4/fcrepo-kernel/target/apidocs/org/fcrepo/kernel/observer/package-frame.html...
Generating /home/awoods/programming/java/apps/fedora/futures/fcrepo4/fcrepo-kernel/target/apidocs/org/fcrepo/kernel/observer/package-summary.html...
Generating /home/awoods/programming/java/apps/fedora/futures/fcrepo4/fcrepo-kernel/target/apidocs/org/fcrepo/kernel/observer/package-tree.html...
Generating /home/awoods/programming/java/apps/fedora/futures/fcrepo4/fcrepo-kernel/target/apidocs/org/fcrepo/kernel/observer/eventmappings/package-frame.html...
Generating /home/awoods/programming/java/apps/fedora/futures/fcrepo4/fcrepo-kernel/target/apidocs/org/fcrepo/kernel/observer/eventmappings/package-summary.html...
Generating /home/awoods/programming/java/apps/fedora/futures/fcrepo4/fcrepo-kernel/target/apidocs/org/fcrepo/kernel/observer/eventmappings/package-tree.html...
Generating /home/awoods/programming/java/apps/fedora/futures/fcrepo4/fcrepo-kernel/target/apidocs/org/fcrepo/kernel/services/package-frame.html...
Generating /home/awoods/programming/java/apps/fedora/futures/fcrepo4/fcrepo-kernel/target/apidocs/org/fcrepo/kernel/services/package-summary.html...
Generating /home/awoods/programming/java/apps/fedora/futures/fcrepo4/fcrepo-kernel/target/apidocs/org/fcrepo/kernel/services/package-tree.html...
Generating /home/awoods/programming/java/apps/fedora/futures/fcrepo4/fcrepo-kernel/target/apidocs/org/fcrepo/kernel/services/functions/package-frame.html...
Generating /home/awoods/programming/java/apps/fedora/futures/fcrepo4/fcrepo-kernel/target/apidocs/org/fcrepo/kernel/services/functions/package-summary.html...
Generating /home/awoods/programming/java/apps/fedora/futures/fcrepo4/fcrepo-kernel/target/apidocs/org/fcrepo/kernel/services/functions/package-tree.html...
Generating /home/awoods/programming/java/apps/fedora/futures/fcrepo4/fcrepo-kernel/target/apidocs/org/fcrepo/kernel/services/policy/package-frame.html...
Generating /home/awoods/programming/java/apps/fedora/futures/fcrepo4/fcrepo-kernel/target/apidocs/org/fcrepo/kernel/services/policy/package-summary.html...
Generating /home/awoods/programming/java/apps/fedora/futures/fcrepo4/fcrepo-kernel/target/apidocs/org/fcrepo/kernel/services/policy/package-tree.html...
Generating /home/awoods/programming/java/apps/fedora/futures/fcrepo4/fcrepo-kernel/target/apidocs/org/fcrepo/kernel/utils/package-frame.html...
Generating /home/awoods/programming/java/apps/fedora/futures/fcrepo4/fcrepo-kernel/target/apidocs/org/fcrepo/kernel/utils/package-summary.html...
Generating /home/awoods/programming/java/apps/fedora/futures/fcrepo4/fcrepo-kernel/target/apidocs/org/fcrepo/kernel/utils/package-tree.html...
Generating /home/awoods/programming/java/apps/fedora/futures/fcrepo4/fcrepo-kernel/target/apidocs/org/fcrepo/kernel/utils/iterators/package-frame.html...
Generating /home/awoods/programming/java/apps/fedora/futures/fcrepo4/fcrepo-kernel/target/apidocs/org/fcrepo/kernel/utils/iterators/package-summary.html...
Generating /home/awoods/programming/java/apps/fedora/futures/fcrepo4/fcrepo-kernel/target/apidocs/org/fcrepo/kernel/utils/iterators/package-tree.html...
Generating /home/awoods/programming/java/apps/fedora/futures/fcrepo4/fcrepo-kernel/target/apidocs/constant-values.html...
Generating /home/awoods/programming/java/apps/fedora/futures/fcrepo4/fcrepo-kernel/target/apidocs/serialized-form.html...
Generating /home/awoods/programming/java/apps/fedora/futures/fcrepo4/fcrepo-kernel/target/apidocs/org/fcrepo/kernel/identifiers/class-use/IdentifierConverter.html...
Generating /home/awoods/programming/java/apps/fedora/futures/fcrepo4/fcrepo-kernel/target/apidocs/org/fcrepo/kernel/identifiers/class-use/InternalIdentifierConverter.html...
Generating /home/awoods/programming/java/apps/fedora/futures/fcrepo4/fcrepo-kernel/target/apidocs/org/fcrepo/kernel/identifiers/class-use/PidMinter.html...
Generating /home/awoods/programming/java/apps/fedora/futures/fcrepo4/fcrepo-kernel/target/apidocs/org/fcrepo/kernel/class-use/RdfLexicon.html...
Generating /home/awoods/programming/java/apps/fedora/futures/fcrepo4/fcrepo-kernel/target/apidocs/org/fcrepo/kernel/class-use/FedoraJcrTypes.html...
Generating /home/awoods/programming/java/apps/fedora/futures/fcrepo4/fcrepo-kernel/target/apidocs/org/fcrepo/kernel/class-use/Transaction.html...
Generating /home/awoods/programming/java/apps/fedora/futures/fcrepo4/fcrepo-kernel/target/apidocs/org/fcrepo/kernel/class-use/Transaction.State.html...
Generating /home/awoods/programming/java/apps/fedora/futures/fcrepo4/fcrepo-kernel/target/apidocs/org/fcrepo/kernel/class-use/TxSession.html...
Generating /home/awoods/programming/java/apps/fedora/futures/fcrepo4/fcrepo-kernel/target/apidocs/org/fcrepo/kernel/observer/eventmappings/class-use/InternalExternalEventMapper.html...
Generating /home/awoods/programming/java/apps/fedora/futures/fcrepo4/fcrepo-kernel/target/apidocs/org/fcrepo/kernel/observer/class-use/FedoraEvent.html...
Generating /home/awoods/programming/java/apps/fedora/futures/fcrepo4/fcrepo-kernel/target/apidocs/org/fcrepo/kernel/observer/class-use/EventFilter.html...
Generating /home/awoods/programming/java/apps/fedora/futures/fcrepo4/fcrepo-kernel/target/apidocs/org/fcrepo/kernel/exception/class-use/IdentifierConversionException.html...
Generating /home/awoods/programming/java/apps/fedora/futures/fcrepo4/fcrepo-kernel/target/apidocs/org/fcrepo/kernel/exception/class-use/RepositoryVersionRuntimeException.html...
Generating /home/awoods/programming/java/apps/fedora/futures/fcrepo4/fcrepo-kernel/target/apidocs/org/fcrepo/kernel/exception/class-use/InvalidChecksumException.html...
Generating /home/awoods/programming/java/apps/fedora/futures/fcrepo4/fcrepo-kernel/target/apidocs/org/fcrepo/kernel/exception/class-use/NoSuchPropertyDefinitionException.html...
Generating /home/awoods/programming/java/apps/fedora/futures/fcrepo4/fcrepo-kernel/target/apidocs/org/fcrepo/kernel/exception/class-use/ResourceTypeException.html...
Generating /home/awoods/programming/java/apps/fedora/futures/fcrepo4/fcrepo-kernel/target/apidocs/org/fcrepo/kernel/exception/class-use/RepositoryRuntimeException.html...
Generating /home/awoods/programming/java/apps/fedora/futures/fcrepo4/fcrepo-kernel/target/apidocs/org/fcrepo/kernel/exception/class-use/FedoraInvalidNamespaceException.html...
Generating /home/awoods/programming/java/apps/fedora/futures/fcrepo4/fcrepo-kernel/target/apidocs/org/fcrepo/kernel/exception/class-use/PathNotFoundRuntimeException.html...
Generating /home/awoods/programming/java/apps/fedora/futures/fcrepo4/fcrepo-kernel/target/apidocs/org/fcrepo/kernel/exception/class-use/MalformedRdfException.html...
Generating /home/awoods/programming/java/apps/fedora/futures/fcrepo4/fcrepo-kernel/target/apidocs/org/fcrepo/kernel/exception/class-use/TombstoneException.html...
Generating /home/awoods/programming/java/apps/fedora/futures/fcrepo4/fcrepo-kernel/target/apidocs/org/fcrepo/kernel/exception/class-use/ServerManagedPropertyException.html...
Generating /home/awoods/programming/java/apps/fedora/futures/fcrepo4/fcrepo-kernel/target/apidocs/org/fcrepo/kernel/exception/class-use/TransactionMissingException.html...
Generating /home/awoods/programming/java/apps/fedora/futures/fcrepo4/fcrepo-kernel/target/apidocs/org/fcrepo/kernel/models/class-use/FedoraResource.html...
Generating /home/awoods/programming/java/apps/fedora/futures/fcrepo4/fcrepo-kernel/target/apidocs/org/fcrepo/kernel/models/class-use/Container.html...
Generating /home/awoods/programming/java/apps/fedora/futures/fcrepo4/fcrepo-kernel/target/apidocs/org/fcrepo/kernel/models/class-use/Tombstone.html...
Generating /home/awoods/programming/java/apps/fedora/futures/fcrepo4/fcrepo-kernel/target/apidocs/org/fcrepo/kernel/models/class-use/FedoraBinary.html...
Generating /home/awoods/programming/java/apps/fedora/futures/fcrepo4/fcrepo-kernel/target/apidocs/org/fcrepo/kernel/models/class-use/NonRdfSource.html...
Generating /home/awoods/programming/java/apps/fedora/futures/fcrepo4/fcrepo-kernel/target/apidocs/org/fcrepo/kernel/models/class-use/NonRdfSourceDescription.html...
Generating /home/awoods/programming/java/apps/fedora/futures/fcrepo4/fcrepo-kernel/target/apidocs/org/fcrepo/kernel/services/class-use/NodeService.html...
Generating /home/awoods/programming/java/apps/fedora/futures/fcrepo4/fcrepo-kernel/target/apidocs/org/fcrepo/kernel/services/class-use/BinaryService.html...
Generating /home/awoods/programming/java/apps/fedora/futures/fcrepo4/fcrepo-kernel/target/apidocs/org/fcrepo/kernel/services/class-use/RepositoryService.html...
Generating /home/awoods/programming/java/apps/fedora/futures/fcrepo4/fcrepo-kernel/target/apidocs/org/fcrepo/kernel/services/class-use/VersionService.html...
Generating /home/awoods/programming/java/apps/fedora/futures/fcrepo4/fcrepo-kernel/target/apidocs/org/fcrepo/kernel/services/class-use/Service.html...
Generating /home/awoods/programming/java/apps/fedora/futures/fcrepo4/fcrepo-kernel/target/apidocs/org/fcrepo/kernel/services/class-use/TransactionService.html...
Generating /home/awoods/programming/java/apps/fedora/futures/fcrepo4/fcrepo-kernel/target/apidocs/org/fcrepo/kernel/services/class-use/ExternalContentService.html...
Generating /home/awoods/programming/java/apps/fedora/futures/fcrepo4/fcrepo-kernel/target/apidocs/org/fcrepo/kernel/services/class-use/ContainerService.html...
Generating /home/awoods/programming/java/apps/fedora/futures/fcrepo4/fcrepo-kernel/target/apidocs/org/fcrepo/kernel/services/policy/class-use/StoragePolicy.html...
Generating /home/awoods/programming/java/apps/fedora/futures/fcrepo4/fcrepo-kernel/target/apidocs/org/fcrepo/kernel/services/policy/class-use/StoragePolicyDecisionPoint.html...
Generating /home/awoods/programming/java/apps/fedora/futures/fcrepo4/fcrepo-kernel/target/apidocs/org/fcrepo/kernel/services/functions/class-use/BooleanTypesPredicate.html...
Generating /home/awoods/programming/java/apps/fedora/futures/fcrepo4/fcrepo-kernel/target/apidocs/org/fcrepo/kernel/services/functions/class-use/JcrPropertyFunctions.html...
Generating /home/awoods/programming/java/apps/fedora/futures/fcrepo4/fcrepo-kernel/target/apidocs/org/fcrepo/kernel/services/functions/class-use/AllTypesPredicate.html...
Generating /home/awoods/programming/java/apps/fedora/futures/fcrepo4/fcrepo-kernel/target/apidocs/org/fcrepo/kernel/services/functions/class-use/AnyTypesPredicate.html...
Generating /home/awoods/programming/java/apps/fedora/futures/fcrepo4/fcrepo-kernel/target/apidocs/org/fcrepo/kernel/utils/class-use/ContentDigest.html...
Generating /home/awoods/programming/java/apps/fedora/futures/fcrepo4/fcrepo-kernel/target/apidocs/org/fcrepo/kernel/utils/class-use/EventType.html...
Generating /home/awoods/programming/java/apps/fedora/futures/fcrepo4/fcrepo-kernel/target/apidocs/org/fcrepo/kernel/utils/class-use/NamespaceTools.html...
Generating /home/awoods/programming/java/apps/fedora/futures/fcrepo4/fcrepo-kernel/target/apidocs/org/fcrepo/kernel/utils/class-use/CacheEntry.html...
Generating /home/awoods/programming/java/apps/fedora/futures/fcrepo4/fcrepo-kernel/target/apidocs/org/fcrepo/kernel/utils/class-use/FixityResult.html...
Generating /home/awoods/programming/java/apps/fedora/futures/fcrepo4/fcrepo-kernel/target/apidocs/org/fcrepo/kernel/utils/class-use/FixityResult.FixityState.html...
Generating /home/awoods/programming/java/apps/fedora/futures/fcrepo4/fcrepo-kernel/target/apidocs/org/fcrepo/kernel/utils/iterators/class-use/RdfStream.html...
Generating /home/awoods/programming/java/apps/fedora/futures/fcrepo4/fcrepo-kernel/target/apidocs/org/fcrepo/kernel/utils/iterators/class-use/IteratorConsumer.html...
Generating /home/awoods/programming/java/apps/fedora/futures/fcrepo4/fcrepo-kernel/target/apidocs/org/fcrepo/kernel/utils/iterators/class-use/RdfStreamConsumer.html...
Generating /home/awoods/programming/java/apps/fedora/futures/fcrepo4/fcrepo-kernel/target/apidocs/org/fcrepo/kernel/utils/iterators/class-use/GraphDifferencingIterator.html...
Generating /home/awoods/programming/java/apps/fedora/futures/fcrepo4/fcrepo-kernel/target/apidocs/org/fcrepo/kernel/package-use.html...
Generating /home/awoods/programming/java/apps/fedora/futures/fcrepo4/fcrepo-kernel/target/apidocs/org/fcrepo/kernel/exception/package-use.html...
Generating /home/awoods/programming/java/apps/fedora/futures/fcrepo4/fcrepo-kernel/target/apidocs/org/fcrepo/kernel/identifiers/package-use.html...
Generating /home/awoods/programming/java/apps/fedora/futures/fcrepo4/fcrepo-kernel/target/apidocs/org/fcrepo/kernel/models/package-use.html...
Generating /home/awoods/programming/java/apps/fedora/futures/fcrepo4/fcrepo-kernel/target/apidocs/org/fcrepo/kernel/observer/package-use.html...
Generating /home/awoods/programming/java/apps/fedora/futures/fcrepo4/fcrepo-kernel/target/apidocs/org/fcrepo/kernel/observer/eventmappings/package-use.html...
Generating /home/awoods/programming/java/apps/fedora/futures/fcrepo4/fcrepo-kernel/target/apidocs/org/fcrepo/kernel/services/package-use.html...
Generating /home/awoods/programming/java/apps/fedora/futures/fcrepo4/fcrepo-kernel/target/apidocs/org/fcrepo/kernel/services/functions/package-use.html...
Generating /home/awoods/programming/java/apps/fedora/futures/fcrepo4/fcrepo-kernel/target/apidocs/org/fcrepo/kernel/services/policy/package-use.html...
Generating /home/awoods/programming/java/apps/fedora/futures/fcrepo4/fcrepo-kernel/target/apidocs/org/fcrepo/kernel/utils/package-use.html...
Generating /home/awoods/programming/java/apps/fedora/futures/fcrepo4/fcrepo-kernel/target/apidocs/org/fcrepo/kernel/utils/iterators/package-use.html...
Building index for all the packages and classes...
Generating /home/awoods/programming/java/apps/fedora/futures/fcrepo4/fcrepo-kernel/target/apidocs/overview-tree.html...
Generating /home/awoods/programming/java/apps/fedora/futures/fcrepo4/fcrepo-kernel/target/apidocs/index-all.html...
Generating /home/awoods/programming/java/apps/fedora/futures/fcrepo4/fcrepo-kernel/target/apidocs/deprecated-list.html...
Building index for all classes...
Generating /home/awoods/programming/java/apps/fedora/futures/fcrepo4/fcrepo-kernel/target/apidocs/allclasses-frame.html...
Generating /home/awoods/programming/java/apps/fedora/futures/fcrepo4/fcrepo-kernel/target/apidocs/allclasses-noframe.html...
Generating /home/awoods/programming/java/apps/fedora/futures/fcrepo4/fcrepo-kernel/target/apidocs/index.html...
Generating /home/awoods/programming/java/apps/fedora/futures/fcrepo4/fcrepo-kernel/target/apidocs/overview-summary.html...
Generating /home/awoods/programming/java/apps/fedora/futures/fcrepo4/fcrepo-kernel/target/apidocs/help-doc.html...
3 errors
100 warnings
[INFO] ------------------------------------------------------------------------
[INFO] Reactor Summary:
[INFO] 
[INFO] Fedora Commons 4 .................................. SUCCESS [0.487s]
[INFO] Fedora Repository BOM ............................. SUCCESS [0.015s]
[INFO] Fedora Repository JCR BOM ......................... SUCCESS [0.014s]
[INFO] Fedora Repository BOMs ............................ SUCCESS [0.014s]
[INFO] Fedora Repository Kernel API ...................... FAILURE [2.287s]
[INFO] Fedora Repository Metrics Module .................. SKIPPED
[INFO] Fedora Repository Minter Module ................... SKIPPED
[INFO] Fedora Repository Configurations Module ........... SKIPPED
[INFO] Fedora Repository Kernel Implementation ........... SKIPPED
[INFO] Fedora Repository JMS Module ...................... SKIPPED
[INFO] Fedora Repository Object Serialization Module ..... SKIPPED
[INFO] Fedora Repository HTTP Commons Module ............. SKIPPED
[INFO] Fedora Repository FileSystem Connector Module ..... SKIPPED
[INFO] Fedora Repository Authorization Commons Module .... SKIPPED
[INFO] Fedora Repository HTTP API Module ................. SKIPPED
[INFO] Fedora Repository RDF Transformations Module ...... SKIPPED
[INFO] Fedora Repository Deployable Web Application ...... SKIPPED
[INFO] Fedora Repository LDP integration tests Module .... SKIPPED
[INFO] Fedora Repository RDF integration tests Module .... SKIPPED
[INFO] ------------------------------------------------------------------------
[INFO] BUILD FAILURE
[INFO] ------------------------------------------------------------------------
[INFO] Total time: 6.002s
[INFO] Finished at: Mon Feb 09 13:10:24 EST 2015
[INFO] Final Memory: 29M/328M
[INFO] ------------------------------------------------------------------------
[ERROR] Failed to execute goal org.apache.maven.plugins:maven-javadoc-plugin:2.10.1:jar (default-cli) on project fcrepo-kernel: MavenReportException: Error while creating archive:
[ERROR] Exit code: 1 - /home/awoods/programming/java/apps/fedora/futures/fcrepo4/fcrepo-kernel/src/main/java/org/fcrepo/kernel/identifiers/IdentifierConverter.java:33: warning: no description for @param
[ERROR] * @param resource
[ERROR] ^
[ERROR] /home/awoods/programming/java/apps/fedora/futures/fcrepo4/fcrepo-kernel/src/main/java/org/fcrepo/kernel/identifiers/IdentifierConverter.java:34: warning: no description for @return
[ERROR] * @return
[ERROR] ^
[ERROR] /home/awoods/programming/java/apps/fedora/futures/fcrepo4/fcrepo-kernel/src/main/java/org/fcrepo/kernel/identifiers/IdentifierConverter.java:42: warning: no description for @param
[ERROR] * @param resource
[ERROR] ^
[ERROR] /home/awoods/programming/java/apps/fedora/futures/fcrepo4/fcrepo-kernel/src/main/java/org/fcrepo/kernel/identifiers/IdentifierConverter.java:43: warning: no description for @return
[ERROR] * @return
[ERROR] ^
[ERROR] /home/awoods/programming/java/apps/fedora/futures/fcrepo4/fcrepo-kernel/src/main/java/org/fcrepo/kernel/identifiers/IdentifierConverter.java:49: warning: no description for @param
[ERROR] * @param resource
[ERROR] ^
[ERROR] /home/awoods/programming/java/apps/fedora/futures/fcrepo4/fcrepo-kernel/src/main/java/org/fcrepo/kernel/identifiers/IdentifierConverter.java:50: warning: no description for @return
[ERROR] * @return
[ERROR] ^
[ERROR] /home/awoods/programming/java/apps/fedora/futures/fcrepo4/fcrepo-kernel/src/main/java/org/fcrepo/kernel/Transaction.java:54: warning: no description for @throws
[ERROR] * @throws RepositoryException
[ERROR] ^
[ERROR] /home/awoods/programming/java/apps/fedora/futures/fcrepo4/fcrepo-kernel/src/main/java/org/fcrepo/kernel/Transaction.java:67: error: exception not thrown: javax.jcr.RepositoryException
[ERROR] * @throws RepositoryException
[ERROR] ^
[ERROR] /home/awoods/programming/java/apps/fedora/futures/fcrepo4/fcrepo-kernel/src/main/java/org/fcrepo/kernel/Transaction.java:67: warning: no description for @throws
[ERROR] * @throws RepositoryException
[ERROR] ^
[ERROR] /home/awoods/programming/java/apps/fedora/futures/fcrepo4/fcrepo-kernel/src/main/java/org/fcrepo/kernel/Transaction.java:87: error: exception not thrown: javax.jcr.RepositoryException
[ERROR] * @throws RepositoryException
[ERROR] ^
[ERROR] /home/awoods/programming/java/apps/fedora/futures/fcrepo4/fcrepo-kernel/src/main/java/org/fcrepo/kernel/Transaction.java:87: warning: no description for @throws
[ERROR] * @throws RepositoryException
[ERROR] ^
[ERROR] /home/awoods/programming/java/apps/fedora/futures/fcrepo4/fcrepo-kernel/src/main/java/org/fcrepo/kernel/observer/EventFilter.java:34: warning: no description for @param
[ERROR] * @param session
[ERROR] ^
[ERROR] /home/awoods/programming/java/apps/fedora/futures/fcrepo4/fcrepo-kernel/src/main/java/org/fcrepo/kernel/observer/FedoraEvent.java:84: warning: no description for @param
[ERROR] * @param type
[ERROR] ^
[ERROR] /home/awoods/programming/java/apps/fedora/futures/fcrepo4/fcrepo-kernel/src/main/java/org/fcrepo/kernel/observer/FedoraEvent.java:112: warning: no @throws for javax.jcr.RepositoryException
[ERROR] public String getPath() throws RepositoryException {
[ERROR] ^
[ERROR] /home/awoods/programming/java/apps/fedora/futures/fcrepo4/fcrepo-kernel/src/main/java/org/fcrepo/kernel/observer/FedoraEvent.java:131: warning: no @throws for javax.jcr.RepositoryException
[ERROR] public String getIdentifier() throws RepositoryException {
[ERROR] ^
[ERROR] /home/awoods/programming/java/apps/fedora/futures/fcrepo4/fcrepo-kernel/src/main/java/org/fcrepo/kernel/observer/FedoraEvent.java:138: warning: no @throws for javax.jcr.RepositoryException
[ERROR] public Map<Object, Object> getInfo() throws RepositoryException {
[ERROR] ^
[ERROR] /home/awoods/programming/java/apps/fedora/futures/fcrepo4/fcrepo-kernel/src/main/java/org/fcrepo/kernel/observer/FedoraEvent.java:145: warning: no @throws for javax.jcr.RepositoryException
[ERROR] public String getUserData() throws RepositoryException {
[ERROR] ^
[ERROR] /home/awoods/programming/java/apps/fedora/futures/fcrepo4/fcrepo-kernel/src/main/java/org/fcrepo/kernel/observer/FedoraEvent.java:152: warning: no @throws for javax.jcr.RepositoryException
[ERROR] public long getDate() throws RepositoryException {
[ERROR] ^
[ERROR] /home/awoods/programming/java/apps/fedora/futures/fcrepo4/fcrepo-kernel/src/main/java/org/fcrepo/kernel/observer/FedoraEvent.java:58: warning: no description for @param
[ERROR] * @param e
[ERROR] ^
[ERROR] /home/awoods/programming/java/apps/fedora/futures/fcrepo4/fcrepo-kernel/src/main/java/org/fcrepo/kernel/observer/FedoraEvent.java:69: warning: no description for @param
[ERROR] * @param e
[ERROR] ^
[ERROR] /home/awoods/programming/java/apps/fedora/futures/fcrepo4/fcrepo-kernel/src/main/java/org/fcrepo/kernel/exception/FedoraInvalidNamespaceException.java:32: warning: no description for @param
[ERROR] * @param msg
[ERROR] ^
[ERROR] /home/awoods/programming/java/apps/fedora/futures/fcrepo4/fcrepo-kernel/src/main/java/org/fcrepo/kernel/exception/FedoraInvalidNamespaceException.java:41: warning: no description for @param
[ERROR] * @param msg
[ERROR] ^
[ERROR] /home/awoods/programming/java/apps/fedora/futures/fcrepo4/fcrepo-kernel/src/main/java/org/fcrepo/kernel/exception/FedoraInvalidNamespaceException.java:42: warning: no description for @param
[ERROR] * @param rootCause
[ERROR] ^
[ERROR] /home/awoods/programming/java/apps/fedora/futures/fcrepo4/fcrepo-kernel/src/main/java/org/fcrepo/kernel/exception/IdentifierConversionException.java:29: warning: no description for @param
[ERROR] * @param msg
[ERROR] ^
[ERROR] /home/awoods/programming/java/apps/fedora/futures/fcrepo4/fcrepo-kernel/src/main/java/org/fcrepo/kernel/exception/InvalidChecksumException.java:29: warning: no description for @param
[ERROR] * @param message
[ERROR] ^
[ERROR] /home/awoods/programming/java/apps/fedora/futures/fcrepo4/fcrepo-kernel/src/main/java/org/fcrepo/kernel/exception/MalformedRdfException.java:34: warning: no description for @param
[ERROR] * @param msg
[ERROR] ^
[ERROR] /home/awoods/programming/java/apps/fedora/futures/fcrepo4/fcrepo-kernel/src/main/java/org/fcrepo/kernel/exception/MalformedRdfException.java:44: warning: no description for @param
[ERROR] * @param msg
[ERROR] ^
[ERROR] /home/awoods/programming/java/apps/fedora/futures/fcrepo4/fcrepo-kernel/src/main/java/org/fcrepo/kernel/exception/MalformedRdfException.java:45: warning: no description for @param
[ERROR] * @param rootCause
[ERROR] ^
[ERROR] /home/awoods/programming/java/apps/fedora/futures/fcrepo4/fcrepo-kernel/src/main/java/org/fcrepo/kernel/exception/PathNotFoundRuntimeException.java:28: warning: no description for @param
[ERROR] * @param rootCause
[ERROR] ^
[ERROR] /home/awoods/programming/java/apps/fedora/futures/fcrepo4/fcrepo-kernel/src/main/java/org/fcrepo/kernel/exception/RepositoryRuntimeException.java:29: warning: no description for @param
[ERROR] * @param msg
[ERROR] ^
[ERROR] /home/awoods/programming/java/apps/fedora/futures/fcrepo4/fcrepo-kernel/src/main/java/org/fcrepo/kernel/exception/RepositoryRuntimeException.java:48: warning: no description for @param
[ERROR] * @param msg
[ERROR] ^
[ERROR] /home/awoods/programming/java/apps/fedora/futures/fcrepo4/fcrepo-kernel/src/main/java/org/fcrepo/kernel/exception/RepositoryRuntimeException.java:49: warning: no description for @param
[ERROR] * @param rootCause
[ERROR] ^
[ERROR] /home/awoods/programming/java/apps/fedora/futures/fcrepo4/fcrepo-kernel/src/main/java/org/fcrepo/kernel/exception/RepositoryRuntimeException.java:38: warning: no description for @param
[ERROR] * @param rootCause
[ERROR] ^
[ERROR] /home/awoods/programming/java/apps/fedora/futures/fcrepo4/fcrepo-kernel/src/main/java/org/fcrepo/kernel/exception/RepositoryVersionRuntimeException.java:36: warning: no description for @param
[ERROR] * @param msg
[ERROR] ^
[ERROR] /home/awoods/programming/java/apps/fedora/futures/fcrepo4/fcrepo-kernel/src/main/java/org/fcrepo/kernel/exception/RepositoryVersionRuntimeException.java:28: warning: no description for @param
[ERROR] * @param rootCause
[ERROR] ^
[ERROR] /home/awoods/programming/java/apps/fedora/futures/fcrepo4/fcrepo-kernel/src/main/java/org/fcrepo/kernel/exception/ResourceTypeException.java:32: warning: no @param for message
[ERROR] public ResourceTypeException(final String message) {
[ERROR] ^
[ERROR] /home/awoods/programming/java/apps/fedora/futures/fcrepo4/fcrepo-kernel/src/main/java/org/fcrepo/kernel/exception/ServerManagedPropertyException.java:28: warning: no description for @param
[ERROR] * @param msg
[ERROR] ^
[ERROR] /home/awoods/programming/java/apps/fedora/futures/fcrepo4/fcrepo-kernel/src/main/java/org/fcrepo/kernel/exception/TombstoneException.java:55: warning: no description for @return
[ERROR] * @return
[ERROR] ^
[ERROR] /home/awoods/programming/java/apps/fedora/futures/fcrepo4/fcrepo-kernel/src/main/java/org/fcrepo/kernel/exception/TombstoneException.java:63: warning: no description for @return
[ERROR] * @return
[ERROR] ^
[ERROR] /home/awoods/programming/java/apps/fedora/futures/fcrepo4/fcrepo-kernel/src/main/java/org/fcrepo/kernel/exception/TombstoneException.java:36: warning: no description for @param
[ERROR] * @param fedoraResource
[ERROR] ^
[ERROR] /home/awoods/programming/java/apps/fedora/futures/fcrepo4/fcrepo-kernel/src/main/java/org/fcrepo/kernel/exception/TombstoneException.java:44: warning: no description for @param
[ERROR] * @param fedoraResource
[ERROR] ^
[ERROR] /home/awoods/programming/java/apps/fedora/futures/fcrepo4/fcrepo-kernel/src/main/java/org/fcrepo/kernel/exception/TombstoneException.java:45: warning: no description for @param
[ERROR] * @param uri
[ERROR] ^
[ERROR] /home/awoods/programming/java/apps/fedora/futures/fcrepo4/fcrepo-kernel/src/main/java/org/fcrepo/kernel/models/FedoraResource.java:59: warning: no description for @return
[ERROR] * @return
[ERROR] ^
[ERROR] /home/awoods/programming/java/apps/fedora/futures/fcrepo4/fcrepo-kernel/src/main/java/org/fcrepo/kernel/models/FedoraResource.java:65: warning: no description for @param
[ERROR] * @param relPath
[ERROR] ^
[ERROR] /home/awoods/programming/java/apps/fedora/futures/fcrepo4/fcrepo-kernel/src/main/java/org/fcrepo/kernel/models/FedoraResource.java:66: warning: no description for @return
[ERROR] * @return
[ERROR] ^
[ERROR] /home/awoods/programming/java/apps/fedora/futures/fcrepo4/fcrepo-kernel/src/main/java/org/fcrepo/kernel/models/FedoraResource.java:72: warning: no description for @param
[ERROR] * @param relPath
[ERROR] ^
[ERROR] /home/awoods/programming/java/apps/fedora/futures/fcrepo4/fcrepo-kernel/src/main/java/org/fcrepo/kernel/models/FedoraResource.java:73: warning: no description for @return
[ERROR] * @return
[ERROR] ^
[ERROR] /home/awoods/programming/java/apps/fedora/futures/fcrepo4/fcrepo-kernel/src/main/java/org/fcrepo/kernel/models/FedoraResource.java:79: warning: no description for @param
[ERROR] * @param relPath
[ERROR] ^
[ERROR] /home/awoods/programming/java/apps/fedora/futures/fcrepo4/fcrepo-kernel/src/main/java/org/fcrepo/kernel/models/FedoraResource.java:80: warning: no description for @return
[ERROR] * @return
[ERROR] ^
[ERROR] /home/awoods/programming/java/apps/fedora/futures/fcrepo4/fcrepo-kernel/src/main/java/org/fcrepo/kernel/models/FedoraResource.java:105: warning: no @param for type
[ERROR] boolean hasType(final String type);
[ERROR] ^
[ERROR] /home/awoods/programming/java/apps/fedora/futures/fcrepo4/fcrepo-kernel/src/main/java/org/fcrepo/kernel/models/FedoraResource.java:114: warning: no description for @param
[ERROR] * @param idTranslator
[ERROR] ^
[ERROR] /home/awoods/programming/java/apps/fedora/futures/fcrepo4/fcrepo-kernel/src/main/java/org/fcrepo/kernel/models/FedoraResource.java:115: warning: no description for @param
[ERROR] * @param sparqlUpdateStatement
[ERROR] ^
[ERROR] /home/awoods/programming/java/apps/fedora/futures/fcrepo4/fcrepo-kernel/src/main/java/org/fcrepo/kernel/models/FedoraResource.java:116: warning: no description for @param
[ERROR] * @param originalTriples
[ERROR] ^
[ERROR] /home/awoods/programming/java/apps/fedora/futures/fcrepo4/fcrepo-kernel/src/main/java/org/fcrepo/kernel/models/FedoraResource.java:118: warning: no @throws for org.fcrepo.kernel.exception.MalformedRdfException
[ERROR] void updateProperties(final IdentifierConverter<Resource, FedoraResource> idTranslator,
[ERROR] ^
[ERROR] /home/awoods/programming/java/apps/fedora/futures/fcrepo4/fcrepo-kernel/src/main/java/org/fcrepo/kernel/models/FedoraResource.java:124: warning: no description for @param
[ERROR] * @param idTranslator
[ERROR] ^
[ERROR] /home/awoods/programming/java/apps/fedora/futures/fcrepo4/fcrepo-kernel/src/main/java/org/fcrepo/kernel/models/FedoraResource.java:125: warning: no description for @param
[ERROR] * @param context
[ERROR] ^
[ERROR] /home/awoods/programming/java/apps/fedora/futures/fcrepo4/fcrepo-kernel/src/main/java/org/fcrepo/kernel/models/FedoraResource.java:126: warning: no description for @return
[ERROR] * @return
[ERROR] ^
[ERROR] /home/awoods/programming/java/apps/fedora/futures/fcrepo4/fcrepo-kernel/src/main/java/org/fcrepo/kernel/models/FedoraResource.java:133: warning: no description for @param
[ERROR] * @param idTranslator
[ERROR] ^
[ERROR] /home/awoods/programming/java/apps/fedora/futures/fcrepo4/fcrepo-kernel/src/main/java/org/fcrepo/kernel/models/FedoraResource.java:134: warning: no description for @param
[ERROR] * @param contexts
[ERROR] ^
[ERROR] /home/awoods/programming/java/apps/fedora/futures/fcrepo4/fcrepo-kernel/src/main/java/org/fcrepo/kernel/models/FedoraResource.java:135: warning: no description for @return
[ERROR] * @return
[ERROR] ^
[ERROR] /home/awoods/programming/java/apps/fedora/futures/fcrepo4/fcrepo-kernel/src/main/java/org/fcrepo/kernel/models/FedoraResource.java:164: warning: no description for @param
[ERROR] * @param idTranslator
[ERROR] ^
[ERROR] /home/awoods/programming/java/apps/fedora/futures/fcrepo4/fcrepo-kernel/src/main/java/org/fcrepo/kernel/models/FedoraResource.java:165: warning: no description for @param
[ERROR] * @param inputModel
[ERROR] ^
[ERROR] /home/awoods/programming/java/apps/fedora/futures/fcrepo4/fcrepo-kernel/src/main/java/org/fcrepo/kernel/models/FedoraResource.java:167: warning: no @param for originalTriples
[ERROR] void replaceProperties(final IdentifierConverter<Resource, FedoraResource> idTranslator,
[ERROR] ^
[ERROR] /home/awoods/programming/java/apps/fedora/futures/fcrepo4/fcrepo-kernel/src/main/java/org/fcrepo/kernel/models/FedoraResource.java:167: warning: no @throws for org.fcrepo.kernel.exception.MalformedRdfException
[ERROR] void replaceProperties(final IdentifierConverter<Resource, FedoraResource> idTranslator,
[ERROR] ^
[ERROR] /home/awoods/programming/java/apps/fedora/futures/fcrepo4/fcrepo-kernel/src/main/java/org/fcrepo/kernel/models/FedoraResource.java:193: warning: no description for @return
[ERROR] * @return
[ERROR] ^
[ERROR] /home/awoods/programming/java/apps/fedora/futures/fcrepo4/fcrepo-kernel/src/main/java/org/fcrepo/kernel/models/FedoraResource.java:199: warning: no description for @return
[ERROR] * @return
[ERROR] ^
[ERROR] /home/awoods/programming/java/apps/fedora/futures/fcrepo4/fcrepo-kernel/src/main/java/org/fcrepo/kernel/models/FedoraResource.java:205: warning: no description for @return
[ERROR] * @return
[ERROR] ^
[ERROR] /home/awoods/programming/java/apps/fedora/futures/fcrepo4/fcrepo-kernel/src/main/java/org/fcrepo/kernel/models/FedoraResource.java:211: warning: no description for @return
[ERROR] * @return
[ERROR] ^
[ERROR] /home/awoods/programming/java/apps/fedora/futures/fcrepo4/fcrepo-kernel/src/main/java/org/fcrepo/kernel/models/FedoraResource.java:217: warning: no description for @param
[ERROR] * @param label
[ERROR] ^
[ERROR] /home/awoods/programming/java/apps/fedora/futures/fcrepo4/fcrepo-kernel/src/main/java/org/fcrepo/kernel/models/FedoraResource.java:218: warning: no description for @return
[ERROR] * @return
[ERROR] ^
[ERROR] /home/awoods/programming/java/apps/fedora/futures/fcrepo4/fcrepo-kernel/src/main/java/org/fcrepo/kernel/models/FedoraBinary.java:53: warning: no description for @throws
[ERROR] * @throws org.fcrepo.kernel.exception.InvalidChecksumException
[ERROR] ^
[ERROR] /home/awoods/programming/java/apps/fedora/futures/fcrepo4/fcrepo-kernel/src/main/java/org/fcrepo/kernel/models/FedoraBinary.java:84: warning: no description for @param
[ERROR] * @param idTranslator
[ERROR] ^
[ERROR] /home/awoods/programming/java/apps/fedora/futures/fcrepo4/fcrepo-kernel/src/main/java/org/fcrepo/kernel/models/FedoraBinary.java:85: warning: no description for @return
[ERROR] * @return
[ERROR] ^
[ERROR] /home/awoods/programming/java/apps/fedora/futures/fcrepo4/fcrepo-kernel/src/main/java/org/fcrepo/kernel/models/FedoraBinary.java:91: warning: no description for @param
[ERROR] * @param idTranslator
[ERROR] ^
[ERROR] /home/awoods/programming/java/apps/fedora/futures/fcrepo4/fcrepo-kernel/src/main/java/org/fcrepo/kernel/models/FedoraBinary.java:94: warning: no description for @return
[ERROR] * @return
[ERROR] ^
[ERROR] /home/awoods/programming/java/apps/fedora/futures/fcrepo4/fcrepo-kernel/src/main/java/org/fcrepo/kernel/models/NonRdfSource.java:25: warning: no description for @return
[ERROR] * @return
[ERROR] ^
[ERROR] /home/awoods/programming/java/apps/fedora/futures/fcrepo4/fcrepo-kernel/src/main/java/org/fcrepo/kernel/services/Service.java:31: warning: no description for @param
[ERROR] * @param path
[ERROR] ^
[ERROR] /home/awoods/programming/java/apps/fedora/futures/fcrepo4/fcrepo-kernel/src/main/java/org/fcrepo/kernel/services/Service.java:34: warning: no @param for session
[ERROR] public boolean exists(final Session session, final String path);
[ERROR] ^
[ERROR] /home/awoods/programming/java/apps/fedora/futures/fcrepo4/fcrepo-kernel/src/main/java/org/fcrepo/kernel/services/Service.java:41: warning: no @param for session
[ERROR] public T find(final Session session, final String path);
[ERROR] ^
[ERROR] /home/awoods/programming/java/apps/fedora/futures/fcrepo4/fcrepo-kernel/src/main/java/org/fcrepo/kernel/services/Service.java:48: warning: no @param for session
[ERROR] public T findOrCreate(final Session session, final String path);
[ERROR] ^
[ERROR] /home/awoods/programming/java/apps/fedora/futures/fcrepo4/fcrepo-kernel/src/main/java/org/fcrepo/kernel/services/Service.java:52: warning: no description for @param
[ERROR] * @param node
[ERROR] ^
[ERROR] /home/awoods/programming/java/apps/fedora/futures/fcrepo4/fcrepo-kernel/src/main/java/org/fcrepo/kernel/services/ExternalContentService.java:28: warning: no description for @param
[ERROR] * @param sourceUri
[ERROR] ^
[ERROR] /home/awoods/programming/java/apps/fedora/futures/fcrepo4/fcrepo-kernel/src/main/java/org/fcrepo/kernel/services/ExternalContentService.java:30: warning: no description for @throws
[ERROR] * @throws IOException
[ERROR] ^
[ERROR] /home/awoods/programming/java/apps/fedora/futures/fcrepo4/fcrepo-kernel/src/main/java/org/fcrepo/kernel/services/NodeService.java:33: warning: no description for @param
[ERROR] * @param session
[ERROR] ^
[ERROR] /home/awoods/programming/java/apps/fedora/futures/fcrepo4/fcrepo-kernel/src/main/java/org/fcrepo/kernel/services/NodeService.java:34: warning: no description for @param
[ERROR] * @param source
[ERROR] ^
[ERROR] /home/awoods/programming/java/apps/fedora/futures/fcrepo4/fcrepo-kernel/src/main/java/org/fcrepo/kernel/services/NodeService.java:35: warning: no description for @param
[ERROR] * @param destination
[ERROR] ^
[ERROR] /home/awoods/programming/java/apps/fedora/futures/fcrepo4/fcrepo-kernel/src/main/java/org/fcrepo/kernel/services/NodeService.java:41: warning: no description for @param
[ERROR] * @param session
[ERROR] ^
[ERROR] /home/awoods/programming/java/apps/fedora/futures/fcrepo4/fcrepo-kernel/src/main/java/org/fcrepo/kernel/services/NodeService.java:42: warning: no description for @param
[ERROR] * @param source
[ERROR] ^
[ERROR] /home/awoods/programming/java/apps/fedora/futures/fcrepo4/fcrepo-kernel/src/main/java/org/fcrepo/kernel/services/NodeService.java:43: warning: no description for @param
[ERROR] * @param destination
[ERROR] ^
[ERROR] /home/awoods/programming/java/apps/fedora/futures/fcrepo4/fcrepo-kernel/src/main/java/org/fcrepo/kernel/services/NodeService.java:48: warning: no description for @param
[ERROR] * @param session
[ERROR] ^
[ERROR] /home/awoods/programming/java/apps/fedora/futures/fcrepo4/fcrepo-kernel/src/main/java/org/fcrepo/kernel/services/NodeService.java:54: warning: no description for @param
[ERROR] * @param session
[ERROR] ^
[ERROR] /home/awoods/programming/java/apps/fedora/futures/fcrepo4/fcrepo-kernel/src/main/java/org/fcrepo/kernel/services/NodeService.java:55: warning: no description for @param
[ERROR] * @param cndStream
[ERROR] ^
[ERROR] /home/awoods/programming/java/apps/fedora/futures/fcrepo4/fcrepo-kernel/src/main/java/org/fcrepo/kernel/services/NodeService.java:56: warning: no description for @throws
[ERROR] * @throws IOException
[ERROR] ^
[ERROR] /home/awoods/programming/java/apps/fedora/futures/fcrepo4/fcrepo-kernel/src/main/java/org/fcrepo/kernel/services/RepositoryService.java:47: warning: no description for @param
[ERROR] * @param session
[ERROR] ^
[ERROR] /home/awoods/programming/java/apps/fedora/futures/fcrepo4/fcrepo-kernel/src/main/java/org/fcrepo/kernel/services/RepositoryService.java:48: warning: no description for @param
[ERROR] * @param backupDirectory
[ERROR] ^
[ERROR] /home/awoods/programming/java/apps/fedora/futures/fcrepo4/fcrepo-kernel/src/main/java/org/fcrepo/kernel/services/RepositoryService.java:56: warning: no description for @param
[ERROR] * @param session
[ERROR] ^
[ERROR] /home/awoods/programming/java/apps/fedora/futures/fcrepo4/fcrepo-kernel/src/main/java/org/fcrepo/kernel/services/RepositoryService.java:57: warning: no description for @param
[ERROR] * @param backupDirectory
[ERROR] ^
[ERROR] /home/awoods/programming/java/apps/fedora/futures/fcrepo4/fcrepo-kernel/src/main/java/org/fcrepo/kernel/services/TransactionService.java:40: warning: no @param for userName
[ERROR] Transaction beginTransaction(Session sess, String userName);
[ERROR] ^
[ERROR] /home/awoods/programming/java/apps/fedora/futures/fcrepo4/fcrepo-kernel/src/main/java/org/fcrepo/kernel/services/TransactionService.java:56: warning: no description for @param
[ERROR] * @param session
[ERROR] ^
[ERROR] /home/awoods/programming/java/apps/fedora/futures/fcrepo4/fcrepo-kernel/src/main/java/org/fcrepo/kernel/services/TransactionService.java:58: warning: no description for @throws
[ERROR] * @throws TransactionMissingException
[ERROR] ^
[ERROR] /home/awoods/programming/java/apps/fedora/futures/fcrepo4/fcrepo-kernel/src/main/java/org/fcrepo/kernel/services/TransactionService.java:75: warning: no @return
[ERROR] Transaction commit(String txid);
[ERROR] ^
[ERROR] /home/awoods/programming/java/apps/fedora/futures/fcrepo4/fcrepo-kernel/src/main/java/org/fcrepo/kernel/services/VersionService.java:33: warning: no description for @throws
[ERROR] * @throws RepositoryException
[ERROR] ^
[ERROR] /home/awoods/programming/java/apps/fedora/futures/fcrepo4/fcrepo-kernel/src/main/java/org/fcrepo/kernel/utils/iterators/RdfStream.java:314: error: unknown tag: Triple
[ERROR] * @return an anonymous Iterable<Triple> for use with for-each etc.
[ERROR] ^
[ERROR] 
[ERROR] Command line was: /usr/lib/jvm/jdk1.8.0_25/jre/../bin/javadoc @options @packages
[ERROR] 
[ERROR] Refer to the generated Javadoc files in '/home/awoods/programming/java/apps/fedora/futures/fcrepo4/fcrepo-kernel/target/apidocs' dir.
[ERROR] -> [Help 1]
[ERROR] 
[ERROR] To see the full stack trace of the errors, re-run Maven with the -e switch.
[ERROR] Re-run Maven using the -X switch to enable full debug logging.
[ERROR] 
[ERROR] For more information about the errors and possible solutions, please read the following articles:
[ERROR] [Help 1] http://cwiki.apache.org/confluence/display/MAVEN/MojoExecutionException
[ERROR] 
[ERROR] After correcting the problems, you can resume the build with the command
[ERROR]   mvn <goals> -rf :fcrepo-kernel
