[INFO] Scanning for projects...
Downloading: https://oss.sonatype.org/service/local/staging/deploy/maven2/com/lazerycode/jmeter/jmeter-maven-plugin/1.10.1/jmeter-maven-plugin-1.10.1.pom
[WARNING] Failed to retrieve plugin descriptor for com.lazerycode.jmeter:jmeter-maven-plugin:1.10.1: Plugin com.lazerycode.jmeter:jmeter-maven-plugin:1.10.1 or one of its dependencies could not be resolved: Failed to read artifact descriptor for com.lazerycode.jmeter:jmeter-maven-plugin:jar:1.10.1
Downloading: https://oss.sonatype.org/service/local/staging/deploy/maven2/org/codehaus/mojo/maven-metadata.xml
Downloading: https://oss.sonatype.org/service/local/staging/deploy/maven2/org/apache/maven/plugins/maven-metadata.xml
[WARNING] Could not transfer metadata org.apache.maven.plugins/maven-metadata.xml from/to sonatype-nexus-staging (https://oss.sonatype.org/service/local/staging/deploy/maven2/): Failed to transfer file: https://oss.sonatype.org/service/local/staging/deploy/maven2/org/apache/maven/plugins/maven-metadata.xml. Return code is: 400 , ReasonPhrase:Bad Request.
[WARNING] Could not transfer metadata org.codehaus.mojo/maven-metadata.xml from/to sonatype-nexus-staging (https://oss.sonatype.org/service/local/staging/deploy/maven2/): Failed to transfer file: https://oss.sonatype.org/service/local/staging/deploy/maven2/org/codehaus/mojo/maven-metadata.xml. Return code is: 400 , ReasonPhrase:Bad Request.
Downloading: https://oss.sonatype.org/service/local/staging/deploy/maven2/org/apache/maven/plugins/maven-javadoc-plugin/maven-metadata.xml
[WARNING] Could not transfer metadata org.apache.maven.plugins:maven-javadoc-plugin/maven-metadata.xml from/to sonatype-nexus-staging (https://oss.sonatype.org/service/local/staging/deploy/maven2/): Failed to transfer file: https://oss.sonatype.org/service/local/staging/deploy/maven2/org/apache/maven/plugins/maven-javadoc-plugin/maven-metadata.xml. Return code is: 400 , ReasonPhrase:Bad Request.
[INFO]                                                                         
[INFO] ------------------------------------------------------------------------
[INFO] Building fcrepo-oaiprovider 4.1.1-SNAPSHOT
[INFO] ------------------------------------------------------------------------
[WARNING] Failed to retrieve plugin descriptor for com.lazerycode.jmeter:jmeter-maven-plugin:1.10.1: Plugin com.lazerycode.jmeter:jmeter-maven-plugin:1.10.1 or one of its dependencies could not be resolved: Failed to read artifact descriptor for com.lazerycode.jmeter:jmeter-maven-plugin:jar:1.10.1
[WARNING] Failure to transfer org.apache.maven.plugins/maven-metadata.xml from https://oss.sonatype.org/service/local/staging/deploy/maven2/ was cached in the local repository, resolution will not be reattempted until the update interval of sonatype-nexus-staging has elapsed or updates are forced. Original error: Could not transfer metadata org.apache.maven.plugins/maven-metadata.xml from/to sonatype-nexus-staging (https://oss.sonatype.org/service/local/staging/deploy/maven2/): Failed to transfer file: https://oss.sonatype.org/service/local/staging/deploy/maven2/org/apache/maven/plugins/maven-metadata.xml. Return code is: 400 , ReasonPhrase:Bad Request.
[WARNING] Failure to transfer org.codehaus.mojo/maven-metadata.xml from https://oss.sonatype.org/service/local/staging/deploy/maven2/ was cached in the local repository, resolution will not be reattempted until the update interval of sonatype-nexus-staging has elapsed or updates are forced. Original error: Could not transfer metadata org.codehaus.mojo/maven-metadata.xml from/to sonatype-nexus-staging (https://oss.sonatype.org/service/local/staging/deploy/maven2/): Failed to transfer file: https://oss.sonatype.org/service/local/staging/deploy/maven2/org/codehaus/mojo/maven-metadata.xml. Return code is: 400 , ReasonPhrase:Bad Request.
[WARNING] Failure to transfer org.apache.maven.plugins:maven-javadoc-plugin/maven-metadata.xml from https://oss.sonatype.org/service/local/staging/deploy/maven2/ was cached in the local repository, resolution will not be reattempted until the update interval of sonatype-nexus-staging has elapsed or updates are forced. Original error: Could not transfer metadata org.apache.maven.plugins:maven-javadoc-plugin/maven-metadata.xml from/to sonatype-nexus-staging (https://oss.sonatype.org/service/local/staging/deploy/maven2/): Failed to transfer file: https://oss.sonatype.org/service/local/staging/deploy/maven2/org/apache/maven/plugins/maven-javadoc-plugin/maven-metadata.xml. Return code is: 400 , ReasonPhrase:Bad Request.
[INFO] 
[INFO] --- maven-javadoc-plugin:2.10.1:jar (default-cli) @ fcrepo-oaiprovider ---
[INFO] 
Loading source files for package org.fcrepo.oai.http...
Loading source files for package org.fcrepo.oai.jersey...
Loading source files for package org.fcrepo.oai.rdf...
Loading source files for package org.fcrepo.oai.dublincore...
Loading source files for package org.fcrepo.oai.service...
Constructing Javadoc information...
Standard Doclet version 1.8.0_25
Building tree for all the packages and classes...
Generating /home/awoods/programming/java/apps/fedora/futures/fcrepo4-oaiprovider/target/apidocs/org/fcrepo/oai/http/OAIWebResource.html...
Generating /home/awoods/programming/java/apps/fedora/futures/fcrepo4-oaiprovider/target/apidocs/org/fcrepo/oai/http/ResumptionToken.html...
Generating /home/awoods/programming/java/apps/fedora/futures/fcrepo4-oaiprovider/target/apidocs/org/fcrepo/oai/jersey/OaiJaxbProvider.html...
Generating /home/awoods/programming/java/apps/fedora/futures/fcrepo4-oaiprovider/target/apidocs/org/fcrepo/oai/jersey/XmlDeclarationStrippingInputStream.html...
Generating /home/awoods/programming/java/apps/fedora/futures/fcrepo4-oaiprovider/target/apidocs/org/fcrepo/oai/rdf/PropertyPredicate.html...
Generating /home/awoods/programming/java/apps/fedora/futures/fcrepo4-oaiprovider/target/apidocs/org/fcrepo/oai/dublincore/JcrPropertiesGenerator.html...
Generating /home/awoods/programming/java/apps/fedora/futures/fcrepo4-oaiprovider/target/apidocs/org/fcrepo/oai/service/MetadataFormat.html...
Generating /home/awoods/programming/java/apps/fedora/futures/fcrepo4-oaiprovider/target/apidocs/org/fcrepo/oai/service/OAIProviderService.html...
Generating /home/awoods/programming/java/apps/fedora/futures/fcrepo4-oaiprovider/target/apidocs/overview-frame.html...
Generating /home/awoods/programming/java/apps/fedora/futures/fcrepo4-oaiprovider/target/apidocs/org/fcrepo/oai/dublincore/package-frame.html...
Generating /home/awoods/programming/java/apps/fedora/futures/fcrepo4-oaiprovider/target/apidocs/org/fcrepo/oai/dublincore/package-summary.html...
Generating /home/awoods/programming/java/apps/fedora/futures/fcrepo4-oaiprovider/target/apidocs/org/fcrepo/oai/dublincore/package-tree.html...
Generating /home/awoods/programming/java/apps/fedora/futures/fcrepo4-oaiprovider/target/apidocs/org/fcrepo/oai/http/package-frame.html...
Generating /home/awoods/programming/java/apps/fedora/futures/fcrepo4-oaiprovider/target/apidocs/org/fcrepo/oai/http/package-summary.html...
Generating /home/awoods/programming/java/apps/fedora/futures/fcrepo4-oaiprovider/target/apidocs/org/fcrepo/oai/http/package-tree.html...
Generating /home/awoods/programming/java/apps/fedora/futures/fcrepo4-oaiprovider/target/apidocs/org/fcrepo/oai/jersey/package-frame.html...
Generating /home/awoods/programming/java/apps/fedora/futures/fcrepo4-oaiprovider/target/apidocs/org/fcrepo/oai/jersey/package-summary.html...
Generating /home/awoods/programming/java/apps/fedora/futures/fcrepo4-oaiprovider/target/apidocs/org/fcrepo/oai/jersey/package-tree.html...
Generating /home/awoods/programming/java/apps/fedora/futures/fcrepo4-oaiprovider/target/apidocs/org/fcrepo/oai/rdf/package-frame.html...
Generating /home/awoods/programming/java/apps/fedora/futures/fcrepo4-oaiprovider/target/apidocs/org/fcrepo/oai/rdf/package-summary.html...
Generating /home/awoods/programming/java/apps/fedora/futures/fcrepo4-oaiprovider/target/apidocs/org/fcrepo/oai/rdf/package-tree.html...
Generating /home/awoods/programming/java/apps/fedora/futures/fcrepo4-oaiprovider/target/apidocs/org/fcrepo/oai/service/package-frame.html...
Generating /home/awoods/programming/java/apps/fedora/futures/fcrepo4-oaiprovider/target/apidocs/org/fcrepo/oai/service/package-summary.html...
Generating /home/awoods/programming/java/apps/fedora/futures/fcrepo4-oaiprovider/target/apidocs/org/fcrepo/oai/service/package-tree.html...
Generating /home/awoods/programming/java/apps/fedora/futures/fcrepo4-oaiprovider/target/apidocs/constant-values.html...
Generating /home/awoods/programming/java/apps/fedora/futures/fcrepo4-oaiprovider/target/apidocs/org/fcrepo/oai/http/class-use/ResumptionToken.html...
Generating /home/awoods/programming/java/apps/fedora/futures/fcrepo4-oaiprovider/target/apidocs/org/fcrepo/oai/http/class-use/OAIWebResource.html...
Generating /home/awoods/programming/java/apps/fedora/futures/fcrepo4-oaiprovider/target/apidocs/org/fcrepo/oai/jersey/class-use/XmlDeclarationStrippingInputStream.html...
Generating /home/awoods/programming/java/apps/fedora/futures/fcrepo4-oaiprovider/target/apidocs/org/fcrepo/oai/jersey/class-use/OaiJaxbProvider.html...
Generating /home/awoods/programming/java/apps/fedora/futures/fcrepo4-oaiprovider/target/apidocs/org/fcrepo/oai/rdf/class-use/PropertyPredicate.html...
Generating /home/awoods/programming/java/apps/fedora/futures/fcrepo4-oaiprovider/target/apidocs/org/fcrepo/oai/dublincore/class-use/JcrPropertiesGenerator.html...
Generating /home/awoods/programming/java/apps/fedora/futures/fcrepo4-oaiprovider/target/apidocs/org/fcrepo/oai/service/class-use/OAIProviderService.html...
Generating /home/awoods/programming/java/apps/fedora/futures/fcrepo4-oaiprovider/target/apidocs/org/fcrepo/oai/service/class-use/MetadataFormat.html...
Generating /home/awoods/programming/java/apps/fedora/futures/fcrepo4-oaiprovider/target/apidocs/org/fcrepo/oai/dublincore/package-use.html...
Generating /home/awoods/programming/java/apps/fedora/futures/fcrepo4-oaiprovider/target/apidocs/org/fcrepo/oai/http/package-use.html...
Generating /home/awoods/programming/java/apps/fedora/futures/fcrepo4-oaiprovider/target/apidocs/org/fcrepo/oai/jersey/package-use.html...
Generating /home/awoods/programming/java/apps/fedora/futures/fcrepo4-oaiprovider/target/apidocs/org/fcrepo/oai/rdf/package-use.html...
Generating /home/awoods/programming/java/apps/fedora/futures/fcrepo4-oaiprovider/target/apidocs/org/fcrepo/oai/service/package-use.html...
Building index for all the packages and classes...
Generating /home/awoods/programming/java/apps/fedora/futures/fcrepo4-oaiprovider/target/apidocs/overview-tree.html...
Generating /home/awoods/programming/java/apps/fedora/futures/fcrepo4-oaiprovider/target/apidocs/index-all.html...
Generating /home/awoods/programming/java/apps/fedora/futures/fcrepo4-oaiprovider/target/apidocs/deprecated-list.html...
Building index for all classes...
Generating /home/awoods/programming/java/apps/fedora/futures/fcrepo4-oaiprovider/target/apidocs/allclasses-frame.html...
Generating /home/awoods/programming/java/apps/fedora/futures/fcrepo4-oaiprovider/target/apidocs/allclasses-noframe.html...
Generating /home/awoods/programming/java/apps/fedora/futures/fcrepo4-oaiprovider/target/apidocs/index.html...
Generating /home/awoods/programming/java/apps/fedora/futures/fcrepo4-oaiprovider/target/apidocs/overview-summary.html...
Generating /home/awoods/programming/java/apps/fedora/futures/fcrepo4-oaiprovider/target/apidocs/help-doc.html...
58 warnings
[WARNING] Javadoc Warnings
[WARNING] /home/awoods/programming/java/apps/fedora/futures/fcrepo4-oaiprovider/src/main/java/org/fcrepo/oai/http/OAIWebResource.java:18: error: package org.openarchives.oai._2 does not exist
[WARNING] import static org.openarchives.oai._2.VerbType.GET_RECORD;
[WARNING] ^
[WARNING] /home/awoods/programming/java/apps/fedora/futures/fcrepo4-oaiprovider/src/main/java/org/fcrepo/oai/http/OAIWebResource.java:18: error: static import only from classes and interfaces
[WARNING] import static org.openarchives.oai._2.VerbType.GET_RECORD;
[WARNING] ^
[WARNING] /home/awoods/programming/java/apps/fedora/futures/fcrepo4-oaiprovider/src/main/java/org/fcrepo/oai/http/OAIWebResource.java:19: error: package org.openarchives.oai._2 does not exist
[WARNING] import static org.openarchives.oai._2.VerbType.IDENTIFY;
[WARNING] ^
[WARNING] /home/awoods/programming/java/apps/fedora/futures/fcrepo4-oaiprovider/src/main/java/org/fcrepo/oai/http/OAIWebResource.java:19: error: static import only from classes and interfaces
[WARNING] import static org.openarchives.oai._2.VerbType.IDENTIFY;
[WARNING] ^
[WARNING] /home/awoods/programming/java/apps/fedora/futures/fcrepo4-oaiprovider/src/main/java/org/fcrepo/oai/http/OAIWebResource.java:20: error: package org.openarchives.oai._2 does not exist
[WARNING] import static org.openarchives.oai._2.VerbType.LIST_IDENTIFIERS;
[WARNING] ^
[WARNING] /home/awoods/programming/java/apps/fedora/futures/fcrepo4-oaiprovider/src/main/java/org/fcrepo/oai/http/OAIWebResource.java:20: error: static import only from classes and interfaces
[WARNING] import static org.openarchives.oai._2.VerbType.LIST_IDENTIFIERS;
[WARNING] ^
[WARNING] /home/awoods/programming/java/apps/fedora/futures/fcrepo4-oaiprovider/src/main/java/org/fcrepo/oai/http/OAIWebResource.java:21: error: package org.openarchives.oai._2 does not exist
[WARNING] import static org.openarchives.oai._2.VerbType.LIST_METADATA_FORMATS;
[WARNING] ^
[WARNING] /home/awoods/programming/java/apps/fedora/futures/fcrepo4-oaiprovider/src/main/java/org/fcrepo/oai/http/OAIWebResource.java:21: error: static import only from classes and interfaces
[WARNING] import static org.openarchives.oai._2.VerbType.LIST_METADATA_FORMATS;
[WARNING] ^
[WARNING] /home/awoods/programming/java/apps/fedora/futures/fcrepo4-oaiprovider/src/main/java/org/fcrepo/oai/http/OAIWebResource.java:22: error: package org.openarchives.oai._2 does not exist
[WARNING] import static org.openarchives.oai._2.VerbType.LIST_RECORDS;
[WARNING] ^
[WARNING] /home/awoods/programming/java/apps/fedora/futures/fcrepo4-oaiprovider/src/main/java/org/fcrepo/oai/http/OAIWebResource.java:22: error: static import only from classes and interfaces
[WARNING] import static org.openarchives.oai._2.VerbType.LIST_RECORDS;
[WARNING] ^
[WARNING] /home/awoods/programming/java/apps/fedora/futures/fcrepo4-oaiprovider/src/main/java/org/fcrepo/oai/http/OAIWebResource.java:23: error: package org.openarchives.oai._2 does not exist
[WARNING] import static org.openarchives.oai._2.VerbType.LIST_SETS;
[WARNING] ^
[WARNING] /home/awoods/programming/java/apps/fedora/futures/fcrepo4-oaiprovider/src/main/java/org/fcrepo/oai/http/OAIWebResource.java:23: error: static import only from classes and interfaces
[WARNING] import static org.openarchives.oai._2.VerbType.LIST_SETS;
[WARNING] ^
[WARNING] /home/awoods/programming/java/apps/fedora/futures/fcrepo4-oaiprovider/src/main/java/org/fcrepo/oai/http/OAIWebResource.java:44: error: package org.openarchives.oai._2 does not exist
[WARNING] import org.openarchives.oai._2.OAIPMHerrorcodeType;
[WARNING] ^
[WARNING] /home/awoods/programming/java/apps/fedora/futures/fcrepo4-oaiprovider/src/main/java/org/fcrepo/oai/http/OAIWebResource.java:45: error: package org.openarchives.oai._2 does not exist
[WARNING] import org.openarchives.oai._2.VerbType;
[WARNING] ^
[WARNING] /home/awoods/programming/java/apps/fedora/futures/fcrepo4-oaiprovider/src/main/java/org/fcrepo/oai/service/OAIProviderService.java:77: error: package org.openarchives.oai._2 does not exist
[WARNING] import org.openarchives.oai._2.DescriptionType;
[WARNING] ^
[WARNING] /home/awoods/programming/java/apps/fedora/futures/fcrepo4-oaiprovider/src/main/java/org/fcrepo/oai/service/OAIProviderService.java:78: error: package org.openarchives.oai._2 does not exist
[WARNING] import org.openarchives.oai._2.GetRecordType;
[WARNING] ^
[WARNING] /home/awoods/programming/java/apps/fedora/futures/fcrepo4-oaiprovider/src/main/java/org/fcrepo/oai/service/OAIProviderService.java:79: error: package org.openarchives.oai._2 does not exist
[WARNING] import org.openarchives.oai._2.HeaderType;
[WARNING] ^
[WARNING] /home/awoods/programming/java/apps/fedora/futures/fcrepo4-oaiprovider/src/main/java/org/fcrepo/oai/service/OAIProviderService.java:80: error: package org.openarchives.oai._2 does not exist
[WARNING] import org.openarchives.oai._2.IdentifyType;
[WARNING] ^
[WARNING] /home/awoods/programming/java/apps/fedora/futures/fcrepo4-oaiprovider/src/main/java/org/fcrepo/oai/service/OAIProviderService.java:81: error: package org.openarchives.oai._2 does not exist
[WARNING] import org.openarchives.oai._2.ListIdentifiersType;
[WARNING] ^
[WARNING] /home/awoods/programming/java/apps/fedora/futures/fcrepo4-oaiprovider/src/main/java/org/fcrepo/oai/service/OAIProviderService.java:82: error: package org.openarchives.oai._2 does not exist
[WARNING] import org.openarchives.oai._2.ListMetadataFormatsType;
[WARNING] ^
[WARNING] /home/awoods/programming/java/apps/fedora/futures/fcrepo4-oaiprovider/src/main/java/org/fcrepo/oai/service/OAIProviderService.java:83: error: package org.openarchives.oai._2 does not exist
[WARNING] import org.openarchives.oai._2.ListRecordsType;
[WARNING] ^
[WARNING] /home/awoods/programming/java/apps/fedora/futures/fcrepo4-oaiprovider/src/main/java/org/fcrepo/oai/service/OAIProviderService.java:84: error: package org.openarchives.oai._2 does not exist
[WARNING] import org.openarchives.oai._2.ListSetsType;
[WARNING] ^
[WARNING] /home/awoods/programming/java/apps/fedora/futures/fcrepo4-oaiprovider/src/main/java/org/fcrepo/oai/service/OAIProviderService.java:85: error: package org.openarchives.oai._2 does not exist
[WARNING] import org.openarchives.oai._2.MetadataFormatType;
[WARNING] ^
[WARNING] /home/awoods/programming/java/apps/fedora/futures/fcrepo4-oaiprovider/src/main/java/org/fcrepo/oai/service/OAIProviderService.java:86: error: package org.openarchives.oai._2 does not exist
[WARNING] import org.openarchives.oai._2.MetadataType;
[WARNING] ^
[WARNING] /home/awoods/programming/java/apps/fedora/futures/fcrepo4-oaiprovider/src/main/java/org/fcrepo/oai/service/OAIProviderService.java:87: error: package org.openarchives.oai._2 does not exist
[WARNING] import org.openarchives.oai._2.OAIPMHerrorType;
[WARNING] ^
[WARNING] /home/awoods/programming/java/apps/fedora/futures/fcrepo4-oaiprovider/src/main/java/org/fcrepo/oai/service/OAIProviderService.java:88: error: package org.openarchives.oai._2 does not exist
[WARNING] import org.openarchives.oai._2.OAIPMHerrorcodeType;
[WARNING] ^
[WARNING] /home/awoods/programming/java/apps/fedora/futures/fcrepo4-oaiprovider/src/main/java/org/fcrepo/oai/service/OAIProviderService.java:89: error: package org.openarchives.oai._2 does not exist
[WARNING] import org.openarchives.oai._2.OAIPMHtype;
[WARNING] ^
[WARNING] /home/awoods/programming/java/apps/fedora/futures/fcrepo4-oaiprovider/src/main/java/org/fcrepo/oai/service/OAIProviderService.java:90: error: package org.openarchives.oai._2 does not exist
[WARNING] import org.openarchives.oai._2.ObjectFactory;
[WARNING] ^
[WARNING] /home/awoods/programming/java/apps/fedora/futures/fcrepo4-oaiprovider/src/main/java/org/fcrepo/oai/service/OAIProviderService.java:91: error: package org.openarchives.oai._2 does not exist
[WARNING] import org.openarchives.oai._2.RecordType;
[WARNING] ^
[WARNING] /home/awoods/programming/java/apps/fedora/futures/fcrepo4-oaiprovider/src/main/java/org/fcrepo/oai/service/OAIProviderService.java:92: error: package org.openarchives.oai._2 does not exist
[WARNING] import org.openarchives.oai._2.RequestType;
[WARNING] ^
[WARNING] /home/awoods/programming/java/apps/fedora/futures/fcrepo4-oaiprovider/src/main/java/org/fcrepo/oai/service/OAIProviderService.java:93: error: package org.openarchives.oai._2 does not exist
[WARNING] import org.openarchives.oai._2.SetType;
[WARNING] ^
[WARNING] /home/awoods/programming/java/apps/fedora/futures/fcrepo4-oaiprovider/src/main/java/org/fcrepo/oai/service/OAIProviderService.java:94: error: package org.openarchives.oai._2 does not exist
[WARNING] import org.openarchives.oai._2.VerbType;
[WARNING] ^
[WARNING] /home/awoods/programming/java/apps/fedora/futures/fcrepo4-oaiprovider/src/main/java/org/fcrepo/oai/service/OAIProviderService.java:95: error: package org.openarchives.oai._2_0.oai_dc does not exist
[WARNING] import org.openarchives.oai._2_0.oai_dc.OaiDcType;
[WARNING] ^
[WARNING] /home/awoods/programming/java/apps/fedora/futures/fcrepo4-oaiprovider/src/main/java/org/fcrepo/oai/service/OAIProviderService.java:113: error: cannot find symbol
[WARNING] private static final ObjectFactory oaiFactory = new ObjectFactory();
[WARNING] ^
[WARNING] symbol:   class ObjectFactory
[WARNING] location: class OAIProviderService
[WARNING] /home/awoods/programming/java/apps/fedora/futures/fcrepo4-oaiprovider/src/main/java/org/fcrepo/oai/service/MetadataFormat.java:18: error: package org.openarchives.oai._2 does not exist
[WARNING] import org.openarchives.oai._2.MetadataFormatType;
[WARNING] ^
[WARNING] /home/awoods/programming/java/apps/fedora/futures/fcrepo4-oaiprovider/src/main/java/org/fcrepo/oai/service/MetadataFormat.java:19: error: package org.openarchives.oai._2 does not exist
[WARNING] import org.openarchives.oai._2.ObjectFactory;
[WARNING] ^
[WARNING] /home/awoods/programming/java/apps/fedora/futures/fcrepo4-oaiprovider/src/main/java/org/fcrepo/oai/dublincore/JcrPropertiesGenerator.java:25: error: package org.openarchives.oai._2_0.oai_dc does not exist
[WARNING] import org.openarchives.oai._2_0.oai_dc.OaiDcType;
[WARNING] ^
[WARNING] /home/awoods/programming/java/apps/fedora/futures/fcrepo4-oaiprovider/src/main/java/org/fcrepo/oai/dublincore/JcrPropertiesGenerator.java:26: error: package org.purl.dc.elements._1 does not exist
[WARNING] import org.purl.dc.elements._1.ElementType;
[WARNING] ^
[WARNING] /home/awoods/programming/java/apps/fedora/futures/fcrepo4-oaiprovider/src/main/java/org/fcrepo/oai/dublincore/JcrPropertiesGenerator.java:27: error: package org.purl.dc.elements._1 does not exist
[WARNING] import org.purl.dc.elements._1.ObjectFactory;
[WARNING] ^
[WARNING] /home/awoods/programming/java/apps/fedora/futures/fcrepo4-oaiprovider/src/main/java/org/fcrepo/oai/service/OAIProviderService.java:345: error: cannot find symbol
[WARNING] public JAXBElement<OAIPMHtype> identify(final Session session, final UriInfo uriInfo) throws RepositoryException,
[WARNING] ^
[WARNING] symbol:   class OAIPMHtype
[WARNING] location: class OAIProviderService
[WARNING] /home/awoods/programming/java/apps/fedora/futures/fcrepo4-oaiprovider/src/main/java/org/fcrepo/oai/service/OAIProviderService.java:399: error: cannot find symbol
[WARNING] public JAXBElement<OAIPMHtype> listMetadataFormats(final Session session, final UriInfo uriInfo,
[WARNING] ^
[WARNING] symbol:   class OAIPMHtype
[WARNING] location: class OAIProviderService
[WARNING] /home/awoods/programming/java/apps/fedora/futures/fcrepo4-oaiprovider/src/main/java/org/fcrepo/oai/service/OAIProviderService.java:444: error: cannot find symbol
[WARNING] private List<MetadataFormatType> listAvailableMetadataFormats() {
[WARNING] ^
[WARNING] symbol:   class MetadataFormatType
[WARNING] location: class OAIProviderService
[WARNING] /home/awoods/programming/java/apps/fedora/futures/fcrepo4-oaiprovider/src/main/java/org/fcrepo/oai/service/OAIProviderService.java:466: error: cannot find symbol
[WARNING] public JAXBElement<OAIPMHtype> getRecord(final Session session, final UriInfo uriInfo, final String identifier,
[WARNING] ^
[WARNING] symbol:   class OAIPMHtype
[WARNING] location: class OAIProviderService
[WARNING] /home/awoods/programming/java/apps/fedora/futures/fcrepo4-oaiprovider/src/main/java/org/fcrepo/oai/service/OAIProviderService.java:504: error: cannot find symbol
[WARNING] private JAXBElement<OaiDcType> generateOaiDc(final Session session, final Container obj,
[WARNING] ^
[WARNING] symbol:   class OaiDcType
[WARNING] location: class OAIProviderService
[WARNING] /home/awoods/programming/java/apps/fedora/futures/fcrepo4-oaiprovider/src/main/java/org/fcrepo/oai/service/OAIProviderService.java:542: error: cannot find symbol
[WARNING] public static JAXBElement<OAIPMHtype> error(final VerbType verb, final String identifier,
[WARNING] ^
[WARNING] symbol:   class VerbType
[WARNING] location: class OAIProviderService
[WARNING] /home/awoods/programming/java/apps/fedora/futures/fcrepo4-oaiprovider/src/main/java/org/fcrepo/oai/service/OAIProviderService.java:543: error: cannot find symbol
[WARNING] final String metadataPrefix, final OAIPMHerrorcodeType errorCode, final String msg) {
[WARNING] ^
[WARNING] symbol:   class OAIPMHerrorcodeType
[WARNING] location: class OAIProviderService
[WARNING] /home/awoods/programming/java/apps/fedora/futures/fcrepo4-oaiprovider/src/main/java/org/fcrepo/oai/service/OAIProviderService.java:542: error: cannot find symbol
[WARNING] public static JAXBElement<OAIPMHtype> error(final VerbType verb, final String identifier,
[WARNING] ^
[WARNING] symbol:   class OAIPMHtype
[WARNING] location: class OAIProviderService
[WARNING] /home/awoods/programming/java/apps/fedora/futures/fcrepo4-oaiprovider/src/main/java/org/fcrepo/oai/service/OAIProviderService.java:571: error: cannot find symbol
[WARNING] public JAXBElement<OAIPMHtype> listIdentifiers(final Session session, final UriInfo uriInfo,
[WARNING] ^
[WARNING] symbol:   class OAIPMHtype
[WARNING] location: class OAIProviderService
[WARNING] /home/awoods/programming/java/apps/fedora/futures/fcrepo4-oaiprovider/src/main/java/org/fcrepo/oai/service/OAIProviderService.java:738: error: cannot find symbol
[WARNING] public JAXBElement<OAIPMHtype> listSets(final Session session, final UriInfo uriInfo, final int offset)
[WARNING] ^
[WARNING] symbol:   class OAIPMHtype
[WARNING] location: class OAIProviderService
[WARNING] /home/awoods/programming/java/apps/fedora/futures/fcrepo4-oaiprovider/src/main/java/org/fcrepo/oai/service/OAIProviderService.java:846: error: cannot find symbol
[WARNING] private String getSetId(final SetType set) throws RepositoryException {
[WARNING] ^
[WARNING] symbol:   class SetType
[WARNING] location: class OAIProviderService
[WARNING] /home/awoods/programming/java/apps/fedora/futures/fcrepo4-oaiprovider/src/main/java/org/fcrepo/oai/service/OAIProviderService.java:871: error: cannot find symbol
[WARNING] public JAXBElement<OAIPMHtype> listRecords(final Session session, final UriInfo uriInfo,
[WARNING] ^
[WARNING] symbol:   class OAIPMHtype
[WARNING] location: class OAIProviderService
[WARNING] /home/awoods/programming/java/apps/fedora/futures/fcrepo4-oaiprovider/src/main/java/org/fcrepo/oai/service/OAIProviderService.java:942: error: cannot find symbol
[WARNING] private RecordType createRecord(final Session session, final MetadataFormat mdf, final String s,
[WARNING] ^
[WARNING] symbol:   class RecordType
[WARNING] location: class OAIProviderService
[WARNING] /home/awoods/programming/java/apps/fedora/futures/fcrepo4-oaiprovider/src/main/java/org/fcrepo/oai/service/MetadataFormat.java:77: error: cannot find symbol
[WARNING] public MetadataFormatType asMetadataFormatType() {
[WARNING] ^
[WARNING] symbol:   class MetadataFormatType
[WARNING] location: class MetadataFormat
[WARNING] /home/awoods/programming/java/apps/fedora/futures/fcrepo4-oaiprovider/src/main/java/org/fcrepo/oai/dublincore/JcrPropertiesGenerator.java:40: error: cannot find symbol
[WARNING] private static final ObjectFactory dcFactory = new ObjectFactory();
[WARNING] ^
[WARNING] symbol:   class ObjectFactory
[WARNING] location: class JcrPropertiesGenerator
[WARNING] /home/awoods/programming/java/apps/fedora/futures/fcrepo4-oaiprovider/src/main/java/org/fcrepo/oai/dublincore/JcrPropertiesGenerator.java:41: error: package org.openarchives.oai._2_0.oai_dc does not exist
[WARNING] private static final org.openarchives.oai._2_0.oai_dc.ObjectFactory oaiDcFactory =
[WARNING] ^
[WARNING] /home/awoods/programming/java/apps/fedora/futures/fcrepo4-oaiprovider/src/main/java/org/fcrepo/oai/dublincore/JcrPropertiesGenerator.java:54: error: cannot find symbol
[WARNING] public JAXBElement<OaiDcType> generateDC(final Session session, final Container obj, final UriInfo uriInfo)
[WARNING] ^
[WARNING] symbol:   class OaiDcType
[WARNING] location: class JcrPropertiesGenerator
[WARNING] /home/awoods/programming/java/apps/fedora/futures/fcrepo4-oaiprovider/src/main/java/org/fcrepo/oai/jersey/OaiJaxbProvider.java:19: error: package org.openarchives.oai._2 does not exist
[WARNING] import org.openarchives.oai._2.OAIPMHtype;
[WARNING] ^
[WARNING] /home/awoods/programming/java/apps/fedora/futures/fcrepo4-oaiprovider/src/main/java/org/fcrepo/oai/jersey/OaiJaxbProvider.java:20: error: package org.openarchives.oai._2_0.oai_dc does not exist
[WARNING] import org.openarchives.oai._2_0.oai_dc.OaiDcType;
[WARNING] ^
[INFO] Building jar: /home/awoods/programming/java/apps/fedora/futures/fcrepo4-oaiprovider/target/fcrepo-oaiprovider-4.1.1-SNAPSHOT-javadoc.jar
[INFO] ------------------------------------------------------------------------
[INFO] BUILD SUCCESS
[INFO] ------------------------------------------------------------------------
[INFO] Total time: 5.339s
[INFO] Finished at: Thu Feb 19 18:52:33 EST 2015
[INFO] Final Memory: 27M/416M
[INFO] ------------------------------------------------------------------------
