07-Apr-2026 09:56:40.232 INFO [main] org.apache.catalina.startup.VersionLoggerListener.log Server version name:   Apache Tomcat/10.1.53
07-Apr-2026 09:56:40.238 INFO [main] org.apache.catalina.startup.VersionLoggerListener.log Server built:          Mar 18 2026 13:50:42 UTC
07-Apr-2026 09:56:40.238 INFO [main] org.apache.catalina.startup.VersionLoggerListener.log Server version number: 10.1.53.0
07-Apr-2026 09:56:40.239 INFO [main] org.apache.catalina.startup.VersionLoggerListener.log OS Name:               Linux
07-Apr-2026 09:56:40.239 INFO [main] org.apache.catalina.startup.VersionLoggerListener.log OS Version:            6.19.10-200.fc43.x86_64
07-Apr-2026 09:56:40.239 INFO [main] org.apache.catalina.startup.VersionLoggerListener.log Architecture:          amd64
07-Apr-2026 09:56:40.239 INFO [main] org.apache.catalina.startup.VersionLoggerListener.log Java Home:             /opt/java/openjdk
07-Apr-2026 09:56:40.239 INFO [main] org.apache.catalina.startup.VersionLoggerListener.log JVM Version:           21.0.10+7-LTS
07-Apr-2026 09:56:40.239 INFO [main] org.apache.catalina.startup.VersionLoggerListener.log JVM Vendor:            Eclipse Adoptium
07-Apr-2026 09:56:40.239 INFO [main] org.apache.catalina.startup.VersionLoggerListener.log CATALINA_BASE:         /usr/local/tomcat
07-Apr-2026 09:56:40.240 INFO [main] org.apache.catalina.startup.VersionLoggerListener.log CATALINA_HOME:         /usr/local/tomcat
07-Apr-2026 09:56:40.258 INFO [main] org.apache.catalina.startup.VersionLoggerListener.log Command line argument: -Djava.util.logging.config.file=/usr/local/tomcat/conf/logging.properties
07-Apr-2026 09:56:40.258 INFO [main] org.apache.catalina.startup.VersionLoggerListener.log Command line argument: -Djava.util.logging.manager=org.apache.juli.ClassLoaderLogManager
07-Apr-2026 09:56:40.258 INFO [main] org.apache.catalina.startup.VersionLoggerListener.log Command line argument: -Djdk.tls.ephemeralDHKeySize=2048
07-Apr-2026 09:56:40.258 INFO [main] org.apache.catalina.startup.VersionLoggerListener.log Command line argument: -Djava.protocol.handler.pkgs=org.apache.catalina.webresources
07-Apr-2026 09:56:40.258 INFO [main] org.apache.catalina.startup.VersionLoggerListener.log Command line argument: -Dsun.io.useCanonCaches=false
07-Apr-2026 09:56:40.259 INFO [main] org.apache.catalina.startup.VersionLoggerListener.log Command line argument: -Dorg.apache.catalina.security.SecurityListener.UMASK=0027
07-Apr-2026 09:56:40.259 INFO [main] org.apache.catalina.startup.VersionLoggerListener.log Command line argument: --add-opens=java.base/java.lang=ALL-UNNAMED
07-Apr-2026 09:56:40.259 INFO [main] org.apache.catalina.startup.VersionLoggerListener.log Command line argument: --add-opens=java.base/java.lang.reflect=ALL-UNNAMED
07-Apr-2026 09:56:40.261 INFO [main] org.apache.catalina.startup.VersionLoggerListener.log Command line argument: --add-opens=java.base/java.io=ALL-UNNAMED
07-Apr-2026 09:56:40.261 INFO [main] org.apache.catalina.startup.VersionLoggerListener.log Command line argument: --add-opens=java.base/java.util=ALL-UNNAMED
07-Apr-2026 09:56:40.262 INFO [main] org.apache.catalina.startup.VersionLoggerListener.log Command line argument: --add-opens=java.base/java.util.concurrent=ALL-UNNAMED
07-Apr-2026 09:56:40.262 INFO [main] org.apache.catalina.startup.VersionLoggerListener.log Command line argument: --add-opens=java.rmi/sun.rmi.transport=ALL-UNNAMED
07-Apr-2026 09:56:40.262 INFO [main] org.apache.catalina.startup.VersionLoggerListener.log Command line argument: -Dfcrepo.db.url=jdbc:postgresql://db/fcrepo
07-Apr-2026 09:56:40.262 INFO [main] org.apache.catalina.startup.VersionLoggerListener.log Command line argument: -Dfcrepo.db.user=postgres
07-Apr-2026 09:56:40.262 INFO [main] org.apache.catalina.startup.VersionLoggerListener.log Command line argument: -Dfcrepo.db.password=postgres
07-Apr-2026 09:56:40.263 INFO [main] org.apache.catalina.startup.VersionLoggerListener.log Command line argument: -Dfcrepo.log=TRACE
07-Apr-2026 09:56:40.263 INFO [main] org.apache.catalina.startup.VersionLoggerListener.log Command line argument: -Dfcrepo.rebuild=true
07-Apr-2026 09:56:40.263 INFO [main] org.apache.catalina.startup.VersionLoggerListener.log Command line argument: -Dorg.apache.tomcat.util.digester.PROPERTY_SOURCE=org.apache.tomcat.util.digester.EnvironmentPropertySource
07-Apr-2026 09:56:40.263 INFO [main] org.apache.catalina.startup.VersionLoggerListener.log Command line argument: -Dfile.encoding=UTF-8
07-Apr-2026 09:56:40.263 INFO [main] org.apache.catalina.startup.VersionLoggerListener.log Command line argument: -Dorg.apache.tomcat.util.digester.REPLACE_SYSTEM_PROPERTIES=true
07-Apr-2026 09:56:40.263 INFO [main] org.apache.catalina.startup.VersionLoggerListener.log Command line argument: -Dcatalina.base=/usr/local/tomcat
07-Apr-2026 09:56:40.264 INFO [main] org.apache.catalina.startup.VersionLoggerListener.log Command line argument: -Dcatalina.home=/usr/local/tomcat
07-Apr-2026 09:56:40.264 INFO [main] org.apache.catalina.startup.VersionLoggerListener.log Command line argument: -Djava.io.tmpdir=/usr/local/tomcat/temp
07-Apr-2026 09:56:40.276 INFO [main] org.apache.catalina.core.AprLifecycleListener.lifecycleEvent Loaded Apache Tomcat Native library [2.0.14] using APR version [1.7.2].
07-Apr-2026 09:56:40.281 INFO [main] org.apache.catalina.core.AprLifecycleListener.initializeSSL OpenSSL successfully initialized [OpenSSL 3.0.13 30 Jan 2024]
07-Apr-2026 09:56:40.606 INFO [main] org.apache.coyote.AbstractProtocol.init Initializing ProtocolHandler ["http-nio-8080"]
07-Apr-2026 09:56:40.639 INFO [main] org.apache.catalina.startup.Catalina.load Server initialization in [632] milliseconds
07-Apr-2026 09:56:40.687 INFO [main] org.apache.catalina.core.StandardService.startInternal Starting service [Catalina]
07-Apr-2026 09:56:40.687 INFO [main] org.apache.catalina.core.StandardEngine.startInternal Starting Servlet engine: [Apache Tomcat/10.1.53]
07-Apr-2026 09:56:40.699 INFO [main] org.apache.catalina.startup.HostConfig.deployDirectory Deploying web application directory [/usr/local/tomcat/webapps/fcrepo]
07-Apr-2026 09:56:41.491 WARNING [main] org.apache.catalina.startup.ContextConfig.validateSecurityRoles Security role name [fedoraUser] used in an <auth-constraint> without being defined in a <security-role>
07-Apr-2026 09:56:41.492 WARNING [main] org.apache.catalina.startup.ContextConfig.validateSecurityRoles Security role name [fedoraAdmin] used in an <auth-constraint> without being defined in a <security-role>
07-Apr-2026 09:56:41.596 INFO [main] org.apache.jasper.servlet.TldScanner.scanJars At least one JAR was scanned for TLDs yet contained no TLDs. Enable debug logging for this logger for a complete list of JARs that were scanned but no TLDs were found in them. Skipping unneeded JARs during scanning can improve startup time and JSP compilation time.
DEBUG 09:56:42.673 [main] (ConditionOnProperty) Prop fcrepo.auth.enabled: null
DEBUG 09:56:42.679 [main] (ConditionOnProperty) Prop fcrepo.auth.principal.header.enabled: null
DEBUG 09:56:42.681 [main] (ConditionOnProperty) Prop fcrepo.auth.principal.roles.enabled: null
DEBUG 09:56:42.682 [main] (ConditionOnProperty) Prop fcrepo.auth.principal.delegate.enabled: null
DEBUG 09:56:42.687 [main] (ConditionOnProperty) Prop fcrepo.jms.enabled: null
DEBUG 09:56:42.689 [main] (ConditionOnProperty) Prop fcrepo.auth.enabled: null
INFO 09:56:43.194 [main] (FedoraPropsConfig) Fedora is an open source project supported entirely by its users. To continue the on-going maintenance of the software and ensure Fedora is meeting the needs of the community, we are working to gather information on current installations. We strongly encourage all users to register their instance in the DuraSpace Community Supported Program Registry hosted by LYRASIS at https://fedora.lyrasis.org/register-your-site/
INFO 09:56:43.194 [main] (FedoraPropsConfig) Fedora home: /fcrepo_home
DEBUG 09:56:43.194 [main] (FedoraPropsConfig) Fedora home data: /fcrepo_home/data
INFO 09:56:43.653 [main] (OcflPropsConfig) Fedora storage type: ocfl-fs
INFO 09:56:43.653 [main] (OcflPropsConfig) Fedora staging: /fcrepo_home/data/staging
INFO 09:56:43.653 [main] (OcflPropsConfig) Fedora OCFL temp: /fcrepo_home/data/ocfl-temp
INFO 09:56:43.653 [main] (OcflPropsConfig) Fedora OCFL reindexing threads: 7
INFO 09:56:43.653 [main] (OcflPropsConfig) Fedora OCFL reindexing batch size: 100
INFO 09:56:43.653 [main] (OcflPropsConfig) Fedora OCFL reindexing fail on error: true
INFO 09:56:43.653 [main] (OcflPropsConfig) Fedora OCFL root: /fcrepo_home/data/ocfl-root
INFO 09:56:43.654 [main] (OcflPropsConfig) Fedora OCFL digest algorithm: SHA-512
INFO 09:56:43.654 [main] (OcflPropsConfig) Fedora OCFL show path: false
INFO 09:56:43.713 [main] (DatabaseConfig) JDBC URL: jdbc:postgresql://db/fcrepo
INFO 09:56:43.714 [main] (DatabaseConfig) JDBC User: postgres
INFO 09:56:43.714 [main] (DatabaseConfig) JDBC Password length: 8
INFO 09:56:43.714 [main] (DatabaseConfig) Using database driver: org.postgresql.Driver
DEBUG 09:56:43.986 [main] (DatabaseConfig) Instantiating a new flyway bean
DEBUG 09:56:45.007 [main] (DbPlatform) Identified database as: PostgreSQL
DEBUG 09:56:45.031 [main] (DbPlatform) Identified database as: PostgreSQL
DEBUG 09:56:45.046 [main] (DbPlatform) Identified database as: PostgreSQL
DEBUG 09:56:45.058 [main] (WebappConfig) Event bus threads: org.fcrepo.config.FedoraPropsConfig@74123110
DEBUG 09:56:45.105 [main] (DbPlatform) Identified database as: PostgreSQL
DEBUG 09:56:45.114 [main] (DbPlatform) Identified database as: PostgreSQL
DEBUG 09:56:45.198 [main] (TransactionManagerImpl) TransactionManagerImpl initialized, cleaning up leftover transaction entries
DEBUG 09:56:45.246 [main] (OcflPersistentSessionManager) Clearing all storage sessions
INFO 09:56:45.357 [main] (JmsConfig) JMS messaging enabled
INFO 09:56:45.450 [main] (AuthConfig) Auth delegate principal provider enabled
DEBUG 09:56:46.367 [main] (AbstractJMSPublisher) Initializing: org.fcrepo.jms.JMSTopicPublisher
DEBUG 09:56:46.648 [main] (WebappConfig) Event bus threads: org.fcrepo.config.FedoraPropsConfig@74123110
DEBUG 09:56:46.739 [ScheduledTask1] (TransactionManagerImpl) Cleaning up expired transactions
INFO 09:56:46.740 [ScheduledTask1] (RepositoryInitializer) Initializing repository
INFO 09:56:46.741 [ScheduledTask1] (IndexBuilderImpl) Initiating partial index rebuild. This will add missing objects to the index. This may take a while. Progress will be logged periodically.
DEBUG 09:56:46.743 [ScheduledTask1] (IndexBuilderImpl) Reading object ids...
DEBUG 09:56:46.922 [ReindexWorker-5] (ReindexWorker) No more objects found to process. Stopping...
DEBUG 09:56:46.922 [ReindexWorker-4] (ReindexWorker) No more objects found to process. Stopping...
DEBUG 09:56:46.922 [ReindexWorker-3] (ReindexWorker) No more objects found to process. Stopping...
DEBUG 09:56:46.922 [ReindexWorker-2] (ReindexWorker) No more objects found to process. Stopping...
DEBUG 09:56:46.922 [ReindexWorker-1] (ReindexWorker) No more objects found to process. Stopping...
DEBUG 09:56:46.931 [ReindexWorker-6] (ReindexService) Indexing ocflId info:fedora/it-02/fmt_255 in transaction 91ac3242-92a3-48b1-9a01-5b367a4c09f4
DEBUG 09:56:46.931 [ReindexWorker-0] (ReindexService) Indexing ocflId info:fedora/it-01/rr_20170824105132120 in transaction 9387d2fb-5f3a-4213-9582-98dcc705a9cc
DEBUG 09:56:46.934 [ReindexWorker-0] (ObjectValidator) Validating object info:fedora/it-01/rr_20170824105132120 with fixity check false
DEBUG 09:56:46.934 [ReindexWorker-6] (ObjectValidator) Validating object info:fedora/it-02/fmt_255 with fixity check false
DEBUG 09:56:46.946 [ReindexWorker-0] (ObjectValidator) Validating object info:fedora/it-01/rr_20170824105132120 version v1
DEBUG 09:56:46.946 [ReindexWorker-6] (ObjectValidator) Validating object info:fedora/it-02/fmt_255 version v1
TRACE 09:56:46.954 [ReindexWorker-0] (ObjectValidator) Validating object info:fedora/it-01/rr_20170824105132120 version v1 header file .fcrepo/i_20170821144938533/b_20230915083021225/content.json
TRACE 09:56:46.954 [ReindexWorker-6] (ObjectValidator) Validating object info:fedora/it-02/fmt_255 version v1 header file .fcrepo/fcr-root.json
TRACE 09:56:46.956 [ReindexWorker-0] (ObjectValidator) Validating object info:fedora/it-01/rr_20170824105132120 version v1 header file .fcrepo/i_20170821144938533.json
TRACE 09:56:46.959 [ReindexWorker-0] (ObjectValidator) Validating object info:fedora/it-01/rr_20170824105132120 version v1 header file .fcrepo/i_20170821144938533/b_20230915083021225.json
TRACE 09:56:46.960 [ReindexWorker-0] (ObjectValidator) Validating object info:fedora/it-01/rr_20170824105132120 version v1 header file .fcrepo/i_20170821144938533/b_20230915083021225/content~fcr-desc.json
TRACE 09:56:46.962 [ReindexWorker-6] (DefaultOcflObjectSession) Adding to cache info:fedora/it-02/fmt_255_v1
TRACE 09:56:46.962 [ReindexWorker-0] (ObjectValidator) Validating object info:fedora/it-01/rr_20170824105132120 version v1 header file .fcrepo/fcr-root.json
TRACE 09:56:46.965 [ReindexWorker-0] (DefaultOcflObjectSession) Adding to cache info:fedora/it-01/rr_20170824105132120_v1
DEBUG 09:56:46.988 [ReindexWorker-0] (ReindexService) Indexing object info:fedora/it-01/rr_20170824105132120/i_20170821144938533/b_20230915083021225/content in transaction 9387d2fb-5f3a-4213-9582-98dcc705a9cc, because it does not yet exist in the index.
DEBUG 09:56:46.988 [ReindexWorker-6] (ReindexService) Indexing object info:fedora/it-02/fmt_255 in transaction 91ac3242-92a3-48b1-9a01-5b367a4c09f4, because it does not yet exist in the index.
TRACE 09:56:46.989 [ReindexWorker-6] (DefaultOcflObjectSession) Cache miss for info:fedora/it-02/fmt_255_v1
DEBUG 09:56:46.991 [ReindexWorker-0] (ContainmentIndexImpl) Adding: parent: info:fedora/it-01/rr_20170824105132120/i_20170821144938533/b_20230915083021225, child: info:fedora/it-01/rr_20170824105132120/i_20170821144938533/b_20230915083021225/content, start time 2023-09-15 08:32:01.0, end time null
DEBUG 09:56:46.998 [ReindexWorker-0] (ReindexService) Indexing object info:fedora/it-01/rr_20170824105132120/i_20170821144938533 in transaction 9387d2fb-5f3a-4213-9582-98dcc705a9cc, because it does not yet exist in the index.
TRACE 09:56:46.999 [ReindexWorker-0] (DefaultOcflObjectSession) Cache miss for info:fedora/it-01/rr_20170824105132120/i_20170821144938533_v1
DEBUG 09:56:47.051 [ReindexWorker-6] (ContainmentIndexImpl) Adding: parent: info:fedora/it-02, child: info:fedora/it-02/fmt_255, start time 2023-09-15 08:32:08.0, end time null
DEBUG 09:56:47.060 [ReindexWorker-6] (ReindexService) Rebuilt fedora-to-ocfl object index entry for info:fedora/it-02/fmt_255
DEBUG 09:56:47.063 [ReindexWorker-0] (ContainmentIndexImpl) Checking if info:fedora/it-01/rr_20170824105132120/i_20170821144938533 exists in transaction 9387d2fb-5f3a-4213-9582-98dcc705a9cc
DEBUG 09:56:47.065 [ReindexWorker-6] (DbSearchIndexImpl) Updating search index for info:fedora/it-02/fmt_255
DEBUG 09:56:47.066 [ReindexWorker-0] (ContainmentIndexImpl) Checking if info:fedora/it-01/rr_20170824105132120/i_20170821144938533 exists in transaction 9387d2fb-5f3a-4213-9582-98dcc705a9cc
DEBUG 09:56:47.067 [ReindexWorker-0] (ContainmentIndexImpl) Checking if info:fedora/it-01/rr_20170824105132120/i_20170821144938533 exists in transaction 9387d2fb-5f3a-4213-9582-98dcc705a9cc
DEBUG 09:56:47.068 [ReindexWorker-0] (ContainmentIndexImpl) Checking if info:fedora/it-01/rr_20170824105132120 exists in transaction 9387d2fb-5f3a-4213-9582-98dcc705a9cc
DEBUG 09:56:47.070 [ReindexWorker-0] (ContainmentIndexImpl) Checking if info:fedora/it-01/rr_20170824105132120/i_20170821144938533 exists in transaction 9387d2fb-5f3a-4213-9582-98dcc705a9cc
DEBUG 09:56:47.071 [ReindexWorker-0] (ContainmentIndexImpl) Checking if info:fedora/it-01/rr_20170824105132120/i_20170821144938533 exists in transaction 9387d2fb-5f3a-4213-9582-98dcc705a9cc
DEBUG 09:56:47.071 [ReindexWorker-0] (ContainmentIndexImpl) Adding: parent: info:fedora/it-01/rr_20170824105132120, child: info:fedora/it-01/rr_20170824105132120/i_20170821144938533, start time 2023-09-15 08:32:00.0, end time null
DEBUG 09:56:47.076 [ReindexWorker-0] (ReindexService) Indexing object info:fedora/it-01/rr_20170824105132120/i_20170821144938533/b_20230915083021225 in transaction 9387d2fb-5f3a-4213-9582-98dcc705a9cc, because it does not yet exist in the index.
TRACE 09:56:47.077 [ReindexWorker-0] (DefaultOcflObjectSession) Cache miss for info:fedora/it-01/rr_20170824105132120/i_20170821144938533/b_20230915083021225_v1
DEBUG 09:56:47.083 [ReindexWorker-0] (ContainmentIndexImpl) Checking if info:fedora/it-01/rr_20170824105132120/i_20170821144938533/b_20230915083021225/content exists in transaction 9387d2fb-5f3a-4213-9582-98dcc705a9cc
DEBUG 09:56:47.086 [ReindexWorker-6] (TransactionImpl) Waiting for operations in transaction 91ac3242-92a3-48b1-9a01-5b367a4c09f4 to complete before committing
DEBUG 09:56:47.086 [ReindexWorker-6] (TransactionImpl) Committing transaction 91ac3242-92a3-48b1-9a01-5b367a4c09f4
DEBUG 09:56:47.086 [ReindexWorker-6] (OcflPersistentSessionManager) Creating storage session 91ac3242-92a3-48b1-9a01-5b367a4c09f4
DEBUG 09:56:47.096 [ReindexWorker-0] (ContainmentIndexImpl) Checking if info:fedora/it-01/fmt_353 exists in transaction 9387d2fb-5f3a-4213-9582-98dcc705a9cc
DEBUG 09:56:47.097 [ReindexWorker-6] (OcflPersistentStorageSession) Starting storage session 91ac3242-92a3-48b1-9a01-5b367a4c09f4 prepare for commit
TRACE 09:56:47.098 [ReindexWorker-6] (OcflPersistentStorageSession) All persisters are complete in session 91ac3242-92a3-48b1-9a01-5b367a4c09f4
DEBUG 09:56:47.098 [ReindexWorker-6] (OcflPersistentStorageSession) Starting storage session 91ac3242-92a3-48b1-9a01-5b367a4c09f4 commit
DEBUG 09:56:47.099 [ReindexWorker-0] (ContainmentIndexImpl) Checking if info:fedora/it-01/rr_20170824105132120/i_20170821144938533/b_20230915083021225 exists in transaction 9387d2fb-5f3a-4213-9582-98dcc705a9cc
DEBUG 09:56:47.099 [ReindexWorker-6] (OcflPersistentStorageSession) Committed storage session 91ac3242-92a3-48b1-9a01-5b367a4c09f4
TRACE 09:56:47.100 [ReindexWorker-6] (EventAccumulatorImpl) Clearing events for transaction 91ac3242-92a3-48b1-9a01-5b367a4c09f4
DEBUG 09:56:47.101 [ReindexWorker-0] (ContainmentIndexImpl) Checking if info:fedora/it-01/rr_20170824105132120/i_20170821144938533 exists in transaction 9387d2fb-5f3a-4213-9582-98dcc705a9cc
DEBUG 09:56:47.101 [ReindexWorker-6] (TransactionImpl) Committed transaction 91ac3242-92a3-48b1-9a01-5b367a4c09f4
DEBUG 09:56:47.102 [ReindexWorker-0] (ContainmentIndexImpl) Adding: parent: info:fedora/it-01/rr_20170824105132120/i_20170821144938533, child: info:fedora/it-01/rr_20170824105132120/i_20170821144938533/b_20230915083021225, start time 2023-09-15 08:32:00.0, end time null
DEBUG 09:56:47.106 [ReindexWorker-6] (OcflPersistentSessionManager) Removing storage session 91ac3242-92a3-48b1-9a01-5b367a4c09f4
DEBUG 09:56:47.107 [ReindexWorker-6] (ReindexService) Indexing ocflId info:fedora/it-02/rr_20170824105246047 in transaction 1bb203bc-20ba-4cbb-981d-73ce7fd1bd87
DEBUG 09:56:47.107 [ReindexWorker-6] (ObjectValidator) Validating object info:fedora/it-02/rr_20170824105246047 with fixity check false
DEBUG 09:56:47.107 [ReindexWorker-0] (ReindexService) Indexing object info:fedora/it-01/rr_20170824105132120/i_20170821144938533/b_20230915083021225/content/fcr:metadata in transaction 9387d2fb-5f3a-4213-9582-98dcc705a9cc, because it does not yet exist in the index.
TRACE 09:56:47.108 [ReindexWorker-0] (DefaultOcflObjectSession) Cache miss for info:fedora/it-01/rr_20170824105132120/i_20170821144938533/b_20230915083021225/content/fcr:metadata_v1
DEBUG 09:56:47.109 [ReindexWorker-6] (ObjectValidator) Validating object info:fedora/it-02/rr_20170824105246047 version v1
TRACE 09:56:47.111 [ReindexWorker-6] (ObjectValidator) Validating object info:fedora/it-02/rr_20170824105246047 version v1 header file .fcrepo/i_20170821144936861.json
DEBUG 09:56:47.111 [ReindexWorker-0] (ContainmentIndexImpl) Adding: parent: info:fedora/it-01/rr_20170824105132120/i_20170821144938533/b_20230915083021225/content, child: info:fedora/it-01/rr_20170824105132120/i_20170821144938533/b_20230915083021225/content/fcr:metadata, start time 2023-09-15 08:32:01.0, end time null
TRACE 09:56:47.112 [ReindexWorker-6] (ObjectValidator) Validating object info:fedora/it-02/rr_20170824105246047 version v1 header file .fcrepo/fcr-root.json
TRACE 09:56:47.113 [ReindexWorker-6] (DefaultOcflObjectSession) Adding to cache info:fedora/it-02/rr_20170824105246047_v1
DEBUG 09:56:47.115 [ReindexWorker-0] (ReindexService) Indexing object info:fedora/it-01/rr_20170824105132120 in transaction 9387d2fb-5f3a-4213-9582-98dcc705a9cc, because it does not yet exist in the index.
TRACE 09:56:47.115 [ReindexWorker-0] (DefaultOcflObjectSession) Cache miss for info:fedora/it-01/rr_20170824105132120_v1
DEBUG 09:56:47.117 [ReindexWorker-6] (ReindexService) Indexing object info:fedora/it-02/rr_20170824105246047/i_20170821144936861 in transaction 1bb203bc-20ba-4cbb-981d-73ce7fd1bd87, because it does not yet exist in the index.
TRACE 09:56:47.117 [ReindexWorker-6] (DefaultOcflObjectSession) Cache miss for info:fedora/it-02/rr_20170824105246047/i_20170821144936861_v1
DEBUG 09:56:47.121 [ReindexWorker-0] (ContainmentIndexImpl) Checking if info:fedora/it-01/rr_20170824105132120 exists in transaction 9387d2fb-5f3a-4213-9582-98dcc705a9cc
DEBUG 09:56:47.122 [ReindexWorker-0] (ContainmentIndexImpl) Checking if info:fedora/it-01/rr_20170824105131152 exists in transaction 9387d2fb-5f3a-4213-9582-98dcc705a9cc
DEBUG 09:56:47.123 [ReindexWorker-0] (ContainmentIndexImpl) Checking if info:fedora/it-01/rr_20170824105129980 exists in transaction 9387d2fb-5f3a-4213-9582-98dcc705a9cc
DEBUG 09:56:47.124 [ReindexWorker-0] (ContainmentIndexImpl) Adding: parent: info:fedora/it-01, child: info:fedora/it-01/rr_20170824105132120, start time 2023-09-15 08:31:59.0, end time null
DEBUG 09:56:47.127 [ReindexWorker-6] (ContainmentIndexImpl) Checking if info:fedora/it-02/rr_20170824105246047/i_20170821144936861 exists in transaction 1bb203bc-20ba-4cbb-981d-73ce7fd1bd87
DEBUG 09:56:47.128 [ReindexWorker-0] (ReindexService) Rebuilt fedora-to-ocfl object index entry for info:fedora/it-01/rr_20170824105132120/i_20170821144938533/b_20230915083021225/content
DEBUG 09:56:47.128 [ReindexWorker-0] (ReindexService) Rebuilt fedora-to-ocfl object index entry for info:fedora/it-01/rr_20170824105132120/i_20170821144938533
DEBUG 09:56:47.129 [ReindexWorker-6] (ContainmentIndexImpl) Checking if info:fedora/it-02/rr_20170824105246047/i_20170821144936861 exists in transaction 1bb203bc-20ba-4cbb-981d-73ce7fd1bd87
DEBUG 09:56:47.129 [ReindexWorker-0] (ReindexService) Rebuilt fedora-to-ocfl object index entry for info:fedora/it-01/rr_20170824105132120/i_20170821144938533/b_20230915083021225
DEBUG 09:56:47.130 [ReindexWorker-6] (ContainmentIndexImpl) Checking if info:fedora/it-02/rr_20170824105246047/i_20170821144936861 exists in transaction 1bb203bc-20ba-4cbb-981d-73ce7fd1bd87
DEBUG 09:56:47.130 [ReindexWorker-0] (ReindexService) Rebuilt fedora-to-ocfl object index entry for info:fedora/it-01/rr_20170824105132120/i_20170821144938533/b_20230915083021225/content/fcr:metadata
DEBUG 09:56:47.130 [ReindexWorker-0] (ReindexService) Rebuilt fedora-to-ocfl object index entry for info:fedora/it-01/rr_20170824105132120
DEBUG 09:56:47.130 [ReindexWorker-6] (ContainmentIndexImpl) Checking if info:fedora/it-02/rr_20170824105246047/i_20170821144936861 exists in transaction 1bb203bc-20ba-4cbb-981d-73ce7fd1bd87
DEBUG 09:56:47.136 [ReindexWorker-6] (ContainmentIndexImpl) Checking if info:fedora/it-02/rr_20170824105246047/i_20170821144936861 exists in transaction 1bb203bc-20ba-4cbb-981d-73ce7fd1bd87
DEBUG 09:56:47.137 [ReindexWorker-6] (ContainmentIndexImpl) Checking if info:fedora/it-02/rr_20170824105246047 exists in transaction 1bb203bc-20ba-4cbb-981d-73ce7fd1bd87
DEBUG 09:56:47.138 [ReindexWorker-6] (ContainmentIndexImpl) Adding: parent: info:fedora/it-02/rr_20170824105246047, child: info:fedora/it-02/rr_20170824105246047/i_20170821144936861, start time 2023-09-15 08:32:08.0, end time null
DEBUG 09:56:47.139 [ReindexWorker-0] (DbSearchIndexImpl) Updating search index for info:fedora/it-01/rr_20170824105132120/i_20170821144938533/b_20230915083021225/content
DEBUG 09:56:47.145 [ReindexWorker-6] (ReindexService) Indexing object info:fedora/it-02/rr_20170824105246047 in transaction 1bb203bc-20ba-4cbb-981d-73ce7fd1bd87, because it does not yet exist in the index.
TRACE 09:56:47.146 [ReindexWorker-6] (DefaultOcflObjectSession) Cache miss for info:fedora/it-02/rr_20170824105246047_v1
DEBUG 09:56:47.148 [ReindexWorker-0] (DbSearchIndexImpl) Updating search index for info:fedora/it-01/rr_20170824105132120/i_20170821144938533
DEBUG 09:56:47.151 [ReindexWorker-6] (ContainmentIndexImpl) Checking if info:fedora/it-02/rr_20170824105242406 exists in transaction 1bb203bc-20ba-4cbb-981d-73ce7fd1bd87
DEBUG 09:56:47.152 [ReindexWorker-6] (ContainmentIndexImpl) Checking if info:fedora/it-02/rr_20170824105235562 exists in transaction 1bb203bc-20ba-4cbb-981d-73ce7fd1bd87
DEBUG 09:56:47.154 [ReindexWorker-6] (ContainmentIndexImpl) Checking if info:fedora/it-02/rr_20170824105246047 exists in transaction 1bb203bc-20ba-4cbb-981d-73ce7fd1bd87
DEBUG 09:56:47.154 [ReindexWorker-6] (ContainmentIndexImpl) Adding: parent: info:fedora/it-02, child: info:fedora/it-02/rr_20170824105246047, start time 2023-09-15 08:32:08.0, end time null
DEBUG 09:56:47.156 [ReindexWorker-6] (ReindexService) Rebuilt fedora-to-ocfl object index entry for info:fedora/it-02/rr_20170824105246047/i_20170821144936861
DEBUG 09:56:47.157 [ReindexWorker-6] (ReindexService) Rebuilt fedora-to-ocfl object index entry for info:fedora/it-02/rr_20170824105246047
DEBUG 09:56:47.158 [ReindexWorker-6] (DbSearchIndexImpl) Updating search index for info:fedora/it-02/rr_20170824105246047/i_20170821144936861
ERROR 09:56:47.170 [ReindexWorker-0] (ReindexWorker) Reindexing of OCFL id info:fedora/it-01/rr_20170824105132120 failed
org.fcrepo.kernel.api.exception.RepositoryRuntimeException: Failed add/updated the search index for : info:fedora/it-01/rr_20170824105132120/i_20170821144938533
	at org.fcrepo.search.impl.DbSearchIndexImpl.doDirectUpsert(DbSearchIndexImpl.java:671)
	at org.fcrepo.search.impl.DbSearchIndexImpl.lambda$addUpdateIndex$3(DbSearchIndexImpl.java:645)
	at org.fcrepo.kernel.impl.TransactionImpl.doInTx(TransactionImpl.java:181)
	at org.fcrepo.search.impl.DbSearchIndexImpl.addUpdateIndex(DbSearchIndexImpl.java:641)
	at java.base/jdk.internal.reflect.DirectMethodHandleAccessor.invoke(DirectMethodHandleAccessor.java:103)
	at java.base/java.lang.reflect.Method.invoke(Method.java:580)
	at org.springframework.aop.support.AopUtils.invokeJoinpointUsingReflection(AopUtils.java:360)
	at org.springframework.aop.framework.JdkDynamicAopProxy.invoke(JdkDynamicAopProxy.java:216)
	at jdk.proxy3/jdk.proxy3.$Proxy48.addUpdateIndex(Unknown Source)
	at org.fcrepo.search.impl.SearchIndexMetrics.lambda$addUpdateIndex$1(SearchIndexMetrics.java:73)
	at io.micrometer.core.instrument.composite.CompositeTimer.record(CompositeTimer.java:141)
	at org.fcrepo.search.impl.SearchIndexMetrics.addUpdateIndex(SearchIndexMetrics.java:72)
	at org.fcrepo.persistence.ocfl.impl.ReindexService.lambda$indexOcflObject$4(ReindexService.java:218)
	at java.base/java.util.ArrayList.forEach(ArrayList.java:1596)
	at org.fcrepo.persistence.ocfl.impl.ReindexService.indexOcflObject(ReindexService.java:213)
	at org.fcrepo.persistence.ocfl.impl.ReindexWorker.lambda$run$0(ReindexWorker.java:109)
	at org.fcrepo.common.db.DbTransactionExecutor.lambda$doInTx$3(DbTransactionExecutor.java:83)
	at org.springframework.transaction.support.TransactionOperations.lambda$executeWithoutResult$0(TransactionOperations.java:68)
	at org.springframework.transaction.support.TransactionTemplate.execute(TransactionTemplate.java:140)
	at org.springframework.transaction.support.TransactionOperations.executeWithoutResult(TransactionOperations.java:67)
	at org.fcrepo.common.db.DbTransactionExecutor.doInTx(DbTransactionExecutor.java:82)
	at org.fcrepo.common.db.DbTransactionExecutor.lambda$doInTxWithRetry$2(DbTransactionExecutor.java:66)
	at dev.failsafe.Functions.lambda$toCtxSupplier$9(Functions.java:228)
	at dev.failsafe.Functions.lambda$get$0(Functions.java:46)
	at dev.failsafe.internal.RetryPolicyExecutor.lambda$apply$0(RetryPolicyExecutor.java:74)
	at dev.failsafe.SyncExecutionImpl.executeSync(SyncExecutionImpl.java:187)
	at dev.failsafe.FailsafeExecutor.call(FailsafeExecutor.java:376)
	at dev.failsafe.FailsafeExecutor.run(FailsafeExecutor.java:220)
	at org.fcrepo.common.db.DbTransactionExecutor.doInTxWithRetry(DbTransactionExecutor.java:65)
	at org.fcrepo.persistence.ocfl.impl.ReindexWorker.run(ReindexWorker.java:108)
	at java.base/java.lang.Thread.run(Thread.java:1583)
Caused by: org.springframework.dao.DuplicateKeyException: PreparedStatementCallback; SQL [INSERT INTO search_resource_rdf_type (resource_id, rdf_type_id) VALUES (?, ?)]; ERROR: duplicate key value violates unique constraint "search_resource_rdf_type_pkey"
  Detail: Key (resource_id, rdf_type_id)=(3, 12) already exists.
	at org.springframework.jdbc.support.SQLStateSQLExceptionTranslator.doTranslate(SQLStateSQLExceptionTranslator.java:138)
	at org.springframework.jdbc.support.AbstractFallbackSQLExceptionTranslator.translate(AbstractFallbackSQLExceptionTranslator.java:107)
	at org.springframework.jdbc.support.AbstractFallbackSQLExceptionTranslator.translate(AbstractFallbackSQLExceptionTranslator.java:116)
	at org.springframework.jdbc.core.JdbcTemplate.translateException(JdbcTemplate.java:1556)
	at org.springframework.jdbc.core.JdbcTemplate.execute(JdbcTemplate.java:677)
	at org.springframework.jdbc.core.JdbcTemplate.execute(JdbcTemplate.java:701)
	at org.springframework.jdbc.core.JdbcTemplate.batchUpdate(JdbcTemplate.java:1049)
	at org.springframework.jdbc.core.namedparam.NamedParameterJdbcTemplate.batchUpdate(NamedParameterJdbcTemplate.java:377)
	at org.fcrepo.search.impl.DbSearchIndexImpl.insertRdfTypeAssociations(DbSearchIndexImpl.java:830)
	at org.fcrepo.search.impl.DbSearchIndexImpl.doDirectUpsert(DbSearchIndexImpl.java:669)
	... 30 common frames omitted
Caused by: java.sql.BatchUpdateException: Batch entry 2 INSERT INTO search_resource_rdf_type (resource_id, rdf_type_id) VALUES (('3'::int8), ('12'::int8)) was aborted: ERROR: duplicate key value violates unique constraint "search_resource_rdf_type_pkey"
  Detail: Key (resource_id, rdf_type_id)=(3, 12) already exists.  Call getNextException to see other errors in the batch.
	at org.postgresql.jdbc.BatchResultHandler.handleError(BatchResultHandler.java:165)
	at org.postgresql.core.v3.QueryExecutorImpl.processResults(QueryExecutorImpl.java:2561)
	at org.postgresql.core.v3.QueryExecutorImpl.execute(QueryExecutorImpl.java:672)
	at org.postgresql.jdbc.PgStatement.internalExecuteBatch(PgStatement.java:892)
	at org.postgresql.jdbc.PgStatement.executeBatch(PgStatement.java:916)
	at org.postgresql.jdbc.PgPreparedStatement.executeBatch(PgPreparedStatement.java:1778)
	at com.zaxxer.hikari.pool.ProxyStatement.executeBatch(ProxyStatement.java:128)
	at com.zaxxer.hikari.pool.HikariProxyPreparedStatement.executeBatch(HikariProxyPreparedStatement.java)
	at org.springframework.jdbc.core.JdbcTemplate.lambda$getPreparedStatementCallback$7(JdbcTemplate.java:1617)
	at org.springframework.jdbc.core.JdbcTemplate.execute(JdbcTemplate.java:658)
	... 35 common frames omitted
Caused by: org.postgresql.util.PSQLException: ERROR: duplicate key value violates unique constraint "search_resource_rdf_type_pkey"
  Detail: Key (resource_id, rdf_type_id)=(3, 12) already exists.
	at org.postgresql.core.v3.QueryExecutorImpl.receiveErrorResponse(QueryExecutorImpl.java:2875)
	at org.postgresql.core.v3.QueryExecutorImpl.processResults(QueryExecutorImpl.java:2560)
	... 43 common frames omitted
ERROR 09:56:47.170 [ReindexWorker-6] (ReindexWorker) Reindexing of OCFL id info:fedora/it-02/rr_20170824105246047 failed
org.fcrepo.kernel.api.exception.RepositoryRuntimeException: Failed add/updated the search index for : info:fedora/it-02/rr_20170824105246047/i_20170821144936861
	at org.fcrepo.search.impl.DbSearchIndexImpl.doDirectUpsert(DbSearchIndexImpl.java:671)
	at org.fcrepo.search.impl.DbSearchIndexImpl.lambda$addUpdateIndex$3(DbSearchIndexImpl.java:645)
	at org.fcrepo.kernel.impl.TransactionImpl.doInTx(TransactionImpl.java:181)
	at org.fcrepo.search.impl.DbSearchIndexImpl.addUpdateIndex(DbSearchIndexImpl.java:641)
	at java.base/jdk.internal.reflect.DirectMethodHandleAccessor.invoke(DirectMethodHandleAccessor.java:103)
	at java.base/java.lang.reflect.Method.invoke(Method.java:580)
	at org.springframework.aop.support.AopUtils.invokeJoinpointUsingReflection(AopUtils.java:360)
	at org.springframework.aop.framework.JdkDynamicAopProxy.invoke(JdkDynamicAopProxy.java:216)
	at jdk.proxy3/jdk.proxy3.$Proxy48.addUpdateIndex(Unknown Source)
	at org.fcrepo.search.impl.SearchIndexMetrics.lambda$addUpdateIndex$1(SearchIndexMetrics.java:73)
	at io.micrometer.core.instrument.composite.CompositeTimer.record(CompositeTimer.java:141)
	at org.fcrepo.search.impl.SearchIndexMetrics.addUpdateIndex(SearchIndexMetrics.java:72)
	at org.fcrepo.persistence.ocfl.impl.ReindexService.lambda$indexOcflObject$4(ReindexService.java:218)
	at java.base/java.util.ArrayList.forEach(ArrayList.java:1596)
	at org.fcrepo.persistence.ocfl.impl.ReindexService.indexOcflObject(ReindexService.java:213)
	at org.fcrepo.persistence.ocfl.impl.ReindexWorker.lambda$run$0(ReindexWorker.java:109)
	at org.fcrepo.common.db.DbTransactionExecutor.lambda$doInTx$3(DbTransactionExecutor.java:83)
	at org.springframework.transaction.support.TransactionOperations.lambda$executeWithoutResult$0(TransactionOperations.java:68)
	at org.springframework.transaction.support.TransactionTemplate.execute(TransactionTemplate.java:140)
	at org.springframework.transaction.support.TransactionOperations.executeWithoutResult(TransactionOperations.java:67)
	at org.fcrepo.common.db.DbTransactionExecutor.doInTx(DbTransactionExecutor.java:82)
	at org.fcrepo.common.db.DbTransactionExecutor.lambda$doInTxWithRetry$2(DbTransactionExecutor.java:66)
	at dev.failsafe.Functions.lambda$toCtxSupplier$9(Functions.java:228)
	at dev.failsafe.Functions.lambda$get$0(Functions.java:46)
	at dev.failsafe.internal.RetryPolicyExecutor.lambda$apply$0(RetryPolicyExecutor.java:74)
	at dev.failsafe.SyncExecutionImpl.executeSync(SyncExecutionImpl.java:187)
	at dev.failsafe.FailsafeExecutor.call(FailsafeExecutor.java:376)
	at dev.failsafe.FailsafeExecutor.run(FailsafeExecutor.java:220)
	at org.fcrepo.common.db.DbTransactionExecutor.doInTxWithRetry(DbTransactionExecutor.java:65)
	at org.fcrepo.persistence.ocfl.impl.ReindexWorker.run(ReindexWorker.java:108)
	at java.base/java.lang.Thread.run(Thread.java:1583)
Caused by: org.springframework.dao.DataIntegrityViolationException: PreparedStatementCallback; SQL [INSERT INTO search_resource_rdf_type (resource_id, rdf_type_id) VALUES (?, ?)]; ERROR: insert or update on table "search_resource_rdf_type" violates foreign key constraint "search_resource_rdf_type_rdf_type_id_fkey"
  Detail: Key (rdf_type_id)=(12) is not present in table "search_rdf_type".
	at org.springframework.jdbc.support.SQLStateSQLExceptionTranslator.doTranslate(SQLStateSQLExceptionTranslator.java:140)
	at org.springframework.jdbc.support.AbstractFallbackSQLExceptionTranslator.translate(AbstractFallbackSQLExceptionTranslator.java:107)
	at org.springframework.jdbc.support.AbstractFallbackSQLExceptionTranslator.translate(AbstractFallbackSQLExceptionTranslator.java:116)
	at org.springframework.jdbc.core.JdbcTemplate.translateException(JdbcTemplate.java:1556)
	at org.springframework.jdbc.core.JdbcTemplate.execute(JdbcTemplate.java:677)
	at org.springframework.jdbc.core.JdbcTemplate.execute(JdbcTemplate.java:701)
	at org.springframework.jdbc.core.JdbcTemplate.batchUpdate(JdbcTemplate.java:1049)
	at org.springframework.jdbc.core.namedparam.NamedParameterJdbcTemplate.batchUpdate(NamedParameterJdbcTemplate.java:377)
	at org.fcrepo.search.impl.DbSearchIndexImpl.insertRdfTypeAssociations(DbSearchIndexImpl.java:830)
	at org.fcrepo.search.impl.DbSearchIndexImpl.doDirectUpsert(DbSearchIndexImpl.java:669)
	... 30 common frames omitted
Caused by: java.sql.BatchUpdateException: Batch entry 0 INSERT INTO search_resource_rdf_type (resource_id, rdf_type_id) VALUES (('4'::int8), ('12'::int8)) was aborted: ERROR: insert or update on table "search_resource_rdf_type" violates foreign key constraint "search_resource_rdf_type_rdf_type_id_fkey"
  Detail: Key (rdf_type_id)=(12) is not present in table "search_rdf_type".  Call getNextException to see other errors in the batch.
	at org.postgresql.jdbc.BatchResultHandler.handleError(BatchResultHandler.java:165)
	at org.postgresql.core.v3.QueryExecutorImpl.processResults(QueryExecutorImpl.java:2561)
	at org.postgresql.core.v3.QueryExecutorImpl.execute(QueryExecutorImpl.java:672)
	at org.postgresql.jdbc.PgStatement.internalExecuteBatch(PgStatement.java:892)
	at org.postgresql.jdbc.PgStatement.executeBatch(PgStatement.java:916)
	at org.postgresql.jdbc.PgPreparedStatement.executeBatch(PgPreparedStatement.java:1778)
	at com.zaxxer.hikari.pool.ProxyStatement.executeBatch(ProxyStatement.java:128)
	at com.zaxxer.hikari.pool.HikariProxyPreparedStatement.executeBatch(HikariProxyPreparedStatement.java)
	at org.springframework.jdbc.core.JdbcTemplate.lambda$getPreparedStatementCallback$7(JdbcTemplate.java:1617)
	at org.springframework.jdbc.core.JdbcTemplate.execute(JdbcTemplate.java:658)
	... 35 common frames omitted
Caused by: org.postgresql.util.PSQLException: ERROR: insert or update on table "search_resource_rdf_type" violates foreign key constraint "search_resource_rdf_type_rdf_type_id_fkey"
  Detail: Key (rdf_type_id)=(12) is not present in table "search_rdf_type".
	at org.postgresql.core.v3.QueryExecutorImpl.receiveErrorResponse(QueryExecutorImpl.java:2875)
	at org.postgresql.core.v3.QueryExecutorImpl.processResults(QueryExecutorImpl.java:2560)
	... 43 common frames omitted
DEBUG 09:56:47.172 [ReindexWorker-0] (TransactionImpl) Waiting for operations in transaction 9387d2fb-5f3a-4213-9582-98dcc705a9cc to complete before rolling back
DEBUG 09:56:47.172 [ReindexWorker-6] (TransactionImpl) Waiting for operations in transaction 1bb203bc-20ba-4cbb-981d-73ce7fd1bd87 to complete before rolling back
DEBUG 09:56:47.173 [ReindexWorker-6] (OcflPersistentSessionManager) Creating storage session 1bb203bc-20ba-4cbb-981d-73ce7fd1bd87
DEBUG 09:56:47.173 [ReindexWorker-0] (OcflPersistentSessionManager) Creating storage session 9387d2fb-5f3a-4213-9582-98dcc705a9cc
DEBUG 09:56:47.173 [ReindexWorker-6] (OcflPersistentStorageSession) Rolling back storage session 1bb203bc-20ba-4cbb-981d-73ce7fd1bd87
DEBUG 09:56:47.173 [ReindexWorker-0] (OcflPersistentStorageSession) Rolling back storage session 9387d2fb-5f3a-4213-9582-98dcc705a9cc
TRACE 09:56:47.179 [ReindexWorker-0] (OcflPersistentStorageSession) Successfully rolled back storage session 9387d2fb-5f3a-4213-9582-98dcc705a9cc
TRACE 09:56:47.179 [ReindexWorker-6] (OcflPersistentStorageSession) Successfully rolled back storage session 1bb203bc-20ba-4cbb-981d-73ce7fd1bd87
TRACE 09:56:47.182 [ReindexWorker-0] (EventAccumulatorImpl) Clearing events for transaction 9387d2fb-5f3a-4213-9582-98dcc705a9cc
TRACE 09:56:47.182 [ReindexWorker-6] (EventAccumulatorImpl) Clearing events for transaction 1bb203bc-20ba-4cbb-981d-73ce7fd1bd87
DEBUG 09:56:47.183 [ReindexWorker-0] (ReindexManager) Stop worker threads
DEBUG 09:56:47.183 [ReindexWorker-6] (ReindexManager) Stop worker threads
DEBUG 09:56:47.183 [ReindexWorker-0] (OcflPersistentSessionManager) Removing storage session 9387d2fb-5f3a-4213-9582-98dcc705a9cc
DEBUG 09:56:47.183 [ReindexWorker-6] (OcflPersistentSessionManager) Removing storage session 1bb203bc-20ba-4cbb-981d-73ce7fd1bd87
Exception in thread "ReindexWorker-0" Exception in thread "ReindexWorker-6" org.fcrepo.kernel.api.exception.RepositoryRuntimeException: Failed add/updated the search index for : info:fedora/it-01/rr_20170824105132120/i_20170821144938533
	at org.fcrepo.search.impl.DbSearchIndexImpl.doDirectUpsert(DbSearchIndexImpl.java:671)
	at org.fcrepo.search.impl.DbSearchIndexImpl.lambda$addUpdateIndex$3(DbSearchIndexImpl.java:645)
	at org.fcrepo.kernel.impl.TransactionImpl.doInTx(TransactionImpl.java:181)
	at org.fcrepo.search.impl.DbSearchIndexImpl.addUpdateIndex(DbSearchIndexImpl.java:641)
	at java.base/jdk.internal.reflect.DirectMethodHandleAccessor.invoke(DirectMethodHandleAccessor.java:103)
	at java.base/java.lang.reflect.Method.invoke(Method.java:580)
	at org.springframework.aop.support.AopUtils.invokeJoinpointUsingReflection(AopUtils.java:360)
	at org.springframework.aop.framework.JdkDynamicAopProxy.invoke(JdkDynamicAopProxy.java:216)
	at jdk.proxy3/jdk.proxy3.$Proxy48.addUpdateIndex(Unknown Source)
	at org.fcrepo.search.impl.SearchIndexMetrics.lambda$addUpdateIndex$1(SearchIndexMetrics.java:73)
	at io.micrometer.core.instrument.composite.CompositeTimer.record(CompositeTimer.java:141)
	at org.fcrepo.search.impl.SearchIndexMetrics.addUpdateIndex(SearchIndexMetrics.java:72)
	at org.fcrepo.persistence.ocfl.impl.ReindexService.lambda$indexOcflObject$4(ReindexService.java:218)
	at java.base/java.util.ArrayList.forEach(ArrayList.java:1596)
	at org.fcrepo.persistence.ocfl.impl.ReindexService.indexOcflObject(ReindexService.java:213)
	at org.fcrepo.persistence.ocfl.impl.ReindexWorker.lambda$run$0(ReindexWorker.java:109)
	at org.fcrepo.common.db.DbTransactionExecutor.lambda$doInTx$3(DbTransactionExecutor.java:83)
	at org.springframework.transaction.support.TransactionOperations.lambda$executeWithoutResult$0(TransactionOperations.java:68)
	at org.springframework.transaction.support.TransactionTemplate.execute(TransactionTemplate.java:140)
	at org.springframework.transaction.support.TransactionOperations.executeWithoutResult(TransactionOperations.java:67)
	at org.fcrepo.common.db.DbTransactionExecutor.doInTx(DbTransactionExecutor.java:82)
	at org.fcrepo.common.db.DbTransactionExecutor.lambda$doInTxWithRetry$2(DbTransactionExecutor.java:66)
	at dev.failsafe.Functions.lambda$toCtxSupplier$9(Functions.java:228)
	at dev.failsafe.Functions.lambda$get$0(Functions.java:46)
	at dev.failsafe.internal.RetryPolicyExecutor.lambda$apply$0(RetryPolicyExecutor.java:74)
	at dev.failsafe.SyncExecutionImpl.executeSync(SyncExecutionImpl.java:187)
	at dev.failsafe.FailsafeExecutor.call(FailsafeExecutor.java:376)
	at dev.failsafe.FailsafeExecutor.run(FailsafeExecutor.java:220)
	at org.fcrepo.common.db.DbTransactionExecutor.doInTxWithRetry(DbTransactionExecutor.java:65)
	at org.fcrepo.persistence.ocfl.impl.ReindexWorker.run(ReindexWorker.java:108)
	at java.base/java.lang.Thread.run(Thread.java:1583)
Caused by: org.springframework.dao.DuplicateKeyException: PreparedStatementCallback; SQL [INSERT INTO search_resource_rdf_type (resource_id, rdf_type_id) VALUES (?, ?)]; ERROR: duplicate key value violates unique constraint "search_resource_rdf_type_pkey"
  Detail: Key (resource_id, rdf_type_id)=(3, 12) already exists.
	at org.springframework.jdbc.support.SQLStateSQLExceptionTranslator.doTranslate(SQLStateSQLExceptionTranslator.java:138)
	at org.springframework.jdbc.support.AbstractFallbackSQLExceptionTranslator.translate(AbstractFallbackSQLExceptionTranslator.java:107)
	at org.springframework.jdbc.support.AbstractFallbackSQLExceptionTranslator.translate(AbstractFallbackSQLExceptionTranslator.java:116)
	at org.springframework.jdbc.core.JdbcTemplate.translateException(JdbcTemplate.java:1556)
	at org.springframework.jdbc.core.JdbcTemplate.execute(JdbcTemplate.java:677)
	at org.springframework.jdbc.core.JdbcTemplate.execute(JdbcTemplate.java:701)
	at org.springframework.jdbc.core.JdbcTemplate.batchUpdate(JdbcTemplate.java:1049)
	at org.springframework.jdbc.core.namedparam.NamedParameterJdbcTemplate.batchUpdate(NamedParameterJdbcTemplate.java:377)
	at org.fcrepo.search.impl.DbSearchIndexImpl.insertRdfTypeAssociations(DbSearchIndexImpl.java:830)
	at org.fcrepo.search.impl.DbSearchIndexImpl.doDirectUpsert(DbSearchIndexImpl.java:669)
	... 30 more
Caused by: java.sql.BatchUpdateException: Batch entry 2 INSERT INTO search_resource_rdf_type (resource_id, rdf_type_id) VALUES (('3'::int8), ('12'::int8)) was aborted: ERROR: duplicate key value violates unique constraint "search_resource_rdf_type_pkey"
  Detail: Key (resource_id, rdf_type_id)=(3, 12) already exists.  Call getNextException to see other errors in the batch.
	at org.postgresql.jdbc.BatchResultHandler.handleError(BatchResultHandler.java:165)
	at org.postgresql.core.v3.QueryExecutorImpl.processResults(QueryExecutorImpl.java:2561)
	at org.postgresql.core.v3.QueryExecutorImpl.execute(QueryExecutorImpl.java:672)
	at org.postgresql.jdbc.PgStatement.internalExecuteBatch(PgStatement.java:892)
	at org.postgresql.jdbc.PgStatement.executeBatch(PgStatement.java:916)
	at org.postgresql.jdbc.PgPreparedStatement.executeBatch(PgPreparedStatement.java:1778)
	at com.zaxxer.hikari.pool.ProxyStatement.executeBatch(ProxyStatement.java:128)
	at com.zaxxer.hikari.pool.HikariProxyPreparedStatement.executeBatch(HikariProxyPreparedStatement.java)
	at org.springframework.jdbc.core.JdbcTemplate.lambda$getPreparedStatementCallback$7(JdbcTemplate.java:1617)
	at org.springframework.jdbc.core.JdbcTemplate.execute(JdbcTemplate.java:658)
	... 35 more
Caused by: org.postgresql.util.PSQLException: ERROR: duplicate key value violates unique constraint "search_resource_rdf_type_pkey"
  Detail: Key (resource_id, rdf_type_id)=(3, 12) already exists.
	at org.postgresql.core.v3.QueryExecutorImpl.receiveErrorResponse(QueryExecutorImpl.java:2875)
	at org.postgresql.core.v3.QueryExecutorImpl.processResults(QueryExecutorImpl.java:2560)
	... 43 more
org.fcrepo.kernel.api.exception.RepositoryRuntimeException: Failed add/updated the search index for : info:fedora/it-02/rr_20170824105246047/i_20170821144936861
	at org.fcrepo.search.impl.DbSearchIndexImpl.doDirectUpsert(DbSearchIndexImpl.java:671)
	at org.fcrepo.search.impl.DbSearchIndexImpl.lambda$addUpdateIndex$3(DbSearchIndexImpl.java:645)
	at org.fcrepo.kernel.impl.TransactionImpl.doInTx(TransactionImpl.java:181)
	at org.fcrepo.search.impl.DbSearchIndexImpl.addUpdateIndex(DbSearchIndexImpl.java:641)
	at java.base/jdk.internal.reflect.DirectMethodHandleAccessor.invoke(DirectMethodHandleAccessor.java:103)
	at java.base/java.lang.reflect.Method.invoke(Method.java:580)
	at org.springframework.aop.support.AopUtils.invokeJoinpointUsingReflection(AopUtils.java:360)
	at org.springframework.aop.framework.JdkDynamicAopProxy.invoke(JdkDynamicAopProxy.java:216)
	at jdk.proxy3/jdk.proxy3.$Proxy48.addUpdateIndex(Unknown Source)
	at org.fcrepo.search.impl.SearchIndexMetrics.lambda$addUpdateIndex$1(SearchIndexMetrics.java:73)
	at io.micrometer.core.instrument.composite.CompositeTimer.record(CompositeTimer.java:141)
	at org.fcrepo.search.impl.SearchIndexMetrics.addUpdateIndex(SearchIndexMetrics.java:72)
	at org.fcrepo.persistence.ocfl.impl.ReindexService.lambda$indexOcflObject$4(ReindexService.java:218)
	at java.base/java.util.ArrayList.forEach(ArrayList.java:1596)
	at org.fcrepo.persistence.ocfl.impl.ReindexService.indexOcflObject(ReindexService.java:213)
	at org.fcrepo.persistence.ocfl.impl.ReindexWorker.lambda$run$0(ReindexWorker.java:109)
	at org.fcrepo.common.db.DbTransactionExecutor.lambda$doInTx$3(DbTransactionExecutor.java:83)
	at org.springframework.transaction.support.TransactionOperations.lambda$executeWithoutResult$0(TransactionOperations.java:68)
	at org.springframework.transaction.support.TransactionTemplate.execute(TransactionTemplate.java:140)
	at org.springframework.transaction.support.TransactionOperations.executeWithoutResult(TransactionOperations.java:67)
	at org.fcrepo.common.db.DbTransactionExecutor.doInTx(DbTransactionExecutor.java:82)
	at org.fcrepo.common.db.DbTransactionExecutor.lambda$doInTxWithRetry$2(DbTransactionExecutor.java:66)
	at dev.failsafe.Functions.lambda$toCtxSupplier$9(Functions.java:228)
	at dev.failsafe.Functions.lambda$get$0(Functions.java:46)
	at dev.failsafe.internal.RetryPolicyExecutor.lambda$apply$0(RetryPolicyExecutor.java:74)
	at dev.failsafe.SyncExecutionImpl.executeSync(SyncExecutionImpl.java:187)
	at dev.failsafe.FailsafeExecutor.call(FailsafeExecutor.java:376)
	at dev.failsafe.FailsafeExecutor.run(FailsafeExecutor.java:220)
	at org.fcrepo.common.db.DbTransactionExecutor.doInTxWithRetry(DbTransactionExecutor.java:65)
	at org.fcrepo.persistence.ocfl.impl.ReindexWorker.run(ReindexWorker.java:108)
	at java.base/java.lang.Thread.run(Thread.java:1583)
Caused by: org.springframework.dao.DataIntegrityViolationException: PreparedStatementCallback; SQL [INSERT INTO search_resource_rdf_type (resource_id, rdf_type_id) VALUES (?, ?)]; ERROR: insert or update on table "search_resource_rdf_type" violates foreign key constraint "search_resource_rdf_type_rdf_type_id_fkey"
  Detail: Key (rdf_type_id)=(12) is not present in table "search_rdf_type".
	at org.springframework.jdbc.support.SQLStateSQLExceptionTranslator.doTranslate(SQLStateSQLExceptionTranslator.java:140)
	at org.springframework.jdbc.support.AbstractFallbackSQLExceptionTranslator.translate(AbstractFallbackSQLExceptionTranslator.java:107)
	at org.springframework.jdbc.support.AbstractFallbackSQLExceptionTranslator.translate(AbstractFallbackSQLExceptionTranslator.java:116)
	at org.springframework.jdbc.core.JdbcTemplate.translateException(JdbcTemplate.java:1556)
	at org.springframework.jdbc.core.JdbcTemplate.execute(JdbcTemplate.java:677)
	at org.springframework.jdbc.core.JdbcTemplate.execute(JdbcTemplate.java:701)
	at org.springframework.jdbc.core.JdbcTemplate.batchUpdate(JdbcTemplate.java:1049)
	at org.springframework.jdbc.core.namedparam.NamedParameterJdbcTemplate.batchUpdate(NamedParameterJdbcTemplate.java:377)
	at org.fcrepo.search.impl.DbSearchIndexImpl.insertRdfTypeAssociations(DbSearchIndexImpl.java:830)
	at org.fcrepo.search.impl.DbSearchIndexImpl.doDirectUpsert(DbSearchIndexImpl.java:669)
	... 30 more
Caused by: java.sql.BatchUpdateException: Batch entry 0 INSERT INTO search_resource_rdf_type (resource_id, rdf_type_id) VALUES (('4'::int8), ('12'::int8)) was aborted: ERROR: insert or update on table "search_resource_rdf_type" violates foreign key constraint "search_resource_rdf_type_rdf_type_id_fkey"
  Detail: Key (rdf_type_id)=(12) is not present in table "search_rdf_type".  Call getNextException to see other errors in the batch.
	at org.postgresql.jdbc.BatchResultHandler.handleError(BatchResultHandler.java:165)
	at org.postgresql.core.v3.QueryExecutorImpl.processResults(QueryExecutorImpl.java:2561)
	at org.postgresql.core.v3.QueryExecutorImpl.execute(QueryExecutorImpl.java:672)
	at org.postgresql.jdbc.PgStatement.internalExecuteBatch(PgStatement.java:892)
	at org.postgresql.jdbc.PgStatement.executeBatch(PgStatement.java:916)
	at org.postgresql.jdbc.PgPreparedStatement.executeBatch(PgPreparedStatement.java:1778)
	at com.zaxxer.hikari.pool.ProxyStatement.executeBatch(ProxyStatement.java:128)
	at com.zaxxer.hikari.pool.HikariProxyPreparedStatement.executeBatch(HikariProxyPreparedStatement.java)
	at org.springframework.jdbc.core.JdbcTemplate.lambda$getPreparedStatementCallback$7(JdbcTemplate.java:1617)
	at org.springframework.jdbc.core.JdbcTemplate.execute(JdbcTemplate.java:658)
	... 35 more
Caused by: org.postgresql.util.PSQLException: ERROR: insert or update on table "search_resource_rdf_type" violates foreign key constraint "search_resource_rdf_type_rdf_type_id_fkey"
  Detail: Key (rdf_type_id)=(12) is not present in table "search_rdf_type".
	at org.postgresql.core.v3.QueryExecutorImpl.receiveErrorResponse(QueryExecutorImpl.java:2875)
	at org.postgresql.core.v3.QueryExecutorImpl.processResults(QueryExecutorImpl.java:2560)
	... 43 more
ERROR 09:56:47.190 [ScheduledTask1] (ReindexManager) Reindex did not complete successfully
INFO 09:56:47.190 [ScheduledTask1] (IndexBuilderImpl) Index rebuild completed 1 objects successfully, 0 objects skipped and 2 objects had errors in 0 seconds 
DEBUG 09:56:47.190 [ScheduledTask1] (OcflPersistentSessionManager) Creating storage session d42314a7-5705-45a3-845d-a45f992acb67
DEBUG 09:56:47.193 [ScheduledTask1] (RepositoryInitializer) Repository root (info:fedora) not found. Creating...
DEBUG 09:56:47.198 [ScheduledTask1] (CreateRdfSourcePersister) persisting info:fedora to OcflPersistentStorageSession{sessionId='d42314a7-5705-45a3-845d-a45f992acb67', state=COMMIT_NOT_STARTED}
TRACE 09:56:47.206 [ScheduledTask1] (DefaultOcflObjectSession) Adding to cache info:fedora_v4
DEBUG 09:56:47.207 [ScheduledTask1] (AbstractRdfSourcePersister) persisting RDFSource (info:fedora) to OCFL
DEBUG 09:56:47.228 [ScheduledTask1] (AbstractRdfSourcePersister) wrote info:fedora to 07cd9865-1030-4614-bacc-35d8ee6e10ee
DEBUG 09:56:47.232 [ScheduledTask1] (TransactionImpl) Waiting for operations in transaction d42314a7-5705-45a3-845d-a45f992acb67 to complete before committing
DEBUG 09:56:47.232 [ScheduledTask1] (TransactionImpl) Committing transaction d42314a7-5705-45a3-845d-a45f992acb67
DEBUG 09:56:47.232 [ScheduledTask1] (OcflPersistentStorageSession) Starting storage session d42314a7-5705-45a3-845d-a45f992acb67 prepare for commit
TRACE 09:56:47.232 [ScheduledTask1] (OcflPersistentStorageSession) All persisters are complete in session d42314a7-5705-45a3-845d-a45f992acb67
DEBUG 09:56:47.232 [ScheduledTask1] (OcflPersistentStorageSession) Starting storage session d42314a7-5705-45a3-845d-a45f992acb67 commit
TRACE 09:56:47.292 [ScheduledTask1] (DefaultOcflObjectSession) Adding to cache info:fedora_v5
DEBUG 09:56:47.311 [ScheduledTask1] (OcflPersistentStorageSession) Committed storage session d42314a7-5705-45a3-845d-a45f992acb67
DEBUG 09:56:47.312 [ScheduledTask1] (EventAccumulatorImpl) Emitting events for transaction d42314a7-5705-45a3-845d-a45f992acb67
DEBUG 09:56:47.312 [ScheduledTask1] (TransactionImpl) Committed transaction d42314a7-5705-45a3-845d-a45f992acb67
DEBUG 09:56:47.312 [ScheduledTask1] (RepositoryInitializer) Successfully created repository root (info:fedora).
INFO 09:56:47.349 [main] (MicrometerFeature) Micrometer metrics enabled for Jersey resources.
TRACE 09:56:47.835 [main] (StreamingBaseHtmlProvider) Velocity engine initializing...
DEBUG 09:56:47.835 [main] (StreamingBaseHtmlProvider) Setting Velocity runtime log: /fcrepo_home/logs/velocity.log
DEBUG 09:56:47.835 [main] (StreamingBaseHtmlProvider) Using Velocity configuration from jar:file:/usr/local/tomcat/webapps/fcrepo/WEB-INF/lib/fcrepo-http-api-7.0.0-RC1.jar!/velocity.properties
TRACE 09:56:47.894 [main] (StreamingBaseHtmlProvider) Velocity engine initialized.
TRACE 09:56:47.894 [main] (StreamingBaseHtmlProvider) Assembling a map of node primary types -> templates...
TRACE 09:56:47.943 [main] (StreamingBaseHtmlProvider) Assembled template map.
TRACE 09:56:47.944 [main] (StreamingBaseHtmlProvider) HtmlProvider initialization complete.
TRACE 09:56:47.945 [main] (SearchResultProvider) Velocity engine initializing...
DEBUG 09:56:47.945 [main] (SearchResultProvider) Setting Velocity runtime log: /fcrepo_home/logs/velocity.log
DEBUG 09:56:47.946 [main] (SearchResultProvider) Using Velocity configuration from jar:file:/usr/local/tomcat/webapps/fcrepo/WEB-INF/lib/fcrepo-http-api-7.0.0-RC1.jar!/velocity.properties
TRACE 09:56:47.949 [main] (SearchResultProvider) Velocity engine initialized.
07-Apr-2026 09:56:48.054 INFO [main] org.apache.catalina.startup.HostConfig.deployDirectory Deployment of web application directory [/usr/local/tomcat/webapps/fcrepo] has finished in [7,355] ms
07-Apr-2026 09:56:48.057 INFO [main] org.apache.coyote.AbstractProtocol.start Starting ProtocolHandler ["http-nio-8080"]
07-Apr-2026 09:56:48.068 INFO [main] org.apache.catalina.startup.Catalina.start Server startup in [7427] milliseconds
