07-Apr-2026 09:55:00.891 INFO [main] org.apache.catalina.startup.VersionLoggerListener.log Server version name:   Apache Tomcat/10.1.53
07-Apr-2026 09:55:00.897 INFO [main] org.apache.catalina.startup.VersionLoggerListener.log Server built:          Mar 18 2026 13:50:42 UTC
07-Apr-2026 09:55:00.898 INFO [main] org.apache.catalina.startup.VersionLoggerListener.log Server version number: 10.1.53.0
07-Apr-2026 09:55:00.898 INFO [main] org.apache.catalina.startup.VersionLoggerListener.log OS Name:               Linux
07-Apr-2026 09:55:00.898 INFO [main] org.apache.catalina.startup.VersionLoggerListener.log OS Version:            6.19.10-200.fc43.x86_64
07-Apr-2026 09:55:00.898 INFO [main] org.apache.catalina.startup.VersionLoggerListener.log Architecture:          amd64
07-Apr-2026 09:55:00.898 INFO [main] org.apache.catalina.startup.VersionLoggerListener.log Java Home:             /opt/java/openjdk
07-Apr-2026 09:55:00.898 INFO [main] org.apache.catalina.startup.VersionLoggerListener.log JVM Version:           21.0.10+7-LTS
07-Apr-2026 09:55:00.899 INFO [main] org.apache.catalina.startup.VersionLoggerListener.log JVM Vendor:            Eclipse Adoptium
07-Apr-2026 09:55:00.899 INFO [main] org.apache.catalina.startup.VersionLoggerListener.log CATALINA_BASE:         /usr/local/tomcat
07-Apr-2026 09:55:00.899 INFO [main] org.apache.catalina.startup.VersionLoggerListener.log CATALINA_HOME:         /usr/local/tomcat
07-Apr-2026 09:55:00.919 INFO [main] org.apache.catalina.startup.VersionLoggerListener.log Command line argument: -Djava.util.logging.config.file=/usr/local/tomcat/conf/logging.properties
07-Apr-2026 09:55:00.919 INFO [main] org.apache.catalina.startup.VersionLoggerListener.log Command line argument: -Djava.util.logging.manager=org.apache.juli.ClassLoaderLogManager
07-Apr-2026 09:55:00.919 INFO [main] org.apache.catalina.startup.VersionLoggerListener.log Command line argument: -Djdk.tls.ephemeralDHKeySize=2048
07-Apr-2026 09:55:00.919 INFO [main] org.apache.catalina.startup.VersionLoggerListener.log Command line argument: -Djava.protocol.handler.pkgs=org.apache.catalina.webresources
07-Apr-2026 09:55:00.919 INFO [main] org.apache.catalina.startup.VersionLoggerListener.log Command line argument: -Dsun.io.useCanonCaches=false
07-Apr-2026 09:55:00.920 INFO [main] org.apache.catalina.startup.VersionLoggerListener.log Command line argument: -Dorg.apache.catalina.security.SecurityListener.UMASK=0027
07-Apr-2026 09:55:00.920 INFO [main] org.apache.catalina.startup.VersionLoggerListener.log Command line argument: --add-opens=java.base/java.lang=ALL-UNNAMED
07-Apr-2026 09:55:00.920 INFO [main] org.apache.catalina.startup.VersionLoggerListener.log Command line argument: --add-opens=java.base/java.lang.reflect=ALL-UNNAMED
07-Apr-2026 09:55:00.920 INFO [main] org.apache.catalina.startup.VersionLoggerListener.log Command line argument: --add-opens=java.base/java.io=ALL-UNNAMED
07-Apr-2026 09:55:00.920 INFO [main] org.apache.catalina.startup.VersionLoggerListener.log Command line argument: --add-opens=java.base/java.util=ALL-UNNAMED
07-Apr-2026 09:55:00.921 INFO [main] org.apache.catalina.startup.VersionLoggerListener.log Command line argument: --add-opens=java.base/java.util.concurrent=ALL-UNNAMED
07-Apr-2026 09:55:00.921 INFO [main] org.apache.catalina.startup.VersionLoggerListener.log Command line argument: --add-opens=java.rmi/sun.rmi.transport=ALL-UNNAMED
07-Apr-2026 09:55:00.921 INFO [main] org.apache.catalina.startup.VersionLoggerListener.log Command line argument: -Dfcrepo.db.url=jdbc:mysql://db/fcrepo
07-Apr-2026 09:55:00.921 INFO [main] org.apache.catalina.startup.VersionLoggerListener.log Command line argument: -Dfcrepo.db.user=fcrepo
07-Apr-2026 09:55:00.921 INFO [main] org.apache.catalina.startup.VersionLoggerListener.log Command line argument: -Dfcrepo.db.password=fcrepo
07-Apr-2026 09:55:00.921 INFO [main] org.apache.catalina.startup.VersionLoggerListener.log Command line argument: -Dfcrepo.log=TRACE
07-Apr-2026 09:55:00.921 INFO [main] org.apache.catalina.startup.VersionLoggerListener.log Command line argument: -Dfcrepo.rebuild=true
07-Apr-2026 09:55:00.922 INFO [main] org.apache.catalina.startup.VersionLoggerListener.log Command line argument: -Dorg.apache.tomcat.util.digester.PROPERTY_SOURCE=org.apache.tomcat.util.digester.EnvironmentPropertySource
07-Apr-2026 09:55:00.922 INFO [main] org.apache.catalina.startup.VersionLoggerListener.log Command line argument: -Dfile.encoding=UTF-8
07-Apr-2026 09:55:00.922 INFO [main] org.apache.catalina.startup.VersionLoggerListener.log Command line argument: -Dorg.apache.tomcat.util.digester.REPLACE_SYSTEM_PROPERTIES=true
07-Apr-2026 09:55:00.922 INFO [main] org.apache.catalina.startup.VersionLoggerListener.log Command line argument: -Dcatalina.base=/usr/local/tomcat
07-Apr-2026 09:55:00.922 INFO [main] org.apache.catalina.startup.VersionLoggerListener.log Command line argument: -Dcatalina.home=/usr/local/tomcat
07-Apr-2026 09:55:00.922 INFO [main] org.apache.catalina.startup.VersionLoggerListener.log Command line argument: -Djava.io.tmpdir=/usr/local/tomcat/temp
07-Apr-2026 09:55:00.938 INFO [main] org.apache.catalina.core.AprLifecycleListener.lifecycleEvent Loaded Apache Tomcat Native library [2.0.14] using APR version [1.7.2].
07-Apr-2026 09:55:00.943 INFO [main] org.apache.catalina.core.AprLifecycleListener.initializeSSL OpenSSL successfully initialized [OpenSSL 3.0.13 30 Jan 2024]
07-Apr-2026 09:55:01.242 INFO [main] org.apache.coyote.AbstractProtocol.init Initializing ProtocolHandler ["http-nio-8080"]
07-Apr-2026 09:55:01.267 INFO [main] org.apache.catalina.startup.Catalina.load Server initialization in [605] milliseconds
07-Apr-2026 09:55:01.309 INFO [main] org.apache.catalina.core.StandardService.startInternal Starting service [Catalina]
07-Apr-2026 09:55:01.309 INFO [main] org.apache.catalina.core.StandardEngine.startInternal Starting Servlet engine: [Apache Tomcat/10.1.53]
07-Apr-2026 09:55:01.318 INFO [main] org.apache.catalina.startup.HostConfig.deployDirectory Deploying web application directory [/usr/local/tomcat/webapps/fcrepo]
07-Apr-2026 09:55:02.078 WARNING [main] org.apache.catalina.startup.ContextConfig.validateSecurityRoles Security role name [fedoraUser] used in an <auth-constraint> without being defined in a <security-role>
07-Apr-2026 09:55:02.078 WARNING [main] org.apache.catalina.startup.ContextConfig.validateSecurityRoles Security role name [fedoraAdmin] used in an <auth-constraint> without being defined in a <security-role>
07-Apr-2026 09:55:02.190 INFO [main] org.apache.jasper.servlet.TldScanner.scanJars At least one JAR was scanned for TLDs yet contained no TLDs. Enable debug logging for this logger for a complete list of JARs that were scanned but no TLDs were found in them. Skipping unneeded JARs during scanning can improve startup time and JSP compilation time.
DEBUG 09:55:03.341 [main] (ConditionOnProperty) Prop fcrepo.auth.enabled: null
DEBUG 09:55:03.345 [main] (ConditionOnProperty) Prop fcrepo.auth.principal.header.enabled: null
DEBUG 09:55:03.347 [main] (ConditionOnProperty) Prop fcrepo.auth.principal.roles.enabled: null
DEBUG 09:55:03.348 [main] (ConditionOnProperty) Prop fcrepo.auth.principal.delegate.enabled: null
DEBUG 09:55:03.352 [main] (ConditionOnProperty) Prop fcrepo.jms.enabled: null
DEBUG 09:55:03.353 [main] (ConditionOnProperty) Prop fcrepo.auth.enabled: null
INFO 09:55:03.868 [main] (FedoraPropsConfig) Fedora is an open source project supported entirely by its users. To continue the on-going maintenance of the software and ensure Fedora is meeting the needs of the community, we are working to gather information on current installations. We strongly encourage all users to register their instance in the DuraSpace Community Supported Program Registry hosted by LYRASIS at https://fedora.lyrasis.org/register-your-site/
INFO 09:55:03.868 [main] (FedoraPropsConfig) Fedora home: /fcrepo_home
DEBUG 09:55:03.868 [main] (FedoraPropsConfig) Fedora home data: /fcrepo_home/data
INFO 09:55:04.372 [main] (OcflPropsConfig) Fedora storage type: ocfl-fs
INFO 09:55:04.372 [main] (OcflPropsConfig) Fedora staging: /fcrepo_home/data/staging
INFO 09:55:04.372 [main] (OcflPropsConfig) Fedora OCFL temp: /fcrepo_home/data/ocfl-temp
INFO 09:55:04.372 [main] (OcflPropsConfig) Fedora OCFL reindexing threads: 7
INFO 09:55:04.372 [main] (OcflPropsConfig) Fedora OCFL reindexing batch size: 100
INFO 09:55:04.372 [main] (OcflPropsConfig) Fedora OCFL reindexing fail on error: true
INFO 09:55:04.372 [main] (OcflPropsConfig) Fedora OCFL root: /fcrepo_home/data/ocfl-root
INFO 09:55:04.373 [main] (OcflPropsConfig) Fedora OCFL digest algorithm: SHA-512
INFO 09:55:04.373 [main] (OcflPropsConfig) Fedora OCFL show path: false
INFO 09:55:04.436 [main] (DatabaseConfig) JDBC URL: jdbc:mysql://db/fcrepo
INFO 09:55:04.436 [main] (DatabaseConfig) JDBC User: fcrepo
INFO 09:55:04.436 [main] (DatabaseConfig) JDBC Password length: 6
INFO 09:55:04.436 [main] (DatabaseConfig) Using database driver: com.mysql.cj.jdbc.Driver
DEBUG 09:55:04.893 [main] (DatabaseConfig) Instantiating a new flyway bean
DEBUG 09:55:09.326 [main] (DbPlatform) Identified database as: MySQL
DEBUG 09:55:09.343 [main] (DbPlatform) Identified database as: MySQL
DEBUG 09:55:09.356 [main] (DbPlatform) Identified database as: MySQL
DEBUG 09:55:09.367 [main] (WebappConfig) Event bus threads: org.fcrepo.config.FedoraPropsConfig@74123110
DEBUG 09:55:09.413 [main] (DbPlatform) Identified database as: MySQL
DEBUG 09:55:09.421 [main] (DbPlatform) Identified database as: MySQL
DEBUG 09:55:09.490 [main] (TransactionManagerImpl) TransactionManagerImpl initialized, cleaning up leftover transaction entries
DEBUG 09:55:10.150 [main] (OcflPersistentSessionManager) Clearing all storage sessions
INFO 09:55:10.397 [main] (JmsConfig) JMS messaging enabled
INFO 09:55:10.481 [main] (AuthConfig) Auth delegate principal provider enabled
DEBUG 09:55:11.493 [main] (AbstractJMSPublisher) Initializing: org.fcrepo.jms.JMSTopicPublisher
DEBUG 09:55:11.698 [main] (WebappConfig) Event bus threads: org.fcrepo.config.FedoraPropsConfig@74123110
DEBUG 09:55:11.799 [ScheduledTask1] (TransactionManagerImpl) Cleaning up expired transactions
INFO 09:55:11.800 [ScheduledTask1] (RepositoryInitializer) Initializing repository
INFO 09:55:11.800 [ScheduledTask1] (IndexBuilderImpl) Initiating partial index rebuild. This will add missing objects to the index. This may take a while. Progress will be logged periodically.
DEBUG 09:55:11.804 [ScheduledTask1] (IndexBuilderImpl) Reading object ids...
DEBUG 09:55:11.999 [ReindexWorker-4] (ReindexWorker) No more objects found to process. Stopping...
DEBUG 09:55:11.999 [ReindexWorker-5] (ReindexWorker) No more objects found to process. Stopping...
DEBUG 09:55:11.999 [ReindexWorker-3] (ReindexWorker) No more objects found to process. Stopping...
DEBUG 09:55:11.999 [ReindexWorker-2] (ReindexWorker) No more objects found to process. Stopping...
DEBUG 09:55:11.999 [ReindexWorker-1] (ReindexWorker) No more objects found to process. Stopping...
DEBUG 09:55:12.002 [ReindexWorker-6] (ReindexService) Indexing ocflId info:fedora/it-02/fmt_255 in transaction 41f0da83-4ba2-4727-a973-e959718e7e89
DEBUG 09:55:12.002 [ReindexWorker-0] (ReindexService) Indexing ocflId info:fedora/it-01/rr_20170824105132120 in transaction 28e2464c-388e-46b9-9868-543e7f21d6f8
DEBUG 09:55:12.005 [ReindexWorker-6] (ObjectValidator) Validating object info:fedora/it-02/fmt_255 with fixity check false
DEBUG 09:55:12.005 [ReindexWorker-0] (ObjectValidator) Validating object info:fedora/it-01/rr_20170824105132120 with fixity check false
DEBUG 09:55:12.018 [ReindexWorker-6] (ObjectValidator) Validating object info:fedora/it-02/fmt_255 version v1
DEBUG 09:55:12.019 [ReindexWorker-0] (ObjectValidator) Validating object info:fedora/it-01/rr_20170824105132120 version v1
TRACE 09:55:12.027 [ReindexWorker-0] (ObjectValidator) Validating object info:fedora/it-01/rr_20170824105132120 version v1 header file .fcrepo/i_20170821144938533/b_20230915083021225/content.json
TRACE 09:55:12.027 [ReindexWorker-6] (ObjectValidator) Validating object info:fedora/it-02/fmt_255 version v1 header file .fcrepo/fcr-root.json
TRACE 09:55:12.029 [ReindexWorker-0] (ObjectValidator) Validating object info:fedora/it-01/rr_20170824105132120 version v1 header file .fcrepo/i_20170821144938533.json
TRACE 09:55:12.030 [ReindexWorker-0] (ObjectValidator) Validating object info:fedora/it-01/rr_20170824105132120 version v1 header file .fcrepo/i_20170821144938533/b_20230915083021225.json
TRACE 09:55:12.031 [ReindexWorker-0] (ObjectValidator) Validating object info:fedora/it-01/rr_20170824105132120 version v1 header file .fcrepo/i_20170821144938533/b_20230915083021225/content~fcr-desc.json
TRACE 09:55:12.033 [ReindexWorker-0] (ObjectValidator) Validating object info:fedora/it-01/rr_20170824105132120 version v1 header file .fcrepo/fcr-root.json
TRACE 09:55:12.035 [ReindexWorker-6] (DefaultOcflObjectSession) Adding to cache info:fedora/it-02/fmt_255_v1
TRACE 09:55:12.035 [ReindexWorker-0] (DefaultOcflObjectSession) Adding to cache info:fedora/it-01/rr_20170824105132120_v1
DEBUG 09:55:12.066 [ReindexWorker-0] (ReindexService) Indexing object info:fedora/it-01/rr_20170824105132120/i_20170821144938533/b_20230915083021225/content in transaction 28e2464c-388e-46b9-9868-543e7f21d6f8, because it does not yet exist in the index.
DEBUG 09:55:12.066 [ReindexWorker-6] (ReindexService) Indexing object info:fedora/it-02/fmt_255 in transaction 41f0da83-4ba2-4727-a973-e959718e7e89, because it does not yet exist in the index.
TRACE 09:55:12.066 [ReindexWorker-6] (DefaultOcflObjectSession) Cache miss for info:fedora/it-02/fmt_255_v1
DEBUG 09:55:12.069 [ReindexWorker-0] (ContainmentIndexImpl) Adding: parent: info:fedora/it-01/rr_20170824105132120/i_20170821144938533/b_20230915083021225, child: info:fedora/it-01/rr_20170824105132120/i_20170821144938533/b_20230915083021225/content, start time 2023-09-15 08:32:01.0, end time null
DEBUG 09:55:12.080 [ReindexWorker-0] (ReindexService) Indexing object info:fedora/it-01/rr_20170824105132120/i_20170821144938533 in transaction 28e2464c-388e-46b9-9868-543e7f21d6f8, because it does not yet exist in the index.
TRACE 09:55:12.081 [ReindexWorker-0] (DefaultOcflObjectSession) Cache miss for info:fedora/it-01/rr_20170824105132120/i_20170821144938533_v1
DEBUG 09:55:12.132 [ReindexWorker-6] (ContainmentIndexImpl) Adding: parent: info:fedora/it-02, child: info:fedora/it-02/fmt_255, start time 2023-09-15 08:32:08.0, end time null
DEBUG 09:55:12.140 [ReindexWorker-0] (ContainmentIndexImpl) Checking if info:fedora/it-01/rr_20170824105132120/i_20170821144938533 exists in transaction 28e2464c-388e-46b9-9868-543e7f21d6f8
DEBUG 09:55:12.142 [ReindexWorker-6] (ReindexService) Rebuilt fedora-to-ocfl object index entry for info:fedora/it-02/fmt_255
DEBUG 09:55:12.145 [ReindexWorker-0] (ContainmentIndexImpl) Checking if info:fedora/it-01/rr_20170824105132120/i_20170821144938533 exists in transaction 28e2464c-388e-46b9-9868-543e7f21d6f8
DEBUG 09:55:12.147 [ReindexWorker-0] (ContainmentIndexImpl) Checking if info:fedora/it-01/rr_20170824105132120/i_20170821144938533 exists in transaction 28e2464c-388e-46b9-9868-543e7f21d6f8
DEBUG 09:55:12.148 [ReindexWorker-0] (ContainmentIndexImpl) Checking if info:fedora/it-01/rr_20170824105132120 exists in transaction 28e2464c-388e-46b9-9868-543e7f21d6f8
DEBUG 09:55:12.150 [ReindexWorker-6] (DbSearchIndexImpl) Updating search index for info:fedora/it-02/fmt_255
DEBUG 09:55:12.151 [ReindexWorker-0] (ContainmentIndexImpl) Checking if info:fedora/it-01/rr_20170824105132120/i_20170821144938533 exists in transaction 28e2464c-388e-46b9-9868-543e7f21d6f8
DEBUG 09:55:12.152 [ReindexWorker-0] (ContainmentIndexImpl) Checking if info:fedora/it-01/rr_20170824105132120/i_20170821144938533 exists in transaction 28e2464c-388e-46b9-9868-543e7f21d6f8
DEBUG 09:55:12.153 [ReindexWorker-0] (ContainmentIndexImpl) Adding: parent: info:fedora/it-01/rr_20170824105132120, child: info:fedora/it-01/rr_20170824105132120/i_20170821144938533, start time 2023-09-15 08:32:00.0, end time null
DEBUG 09:55:12.158 [ReindexWorker-0] (ReindexService) Indexing object info:fedora/it-01/rr_20170824105132120/i_20170821144938533/b_20230915083021225 in transaction 28e2464c-388e-46b9-9868-543e7f21d6f8, because it does not yet exist in the index.
TRACE 09:55:12.158 [ReindexWorker-0] (DefaultOcflObjectSession) Cache miss for info:fedora/it-01/rr_20170824105132120/i_20170821144938533/b_20230915083021225_v1
DEBUG 09:55:12.164 [ReindexWorker-0] (ContainmentIndexImpl) Checking if info:fedora/it-01/rr_20170824105132120/i_20170821144938533/b_20230915083021225/content exists in transaction 28e2464c-388e-46b9-9868-543e7f21d6f8
DEBUG 09:55:12.178 [ReindexWorker-6] (TransactionImpl) Waiting for operations in transaction 41f0da83-4ba2-4727-a973-e959718e7e89 to complete before committing
DEBUG 09:55:12.178 [ReindexWorker-6] (TransactionImpl) Committing transaction 41f0da83-4ba2-4727-a973-e959718e7e89
DEBUG 09:55:12.179 [ReindexWorker-6] (OcflPersistentSessionManager) Creating storage session 41f0da83-4ba2-4727-a973-e959718e7e89
DEBUG 09:55:12.179 [ReindexWorker-0] (ContainmentIndexImpl) Checking if info:fedora/it-01/fmt_353 exists in transaction 28e2464c-388e-46b9-9868-543e7f21d6f8
DEBUG 09:55:12.183 [ReindexWorker-0] (ContainmentIndexImpl) Checking if info:fedora/it-01/rr_20170824105132120/i_20170821144938533/b_20230915083021225 exists in transaction 28e2464c-388e-46b9-9868-543e7f21d6f8
DEBUG 09:55:12.186 [ReindexWorker-0] (ContainmentIndexImpl) Checking if info:fedora/it-01/rr_20170824105132120/i_20170821144938533 exists in transaction 28e2464c-388e-46b9-9868-543e7f21d6f8
DEBUG 09:55:12.187 [ReindexWorker-0] (ContainmentIndexImpl) Adding: parent: info:fedora/it-01/rr_20170824105132120/i_20170821144938533, child: info:fedora/it-01/rr_20170824105132120/i_20170821144938533/b_20230915083021225, start time 2023-09-15 08:32:00.0, end time null
DEBUG 09:55:12.192 [ReindexWorker-6] (OcflPersistentStorageSession) Starting storage session 41f0da83-4ba2-4727-a973-e959718e7e89 prepare for commit
TRACE 09:55:12.192 [ReindexWorker-6] (OcflPersistentStorageSession) All persisters are complete in session 41f0da83-4ba2-4727-a973-e959718e7e89
DEBUG 09:55:12.193 [ReindexWorker-6] (OcflPersistentStorageSession) Starting storage session 41f0da83-4ba2-4727-a973-e959718e7e89 commit
DEBUG 09:55:12.194 [ReindexWorker-6] (OcflPersistentStorageSession) Committed storage session 41f0da83-4ba2-4727-a973-e959718e7e89
DEBUG 09:55:12.194 [ReindexWorker-0] (ReindexService) Indexing object info:fedora/it-01/rr_20170824105132120/i_20170821144938533/b_20230915083021225/content/fcr:metadata in transaction 28e2464c-388e-46b9-9868-543e7f21d6f8, because it does not yet exist in the index.
TRACE 09:55:12.194 [ReindexWorker-0] (DefaultOcflObjectSession) Cache miss for info:fedora/it-01/rr_20170824105132120/i_20170821144938533/b_20230915083021225/content/fcr:metadata_v1
TRACE 09:55:12.195 [ReindexWorker-6] (EventAccumulatorImpl) Clearing events for transaction 41f0da83-4ba2-4727-a973-e959718e7e89
DEBUG 09:55:12.196 [ReindexWorker-6] (TransactionImpl) Committed transaction 41f0da83-4ba2-4727-a973-e959718e7e89
DEBUG 09:55:12.197 [ReindexWorker-0] (ContainmentIndexImpl) Adding: parent: info:fedora/it-01/rr_20170824105132120/i_20170821144938533/b_20230915083021225/content, child: info:fedora/it-01/rr_20170824105132120/i_20170821144938533/b_20230915083021225/content/fcr:metadata, start time 2023-09-15 08:32:01.0, end time null
DEBUG 09:55:12.203 [ReindexWorker-0] (ReindexService) Indexing object info:fedora/it-01/rr_20170824105132120 in transaction 28e2464c-388e-46b9-9868-543e7f21d6f8, because it does not yet exist in the index.
TRACE 09:55:12.203 [ReindexWorker-0] (DefaultOcflObjectSession) Cache miss for info:fedora/it-01/rr_20170824105132120_v1
DEBUG 09:55:12.210 [ReindexWorker-0] (ContainmentIndexImpl) Checking if info:fedora/it-01/rr_20170824105132120 exists in transaction 28e2464c-388e-46b9-9868-543e7f21d6f8
DEBUG 09:55:12.212 [ReindexWorker-0] (ContainmentIndexImpl) Checking if info:fedora/it-01/rr_20170824105131152 exists in transaction 28e2464c-388e-46b9-9868-543e7f21d6f8
DEBUG 09:55:12.212 [ReindexWorker-6] (OcflPersistentSessionManager) Removing storage session 41f0da83-4ba2-4727-a973-e959718e7e89
DEBUG 09:55:12.214 [ReindexWorker-6] (ReindexService) Indexing ocflId info:fedora/it-02/rr_20170824105246047 in transaction d4d3302c-0381-4613-9273-bd16f2999438
DEBUG 09:55:12.214 [ReindexWorker-0] (ContainmentIndexImpl) Checking if info:fedora/it-01/rr_20170824105129980 exists in transaction 28e2464c-388e-46b9-9868-543e7f21d6f8
DEBUG 09:55:12.214 [ReindexWorker-6] (ObjectValidator) Validating object info:fedora/it-02/rr_20170824105246047 with fixity check false
DEBUG 09:55:12.215 [ReindexWorker-0] (ContainmentIndexImpl) Adding: parent: info:fedora/it-01, child: info:fedora/it-01/rr_20170824105132120, start time 2023-09-15 08:31:59.0, end time null
DEBUG 09:55:12.219 [ReindexWorker-6] (ObjectValidator) Validating object info:fedora/it-02/rr_20170824105246047 version v1
DEBUG 09:55:12.219 [ReindexWorker-0] (ReindexService) Rebuilt fedora-to-ocfl object index entry for info:fedora/it-01/rr_20170824105132120/i_20170821144938533/b_20230915083021225/content
TRACE 09:55:12.220 [ReindexWorker-6] (ObjectValidator) Validating object info:fedora/it-02/rr_20170824105246047 version v1 header file .fcrepo/i_20170821144936861.json
DEBUG 09:55:12.220 [ReindexWorker-0] (ReindexService) Rebuilt fedora-to-ocfl object index entry for info:fedora/it-01/rr_20170824105132120/i_20170821144938533
TRACE 09:55:12.221 [ReindexWorker-6] (ObjectValidator) Validating object info:fedora/it-02/rr_20170824105246047 version v1 header file .fcrepo/fcr-root.json
DEBUG 09:55:12.221 [ReindexWorker-0] (ReindexService) Rebuilt fedora-to-ocfl object index entry for info:fedora/it-01/rr_20170824105132120/i_20170821144938533/b_20230915083021225
DEBUG 09:55:12.222 [ReindexWorker-0] (ReindexService) Rebuilt fedora-to-ocfl object index entry for info:fedora/it-01/rr_20170824105132120/i_20170821144938533/b_20230915083021225/content/fcr:metadata
DEBUG 09:55:12.223 [ReindexWorker-0] (ReindexService) Rebuilt fedora-to-ocfl object index entry for info:fedora/it-01/rr_20170824105132120
TRACE 09:55:12.225 [ReindexWorker-6] (DefaultOcflObjectSession) Adding to cache info:fedora/it-02/rr_20170824105246047_v1
DEBUG 09:55:12.227 [ReindexWorker-0] (DbSearchIndexImpl) Updating search index for info:fedora/it-01/rr_20170824105132120/i_20170821144938533/b_20230915083021225/content
DEBUG 09:55:12.228 [ReindexWorker-6] (ReindexService) Indexing object info:fedora/it-02/rr_20170824105246047/i_20170821144936861 in transaction d4d3302c-0381-4613-9273-bd16f2999438, because it does not yet exist in the index.
TRACE 09:55:12.229 [ReindexWorker-6] (DefaultOcflObjectSession) Cache miss for info:fedora/it-02/rr_20170824105246047/i_20170821144936861_v1
DEBUG 09:55:12.237 [ReindexWorker-6] (ContainmentIndexImpl) Checking if info:fedora/it-02/rr_20170824105246047/i_20170821144936861 exists in transaction d4d3302c-0381-4613-9273-bd16f2999438
DEBUG 09:55:12.237 [ReindexWorker-0] (DbSearchIndexImpl) Updating search index for info:fedora/it-01/rr_20170824105132120/i_20170821144938533
DEBUG 09:55:12.240 [ReindexWorker-6] (ContainmentIndexImpl) Checking if info:fedora/it-02/rr_20170824105246047/i_20170821144936861 exists in transaction d4d3302c-0381-4613-9273-bd16f2999438
DEBUG 09:55:12.241 [ReindexWorker-6] (ContainmentIndexImpl) Checking if info:fedora/it-02/rr_20170824105246047/i_20170821144936861 exists in transaction d4d3302c-0381-4613-9273-bd16f2999438
DEBUG 09:55:12.243 [ReindexWorker-6] (ContainmentIndexImpl) Checking if info:fedora/it-02/rr_20170824105246047/i_20170821144936861 exists in transaction d4d3302c-0381-4613-9273-bd16f2999438
DEBUG 09:55:12.244 [ReindexWorker-6] (ContainmentIndexImpl) Checking if info:fedora/it-02/rr_20170824105246047/i_20170821144936861 exists in transaction d4d3302c-0381-4613-9273-bd16f2999438
DEBUG 09:55:12.245 [ReindexWorker-6] (ContainmentIndexImpl) Checking if info:fedora/it-02/rr_20170824105246047 exists in transaction d4d3302c-0381-4613-9273-bd16f2999438
DEBUG 09:55:12.246 [ReindexWorker-6] (ContainmentIndexImpl) Adding: parent: info:fedora/it-02/rr_20170824105246047, child: info:fedora/it-02/rr_20170824105246047/i_20170821144936861, start time 2023-09-15 08:32:08.0, end time null
DEBUG 09:55:12.251 [ReindexWorker-6] (ReindexService) Indexing object info:fedora/it-02/rr_20170824105246047 in transaction d4d3302c-0381-4613-9273-bd16f2999438, because it does not yet exist in the index.
TRACE 09:55:12.251 [ReindexWorker-6] (DefaultOcflObjectSession) Cache miss for info:fedora/it-02/rr_20170824105246047_v1
DEBUG 09:55:12.257 [ReindexWorker-6] (ContainmentIndexImpl) Checking if info:fedora/it-02/rr_20170824105242406 exists in transaction d4d3302c-0381-4613-9273-bd16f2999438
DEBUG 09:55:12.259 [ReindexWorker-6] (ContainmentIndexImpl) Checking if info:fedora/it-02/rr_20170824105235562 exists in transaction d4d3302c-0381-4613-9273-bd16f2999438
DEBUG 09:55:12.261 [ReindexWorker-6] (ContainmentIndexImpl) Checking if info:fedora/it-02/rr_20170824105246047 exists in transaction d4d3302c-0381-4613-9273-bd16f2999438
DEBUG 09:55:12.261 [ReindexWorker-6] (ContainmentIndexImpl) Adding: parent: info:fedora/it-02, child: info:fedora/it-02/rr_20170824105246047, start time 2023-09-15 08:32:08.0, end time null
DEBUG 09:55:12.266 [ReindexWorker-6] (ReindexService) Rebuilt fedora-to-ocfl object index entry for info:fedora/it-02/rr_20170824105246047/i_20170821144936861
DEBUG 09:55:12.267 [ReindexWorker-6] (ReindexService) Rebuilt fedora-to-ocfl object index entry for info:fedora/it-02/rr_20170824105246047
DEBUG 09:55:12.267 [ReindexWorker-6] (DbSearchIndexImpl) Updating search index for info:fedora/it-02/rr_20170824105246047/i_20170821144936861
ERROR 09:55:12.275 [ReindexWorker-0] (ReindexWorker) Reindexing of OCFL id info:fedora/it-01/rr_20170824105132120 failed
org.fcrepo.kernel.api.exception.RepositoryRuntimeException: Failed add/updated the search index for : info:fedora/it-01/rr_20170824105132120/i_20170821144938533
	at org.fcrepo.search.impl.DbSearchIndexImpl.doDirectUpsert(DbSearchIndexImpl.java:671)
	at org.fcrepo.search.impl.DbSearchIndexImpl.lambda$addUpdateIndex$3(DbSearchIndexImpl.java:645)
	at org.fcrepo.kernel.impl.TransactionImpl.doInTx(TransactionImpl.java:181)
	at org.fcrepo.search.impl.DbSearchIndexImpl.addUpdateIndex(DbSearchIndexImpl.java:641)
	at java.base/jdk.internal.reflect.DirectMethodHandleAccessor.invoke(DirectMethodHandleAccessor.java:103)
	at java.base/java.lang.reflect.Method.invoke(Method.java:580)
	at org.springframework.aop.support.AopUtils.invokeJoinpointUsingReflection(AopUtils.java:360)
	at org.springframework.aop.framework.JdkDynamicAopProxy.invoke(JdkDynamicAopProxy.java:216)
	at jdk.proxy3/jdk.proxy3.$Proxy47.addUpdateIndex(Unknown Source)
	at org.fcrepo.search.impl.SearchIndexMetrics.lambda$addUpdateIndex$1(SearchIndexMetrics.java:73)
	at io.micrometer.core.instrument.composite.CompositeTimer.record(CompositeTimer.java:141)
	at org.fcrepo.search.impl.SearchIndexMetrics.addUpdateIndex(SearchIndexMetrics.java:72)
	at org.fcrepo.persistence.ocfl.impl.ReindexService.lambda$indexOcflObject$4(ReindexService.java:218)
	at java.base/java.util.ArrayList.forEach(ArrayList.java:1596)
	at org.fcrepo.persistence.ocfl.impl.ReindexService.indexOcflObject(ReindexService.java:213)
	at org.fcrepo.persistence.ocfl.impl.ReindexWorker.lambda$run$0(ReindexWorker.java:109)
	at org.fcrepo.common.db.DbTransactionExecutor.lambda$doInTx$3(DbTransactionExecutor.java:83)
	at org.springframework.transaction.support.TransactionOperations.lambda$executeWithoutResult$0(TransactionOperations.java:68)
	at org.springframework.transaction.support.TransactionTemplate.execute(TransactionTemplate.java:140)
	at org.springframework.transaction.support.TransactionOperations.executeWithoutResult(TransactionOperations.java:67)
	at org.fcrepo.common.db.DbTransactionExecutor.doInTx(DbTransactionExecutor.java:82)
	at org.fcrepo.common.db.DbTransactionExecutor.lambda$doInTxWithRetry$2(DbTransactionExecutor.java:66)
	at dev.failsafe.Functions.lambda$toCtxSupplier$9(Functions.java:228)
	at dev.failsafe.Functions.lambda$get$0(Functions.java:46)
	at dev.failsafe.internal.RetryPolicyExecutor.lambda$apply$0(RetryPolicyExecutor.java:74)
	at dev.failsafe.SyncExecutionImpl.executeSync(SyncExecutionImpl.java:187)
	at dev.failsafe.FailsafeExecutor.call(FailsafeExecutor.java:376)
	at dev.failsafe.FailsafeExecutor.run(FailsafeExecutor.java:220)
	at org.fcrepo.common.db.DbTransactionExecutor.doInTxWithRetry(DbTransactionExecutor.java:65)
	at org.fcrepo.persistence.ocfl.impl.ReindexWorker.run(ReindexWorker.java:108)
	at java.base/java.lang.Thread.run(Thread.java:1583)
Caused by: org.springframework.dao.DuplicateKeyException: PreparedStatementCallback; SQL [INSERT INTO search_resource_rdf_type (resource_id, rdf_type_id) VALUES (?, ?)]; Duplicate entry '3-13' for key 'search_resource_rdf_type.PRIMARY'
	at org.springframework.jdbc.support.SQLStateSQLExceptionTranslator.doTranslate(SQLStateSQLExceptionTranslator.java:138)
	at org.springframework.jdbc.support.AbstractFallbackSQLExceptionTranslator.translate(AbstractFallbackSQLExceptionTranslator.java:107)
	at org.springframework.jdbc.support.AbstractFallbackSQLExceptionTranslator.translate(AbstractFallbackSQLExceptionTranslator.java:116)
	at org.springframework.jdbc.core.JdbcTemplate.translateException(JdbcTemplate.java:1556)
	at org.springframework.jdbc.core.JdbcTemplate.execute(JdbcTemplate.java:677)
	at org.springframework.jdbc.core.JdbcTemplate.execute(JdbcTemplate.java:701)
	at org.springframework.jdbc.core.JdbcTemplate.batchUpdate(JdbcTemplate.java:1049)
	at org.springframework.jdbc.core.namedparam.NamedParameterJdbcTemplate.batchUpdate(NamedParameterJdbcTemplate.java:377)
	at org.fcrepo.search.impl.DbSearchIndexImpl.insertRdfTypeAssociations(DbSearchIndexImpl.java:830)
	at org.fcrepo.search.impl.DbSearchIndexImpl.doDirectUpsert(DbSearchIndexImpl.java:669)
	... 30 common frames omitted
Caused by: java.sql.BatchUpdateException: Duplicate entry '3-13' for key 'search_resource_rdf_type.PRIMARY'
	at com.mysql.cj.jdbc.exceptions.SQLError.createBatchUpdateException(SQLError.java:214)
	at com.mysql.cj.jdbc.ClientPreparedStatement.executeBatchSerially(ClientPreparedStatement.java:839)
	at com.mysql.cj.jdbc.ClientPreparedStatement.executeBatchInternal(ClientPreparedStatement.java:436)
	at com.mysql.cj.jdbc.StatementImpl.executeBatch(StatementImpl.java:846)
	at com.zaxxer.hikari.pool.ProxyStatement.executeBatch(ProxyStatement.java:128)
	at com.zaxxer.hikari.pool.HikariProxyPreparedStatement.executeBatch(HikariProxyPreparedStatement.java)
	at org.springframework.jdbc.core.JdbcTemplate.lambda$getPreparedStatementCallback$7(JdbcTemplate.java:1617)
	at org.springframework.jdbc.core.JdbcTemplate.execute(JdbcTemplate.java:658)
	... 35 common frames omitted
Caused by: java.sql.SQLIntegrityConstraintViolationException: Duplicate entry '3-13' for key 'search_resource_rdf_type.PRIMARY'
	at com.mysql.cj.jdbc.exceptions.SQLError.createSQLException(SQLError.java:109)
	at com.mysql.cj.jdbc.exceptions.SQLExceptionsMapping.translateException(SQLExceptionsMapping.java:113)
	at com.mysql.cj.jdbc.ClientPreparedStatement.executeInternal(ClientPreparedStatement.java:938)
	at com.mysql.cj.jdbc.ClientPreparedStatement.executeUpdateInternal(ClientPreparedStatement.java:1106)
	at com.mysql.cj.jdbc.ClientPreparedStatement.executeBatchSerially(ClientPreparedStatement.java:818)
	... 41 common frames omitted
DEBUG 09:55:12.279 [ReindexWorker-0] (TransactionImpl) Waiting for operations in transaction 28e2464c-388e-46b9-9868-543e7f21d6f8 to complete before rolling back
DEBUG 09:55:12.279 [ReindexWorker-0] (OcflPersistentSessionManager) Creating storage session 28e2464c-388e-46b9-9868-543e7f21d6f8
DEBUG 09:55:12.280 [ReindexWorker-0] (OcflPersistentStorageSession) Rolling back storage session 28e2464c-388e-46b9-9868-543e7f21d6f8
TRACE 09:55:12.287 [ReindexWorker-0] (OcflPersistentStorageSession) Successfully rolled back storage session 28e2464c-388e-46b9-9868-543e7f21d6f8
ERROR 09:55:12.286 [ReindexWorker-6] (ReindexWorker) Reindexing of OCFL id info:fedora/it-02/rr_20170824105246047 failed
org.fcrepo.kernel.api.exception.RepositoryRuntimeException: Failed add/updated the search index for : info:fedora/it-02/rr_20170824105246047/i_20170821144936861
	at org.fcrepo.search.impl.DbSearchIndexImpl.doDirectUpsert(DbSearchIndexImpl.java:671)
	at org.fcrepo.search.impl.DbSearchIndexImpl.lambda$addUpdateIndex$3(DbSearchIndexImpl.java:645)
	at org.fcrepo.kernel.impl.TransactionImpl.doInTx(TransactionImpl.java:181)
	at org.fcrepo.search.impl.DbSearchIndexImpl.addUpdateIndex(DbSearchIndexImpl.java:641)
	at java.base/jdk.internal.reflect.DirectMethodHandleAccessor.invoke(DirectMethodHandleAccessor.java:103)
	at java.base/java.lang.reflect.Method.invoke(Method.java:580)
	at org.springframework.aop.support.AopUtils.invokeJoinpointUsingReflection(AopUtils.java:360)
	at org.springframework.aop.framework.JdkDynamicAopProxy.invoke(JdkDynamicAopProxy.java:216)
	at jdk.proxy3/jdk.proxy3.$Proxy47.addUpdateIndex(Unknown Source)
	at org.fcrepo.search.impl.SearchIndexMetrics.lambda$addUpdateIndex$1(SearchIndexMetrics.java:73)
	at io.micrometer.core.instrument.composite.CompositeTimer.record(CompositeTimer.java:141)
	at org.fcrepo.search.impl.SearchIndexMetrics.addUpdateIndex(SearchIndexMetrics.java:72)
	at org.fcrepo.persistence.ocfl.impl.ReindexService.lambda$indexOcflObject$4(ReindexService.java:218)
	at java.base/java.util.ArrayList.forEach(ArrayList.java:1596)
	at org.fcrepo.persistence.ocfl.impl.ReindexService.indexOcflObject(ReindexService.java:213)
	at org.fcrepo.persistence.ocfl.impl.ReindexWorker.lambda$run$0(ReindexWorker.java:109)
	at org.fcrepo.common.db.DbTransactionExecutor.lambda$doInTx$3(DbTransactionExecutor.java:83)
	at org.springframework.transaction.support.TransactionOperations.lambda$executeWithoutResult$0(TransactionOperations.java:68)
	at org.springframework.transaction.support.TransactionTemplate.execute(TransactionTemplate.java:140)
	at org.springframework.transaction.support.TransactionOperations.executeWithoutResult(TransactionOperations.java:67)
	at org.fcrepo.common.db.DbTransactionExecutor.doInTx(DbTransactionExecutor.java:82)
	at org.fcrepo.common.db.DbTransactionExecutor.lambda$doInTxWithRetry$2(DbTransactionExecutor.java:66)
	at dev.failsafe.Functions.lambda$toCtxSupplier$9(Functions.java:228)
	at dev.failsafe.Functions.lambda$get$0(Functions.java:46)
	at dev.failsafe.internal.RetryPolicyExecutor.lambda$apply$0(RetryPolicyExecutor.java:74)
	at dev.failsafe.SyncExecutionImpl.executeSync(SyncExecutionImpl.java:187)
	at dev.failsafe.FailsafeExecutor.call(FailsafeExecutor.java:376)
	at dev.failsafe.FailsafeExecutor.run(FailsafeExecutor.java:220)
	at org.fcrepo.common.db.DbTransactionExecutor.doInTxWithRetry(DbTransactionExecutor.java:65)
	at org.fcrepo.persistence.ocfl.impl.ReindexWorker.run(ReindexWorker.java:108)
	at java.base/java.lang.Thread.run(Thread.java:1583)
Caused by: org.springframework.dao.DataIntegrityViolationException: PreparedStatementCallback; SQL [INSERT INTO search_resource_rdf_type (resource_id, rdf_type_id) VALUES (?, ?)]; Cannot add or update a child row: a foreign key constraint fails (`fcrepo`.`search_resource_rdf_type`, CONSTRAINT `search_resource_rdf_type_ibfk_2` FOREIGN KEY (`rdf_type_id`) REFERENCES `search_rdf_type` (`id`) ON DELETE CASCADE)
	at org.springframework.jdbc.support.SQLStateSQLExceptionTranslator.doTranslate(SQLStateSQLExceptionTranslator.java:140)
	at org.springframework.jdbc.support.AbstractFallbackSQLExceptionTranslator.translate(AbstractFallbackSQLExceptionTranslator.java:107)
	at org.springframework.jdbc.support.AbstractFallbackSQLExceptionTranslator.translate(AbstractFallbackSQLExceptionTranslator.java:116)
	at org.springframework.jdbc.core.JdbcTemplate.translateException(JdbcTemplate.java:1556)
	at org.springframework.jdbc.core.JdbcTemplate.execute(JdbcTemplate.java:677)
	at org.springframework.jdbc.core.JdbcTemplate.execute(JdbcTemplate.java:701)
	at org.springframework.jdbc.core.JdbcTemplate.batchUpdate(JdbcTemplate.java:1049)
	at org.springframework.jdbc.core.namedparam.NamedParameterJdbcTemplate.batchUpdate(NamedParameterJdbcTemplate.java:377)
	at org.fcrepo.search.impl.DbSearchIndexImpl.insertRdfTypeAssociations(DbSearchIndexImpl.java:830)
	at org.fcrepo.search.impl.DbSearchIndexImpl.doDirectUpsert(DbSearchIndexImpl.java:669)
	... 30 common frames omitted
Caused by: java.sql.BatchUpdateException: Cannot add or update a child row: a foreign key constraint fails (`fcrepo`.`search_resource_rdf_type`, CONSTRAINT `search_resource_rdf_type_ibfk_2` FOREIGN KEY (`rdf_type_id`) REFERENCES `search_rdf_type` (`id`) ON DELETE CASCADE)
	at com.mysql.cj.jdbc.exceptions.SQLError.createBatchUpdateException(SQLError.java:214)
	at com.mysql.cj.jdbc.ClientPreparedStatement.executeBatchSerially(ClientPreparedStatement.java:839)
	at com.mysql.cj.jdbc.ClientPreparedStatement.executeBatchInternal(ClientPreparedStatement.java:436)
	at com.mysql.cj.jdbc.StatementImpl.executeBatch(StatementImpl.java:846)
	at com.zaxxer.hikari.pool.ProxyStatement.executeBatch(ProxyStatement.java:128)
	at com.zaxxer.hikari.pool.HikariProxyPreparedStatement.executeBatch(HikariProxyPreparedStatement.java)
	at org.springframework.jdbc.core.JdbcTemplate.lambda$getPreparedStatementCallback$7(JdbcTemplate.java:1617)
	at org.springframework.jdbc.core.JdbcTemplate.execute(JdbcTemplate.java:658)
	... 35 common frames omitted
Caused by: java.sql.SQLIntegrityConstraintViolationException: Cannot add or update a child row: a foreign key constraint fails (`fcrepo`.`search_resource_rdf_type`, CONSTRAINT `search_resource_rdf_type_ibfk_2` FOREIGN KEY (`rdf_type_id`) REFERENCES `search_rdf_type` (`id`) ON DELETE CASCADE)
	at com.mysql.cj.jdbc.exceptions.SQLError.createSQLException(SQLError.java:109)
	at com.mysql.cj.jdbc.exceptions.SQLExceptionsMapping.translateException(SQLExceptionsMapping.java:113)
	at com.mysql.cj.jdbc.ClientPreparedStatement.executeInternal(ClientPreparedStatement.java:938)
	at com.mysql.cj.jdbc.ClientPreparedStatement.executeUpdateInternal(ClientPreparedStatement.java:1106)
	at com.mysql.cj.jdbc.ClientPreparedStatement.executeBatchSerially(ClientPreparedStatement.java:818)
	... 41 common frames omitted
DEBUG 09:55:12.291 [ReindexWorker-6] (TransactionImpl) Waiting for operations in transaction d4d3302c-0381-4613-9273-bd16f2999438 to complete before rolling back
DEBUG 09:55:12.291 [ReindexWorker-6] (OcflPersistentSessionManager) Creating storage session d4d3302c-0381-4613-9273-bd16f2999438
DEBUG 09:55:12.291 [ReindexWorker-6] (OcflPersistentStorageSession) Rolling back storage session d4d3302c-0381-4613-9273-bd16f2999438
TRACE 09:55:12.291 [ReindexWorker-6] (OcflPersistentStorageSession) Successfully rolled back storage session d4d3302c-0381-4613-9273-bd16f2999438
TRACE 09:55:12.294 [ReindexWorker-6] (EventAccumulatorImpl) Clearing events for transaction d4d3302c-0381-4613-9273-bd16f2999438
TRACE 09:55:12.294 [ReindexWorker-0] (EventAccumulatorImpl) Clearing events for transaction 28e2464c-388e-46b9-9868-543e7f21d6f8
DEBUG 09:55:12.295 [ReindexWorker-6] (ReindexManager) Stop worker threads
DEBUG 09:55:12.295 [ReindexWorker-0] (ReindexManager) Stop worker threads
DEBUG 09:55:12.295 [ReindexWorker-0] (OcflPersistentSessionManager) Removing storage session 28e2464c-388e-46b9-9868-543e7f21d6f8
DEBUG 09:55:12.295 [ReindexWorker-6] (OcflPersistentSessionManager) Removing storage session d4d3302c-0381-4613-9273-bd16f2999438
Exception in thread "ReindexWorker-0" Exception in thread "ReindexWorker-6" org.fcrepo.kernel.api.exception.RepositoryRuntimeException: Failed add/updated the search index for : info:fedora/it-01/rr_20170824105132120/i_20170821144938533
	at org.fcrepo.search.impl.DbSearchIndexImpl.doDirectUpsert(DbSearchIndexImpl.java:671)
	at org.fcrepo.search.impl.DbSearchIndexImpl.lambda$addUpdateIndex$3(DbSearchIndexImpl.java:645)
	at org.fcrepo.kernel.impl.TransactionImpl.doInTx(TransactionImpl.java:181)
	at org.fcrepo.search.impl.DbSearchIndexImpl.addUpdateIndex(DbSearchIndexImpl.java:641)
	at java.base/jdk.internal.reflect.DirectMethodHandleAccessor.invoke(DirectMethodHandleAccessor.java:103)
	at java.base/java.lang.reflect.Method.invoke(Method.java:580)
	at org.springframework.aop.support.AopUtils.invokeJoinpointUsingReflection(AopUtils.java:360)
	at org.springframework.aop.framework.JdkDynamicAopProxy.invoke(JdkDynamicAopProxy.java:216)
	at jdk.proxy3/jdk.proxy3.$Proxy47.addUpdateIndex(Unknown Source)
	at org.fcrepo.search.impl.SearchIndexMetrics.lambda$addUpdateIndex$1(SearchIndexMetrics.java:73)
	at io.micrometer.core.instrument.composite.CompositeTimer.record(CompositeTimer.java:141)
	at org.fcrepo.search.impl.SearchIndexMetrics.addUpdateIndex(SearchIndexMetrics.java:72)
	at org.fcrepo.persistence.ocfl.impl.ReindexService.lambda$indexOcflObject$4(ReindexService.java:218)
	at java.base/java.util.ArrayList.forEach(ArrayList.java:1596)
	at org.fcrepo.persistence.ocfl.impl.ReindexService.indexOcflObject(ReindexService.java:213)
	at org.fcrepo.persistence.ocfl.impl.ReindexWorker.lambda$run$0(ReindexWorker.java:109)
	at org.fcrepo.common.db.DbTransactionExecutor.lambda$doInTx$3(DbTransactionExecutor.java:83)
	at org.springframework.transaction.support.TransactionOperations.lambda$executeWithoutResult$0(TransactionOperations.java:68)
	at org.springframework.transaction.support.TransactionTemplate.execute(TransactionTemplate.java:140)
	at org.springframework.transaction.support.TransactionOperations.executeWithoutResult(TransactionOperations.java:67)
	at org.fcrepo.common.db.DbTransactionExecutor.doInTx(DbTransactionExecutor.java:82)
	at org.fcrepo.common.db.DbTransactionExecutor.lambda$doInTxWithRetry$2(DbTransactionExecutor.java:66)
	at dev.failsafe.Functions.lambda$toCtxSupplier$9(Functions.java:228)
	at dev.failsafe.Functions.lambda$get$0(Functions.java:46)
	at dev.failsafe.internal.RetryPolicyExecutor.lambda$apply$0(RetryPolicyExecutor.java:74)
	at dev.failsafe.SyncExecutionImpl.executeSync(SyncExecutionImpl.java:187)
	at dev.failsafe.FailsafeExecutor.call(FailsafeExecutor.java:376)
	at dev.failsafe.FailsafeExecutor.run(FailsafeExecutor.java:220)
	at org.fcrepo.common.db.DbTransactionExecutor.doInTxWithRetry(DbTransactionExecutor.java:65)
	at org.fcrepo.persistence.ocfl.impl.ReindexWorker.run(ReindexWorker.java:108)
	at java.base/java.lang.Thread.run(Thread.java:1583)
Caused by: org.springframework.dao.DuplicateKeyException: PreparedStatementCallback; SQL [INSERT INTO search_resource_rdf_type (resource_id, rdf_type_id) VALUES (?, ?)]; Duplicate entry '3-13' for key 'search_resource_rdf_type.PRIMARY'
	at org.springframework.jdbc.support.SQLStateSQLExceptionTranslator.doTranslate(SQLStateSQLExceptionTranslator.java:138)
	at org.springframework.jdbc.support.AbstractFallbackSQLExceptionTranslator.translate(AbstractFallbackSQLExceptionTranslator.java:107)
	at org.springframework.jdbc.support.AbstractFallbackSQLExceptionTranslator.translate(AbstractFallbackSQLExceptionTranslator.java:116)
	at org.springframework.jdbc.core.JdbcTemplate.translateException(JdbcTemplate.java:1556)
	at org.springframework.jdbc.core.JdbcTemplate.execute(JdbcTemplate.java:677)
	at org.springframework.jdbc.core.JdbcTemplate.execute(JdbcTemplate.java:701)
	at org.springframework.jdbc.core.JdbcTemplate.batchUpdate(JdbcTemplate.java:1049)
	at org.springframework.jdbc.core.namedparam.NamedParameterJdbcTemplate.batchUpdate(NamedParameterJdbcTemplate.java:377)
	at org.fcrepo.search.impl.DbSearchIndexImpl.insertRdfTypeAssociations(DbSearchIndexImpl.java:830)
	at org.fcrepo.search.impl.DbSearchIndexImpl.doDirectUpsert(DbSearchIndexImpl.java:669)
	... 30 more
Caused by: java.sql.BatchUpdateException: Duplicate entry '3-13' for key 'search_resource_rdf_type.PRIMARY'
	at com.mysql.cj.jdbc.exceptions.SQLError.createBatchUpdateException(SQLError.java:214)
	at com.mysql.cj.jdbc.ClientPreparedStatement.executeBatchSerially(ClientPreparedStatement.java:839)
	at com.mysql.cj.jdbc.ClientPreparedStatement.executeBatchInternal(ClientPreparedStatement.java:436)
	at com.mysql.cj.jdbc.StatementImpl.executeBatch(StatementImpl.java:846)
	at com.zaxxer.hikari.pool.ProxyStatement.executeBatch(ProxyStatement.java:128)
	at com.zaxxer.hikari.pool.HikariProxyPreparedStatement.executeBatch(HikariProxyPreparedStatement.java)
	at org.springframework.jdbc.core.JdbcTemplate.lambda$getPreparedStatementCallback$7(JdbcTemplate.java:1617)
	at org.springframework.jdbc.core.JdbcTemplate.execute(JdbcTemplate.java:658)
	... 35 more
Caused by: java.sql.SQLIntegrityConstraintViolationException: Duplicate entry '3-13' for key 'search_resource_rdf_type.PRIMARY'
	at com.mysql.cj.jdbc.exceptions.SQLError.createSQLException(SQLError.java:109)
	at com.mysql.cj.jdbc.exceptions.SQLExceptionsMapping.translateException(SQLExceptionsMapping.java:113)
	at com.mysql.cj.jdbc.ClientPreparedStatement.executeInternal(ClientPreparedStatement.java:938)
	at com.mysql.cj.jdbc.ClientPreparedStatement.executeUpdateInternal(ClientPreparedStatement.java:1106)
	at com.mysql.cj.jdbc.ClientPreparedStatement.executeBatchSerially(ClientPreparedStatement.java:818)
	... 41 more
org.fcrepo.kernel.api.exception.RepositoryRuntimeException: Failed add/updated the search index for : info:fedora/it-02/rr_20170824105246047/i_20170821144936861
	at org.fcrepo.search.impl.DbSearchIndexImpl.doDirectUpsert(DbSearchIndexImpl.java:671)
	at org.fcrepo.search.impl.DbSearchIndexImpl.lambda$addUpdateIndex$3(DbSearchIndexImpl.java:645)
	at org.fcrepo.kernel.impl.TransactionImpl.doInTx(TransactionImpl.java:181)
	at org.fcrepo.search.impl.DbSearchIndexImpl.addUpdateIndex(DbSearchIndexImpl.java:641)
	at java.base/jdk.internal.reflect.DirectMethodHandleAccessor.invoke(DirectMethodHandleAccessor.java:103)
	at java.base/java.lang.reflect.Method.invoke(Method.java:580)
	at org.springframework.aop.support.AopUtils.invokeJoinpointUsingReflection(AopUtils.java:360)
	at org.springframework.aop.framework.JdkDynamicAopProxy.invoke(JdkDynamicAopProxy.java:216)
	at jdk.proxy3/jdk.proxy3.$Proxy47.addUpdateIndex(Unknown Source)
	at org.fcrepo.search.impl.SearchIndexMetrics.lambda$addUpdateIndex$1(SearchIndexMetrics.java:73)
	at io.micrometer.core.instrument.composite.CompositeTimer.record(CompositeTimer.java:141)
	at org.fcrepo.search.impl.SearchIndexMetrics.addUpdateIndex(SearchIndexMetrics.java:72)
	at org.fcrepo.persistence.ocfl.impl.ReindexService.lambda$indexOcflObject$4(ReindexService.java:218)
	at java.base/java.util.ArrayList.forEach(ArrayList.java:1596)
	at org.fcrepo.persistence.ocfl.impl.ReindexService.indexOcflObject(ReindexService.java:213)
	at org.fcrepo.persistence.ocfl.impl.ReindexWorker.lambda$run$0(ReindexWorker.java:109)
	at org.fcrepo.common.db.DbTransactionExecutor.lambda$doInTx$3(DbTransactionExecutor.java:83)
	at org.springframework.transaction.support.TransactionOperations.lambda$executeWithoutResult$0(TransactionOperations.java:68)
	at org.springframework.transaction.support.TransactionTemplate.execute(TransactionTemplate.java:140)
	at org.springframework.transaction.support.TransactionOperations.executeWithoutResult(TransactionOperations.java:67)
	at org.fcrepo.common.db.DbTransactionExecutor.doInTx(DbTransactionExecutor.java:82)
	at org.fcrepo.common.db.DbTransactionExecutor.lambda$doInTxWithRetry$2(DbTransactionExecutor.java:66)
	at dev.failsafe.Functions.lambda$toCtxSupplier$9(Functions.java:228)
	at dev.failsafe.Functions.lambda$get$0(Functions.java:46)
	at dev.failsafe.internal.RetryPolicyExecutor.lambda$apply$0(RetryPolicyExecutor.java:74)
	at dev.failsafe.SyncExecutionImpl.executeSync(SyncExecutionImpl.java:187)
	at dev.failsafe.FailsafeExecutor.call(FailsafeExecutor.java:376)
	at dev.failsafe.FailsafeExecutor.run(FailsafeExecutor.java:220)
	at org.fcrepo.common.db.DbTransactionExecutor.doInTxWithRetry(DbTransactionExecutor.java:65)
	at org.fcrepo.persistence.ocfl.impl.ReindexWorker.run(ReindexWorker.java:108)
	at java.base/java.lang.Thread.run(Thread.java:1583)
Caused by: org.springframework.dao.DataIntegrityViolationException: PreparedStatementCallback; SQL [INSERT INTO search_resource_rdf_type (resource_id, rdf_type_id) VALUES (?, ?)]; Cannot add or update a child row: a foreign key constraint fails (`fcrepo`.`search_resource_rdf_type`, CONSTRAINT `search_resource_rdf_type_ibfk_2` FOREIGN KEY (`rdf_type_id`) REFERENCES `search_rdf_type` (`id`) ON DELETE CASCADE)
	at org.springframework.jdbc.support.SQLStateSQLExceptionTranslator.doTranslate(SQLStateSQLExceptionTranslator.java:140)
	at org.springframework.jdbc.support.AbstractFallbackSQLExceptionTranslator.translate(AbstractFallbackSQLExceptionTranslator.java:107)
	at org.springframework.jdbc.support.AbstractFallbackSQLExceptionTranslator.translate(AbstractFallbackSQLExceptionTranslator.java:116)
	at org.springframework.jdbc.core.JdbcTemplate.translateException(JdbcTemplate.java:1556)
	at org.springframework.jdbc.core.JdbcTemplate.execute(JdbcTemplate.java:677)
	at org.springframework.jdbc.core.JdbcTemplate.execute(JdbcTemplate.java:701)
	at org.springframework.jdbc.core.JdbcTemplate.batchUpdate(JdbcTemplate.java:1049)
	at org.springframework.jdbc.core.namedparam.NamedParameterJdbcTemplate.batchUpdate(NamedParameterJdbcTemplate.java:377)
	at org.fcrepo.search.impl.DbSearchIndexImpl.insertRdfTypeAssociations(DbSearchIndexImpl.java:830)
	at org.fcrepo.search.impl.DbSearchIndexImpl.doDirectUpsert(DbSearchIndexImpl.java:669)
	... 30 more
Caused by: java.sql.BatchUpdateException: Cannot add or update a child row: a foreign key constraint fails (`fcrepo`.`search_resource_rdf_type`, CONSTRAINT `search_resource_rdf_type_ibfk_2` FOREIGN KEY (`rdf_type_id`) REFERENCES `search_rdf_type` (`id`) ON DELETE CASCADE)
	at com.mysql.cj.jdbc.exceptions.SQLError.createBatchUpdateException(SQLError.java:214)
	at com.mysql.cj.jdbc.ClientPreparedStatement.executeBatchSerially(ClientPreparedStatement.java:839)
	at com.mysql.cj.jdbc.ClientPreparedStatement.executeBatchInternal(ClientPreparedStatement.java:436)
	at com.mysql.cj.jdbc.StatementImpl.executeBatch(StatementImpl.java:846)
	at com.zaxxer.hikari.pool.ProxyStatement.executeBatch(ProxyStatement.java:128)
	at com.zaxxer.hikari.pool.HikariProxyPreparedStatement.executeBatch(HikariProxyPreparedStatement.java)
	at org.springframework.jdbc.core.JdbcTemplate.lambda$getPreparedStatementCallback$7(JdbcTemplate.java:1617)
	at org.springframework.jdbc.core.JdbcTemplate.execute(JdbcTemplate.java:658)
	... 35 more
Caused by: java.sql.SQLIntegrityConstraintViolationException: Cannot add or update a child row: a foreign key constraint fails (`fcrepo`.`search_resource_rdf_type`, CONSTRAINT `search_resource_rdf_type_ibfk_2` FOREIGN KEY (`rdf_type_id`) REFERENCES `search_rdf_type` (`id`) ON DELETE CASCADE)
	at com.mysql.cj.jdbc.exceptions.SQLError.createSQLException(SQLError.java:109)
	at com.mysql.cj.jdbc.exceptions.SQLExceptionsMapping.translateException(SQLExceptionsMapping.java:113)
	at com.mysql.cj.jdbc.ClientPreparedStatement.executeInternal(ClientPreparedStatement.java:938)
	at com.mysql.cj.jdbc.ClientPreparedStatement.executeUpdateInternal(ClientPreparedStatement.java:1106)
	at com.mysql.cj.jdbc.ClientPreparedStatement.executeBatchSerially(ClientPreparedStatement.java:818)
	... 41 more
ERROR 09:55:12.301 [ScheduledTask1] (ReindexManager) Reindex did not complete successfully
INFO 09:55:12.301 [ScheduledTask1] (IndexBuilderImpl) Index rebuild completed 1 objects successfully, 0 objects skipped and 2 objects had errors in 0 seconds 
DEBUG 09:55:12.302 [ScheduledTask1] (OcflPersistentSessionManager) Creating storage session a0213769-a0b0-4fa1-867a-c7c7a1788434
DEBUG 09:55:12.304 [ScheduledTask1] (RepositoryInitializer) Repository root (info:fedora) not found. Creating...
DEBUG 09:55:12.309 [ScheduledTask1] (CreateRdfSourcePersister) persisting info:fedora to OcflPersistentStorageSession{sessionId='a0213769-a0b0-4fa1-867a-c7c7a1788434', state=COMMIT_NOT_STARTED}
TRACE 09:55:12.317 [ScheduledTask1] (DefaultOcflObjectSession) Adding to cache info:fedora_v3
DEBUG 09:55:12.318 [ScheduledTask1] (AbstractRdfSourcePersister) persisting RDFSource (info:fedora) to OCFL
DEBUG 09:55:12.338 [ScheduledTask1] (AbstractRdfSourcePersister) wrote info:fedora to 6c78be47-80f5-4a4c-9f8c-4cc07b681cbd
DEBUG 09:55:12.347 [ScheduledTask1] (TransactionImpl) Waiting for operations in transaction a0213769-a0b0-4fa1-867a-c7c7a1788434 to complete before committing
DEBUG 09:55:12.348 [ScheduledTask1] (TransactionImpl) Committing transaction a0213769-a0b0-4fa1-867a-c7c7a1788434
DEBUG 09:55:12.348 [ScheduledTask1] (OcflPersistentStorageSession) Starting storage session a0213769-a0b0-4fa1-867a-c7c7a1788434 prepare for commit
TRACE 09:55:12.348 [ScheduledTask1] (OcflPersistentStorageSession) All persisters are complete in session a0213769-a0b0-4fa1-867a-c7c7a1788434
DEBUG 09:55:12.348 [ScheduledTask1] (OcflPersistentStorageSession) Starting storage session a0213769-a0b0-4fa1-867a-c7c7a1788434 commit
TRACE 09:55:12.406 [ScheduledTask1] (DefaultOcflObjectSession) Adding to cache info:fedora_v4
INFO 09:55:12.431 [main] (MicrometerFeature) Micrometer metrics enabled for Jersey resources.
DEBUG 09:55:12.436 [ScheduledTask1] (OcflPersistentStorageSession) Committed storage session a0213769-a0b0-4fa1-867a-c7c7a1788434
DEBUG 09:55:12.437 [ScheduledTask1] (EventAccumulatorImpl) Emitting events for transaction a0213769-a0b0-4fa1-867a-c7c7a1788434
DEBUG 09:55:12.437 [ScheduledTask1] (TransactionImpl) Committed transaction a0213769-a0b0-4fa1-867a-c7c7a1788434
DEBUG 09:55:12.437 [ScheduledTask1] (RepositoryInitializer) Successfully created repository root (info:fedora).
TRACE 09:55:12.872 [main] (StreamingBaseHtmlProvider) Velocity engine initializing...
DEBUG 09:55:12.872 [main] (StreamingBaseHtmlProvider) Setting Velocity runtime log: /fcrepo_home/logs/velocity.log
DEBUG 09:55:12.872 [main] (StreamingBaseHtmlProvider) Using Velocity configuration from jar:file:/usr/local/tomcat/webapps/fcrepo/WEB-INF/lib/fcrepo-http-api-7.0.0-RC1.jar!/velocity.properties
TRACE 09:55:12.920 [main] (StreamingBaseHtmlProvider) Velocity engine initialized.
TRACE 09:55:12.920 [main] (StreamingBaseHtmlProvider) Assembling a map of node primary types -> templates...
TRACE 09:55:12.998 [main] (StreamingBaseHtmlProvider) Assembled template map.
TRACE 09:55:12.999 [main] (StreamingBaseHtmlProvider) HtmlProvider initialization complete.
TRACE 09:55:13.000 [main] (SearchResultProvider) Velocity engine initializing...
DEBUG 09:55:13.001 [main] (SearchResultProvider) Setting Velocity runtime log: /fcrepo_home/logs/velocity.log
DEBUG 09:55:13.001 [main] (SearchResultProvider) Using Velocity configuration from jar:file:/usr/local/tomcat/webapps/fcrepo/WEB-INF/lib/fcrepo-http-api-7.0.0-RC1.jar!/velocity.properties
TRACE 09:55:13.006 [main] (SearchResultProvider) Velocity engine initialized.
07-Apr-2026 09:55:13.146 INFO [main] org.apache.catalina.startup.HostConfig.deployDirectory Deployment of web application directory [/usr/local/tomcat/webapps/fcrepo] has finished in [11,827] ms
07-Apr-2026 09:55:13.154 INFO [main] org.apache.coyote.AbstractProtocol.start Starting ProtocolHandler ["http-nio-8080"]
07-Apr-2026 09:55:13.168 INFO [main] org.apache.catalina.startup.Catalina.start Server startup in [11899] milliseconds
