07-Apr-2026 09:51:01.804 INFO [main] org.apache.catalina.startup.VersionLoggerListener.log Server version name:   Apache Tomcat/10.1.53
07-Apr-2026 09:51:01.810 INFO [main] org.apache.catalina.startup.VersionLoggerListener.log Server built:          Mar 18 2026 13:50:42 UTC
07-Apr-2026 09:51:01.811 INFO [main] org.apache.catalina.startup.VersionLoggerListener.log Server version number: 10.1.53.0
07-Apr-2026 09:51:01.811 INFO [main] org.apache.catalina.startup.VersionLoggerListener.log OS Name:               Linux
07-Apr-2026 09:51:01.811 INFO [main] org.apache.catalina.startup.VersionLoggerListener.log OS Version:            6.19.10-200.fc43.x86_64
07-Apr-2026 09:51:01.811 INFO [main] org.apache.catalina.startup.VersionLoggerListener.log Architecture:          amd64
07-Apr-2026 09:51:01.811 INFO [main] org.apache.catalina.startup.VersionLoggerListener.log Java Home:             /opt/java/openjdk
07-Apr-2026 09:51:01.812 INFO [main] org.apache.catalina.startup.VersionLoggerListener.log JVM Version:           21.0.10+7-LTS
07-Apr-2026 09:51:01.812 INFO [main] org.apache.catalina.startup.VersionLoggerListener.log JVM Vendor:            Eclipse Adoptium
07-Apr-2026 09:51:01.812 INFO [main] org.apache.catalina.startup.VersionLoggerListener.log CATALINA_BASE:         /usr/local/tomcat
07-Apr-2026 09:51:01.812 INFO [main] org.apache.catalina.startup.VersionLoggerListener.log CATALINA_HOME:         /usr/local/tomcat
07-Apr-2026 09:51:01.832 INFO [main] org.apache.catalina.startup.VersionLoggerListener.log Command line argument: -Djava.util.logging.config.file=/usr/local/tomcat/conf/logging.properties
07-Apr-2026 09:51:01.832 INFO [main] org.apache.catalina.startup.VersionLoggerListener.log Command line argument: -Djava.util.logging.manager=org.apache.juli.ClassLoaderLogManager
07-Apr-2026 09:51:01.832 INFO [main] org.apache.catalina.startup.VersionLoggerListener.log Command line argument: -Djdk.tls.ephemeralDHKeySize=2048
07-Apr-2026 09:51:01.832 INFO [main] org.apache.catalina.startup.VersionLoggerListener.log Command line argument: -Djava.protocol.handler.pkgs=org.apache.catalina.webresources
07-Apr-2026 09:51:01.833 INFO [main] org.apache.catalina.startup.VersionLoggerListener.log Command line argument: -Dsun.io.useCanonCaches=false
07-Apr-2026 09:51:01.833 INFO [main] org.apache.catalina.startup.VersionLoggerListener.log Command line argument: -Dorg.apache.catalina.security.SecurityListener.UMASK=0027
07-Apr-2026 09:51:01.833 INFO [main] org.apache.catalina.startup.VersionLoggerListener.log Command line argument: --add-opens=java.base/java.lang=ALL-UNNAMED
07-Apr-2026 09:51:01.833 INFO [main] org.apache.catalina.startup.VersionLoggerListener.log Command line argument: --add-opens=java.base/java.lang.reflect=ALL-UNNAMED
07-Apr-2026 09:51:01.833 INFO [main] org.apache.catalina.startup.VersionLoggerListener.log Command line argument: --add-opens=java.base/java.io=ALL-UNNAMED
07-Apr-2026 09:51:01.833 INFO [main] org.apache.catalina.startup.VersionLoggerListener.log Command line argument: --add-opens=java.base/java.util=ALL-UNNAMED
07-Apr-2026 09:51:01.833 INFO [main] org.apache.catalina.startup.VersionLoggerListener.log Command line argument: --add-opens=java.base/java.util.concurrent=ALL-UNNAMED
07-Apr-2026 09:51:01.833 INFO [main] org.apache.catalina.startup.VersionLoggerListener.log Command line argument: --add-opens=java.rmi/sun.rmi.transport=ALL-UNNAMED
07-Apr-2026 09:51:01.834 INFO [main] org.apache.catalina.startup.VersionLoggerListener.log Command line argument: -Dfcrepo.log=TRACE
07-Apr-2026 09:51:01.834 INFO [main] org.apache.catalina.startup.VersionLoggerListener.log Command line argument: -Dfcrepo.rebuild=true
07-Apr-2026 09:51:01.834 INFO [main] org.apache.catalina.startup.VersionLoggerListener.log Command line argument: -Dorg.apache.tomcat.util.digester.PROPERTY_SOURCE=org.apache.tomcat.util.digester.EnvironmentPropertySource
07-Apr-2026 09:51:01.834 INFO [main] org.apache.catalina.startup.VersionLoggerListener.log Command line argument: -Dfile.encoding=UTF-8
07-Apr-2026 09:51:01.834 INFO [main] org.apache.catalina.startup.VersionLoggerListener.log Command line argument: -Dorg.apache.tomcat.util.digester.REPLACE_SYSTEM_PROPERTIES=true
07-Apr-2026 09:51:01.835 INFO [main] org.apache.catalina.startup.VersionLoggerListener.log Command line argument: -Dcatalina.base=/usr/local/tomcat
07-Apr-2026 09:51:01.835 INFO [main] org.apache.catalina.startup.VersionLoggerListener.log Command line argument: -Dcatalina.home=/usr/local/tomcat
07-Apr-2026 09:51:01.835 INFO [main] org.apache.catalina.startup.VersionLoggerListener.log Command line argument: -Djava.io.tmpdir=/usr/local/tomcat/temp
07-Apr-2026 09:51:01.849 INFO [main] org.apache.catalina.core.AprLifecycleListener.lifecycleEvent Loaded Apache Tomcat Native library [2.0.14] using APR version [1.7.2].
07-Apr-2026 09:51:01.854 INFO [main] org.apache.catalina.core.AprLifecycleListener.initializeSSL OpenSSL successfully initialized [OpenSSL 3.0.13 30 Jan 2024]
07-Apr-2026 09:51:02.246 INFO [main] org.apache.coyote.AbstractProtocol.init Initializing ProtocolHandler ["http-nio-8080"]
07-Apr-2026 09:51:02.276 INFO [main] org.apache.catalina.startup.Catalina.load Server initialization in [699] milliseconds
07-Apr-2026 09:51:02.318 INFO [main] org.apache.catalina.core.StandardService.startInternal Starting service [Catalina]
07-Apr-2026 09:51:02.318 INFO [main] org.apache.catalina.core.StandardEngine.startInternal Starting Servlet engine: [Apache Tomcat/10.1.53]
07-Apr-2026 09:51:02.328 INFO [main] org.apache.catalina.startup.HostConfig.deployDirectory Deploying web application directory [/usr/local/tomcat/webapps/fcrepo]
07-Apr-2026 09:51:03.136 WARNING [main] org.apache.catalina.startup.ContextConfig.validateSecurityRoles Security role name [fedoraUser] used in an <auth-constraint> without being defined in a <security-role>
07-Apr-2026 09:51:03.136 WARNING [main] org.apache.catalina.startup.ContextConfig.validateSecurityRoles Security role name [fedoraAdmin] used in an <auth-constraint> without being defined in a <security-role>
07-Apr-2026 09:51:03.240 INFO [main] org.apache.jasper.servlet.TldScanner.scanJars At least one JAR was scanned for TLDs yet contained no TLDs. Enable debug logging for this logger for a complete list of JARs that were scanned but no TLDs were found in them. Skipping unneeded JARs during scanning can improve startup time and JSP compilation time.
DEBUG 09:51:04.343 [main] (ConditionOnProperty) Prop fcrepo.auth.enabled: null
DEBUG 09:51:04.348 [main] (ConditionOnProperty) Prop fcrepo.auth.principal.header.enabled: null
DEBUG 09:51:04.349 [main] (ConditionOnProperty) Prop fcrepo.auth.principal.roles.enabled: null
DEBUG 09:51:04.351 [main] (ConditionOnProperty) Prop fcrepo.auth.principal.delegate.enabled: null
DEBUG 09:51:04.355 [main] (ConditionOnProperty) Prop fcrepo.jms.enabled: null
DEBUG 09:51:04.356 [main] (ConditionOnProperty) Prop fcrepo.auth.enabled: null
INFO 09:51:04.893 [main] (FedoraPropsConfig) Fedora is an open source project supported entirely by its users. To continue the on-going maintenance of the software and ensure Fedora is meeting the needs of the community, we are working to gather information on current installations. We strongly encourage all users to register their instance in the DuraSpace Community Supported Program Registry hosted by LYRASIS at https://fedora.lyrasis.org/register-your-site/
INFO 09:51:04.893 [main] (FedoraPropsConfig) Fedora home: /fcrepo_home
DEBUG 09:51:04.893 [main] (FedoraPropsConfig) Fedora home data: /fcrepo_home/data
INFO 09:51:05.393 [main] (OcflPropsConfig) Fedora storage type: ocfl-fs
INFO 09:51:05.393 [main] (OcflPropsConfig) Fedora staging: /fcrepo_home/data/staging
INFO 09:51:05.393 [main] (OcflPropsConfig) Fedora OCFL temp: /fcrepo_home/data/ocfl-temp
INFO 09:51:05.393 [main] (OcflPropsConfig) Fedora OCFL reindexing threads: 7
INFO 09:51:05.393 [main] (OcflPropsConfig) Fedora OCFL reindexing batch size: 100
INFO 09:51:05.393 [main] (OcflPropsConfig) Fedora OCFL reindexing fail on error: true
INFO 09:51:05.393 [main] (OcflPropsConfig) Fedora OCFL root: /fcrepo_home/data/ocfl-root
INFO 09:51:05.394 [main] (OcflPropsConfig) Fedora OCFL digest algorithm: SHA-512
INFO 09:51:05.394 [main] (OcflPropsConfig) Fedora OCFL show path: false
INFO 09:51:05.460 [main] (DatabaseConfig) JDBC URL: jdbc:h2:/fcrepo_home/data/fcrepo-h2;FILE_LOCK=SOCKET
INFO 09:51:05.461 [main] (DatabaseConfig) JDBC User: 
INFO 09:51:05.461 [main] (DatabaseConfig) JDBC Password length: 0
INFO 09:51:05.461 [main] (DatabaseConfig) Using database driver: org.h2.Driver
DEBUG 09:51:05.789 [main] (DatabaseConfig) Instantiating a new flyway bean
WARN 09:51:06.264 [main] (Database) Using H2 2.4.240 which is newer than the version Flyway has been verified with. The latest verified version of H2 is 2.3.232.
DEBUG 09:51:06.749 [main] (DbPlatform) Identified database as: H2
DEBUG 09:51:06.768 [main] (DbPlatform) Identified database as: H2
DEBUG 09:51:06.783 [main] (DbPlatform) Identified database as: H2
DEBUG 09:51:06.793 [main] (WebappConfig) Event bus threads: org.fcrepo.config.FedoraPropsConfig@74fb5b59
DEBUG 09:51:06.831 [main] (DbPlatform) Identified database as: H2
DEBUG 09:51:06.840 [main] (DbPlatform) Identified database as: H2
DEBUG 09:51:06.905 [main] (TransactionManagerImpl) TransactionManagerImpl initialized, cleaning up leftover transaction entries
DEBUG 09:51:06.920 [main] (OcflPersistentSessionManager) Clearing all storage sessions
INFO 09:51:07.027 [main] (JmsConfig) JMS messaging enabled
INFO 09:51:07.102 [main] (AuthConfig) Auth delegate principal provider enabled
DEBUG 09:51:08.064 [main] (AbstractJMSPublisher) Initializing: org.fcrepo.jms.JMSTopicPublisher
DEBUG 09:51:08.309 [main] (WebappConfig) Event bus threads: org.fcrepo.config.FedoraPropsConfig@74fb5b59
DEBUG 09:51:08.389 [ScheduledTask1] (TransactionManagerImpl) Cleaning up expired transactions
INFO 09:51:08.390 [ScheduledTask1] (RepositoryInitializer) Initializing repository
INFO 09:51:08.390 [ScheduledTask1] (IndexBuilderImpl) Initiating partial index rebuild. This will add missing objects to the index. This may take a while. Progress will be logged periodically.
DEBUG 09:51:08.393 [ScheduledTask1] (IndexBuilderImpl) Reading object ids...
DEBUG 09:51:08.557 [ReindexWorker-2] (ReindexWorker) No more objects found to process. Stopping...
DEBUG 09:51:08.557 [ReindexWorker-5] (ReindexWorker) No more objects found to process. Stopping...
DEBUG 09:51:08.557 [ReindexWorker-4] (ReindexWorker) No more objects found to process. Stopping...
DEBUG 09:51:08.557 [ReindexWorker-3] (ReindexWorker) No more objects found to process. Stopping...
DEBUG 09:51:08.557 [ReindexWorker-1] (ReindexWorker) No more objects found to process. Stopping...
DEBUG 09:51:08.565 [ReindexWorker-0] (ReindexService) Indexing ocflId info:fedora/it-01/rr_20170824105132120 in transaction 2be5348d-a31d-405e-9d41-1945bc6b764b
DEBUG 09:51:08.565 [ReindexWorker-6] (ReindexService) Indexing ocflId info:fedora/it-02/fmt_255 in transaction 422bcbcc-2368-40ae-9ab4-d8a907082ce4
DEBUG 09:51:08.568 [ReindexWorker-6] (ObjectValidator) Validating object info:fedora/it-02/fmt_255 with fixity check false
DEBUG 09:51:08.568 [ReindexWorker-0] (ObjectValidator) Validating object info:fedora/it-01/rr_20170824105132120 with fixity check false
DEBUG 09:51:08.580 [ReindexWorker-0] (ObjectValidator) Validating object info:fedora/it-01/rr_20170824105132120 version v1
DEBUG 09:51:08.580 [ReindexWorker-6] (ObjectValidator) Validating object info:fedora/it-02/fmt_255 version v1
TRACE 09:51:08.589 [ReindexWorker-6] (ObjectValidator) Validating object info:fedora/it-02/fmt_255 version v1 header file .fcrepo/fcr-root.json
TRACE 09:51:08.589 [ReindexWorker-0] (ObjectValidator) Validating object info:fedora/it-01/rr_20170824105132120 version v1 header file .fcrepo/i_20170821144938533/b_20230915083021225/content.json
TRACE 09:51:08.591 [ReindexWorker-0] (ObjectValidator) Validating object info:fedora/it-01/rr_20170824105132120 version v1 header file .fcrepo/i_20170821144938533.json
TRACE 09:51:08.592 [ReindexWorker-0] (ObjectValidator) Validating object info:fedora/it-01/rr_20170824105132120 version v1 header file .fcrepo/i_20170821144938533/b_20230915083021225.json
TRACE 09:51:08.593 [ReindexWorker-0] (ObjectValidator) Validating object info:fedora/it-01/rr_20170824105132120 version v1 header file .fcrepo/i_20170821144938533/b_20230915083021225/content~fcr-desc.json
TRACE 09:51:08.595 [ReindexWorker-0] (ObjectValidator) Validating object info:fedora/it-01/rr_20170824105132120 version v1 header file .fcrepo/fcr-root.json
TRACE 09:51:08.596 [ReindexWorker-6] (DefaultOcflObjectSession) Adding to cache info:fedora/it-02/fmt_255_v1
TRACE 09:51:08.596 [ReindexWorker-0] (DefaultOcflObjectSession) Adding to cache info:fedora/it-01/rr_20170824105132120_v1
DEBUG 09:51:08.622 [ReindexWorker-6] (ReindexService) Indexing object info:fedora/it-02/fmt_255 in transaction 422bcbcc-2368-40ae-9ab4-d8a907082ce4, because it does not yet exist in the index.
DEBUG 09:51:08.622 [ReindexWorker-0] (ReindexService) Indexing object info:fedora/it-01/rr_20170824105132120/i_20170821144938533/b_20230915083021225/content in transaction 2be5348d-a31d-405e-9d41-1945bc6b764b, because it does not yet exist in the index.
TRACE 09:51:08.623 [ReindexWorker-6] (DefaultOcflObjectSession) Cache miss for info:fedora/it-02/fmt_255_v1
DEBUG 09:51:08.634 [ReindexWorker-0] (ContainmentIndexImpl) Adding: parent: info:fedora/it-01/rr_20170824105132120/i_20170821144938533/b_20230915083021225, child: info:fedora/it-01/rr_20170824105132120/i_20170821144938533/b_20230915083021225/content, start time 2023-09-15 08:32:01.0, end time null
DEBUG 09:51:08.649 [ReindexWorker-0] (ReindexService) Indexing object info:fedora/it-01/rr_20170824105132120/i_20170821144938533 in transaction 2be5348d-a31d-405e-9d41-1945bc6b764b, because it does not yet exist in the index.
TRACE 09:51:08.650 [ReindexWorker-0] (DefaultOcflObjectSession) Cache miss for info:fedora/it-01/rr_20170824105132120/i_20170821144938533_v1
DEBUG 09:51:08.689 [ReindexWorker-6] (ContainmentIndexImpl) Adding: parent: info:fedora/it-02, child: info:fedora/it-02/fmt_255, start time 2023-09-15 08:32:08.0, end time null
DEBUG 09:51:08.694 [ReindexWorker-6] (ReindexService) Rebuilt fedora-to-ocfl object index entry for info:fedora/it-02/fmt_255
DEBUG 09:51:08.697 [ReindexWorker-0] (ContainmentIndexImpl) Checking if info:fedora/it-01/rr_20170824105132120/i_20170821144938533 exists in transaction 2be5348d-a31d-405e-9d41-1945bc6b764b
DEBUG 09:51:08.698 [ReindexWorker-6] (DbSearchIndexImpl) Updating search index for info:fedora/it-02/fmt_255
DEBUG 09:51:08.700 [ReindexWorker-0] (ContainmentIndexImpl) Checking if info:fedora/it-01/rr_20170824105132120/i_20170821144938533 exists in transaction 2be5348d-a31d-405e-9d41-1945bc6b764b
DEBUG 09:51:08.701 [ReindexWorker-0] (ContainmentIndexImpl) Checking if info:fedora/it-01/rr_20170824105132120/i_20170821144938533 exists in transaction 2be5348d-a31d-405e-9d41-1945bc6b764b
DEBUG 09:51:08.701 [ReindexWorker-0] (ContainmentIndexImpl) Checking if info:fedora/it-01/rr_20170824105132120 exists in transaction 2be5348d-a31d-405e-9d41-1945bc6b764b
DEBUG 09:51:08.702 [ReindexWorker-0] (ContainmentIndexImpl) Checking if info:fedora/it-01/rr_20170824105132120/i_20170821144938533 exists in transaction 2be5348d-a31d-405e-9d41-1945bc6b764b
DEBUG 09:51:08.703 [ReindexWorker-0] (ContainmentIndexImpl) Checking if info:fedora/it-01/rr_20170824105132120/i_20170821144938533 exists in transaction 2be5348d-a31d-405e-9d41-1945bc6b764b
DEBUG 09:51:08.703 [ReindexWorker-0] (ContainmentIndexImpl) Adding: parent: info:fedora/it-01/rr_20170824105132120, child: info:fedora/it-01/rr_20170824105132120/i_20170821144938533, start time 2023-09-15 08:32:00.0, end time null
DEBUG 09:51:08.707 [ReindexWorker-0] (ReindexService) Indexing object info:fedora/it-01/rr_20170824105132120/i_20170821144938533/b_20230915083021225 in transaction 2be5348d-a31d-405e-9d41-1945bc6b764b, because it does not yet exist in the index.
TRACE 09:51:08.707 [ReindexWorker-0] (DefaultOcflObjectSession) Cache miss for info:fedora/it-01/rr_20170824105132120/i_20170821144938533/b_20230915083021225_v1
DEBUG 09:51:08.712 [ReindexWorker-6] (TransactionImpl) Waiting for operations in transaction 422bcbcc-2368-40ae-9ab4-d8a907082ce4 to complete before committing
DEBUG 09:51:08.712 [ReindexWorker-6] (TransactionImpl) Committing transaction 422bcbcc-2368-40ae-9ab4-d8a907082ce4
DEBUG 09:51:08.712 [ReindexWorker-6] (OcflPersistentSessionManager) Creating storage session 422bcbcc-2368-40ae-9ab4-d8a907082ce4
DEBUG 09:51:08.712 [ReindexWorker-0] (ContainmentIndexImpl) Checking if info:fedora/it-01/rr_20170824105132120/i_20170821144938533/b_20230915083021225/content exists in transaction 2be5348d-a31d-405e-9d41-1945bc6b764b
DEBUG 09:51:08.724 [ReindexWorker-6] (OcflPersistentStorageSession) Starting storage session 422bcbcc-2368-40ae-9ab4-d8a907082ce4 prepare for commit
TRACE 09:51:08.724 [ReindexWorker-6] (OcflPersistentStorageSession) All persisters are complete in session 422bcbcc-2368-40ae-9ab4-d8a907082ce4
DEBUG 09:51:08.725 [ReindexWorker-6] (OcflPersistentStorageSession) Starting storage session 422bcbcc-2368-40ae-9ab4-d8a907082ce4 commit
DEBUG 09:51:08.725 [ReindexWorker-0] (ContainmentIndexImpl) Checking if info:fedora/it-01/fmt_353 exists in transaction 2be5348d-a31d-405e-9d41-1945bc6b764b
DEBUG 09:51:08.725 [ReindexWorker-6] (OcflPersistentStorageSession) Committed storage session 422bcbcc-2368-40ae-9ab4-d8a907082ce4
DEBUG 09:51:08.726 [ReindexWorker-0] (ContainmentIndexImpl) Checking if info:fedora/it-01/rr_20170824105132120/i_20170821144938533/b_20230915083021225 exists in transaction 2be5348d-a31d-405e-9d41-1945bc6b764b
TRACE 09:51:08.726 [ReindexWorker-6] (EventAccumulatorImpl) Clearing events for transaction 422bcbcc-2368-40ae-9ab4-d8a907082ce4
DEBUG 09:51:08.727 [ReindexWorker-0] (ContainmentIndexImpl) Checking if info:fedora/it-01/rr_20170824105132120/i_20170821144938533 exists in transaction 2be5348d-a31d-405e-9d41-1945bc6b764b
DEBUG 09:51:08.727 [ReindexWorker-6] (TransactionImpl) Committed transaction 422bcbcc-2368-40ae-9ab4-d8a907082ce4
DEBUG 09:51:08.728 [ReindexWorker-0] (ContainmentIndexImpl) Adding: parent: info:fedora/it-01/rr_20170824105132120/i_20170821144938533, child: info:fedora/it-01/rr_20170824105132120/i_20170821144938533/b_20230915083021225, start time 2023-09-15 08:32:00.0, end time null
DEBUG 09:51:08.730 [ReindexWorker-6] (OcflPersistentSessionManager) Removing storage session 422bcbcc-2368-40ae-9ab4-d8a907082ce4
DEBUG 09:51:08.730 [ReindexWorker-6] (ReindexService) Indexing ocflId info:fedora/it-02/rr_20170824105246047 in transaction 5acf90cb-db1c-462f-9ca6-508ecf68d957
DEBUG 09:51:08.731 [ReindexWorker-6] (ObjectValidator) Validating object info:fedora/it-02/rr_20170824105246047 with fixity check false
DEBUG 09:51:08.733 [ReindexWorker-6] (ObjectValidator) Validating object info:fedora/it-02/rr_20170824105246047 version v1
TRACE 09:51:08.734 [ReindexWorker-6] (ObjectValidator) Validating object info:fedora/it-02/rr_20170824105246047 version v1 header file .fcrepo/i_20170821144936861.json
DEBUG 09:51:08.734 [ReindexWorker-0] (ReindexService) Indexing object info:fedora/it-01/rr_20170824105132120/i_20170821144938533/b_20230915083021225/content/fcr:metadata in transaction 2be5348d-a31d-405e-9d41-1945bc6b764b, because it does not yet exist in the index.
TRACE 09:51:08.735 [ReindexWorker-0] (DefaultOcflObjectSession) Cache miss for info:fedora/it-01/rr_20170824105132120/i_20170821144938533/b_20230915083021225/content/fcr:metadata_v1
TRACE 09:51:08.735 [ReindexWorker-6] (ObjectValidator) Validating object info:fedora/it-02/rr_20170824105246047 version v1 header file .fcrepo/fcr-root.json
TRACE 09:51:08.736 [ReindexWorker-6] (DefaultOcflObjectSession) Adding to cache info:fedora/it-02/rr_20170824105246047_v1
DEBUG 09:51:08.740 [ReindexWorker-6] (ReindexService) Indexing object info:fedora/it-02/rr_20170824105246047/i_20170821144936861 in transaction 5acf90cb-db1c-462f-9ca6-508ecf68d957, because it does not yet exist in the index.
TRACE 09:51:08.740 [ReindexWorker-6] (DefaultOcflObjectSession) Cache miss for info:fedora/it-02/rr_20170824105246047/i_20170821144936861_v1
DEBUG 09:51:08.740 [ReindexWorker-0] (ContainmentIndexImpl) Adding: parent: info:fedora/it-01/rr_20170824105132120/i_20170821144938533/b_20230915083021225/content, child: info:fedora/it-01/rr_20170824105132120/i_20170821144938533/b_20230915083021225/content/fcr:metadata, start time 2023-09-15 08:32:01.0, end time null
DEBUG 09:51:08.747 [ReindexWorker-0] (ReindexService) Indexing object info:fedora/it-01/rr_20170824105132120 in transaction 2be5348d-a31d-405e-9d41-1945bc6b764b, because it does not yet exist in the index.
TRACE 09:51:08.747 [ReindexWorker-0] (DefaultOcflObjectSession) Cache miss for info:fedora/it-01/rr_20170824105132120_v1
DEBUG 09:51:08.752 [ReindexWorker-0] (ContainmentIndexImpl) Checking if info:fedora/it-01/rr_20170824105132120 exists in transaction 2be5348d-a31d-405e-9d41-1945bc6b764b
DEBUG 09:51:08.752 [ReindexWorker-6] (ContainmentIndexImpl) Checking if info:fedora/it-02/rr_20170824105246047/i_20170821144936861 exists in transaction 5acf90cb-db1c-462f-9ca6-508ecf68d957
DEBUG 09:51:08.752 [ReindexWorker-0] (ContainmentIndexImpl) Checking if info:fedora/it-01/rr_20170824105131152 exists in transaction 2be5348d-a31d-405e-9d41-1945bc6b764b
DEBUG 09:51:08.753 [ReindexWorker-0] (ContainmentIndexImpl) Checking if info:fedora/it-01/rr_20170824105129980 exists in transaction 2be5348d-a31d-405e-9d41-1945bc6b764b
DEBUG 09:51:08.753 [ReindexWorker-6] (ContainmentIndexImpl) Checking if info:fedora/it-02/rr_20170824105246047/i_20170821144936861 exists in transaction 5acf90cb-db1c-462f-9ca6-508ecf68d957
DEBUG 09:51:08.754 [ReindexWorker-0] (ContainmentIndexImpl) Adding: parent: info:fedora/it-01, child: info:fedora/it-01/rr_20170824105132120, start time 2023-09-15 08:31:59.0, end time null
DEBUG 09:51:08.754 [ReindexWorker-6] (ContainmentIndexImpl) Checking if info:fedora/it-02/rr_20170824105246047/i_20170821144936861 exists in transaction 5acf90cb-db1c-462f-9ca6-508ecf68d957
DEBUG 09:51:08.755 [ReindexWorker-6] (ContainmentIndexImpl) Checking if info:fedora/it-02/rr_20170824105246047/i_20170821144936861 exists in transaction 5acf90cb-db1c-462f-9ca6-508ecf68d957
DEBUG 09:51:08.756 [ReindexWorker-6] (ContainmentIndexImpl) Checking if info:fedora/it-02/rr_20170824105246047/i_20170821144936861 exists in transaction 5acf90cb-db1c-462f-9ca6-508ecf68d957
DEBUG 09:51:08.756 [ReindexWorker-0] (ReindexService) Rebuilt fedora-to-ocfl object index entry for info:fedora/it-01/rr_20170824105132120/i_20170821144938533/b_20230915083021225/content
DEBUG 09:51:08.756 [ReindexWorker-0] (ReindexService) Rebuilt fedora-to-ocfl object index entry for info:fedora/it-01/rr_20170824105132120/i_20170821144938533
DEBUG 09:51:08.756 [ReindexWorker-6] (ContainmentIndexImpl) Checking if info:fedora/it-02/rr_20170824105246047 exists in transaction 5acf90cb-db1c-462f-9ca6-508ecf68d957
DEBUG 09:51:08.757 [ReindexWorker-0] (ReindexService) Rebuilt fedora-to-ocfl object index entry for info:fedora/it-01/rr_20170824105132120/i_20170821144938533/b_20230915083021225
DEBUG 09:51:08.757 [ReindexWorker-6] (ContainmentIndexImpl) Adding: parent: info:fedora/it-02/rr_20170824105246047, child: info:fedora/it-02/rr_20170824105246047/i_20170821144936861, start time 2023-09-15 08:32:08.0, end time null
DEBUG 09:51:08.757 [ReindexWorker-0] (ReindexService) Rebuilt fedora-to-ocfl object index entry for info:fedora/it-01/rr_20170824105132120/i_20170821144938533/b_20230915083021225/content/fcr:metadata
DEBUG 09:51:08.758 [ReindexWorker-0] (ReindexService) Rebuilt fedora-to-ocfl object index entry for info:fedora/it-01/rr_20170824105132120
DEBUG 09:51:08.760 [ReindexWorker-6] (ReindexService) Indexing object info:fedora/it-02/rr_20170824105246047 in transaction 5acf90cb-db1c-462f-9ca6-508ecf68d957, because it does not yet exist in the index.
TRACE 09:51:08.761 [ReindexWorker-6] (DefaultOcflObjectSession) Cache miss for info:fedora/it-02/rr_20170824105246047_v1
DEBUG 09:51:08.762 [ReindexWorker-0] (DbSearchIndexImpl) Updating search index for info:fedora/it-01/rr_20170824105132120/i_20170821144938533/b_20230915083021225/content
DEBUG 09:51:08.766 [ReindexWorker-6] (ContainmentIndexImpl) Checking if info:fedora/it-02/rr_20170824105242406 exists in transaction 5acf90cb-db1c-462f-9ca6-508ecf68d957
DEBUG 09:51:08.767 [ReindexWorker-6] (ContainmentIndexImpl) Checking if info:fedora/it-02/rr_20170824105235562 exists in transaction 5acf90cb-db1c-462f-9ca6-508ecf68d957
DEBUG 09:51:08.768 [ReindexWorker-0] (DbSearchIndexImpl) Updating search index for info:fedora/it-01/rr_20170824105132120/i_20170821144938533
DEBUG 09:51:08.768 [ReindexWorker-6] (ContainmentIndexImpl) Checking if info:fedora/it-02/rr_20170824105246047 exists in transaction 5acf90cb-db1c-462f-9ca6-508ecf68d957
DEBUG 09:51:08.768 [ReindexWorker-6] (ContainmentIndexImpl) Adding: parent: info:fedora/it-02, child: info:fedora/it-02/rr_20170824105246047, start time 2023-09-15 08:32:08.0, end time null
DEBUG 09:51:08.770 [ReindexWorker-6] (ReindexService) Rebuilt fedora-to-ocfl object index entry for info:fedora/it-02/rr_20170824105246047/i_20170821144936861
DEBUG 09:51:08.770 [ReindexWorker-6] (ReindexService) Rebuilt fedora-to-ocfl object index entry for info:fedora/it-02/rr_20170824105246047
DEBUG 09:51:08.770 [ReindexWorker-6] (DbSearchIndexImpl) Updating search index for info:fedora/it-02/rr_20170824105246047/i_20170821144936861
ERROR 09:51:08.796 [ReindexWorker-0] (ReindexWorker) Reindexing of OCFL id info:fedora/it-01/rr_20170824105132120 failed
org.fcrepo.kernel.api.exception.RepositoryRuntimeException: Failed add/updated the search index for : info:fedora/it-01/rr_20170824105132120/i_20170821144938533
	at org.fcrepo.search.impl.DbSearchIndexImpl.doDirectUpsert(DbSearchIndexImpl.java:671)
	at org.fcrepo.search.impl.DbSearchIndexImpl.lambda$addUpdateIndex$3(DbSearchIndexImpl.java:645)
	at org.fcrepo.kernel.impl.TransactionImpl.doInTx(TransactionImpl.java:181)
	at org.fcrepo.search.impl.DbSearchIndexImpl.addUpdateIndex(DbSearchIndexImpl.java:641)
	at java.base/jdk.internal.reflect.DirectMethodHandleAccessor.invoke(DirectMethodHandleAccessor.java:103)
	at java.base/java.lang.reflect.Method.invoke(Method.java:580)
	at org.springframework.aop.support.AopUtils.invokeJoinpointUsingReflection(AopUtils.java:360)
	at org.springframework.aop.framework.JdkDynamicAopProxy.invoke(JdkDynamicAopProxy.java:216)
	at jdk.proxy3/jdk.proxy3.$Proxy47.addUpdateIndex(Unknown Source)
	at org.fcrepo.search.impl.SearchIndexMetrics.lambda$addUpdateIndex$1(SearchIndexMetrics.java:73)
	at io.micrometer.core.instrument.composite.CompositeTimer.record(CompositeTimer.java:141)
	at org.fcrepo.search.impl.SearchIndexMetrics.addUpdateIndex(SearchIndexMetrics.java:72)
	at org.fcrepo.persistence.ocfl.impl.ReindexService.lambda$indexOcflObject$4(ReindexService.java:218)
	at java.base/java.util.ArrayList.forEach(ArrayList.java:1596)
	at org.fcrepo.persistence.ocfl.impl.ReindexService.indexOcflObject(ReindexService.java:213)
	at org.fcrepo.persistence.ocfl.impl.ReindexWorker.lambda$run$0(ReindexWorker.java:109)
	at org.fcrepo.common.db.DbTransactionExecutor.lambda$doInTx$3(DbTransactionExecutor.java:83)
	at org.springframework.transaction.support.TransactionOperations.lambda$executeWithoutResult$0(TransactionOperations.java:68)
	at org.springframework.transaction.support.TransactionTemplate.execute(TransactionTemplate.java:140)
	at org.springframework.transaction.support.TransactionOperations.executeWithoutResult(TransactionOperations.java:67)
	at org.fcrepo.common.db.DbTransactionExecutor.doInTx(DbTransactionExecutor.java:82)
	at org.fcrepo.common.db.DbTransactionExecutor.lambda$doInTxWithRetry$2(DbTransactionExecutor.java:66)
	at dev.failsafe.Functions.lambda$toCtxSupplier$9(Functions.java:228)
	at dev.failsafe.Functions.lambda$get$0(Functions.java:46)
	at dev.failsafe.internal.RetryPolicyExecutor.lambda$apply$0(RetryPolicyExecutor.java:74)
	at dev.failsafe.SyncExecutionImpl.executeSync(SyncExecutionImpl.java:187)
	at dev.failsafe.FailsafeExecutor.call(FailsafeExecutor.java:376)
	at dev.failsafe.FailsafeExecutor.run(FailsafeExecutor.java:220)
	at org.fcrepo.common.db.DbTransactionExecutor.doInTxWithRetry(DbTransactionExecutor.java:65)
	at org.fcrepo.persistence.ocfl.impl.ReindexWorker.run(ReindexWorker.java:108)
	at java.base/java.lang.Thread.run(Thread.java:1583)
Caused by: org.springframework.dao.DuplicateKeyException: PreparedStatementCallback; SQL [INSERT INTO search_resource_rdf_type (resource_id, rdf_type_id) VALUES (?, ?)]; Unique index or primary key violation: "PUBLIC.CONSTRAINT_1 INDEX PUBLIC.PRIMARY_KEY_1 ON PUBLIC.SEARCH_RESOURCE_RDF_TYPE(RESOURCE_ID, RDF_TYPE_ID) VALUES ( /* key:16 */ CAST(3 AS BIGINT), CAST(12 AS BIGINT))"; SQL statement:
INSERT INTO search_resource_rdf_type (resource_id, rdf_type_id) VALUES (?, ?) [23505-240]
	at org.springframework.jdbc.support.SQLExceptionSubclassTranslator.doTranslate(SQLExceptionSubclassTranslator.java:104)
	at org.springframework.jdbc.support.AbstractFallbackSQLExceptionTranslator.translate(AbstractFallbackSQLExceptionTranslator.java:107)
	at org.springframework.jdbc.core.JdbcTemplate.translateException(JdbcTemplate.java:1556)
	at org.springframework.jdbc.core.JdbcTemplate.execute(JdbcTemplate.java:677)
	at org.springframework.jdbc.core.JdbcTemplate.execute(JdbcTemplate.java:701)
	at org.springframework.jdbc.core.JdbcTemplate.batchUpdate(JdbcTemplate.java:1049)
	at org.springframework.jdbc.core.namedparam.NamedParameterJdbcTemplate.batchUpdate(NamedParameterJdbcTemplate.java:377)
	at org.fcrepo.search.impl.DbSearchIndexImpl.insertRdfTypeAssociations(DbSearchIndexImpl.java:830)
	at org.fcrepo.search.impl.DbSearchIndexImpl.doDirectUpsert(DbSearchIndexImpl.java:669)
	... 30 common frames omitted
Caused by: org.h2.jdbc.JdbcBatchUpdateException: Unique index or primary key violation: "PUBLIC.CONSTRAINT_1 INDEX PUBLIC.PRIMARY_KEY_1 ON PUBLIC.SEARCH_RESOURCE_RDF_TYPE(RESOURCE_ID, RDF_TYPE_ID) VALUES ( /* key:16 */ CAST(3 AS BIGINT), CAST(12 AS BIGINT))"; SQL statement:
INSERT INTO search_resource_rdf_type (resource_id, rdf_type_id) VALUES (?, ?) [23505-240]
	at org.h2.jdbc.JdbcPreparedStatement.executeBatch(JdbcPreparedStatement.java:1277)
	at com.zaxxer.hikari.pool.ProxyStatement.executeBatch(ProxyStatement.java:128)
	at com.zaxxer.hikari.pool.HikariProxyPreparedStatement.executeBatch(HikariProxyPreparedStatement.java)
	at org.springframework.jdbc.core.JdbcTemplate.lambda$getPreparedStatementCallback$7(JdbcTemplate.java:1617)
	at org.springframework.jdbc.core.JdbcTemplate.execute(JdbcTemplate.java:658)
	... 35 common frames omitted
DEBUG 09:51:08.799 [ReindexWorker-0] (TransactionImpl) Waiting for operations in transaction 2be5348d-a31d-405e-9d41-1945bc6b764b to complete before rolling back
DEBUG 09:51:08.800 [ReindexWorker-0] (OcflPersistentSessionManager) Creating storage session 2be5348d-a31d-405e-9d41-1945bc6b764b
DEBUG 09:51:08.800 [ReindexWorker-0] (OcflPersistentStorageSession) Rolling back storage session 2be5348d-a31d-405e-9d41-1945bc6b764b
ERROR 09:51:08.803 [ReindexWorker-6] (ReindexWorker) Reindexing of OCFL id info:fedora/it-02/rr_20170824105246047 failed
org.fcrepo.kernel.api.exception.RepositoryRuntimeException: Failed add/updated the search index for : info:fedora/it-02/rr_20170824105246047/i_20170821144936861
	at org.fcrepo.search.impl.DbSearchIndexImpl.doDirectUpsert(DbSearchIndexImpl.java:671)
	at org.fcrepo.search.impl.DbSearchIndexImpl.lambda$addUpdateIndex$3(DbSearchIndexImpl.java:645)
	at org.fcrepo.kernel.impl.TransactionImpl.doInTx(TransactionImpl.java:181)
	at org.fcrepo.search.impl.DbSearchIndexImpl.addUpdateIndex(DbSearchIndexImpl.java:641)
	at java.base/jdk.internal.reflect.DirectMethodHandleAccessor.invoke(DirectMethodHandleAccessor.java:103)
	at java.base/java.lang.reflect.Method.invoke(Method.java:580)
	at org.springframework.aop.support.AopUtils.invokeJoinpointUsingReflection(AopUtils.java:360)
	at org.springframework.aop.framework.JdkDynamicAopProxy.invoke(JdkDynamicAopProxy.java:216)
	at jdk.proxy3/jdk.proxy3.$Proxy47.addUpdateIndex(Unknown Source)
	at org.fcrepo.search.impl.SearchIndexMetrics.lambda$addUpdateIndex$1(SearchIndexMetrics.java:73)
	at io.micrometer.core.instrument.composite.CompositeTimer.record(CompositeTimer.java:141)
	at org.fcrepo.search.impl.SearchIndexMetrics.addUpdateIndex(SearchIndexMetrics.java:72)
	at org.fcrepo.persistence.ocfl.impl.ReindexService.lambda$indexOcflObject$4(ReindexService.java:218)
	at java.base/java.util.ArrayList.forEach(ArrayList.java:1596)
	at org.fcrepo.persistence.ocfl.impl.ReindexService.indexOcflObject(ReindexService.java:213)
	at org.fcrepo.persistence.ocfl.impl.ReindexWorker.lambda$run$0(ReindexWorker.java:109)
	at org.fcrepo.common.db.DbTransactionExecutor.lambda$doInTx$3(DbTransactionExecutor.java:83)
	at org.springframework.transaction.support.TransactionOperations.lambda$executeWithoutResult$0(TransactionOperations.java:68)
	at org.springframework.transaction.support.TransactionTemplate.execute(TransactionTemplate.java:140)
	at org.springframework.transaction.support.TransactionOperations.executeWithoutResult(TransactionOperations.java:67)
	at org.fcrepo.common.db.DbTransactionExecutor.doInTx(DbTransactionExecutor.java:82)
	at org.fcrepo.common.db.DbTransactionExecutor.lambda$doInTxWithRetry$2(DbTransactionExecutor.java:66)
	at dev.failsafe.Functions.lambda$toCtxSupplier$9(Functions.java:228)
	at dev.failsafe.Functions.lambda$get$0(Functions.java:46)
	at dev.failsafe.internal.RetryPolicyExecutor.lambda$apply$0(RetryPolicyExecutor.java:74)
	at dev.failsafe.SyncExecutionImpl.executeSync(SyncExecutionImpl.java:187)
	at dev.failsafe.FailsafeExecutor.call(FailsafeExecutor.java:376)
	at dev.failsafe.FailsafeExecutor.run(FailsafeExecutor.java:220)
	at org.fcrepo.common.db.DbTransactionExecutor.doInTxWithRetry(DbTransactionExecutor.java:65)
	at org.fcrepo.persistence.ocfl.impl.ReindexWorker.run(ReindexWorker.java:108)
	at java.base/java.lang.Thread.run(Thread.java:1583)
Caused by: org.springframework.dao.DataIntegrityViolationException: PreparedStatementCallback; SQL [INSERT INTO search_resource_rdf_type (resource_id, rdf_type_id) VALUES (?, ?)]; Referential integrity constraint violation: "CONSTRAINT_141: PUBLIC.SEARCH_RESOURCE_RDF_TYPE FOREIGN KEY(RDF_TYPE_ID) REFERENCES PUBLIC.SEARCH_RDF_TYPE(ID) (CAST(12 AS BIGINT))"; SQL statement:
INSERT INTO search_resource_rdf_type (resource_id, rdf_type_id) VALUES (?, ?) [23506-240]
	at org.springframework.jdbc.support.SQLExceptionSubclassTranslator.doTranslate(SQLExceptionSubclassTranslator.java:106)
	at org.springframework.jdbc.support.AbstractFallbackSQLExceptionTranslator.translate(AbstractFallbackSQLExceptionTranslator.java:107)
	at org.springframework.jdbc.core.JdbcTemplate.translateException(JdbcTemplate.java:1556)
	at org.springframework.jdbc.core.JdbcTemplate.execute(JdbcTemplate.java:677)
	at org.springframework.jdbc.core.JdbcTemplate.execute(JdbcTemplate.java:701)
	at org.springframework.jdbc.core.JdbcTemplate.batchUpdate(JdbcTemplate.java:1049)
	at org.springframework.jdbc.core.namedparam.NamedParameterJdbcTemplate.batchUpdate(NamedParameterJdbcTemplate.java:377)
	at org.fcrepo.search.impl.DbSearchIndexImpl.insertRdfTypeAssociations(DbSearchIndexImpl.java:830)
	at org.fcrepo.search.impl.DbSearchIndexImpl.doDirectUpsert(DbSearchIndexImpl.java:669)
	... 30 common frames omitted
Caused by: org.h2.jdbc.JdbcBatchUpdateException: Referential integrity constraint violation: "CONSTRAINT_141: PUBLIC.SEARCH_RESOURCE_RDF_TYPE FOREIGN KEY(RDF_TYPE_ID) REFERENCES PUBLIC.SEARCH_RDF_TYPE(ID) (CAST(12 AS BIGINT))"; SQL statement:
INSERT INTO search_resource_rdf_type (resource_id, rdf_type_id) VALUES (?, ?) [23506-240]
	at org.h2.jdbc.JdbcPreparedStatement.executeBatch(JdbcPreparedStatement.java:1277)
	at com.zaxxer.hikari.pool.ProxyStatement.executeBatch(ProxyStatement.java:128)
	at com.zaxxer.hikari.pool.HikariProxyPreparedStatement.executeBatch(HikariProxyPreparedStatement.java)
	at org.springframework.jdbc.core.JdbcTemplate.lambda$getPreparedStatementCallback$7(JdbcTemplate.java:1617)
	at org.springframework.jdbc.core.JdbcTemplate.execute(JdbcTemplate.java:658)
	... 35 common frames omitted
DEBUG 09:51:08.804 [ReindexWorker-6] (TransactionImpl) Waiting for operations in transaction 5acf90cb-db1c-462f-9ca6-508ecf68d957 to complete before rolling back
DEBUG 09:51:08.804 [ReindexWorker-6] (OcflPersistentSessionManager) Creating storage session 5acf90cb-db1c-462f-9ca6-508ecf68d957
DEBUG 09:51:08.804 [ReindexWorker-6] (OcflPersistentStorageSession) Rolling back storage session 5acf90cb-db1c-462f-9ca6-508ecf68d957
TRACE 09:51:08.806 [ReindexWorker-0] (OcflPersistentStorageSession) Successfully rolled back storage session 2be5348d-a31d-405e-9d41-1945bc6b764b
TRACE 09:51:08.806 [ReindexWorker-6] (OcflPersistentStorageSession) Successfully rolled back storage session 5acf90cb-db1c-462f-9ca6-508ecf68d957
TRACE 09:51:08.809 [ReindexWorker-6] (EventAccumulatorImpl) Clearing events for transaction 5acf90cb-db1c-462f-9ca6-508ecf68d957
DEBUG 09:51:08.809 [ReindexWorker-6] (ReindexManager) Stop worker threads
TRACE 09:51:08.809 [ReindexWorker-0] (EventAccumulatorImpl) Clearing events for transaction 2be5348d-a31d-405e-9d41-1945bc6b764b
DEBUG 09:51:08.810 [ReindexWorker-0] (ReindexManager) Stop worker threads
DEBUG 09:51:08.810 [ReindexWorker-0] (OcflPersistentSessionManager) Removing storage session 2be5348d-a31d-405e-9d41-1945bc6b764b
Exception in thread "ReindexWorker-0" org.fcrepo.kernel.api.exception.RepositoryRuntimeException: Failed add/updated the search index for : info:fedora/it-01/rr_20170824105132120/i_20170821144938533
	at org.fcrepo.search.impl.DbSearchIndexImpl.doDirectUpsert(DbSearchIndexImpl.java:671)
	at org.fcrepo.search.impl.DbSearchIndexImpl.lambda$addUpdateIndex$3(DbSearchIndexImpl.java:645)
DEBUG 09:51:08.810 [ReindexWorker-6] (OcflPersistentSessionManager) Removing storage session 5acf90cb-db1c-462f-9ca6-508ecf68d957
	at org.fcrepo.kernel.impl.TransactionImpl.doInTx(TransactionImpl.java:181)
	at org.fcrepo.search.impl.DbSearchIndexImpl.addUpdateIndex(DbSearchIndexImpl.java:641)
	at java.base/jdk.internal.reflect.DirectMethodHandleAccessor.invoke(DirectMethodHandleAccessor.java:103)
	at java.base/java.lang.reflect.Method.invoke(Method.java:580)
	at org.springframework.aop.support.AopUtils.invokeJoinpointUsingReflection(AopUtils.java:360)
	at org.springframework.aop.framework.JdkDynamicAopProxy.invoke(JdkDynamicAopProxy.java:216)
	at jdk.proxy3/jdk.proxy3.$Proxy47.addUpdateIndex(Unknown Source)
	at org.fcrepo.search.impl.SearchIndexMetrics.lambda$addUpdateIndex$1(SearchIndexMetrics.java:73)
Exception in thread "ReindexWorker-6" 	at io.micrometer.core.instrument.composite.CompositeTimer.record(CompositeTimer.java:141)
	at org.fcrepo.search.impl.SearchIndexMetrics.addUpdateIndex(SearchIndexMetrics.java:72)
	at org.fcrepo.persistence.ocfl.impl.ReindexService.lambda$indexOcflObject$4(ReindexService.java:218)
	at java.base/java.util.ArrayList.forEach(ArrayList.java:1596)
	at org.fcrepo.persistence.ocfl.impl.ReindexService.indexOcflObject(ReindexService.java:213)
	at org.fcrepo.persistence.ocfl.impl.ReindexWorker.lambda$run$0(ReindexWorker.java:109)
	at org.fcrepo.common.db.DbTransactionExecutor.lambda$doInTx$3(DbTransactionExecutor.java:83)
	at org.springframework.transaction.support.TransactionOperations.lambda$executeWithoutResult$0(TransactionOperations.java:68)
	at org.springframework.transaction.support.TransactionTemplate.execute(TransactionTemplate.java:140)
	at org.springframework.transaction.support.TransactionOperations.executeWithoutResult(TransactionOperations.java:67)
	at org.fcrepo.common.db.DbTransactionExecutor.doInTx(DbTransactionExecutor.java:82)
	at org.fcrepo.common.db.DbTransactionExecutor.lambda$doInTxWithRetry$2(DbTransactionExecutor.java:66)
	at dev.failsafe.Functions.lambda$toCtxSupplier$9(Functions.java:228)
	at dev.failsafe.Functions.lambda$get$0(Functions.java:46)
	at dev.failsafe.internal.RetryPolicyExecutor.lambda$apply$0(RetryPolicyExecutor.java:74)
	at dev.failsafe.SyncExecutionImpl.executeSync(SyncExecutionImpl.java:187)
	at dev.failsafe.FailsafeExecutor.call(FailsafeExecutor.java:376)
	at dev.failsafe.FailsafeExecutor.run(FailsafeExecutor.java:220)
	at org.fcrepo.common.db.DbTransactionExecutor.doInTxWithRetry(DbTransactionExecutor.java:65)
	at org.fcrepo.persistence.ocfl.impl.ReindexWorker.run(ReindexWorker.java:108)
	at java.base/java.lang.Thread.run(Thread.java:1583)
Caused by: org.springframework.dao.DuplicateKeyException: PreparedStatementCallback; SQL [INSERT INTO search_resource_rdf_type (resource_id, rdf_type_id) VALUES (?, ?)]; Unique index or primary key violation: "PUBLIC.CONSTRAINT_1 INDEX PUBLIC.PRIMARY_KEY_1 ON PUBLIC.SEARCH_RESOURCE_RDF_TYPE(RESOURCE_ID, RDF_TYPE_ID) VALUES ( /* key:16 */ CAST(3 AS BIGINT), CAST(12 AS BIGINT))"; SQL statement:
INSERT INTO search_resource_rdf_type (resource_id, rdf_type_id) VALUES (?, ?) [23505-240]
	at org.springframework.jdbc.support.SQLExceptionSubclassTranslator.doTranslate(SQLExceptionSubclassTranslator.java:104)
	at org.springframework.jdbc.support.AbstractFallbackSQLExceptionTranslator.translate(AbstractFallbackSQLExceptionTranslator.java:107)
	at org.springframework.jdbc.core.JdbcTemplate.translateException(JdbcTemplate.java:1556)
	at org.springframework.jdbc.core.JdbcTemplate.execute(JdbcTemplate.java:677)
	at org.springframework.jdbc.core.JdbcTemplate.execute(JdbcTemplate.java:701)
	at org.springframework.jdbc.core.JdbcTemplate.batchUpdate(JdbcTemplate.java:1049)
	at org.springframework.jdbc.core.namedparam.NamedParameterJdbcTemplate.batchUpdate(NamedParameterJdbcTemplate.java:377)
	at org.fcrepo.search.impl.DbSearchIndexImpl.insertRdfTypeAssociations(DbSearchIndexImpl.java:830)
	at org.fcrepo.search.impl.DbSearchIndexImpl.doDirectUpsert(DbSearchIndexImpl.java:669)
	... 30 more
Caused by: org.h2.jdbc.JdbcBatchUpdateException: Unique index or primary key violation: "PUBLIC.CONSTRAINT_1 INDEX PUBLIC.PRIMARY_KEY_1 ON PUBLIC.SEARCH_RESOURCE_RDF_TYPE(RESOURCE_ID, RDF_TYPE_ID) VALUES ( /* key:16 */ CAST(3 AS BIGINT), CAST(12 AS BIGINT))"; SQL statement:
INSERT INTO search_resource_rdf_type (resource_id, rdf_type_id) VALUES (?, ?) [23505-240]
	at org.h2.jdbc.JdbcPreparedStatement.executeBatch(JdbcPreparedStatement.java:1277)
	at com.zaxxer.hikari.pool.ProxyStatement.executeBatch(ProxyStatement.java:128)
	at com.zaxxer.hikari.pool.HikariProxyPreparedStatement.executeBatch(HikariProxyPreparedStatement.java)
	at org.springframework.jdbc.core.JdbcTemplate.lambda$getPreparedStatementCallback$7(JdbcTemplate.java:1617)
	at org.springframework.jdbc.core.JdbcTemplate.execute(JdbcTemplate.java:658)
	... 35 more
org.fcrepo.kernel.api.exception.RepositoryRuntimeException: Failed add/updated the search index for : info:fedora/it-02/rr_20170824105246047/i_20170821144936861
	at org.fcrepo.search.impl.DbSearchIndexImpl.doDirectUpsert(DbSearchIndexImpl.java:671)
	at org.fcrepo.search.impl.DbSearchIndexImpl.lambda$addUpdateIndex$3(DbSearchIndexImpl.java:645)
	at org.fcrepo.kernel.impl.TransactionImpl.doInTx(TransactionImpl.java:181)
	at org.fcrepo.search.impl.DbSearchIndexImpl.addUpdateIndex(DbSearchIndexImpl.java:641)
	at java.base/jdk.internal.reflect.DirectMethodHandleAccessor.invoke(DirectMethodHandleAccessor.java:103)
	at java.base/java.lang.reflect.Method.invoke(Method.java:580)
	at org.springframework.aop.support.AopUtils.invokeJoinpointUsingReflection(AopUtils.java:360)
	at org.springframework.aop.framework.JdkDynamicAopProxy.invoke(JdkDynamicAopProxy.java:216)
	at jdk.proxy3/jdk.proxy3.$Proxy47.addUpdateIndex(Unknown Source)
	at org.fcrepo.search.impl.SearchIndexMetrics.lambda$addUpdateIndex$1(SearchIndexMetrics.java:73)
	at io.micrometer.core.instrument.composite.CompositeTimer.record(CompositeTimer.java:141)
	at org.fcrepo.search.impl.SearchIndexMetrics.addUpdateIndex(SearchIndexMetrics.java:72)
	at org.fcrepo.persistence.ocfl.impl.ReindexService.lambda$indexOcflObject$4(ReindexService.java:218)
	at java.base/java.util.ArrayList.forEach(ArrayList.java:1596)
	at org.fcrepo.persistence.ocfl.impl.ReindexService.indexOcflObject(ReindexService.java:213)
	at org.fcrepo.persistence.ocfl.impl.ReindexWorker.lambda$run$0(ReindexWorker.java:109)
	at org.fcrepo.common.db.DbTransactionExecutor.lambda$doInTx$3(DbTransactionExecutor.java:83)
	at org.springframework.transaction.support.TransactionOperations.lambda$executeWithoutResult$0(TransactionOperations.java:68)
	at org.springframework.transaction.support.TransactionTemplate.execute(TransactionTemplate.java:140)
	at org.springframework.transaction.support.TransactionOperations.executeWithoutResult(TransactionOperations.java:67)
	at org.fcrepo.common.db.DbTransactionExecutor.doInTx(DbTransactionExecutor.java:82)
	at org.fcrepo.common.db.DbTransactionExecutor.lambda$doInTxWithRetry$2(DbTransactionExecutor.java:66)
	at dev.failsafe.Functions.lambda$toCtxSupplier$9(Functions.java:228)
	at dev.failsafe.Functions.lambda$get$0(Functions.java:46)
	at dev.failsafe.internal.RetryPolicyExecutor.lambda$apply$0(RetryPolicyExecutor.java:74)
	at dev.failsafe.SyncExecutionImpl.executeSync(SyncExecutionImpl.java:187)
	at dev.failsafe.FailsafeExecutor.call(FailsafeExecutor.java:376)
	at dev.failsafe.FailsafeExecutor.run(FailsafeExecutor.java:220)
	at org.fcrepo.common.db.DbTransactionExecutor.doInTxWithRetry(DbTransactionExecutor.java:65)
	at org.fcrepo.persistence.ocfl.impl.ReindexWorker.run(ReindexWorker.java:108)
	at java.base/java.lang.Thread.run(Thread.java:1583)
Caused by: org.springframework.dao.DataIntegrityViolationException: PreparedStatementCallback; SQL [INSERT INTO search_resource_rdf_type (resource_id, rdf_type_id) VALUES (?, ?)]; Referential integrity constraint violation: "CONSTRAINT_141: PUBLIC.SEARCH_RESOURCE_RDF_TYPE FOREIGN KEY(RDF_TYPE_ID) REFERENCES PUBLIC.SEARCH_RDF_TYPE(ID) (CAST(12 AS BIGINT))"; SQL statement:
INSERT INTO search_resource_rdf_type (resource_id, rdf_type_id) VALUES (?, ?) [23506-240]
	at org.springframework.jdbc.support.SQLExceptionSubclassTranslator.doTranslate(SQLExceptionSubclassTranslator.java:106)
	at org.springframework.jdbc.support.AbstractFallbackSQLExceptionTranslator.translate(AbstractFallbackSQLExceptionTranslator.java:107)
	at org.springframework.jdbc.core.JdbcTemplate.translateException(JdbcTemplate.java:1556)
	at org.springframework.jdbc.core.JdbcTemplate.execute(JdbcTemplate.java:677)
	at org.springframework.jdbc.core.JdbcTemplate.execute(JdbcTemplate.java:701)
	at org.springframework.jdbc.core.JdbcTemplate.batchUpdate(JdbcTemplate.java:1049)
	at org.springframework.jdbc.core.namedparam.NamedParameterJdbcTemplate.batchUpdate(NamedParameterJdbcTemplate.java:377)
	at org.fcrepo.search.impl.DbSearchIndexImpl.insertRdfTypeAssociations(DbSearchIndexImpl.java:830)
	at org.fcrepo.search.impl.DbSearchIndexImpl.doDirectUpsert(DbSearchIndexImpl.java:669)
	... 30 more
Caused by: org.h2.jdbc.JdbcBatchUpdateException: Referential integrity constraint violation: "CONSTRAINT_141: PUBLIC.SEARCH_RESOURCE_RDF_TYPE FOREIGN KEY(RDF_TYPE_ID) REFERENCES PUBLIC.SEARCH_RDF_TYPE(ID) (CAST(12 AS BIGINT))"; SQL statement:
INSERT INTO search_resource_rdf_type (resource_id, rdf_type_id) VALUES (?, ?) [23506-240]
	at org.h2.jdbc.JdbcPreparedStatement.executeBatch(JdbcPreparedStatement.java:1277)
	at com.zaxxer.hikari.pool.ProxyStatement.executeBatch(ProxyStatement.java:128)
	at com.zaxxer.hikari.pool.HikariProxyPreparedStatement.executeBatch(HikariProxyPreparedStatement.java)
	at org.springframework.jdbc.core.JdbcTemplate.lambda$getPreparedStatementCallback$7(JdbcTemplate.java:1617)
	at org.springframework.jdbc.core.JdbcTemplate.execute(JdbcTemplate.java:658)
	... 35 more
ERROR 09:51:08.817 [ScheduledTask1] (ReindexManager) Reindex did not complete successfully
INFO 09:51:08.817 [ScheduledTask1] (IndexBuilderImpl) Index rebuild completed 1 objects successfully, 0 objects skipped and 2 objects had errors in 0 seconds 
DEBUG 09:51:08.817 [ScheduledTask1] (OcflPersistentSessionManager) Creating storage session 9fed3704-ad2c-419b-b46e-ee2d52767438
DEBUG 09:51:08.819 [ScheduledTask1] (RepositoryInitializer) Repository root (info:fedora) not found. Creating...
DEBUG 09:51:08.824 [ScheduledTask1] (CreateRdfSourcePersister) persisting info:fedora to OcflPersistentStorageSession{sessionId='9fed3704-ad2c-419b-b46e-ee2d52767438', state=COMMIT_NOT_STARTED}
TRACE 09:51:08.829 [ScheduledTask1] (DefaultOcflObjectSession) Adding to cache info:fedora_v1
DEBUG 09:51:08.831 [ScheduledTask1] (AbstractRdfSourcePersister) persisting RDFSource (info:fedora) to OCFL
DEBUG 09:51:08.854 [ScheduledTask1] (AbstractRdfSourcePersister) wrote info:fedora to 334eaab1-6736-4f2e-be5e-b7bed666291f
DEBUG 09:51:08.856 [ScheduledTask1] (TransactionImpl) Waiting for operations in transaction 9fed3704-ad2c-419b-b46e-ee2d52767438 to complete before committing
DEBUG 09:51:08.856 [ScheduledTask1] (TransactionImpl) Committing transaction 9fed3704-ad2c-419b-b46e-ee2d52767438
DEBUG 09:51:08.856 [ScheduledTask1] (OcflPersistentStorageSession) Starting storage session 9fed3704-ad2c-419b-b46e-ee2d52767438 prepare for commit
TRACE 09:51:08.856 [ScheduledTask1] (OcflPersistentStorageSession) All persisters are complete in session 9fed3704-ad2c-419b-b46e-ee2d52767438
DEBUG 09:51:08.856 [ScheduledTask1] (OcflPersistentStorageSession) Starting storage session 9fed3704-ad2c-419b-b46e-ee2d52767438 commit
TRACE 09:51:08.914 [ScheduledTask1] (DefaultOcflObjectSession) Adding to cache info:fedora_v2
DEBUG 09:51:08.929 [ScheduledTask1] (OcflPersistentStorageSession) Committed storage session 9fed3704-ad2c-419b-b46e-ee2d52767438
DEBUG 09:51:08.930 [ScheduledTask1] (EventAccumulatorImpl) Emitting events for transaction 9fed3704-ad2c-419b-b46e-ee2d52767438
DEBUG 09:51:08.930 [ScheduledTask1] (TransactionImpl) Committed transaction 9fed3704-ad2c-419b-b46e-ee2d52767438
DEBUG 09:51:08.930 [ScheduledTask1] (RepositoryInitializer) Successfully created repository root (info:fedora).
INFO 09:51:08.987 [main] (MicrometerFeature) Micrometer metrics enabled for Jersey resources.
TRACE 09:51:09.413 [main] (SearchResultProvider) Velocity engine initializing...
DEBUG 09:51:09.414 [main] (SearchResultProvider) Setting Velocity runtime log: /fcrepo_home/logs/velocity.log
DEBUG 09:51:09.414 [main] (SearchResultProvider) Using Velocity configuration from jar:file:/usr/local/tomcat/webapps/fcrepo/WEB-INF/lib/fcrepo-http-api-7.0.0-RC1.jar!/velocity.properties
TRACE 09:51:09.463 [main] (SearchResultProvider) Velocity engine initialized.
TRACE 09:51:09.465 [main] (StreamingBaseHtmlProvider) Velocity engine initializing...
DEBUG 09:51:09.465 [main] (StreamingBaseHtmlProvider) Setting Velocity runtime log: /fcrepo_home/logs/velocity.log
DEBUG 09:51:09.465 [main] (StreamingBaseHtmlProvider) Using Velocity configuration from jar:file:/usr/local/tomcat/webapps/fcrepo/WEB-INF/lib/fcrepo-http-api-7.0.0-RC1.jar!/velocity.properties
TRACE 09:51:09.468 [main] (StreamingBaseHtmlProvider) Velocity engine initialized.
TRACE 09:51:09.469 [main] (StreamingBaseHtmlProvider) Assembling a map of node primary types -> templates...
TRACE 09:51:09.511 [main] (StreamingBaseHtmlProvider) Assembled template map.
TRACE 09:51:09.512 [main] (StreamingBaseHtmlProvider) HtmlProvider initialization complete.
07-Apr-2026 09:51:09.613 INFO [main] org.apache.catalina.startup.HostConfig.deployDirectory Deployment of web application directory [/usr/local/tomcat/webapps/fcrepo] has finished in [7,285] ms
07-Apr-2026 09:51:09.617 INFO [main] org.apache.coyote.AbstractProtocol.start Starting ProtocolHandler ["http-nio-8080"]
07-Apr-2026 09:51:09.627 INFO [main] org.apache.catalina.startup.Catalina.start Server startup in [7349] milliseconds
