07-Apr-2026 09:53:09.471 INFO [main] org.apache.catalina.startup.VersionLoggerListener.log Server version name:   Apache Tomcat/10.1.53
07-Apr-2026 09:53:09.477 INFO [main] org.apache.catalina.startup.VersionLoggerListener.log Server built:          Mar 18 2026 13:50:42 UTC
07-Apr-2026 09:53:09.477 INFO [main] org.apache.catalina.startup.VersionLoggerListener.log Server version number: 10.1.53.0
07-Apr-2026 09:53:09.477 INFO [main] org.apache.catalina.startup.VersionLoggerListener.log OS Name:               Linux
07-Apr-2026 09:53:09.478 INFO [main] org.apache.catalina.startup.VersionLoggerListener.log OS Version:            6.19.10-200.fc43.x86_64
07-Apr-2026 09:53:09.478 INFO [main] org.apache.catalina.startup.VersionLoggerListener.log Architecture:          amd64
07-Apr-2026 09:53:09.478 INFO [main] org.apache.catalina.startup.VersionLoggerListener.log Java Home:             /opt/java/openjdk
07-Apr-2026 09:53:09.478 INFO [main] org.apache.catalina.startup.VersionLoggerListener.log JVM Version:           21.0.10+7-LTS
07-Apr-2026 09:53:09.478 INFO [main] org.apache.catalina.startup.VersionLoggerListener.log JVM Vendor:            Eclipse Adoptium
07-Apr-2026 09:53:09.479 INFO [main] org.apache.catalina.startup.VersionLoggerListener.log CATALINA_BASE:         /usr/local/tomcat
07-Apr-2026 09:53:09.479 INFO [main] org.apache.catalina.startup.VersionLoggerListener.log CATALINA_HOME:         /usr/local/tomcat
07-Apr-2026 09:53:09.498 INFO [main] org.apache.catalina.startup.VersionLoggerListener.log Command line argument: -Djava.util.logging.config.file=/usr/local/tomcat/conf/logging.properties
07-Apr-2026 09:53:09.499 INFO [main] org.apache.catalina.startup.VersionLoggerListener.log Command line argument: -Djava.util.logging.manager=org.apache.juli.ClassLoaderLogManager
07-Apr-2026 09:53:09.499 INFO [main] org.apache.catalina.startup.VersionLoggerListener.log Command line argument: -Djdk.tls.ephemeralDHKeySize=2048
07-Apr-2026 09:53:09.499 INFO [main] org.apache.catalina.startup.VersionLoggerListener.log Command line argument: -Djava.protocol.handler.pkgs=org.apache.catalina.webresources
07-Apr-2026 09:53:09.499 INFO [main] org.apache.catalina.startup.VersionLoggerListener.log Command line argument: -Dsun.io.useCanonCaches=false
07-Apr-2026 09:53:09.499 INFO [main] org.apache.catalina.startup.VersionLoggerListener.log Command line argument: -Dorg.apache.catalina.security.SecurityListener.UMASK=0027
07-Apr-2026 09:53:09.499 INFO [main] org.apache.catalina.startup.VersionLoggerListener.log Command line argument: --add-opens=java.base/java.lang=ALL-UNNAMED
07-Apr-2026 09:53:09.499 INFO [main] org.apache.catalina.startup.VersionLoggerListener.log Command line argument: --add-opens=java.base/java.lang.reflect=ALL-UNNAMED
07-Apr-2026 09:53:09.500 INFO [main] org.apache.catalina.startup.VersionLoggerListener.log Command line argument: --add-opens=java.base/java.io=ALL-UNNAMED
07-Apr-2026 09:53:09.500 INFO [main] org.apache.catalina.startup.VersionLoggerListener.log Command line argument: --add-opens=java.base/java.util=ALL-UNNAMED
07-Apr-2026 09:53:09.500 INFO [main] org.apache.catalina.startup.VersionLoggerListener.log Command line argument: --add-opens=java.base/java.util.concurrent=ALL-UNNAMED
07-Apr-2026 09:53:09.500 INFO [main] org.apache.catalina.startup.VersionLoggerListener.log Command line argument: --add-opens=java.rmi/sun.rmi.transport=ALL-UNNAMED
07-Apr-2026 09:53:09.500 INFO [main] org.apache.catalina.startup.VersionLoggerListener.log Command line argument: -Dfcrepo.db.url=jdbc:mariadb://db/fcrepo
07-Apr-2026 09:53:09.500 INFO [main] org.apache.catalina.startup.VersionLoggerListener.log Command line argument: -Dfcrepo.db.user=fcrepo
07-Apr-2026 09:53:09.500 INFO [main] org.apache.catalina.startup.VersionLoggerListener.log Command line argument: -Dfcrepo.db.password=fcrepo
07-Apr-2026 09:53:09.501 INFO [main] org.apache.catalina.startup.VersionLoggerListener.log Command line argument: -Dfcrepo.log=TRACE
07-Apr-2026 09:53:09.501 INFO [main] org.apache.catalina.startup.VersionLoggerListener.log Command line argument: -Dfcrepo.rebuild=true
07-Apr-2026 09:53:09.501 INFO [main] org.apache.catalina.startup.VersionLoggerListener.log Command line argument: -Dorg.apache.tomcat.util.digester.PROPERTY_SOURCE=org.apache.tomcat.util.digester.EnvironmentPropertySource
07-Apr-2026 09:53:09.501 INFO [main] org.apache.catalina.startup.VersionLoggerListener.log Command line argument: -Dfile.encoding=UTF-8
07-Apr-2026 09:53:09.501 INFO [main] org.apache.catalina.startup.VersionLoggerListener.log Command line argument: -Dorg.apache.tomcat.util.digester.REPLACE_SYSTEM_PROPERTIES=true
07-Apr-2026 09:53:09.501 INFO [main] org.apache.catalina.startup.VersionLoggerListener.log Command line argument: -Dcatalina.base=/usr/local/tomcat
07-Apr-2026 09:53:09.501 INFO [main] org.apache.catalina.startup.VersionLoggerListener.log Command line argument: -Dcatalina.home=/usr/local/tomcat
07-Apr-2026 09:53:09.501 INFO [main] org.apache.catalina.startup.VersionLoggerListener.log Command line argument: -Djava.io.tmpdir=/usr/local/tomcat/temp
07-Apr-2026 09:53:09.514 INFO [main] org.apache.catalina.core.AprLifecycleListener.lifecycleEvent Loaded Apache Tomcat Native library [2.0.14] using APR version [1.7.2].
07-Apr-2026 09:53:09.519 INFO [main] org.apache.catalina.core.AprLifecycleListener.initializeSSL OpenSSL successfully initialized [OpenSSL 3.0.13 30 Jan 2024]
07-Apr-2026 09:53:09.851 INFO [main] org.apache.coyote.AbstractProtocol.init Initializing ProtocolHandler ["http-nio-8080"]
07-Apr-2026 09:53:09.883 INFO [main] org.apache.catalina.startup.Catalina.load Server initialization in [629] milliseconds
07-Apr-2026 09:53:09.926 INFO [main] org.apache.catalina.core.StandardService.startInternal Starting service [Catalina]
07-Apr-2026 09:53:09.926 INFO [main] org.apache.catalina.core.StandardEngine.startInternal Starting Servlet engine: [Apache Tomcat/10.1.53]
07-Apr-2026 09:53:09.938 INFO [main] org.apache.catalina.startup.HostConfig.deployDirectory Deploying web application directory [/usr/local/tomcat/webapps/fcrepo]
07-Apr-2026 09:53:10.643 WARNING [main] org.apache.catalina.startup.ContextConfig.validateSecurityRoles Security role name [fedoraUser] used in an <auth-constraint> without being defined in a <security-role>
07-Apr-2026 09:53:10.644 WARNING [main] org.apache.catalina.startup.ContextConfig.validateSecurityRoles Security role name [fedoraAdmin] used in an <auth-constraint> without being defined in a <security-role>
07-Apr-2026 09:53:10.753 INFO [main] org.apache.jasper.servlet.TldScanner.scanJars At least one JAR was scanned for TLDs yet contained no TLDs. Enable debug logging for this logger for a complete list of JARs that were scanned but no TLDs were found in them. Skipping unneeded JARs during scanning can improve startup time and JSP compilation time.
DEBUG 09:53:11.907 [main] (ConditionOnProperty) Prop fcrepo.auth.enabled: null
DEBUG 09:53:11.912 [main] (ConditionOnProperty) Prop fcrepo.auth.principal.header.enabled: null
DEBUG 09:53:11.913 [main] (ConditionOnProperty) Prop fcrepo.auth.principal.roles.enabled: null
DEBUG 09:53:11.914 [main] (ConditionOnProperty) Prop fcrepo.auth.principal.delegate.enabled: null
DEBUG 09:53:11.918 [main] (ConditionOnProperty) Prop fcrepo.jms.enabled: null
DEBUG 09:53:11.919 [main] (ConditionOnProperty) Prop fcrepo.auth.enabled: null
INFO 09:53:12.447 [main] (FedoraPropsConfig) Fedora is an open source project supported entirely by its users. To continue the on-going maintenance of the software and ensure Fedora is meeting the needs of the community, we are working to gather information on current installations. We strongly encourage all users to register their instance in the DuraSpace Community Supported Program Registry hosted by LYRASIS at https://fedora.lyrasis.org/register-your-site/
INFO 09:53:12.447 [main] (FedoraPropsConfig) Fedora home: /fcrepo_home
DEBUG 09:53:12.447 [main] (FedoraPropsConfig) Fedora home data: /fcrepo_home/data
INFO 09:53:12.947 [main] (OcflPropsConfig) Fedora storage type: ocfl-fs
INFO 09:53:12.947 [main] (OcflPropsConfig) Fedora staging: /fcrepo_home/data/staging
INFO 09:53:12.947 [main] (OcflPropsConfig) Fedora OCFL temp: /fcrepo_home/data/ocfl-temp
INFO 09:53:12.947 [main] (OcflPropsConfig) Fedora OCFL reindexing threads: 7
INFO 09:53:12.947 [main] (OcflPropsConfig) Fedora OCFL reindexing batch size: 100
INFO 09:53:12.947 [main] (OcflPropsConfig) Fedora OCFL reindexing fail on error: true
INFO 09:53:12.948 [main] (OcflPropsConfig) Fedora OCFL root: /fcrepo_home/data/ocfl-root
INFO 09:53:12.948 [main] (OcflPropsConfig) Fedora OCFL digest algorithm: SHA-512
INFO 09:53:12.948 [main] (OcflPropsConfig) Fedora OCFL show path: false
INFO 09:53:13.007 [main] (DatabaseConfig) JDBC URL: jdbc:mariadb://db/fcrepo
INFO 09:53:13.007 [main] (DatabaseConfig) JDBC User: fcrepo
INFO 09:53:13.007 [main] (DatabaseConfig) JDBC Password length: 6
INFO 09:53:13.007 [main] (DatabaseConfig) Using database driver: org.mariadb.jdbc.Driver
DEBUG 09:53:13.170 [main] (DatabaseConfig) Instantiating a new flyway bean
DEBUG 09:53:16.906 [main] (DbPlatform) Identified database as: MariaDB
DEBUG 09:53:16.922 [main] (DbPlatform) Identified database as: MariaDB
DEBUG 09:53:16.936 [main] (DbPlatform) Identified database as: MariaDB
DEBUG 09:53:16.946 [main] (WebappConfig) Event bus threads: org.fcrepo.config.FedoraPropsConfig@74fb5b59
DEBUG 09:53:16.985 [main] (DbPlatform) Identified database as: MariaDB
DEBUG 09:53:16.993 [main] (DbPlatform) Identified database as: MariaDB
DEBUG 09:53:17.057 [main] (TransactionManagerImpl) TransactionManagerImpl initialized, cleaning up leftover transaction entries
DEBUG 09:53:17.214 [main] (OcflPersistentSessionManager) Clearing all storage sessions
INFO 09:53:17.377 [main] (JmsConfig) JMS messaging enabled
INFO 09:53:17.450 [main] (AuthConfig) Auth delegate principal provider enabled
DEBUG 09:53:18.593 [main] (AbstractJMSPublisher) Initializing: org.fcrepo.jms.JMSTopicPublisher
DEBUG 09:53:18.908 [main] (WebappConfig) Event bus threads: org.fcrepo.config.FedoraPropsConfig@74fb5b59
DEBUG 09:53:19.046 [ScheduledTask1] (TransactionManagerImpl) Cleaning up expired transactions
INFO 09:53:19.047 [ScheduledTask1] (RepositoryInitializer) Initializing repository
INFO 09:53:19.048 [ScheduledTask1] (IndexBuilderImpl) Initiating partial index rebuild. This will add missing objects to the index. This may take a while. Progress will be logged periodically.
DEBUG 09:53:19.052 [ScheduledTask1] (IndexBuilderImpl) Reading object ids...
DEBUG 09:53:19.226 [ReindexWorker-3] (ReindexWorker) No more objects found to process. Stopping...
DEBUG 09:53:19.226 [ReindexWorker-5] (ReindexWorker) No more objects found to process. Stopping...
DEBUG 09:53:19.226 [ReindexWorker-2] (ReindexWorker) No more objects found to process. Stopping...
DEBUG 09:53:19.226 [ReindexWorker-4] (ReindexWorker) No more objects found to process. Stopping...
DEBUG 09:53:19.227 [ReindexWorker-1] (ReindexWorker) No more objects found to process. Stopping...
DEBUG 09:53:19.244 [ReindexWorker-6] (ReindexService) Indexing ocflId info:fedora/it-02/fmt_255 in transaction 4147dada-f492-45c7-b0ab-d54f912d2038
DEBUG 09:53:19.244 [ReindexWorker-0] (ReindexService) Indexing ocflId info:fedora/it-01/rr_20170824105132120 in transaction 88d85b2c-5a43-4c49-8494-54fc29518572
DEBUG 09:53:19.247 [ReindexWorker-0] (ObjectValidator) Validating object info:fedora/it-01/rr_20170824105132120 with fixity check false
DEBUG 09:53:19.247 [ReindexWorker-6] (ObjectValidator) Validating object info:fedora/it-02/fmt_255 with fixity check false
DEBUG 09:53:19.262 [ReindexWorker-6] (ObjectValidator) Validating object info:fedora/it-02/fmt_255 version v1
DEBUG 09:53:19.262 [ReindexWorker-0] (ObjectValidator) Validating object info:fedora/it-01/rr_20170824105132120 version v1
TRACE 09:53:19.273 [ReindexWorker-6] (ObjectValidator) Validating object info:fedora/it-02/fmt_255 version v1 header file .fcrepo/fcr-root.json
TRACE 09:53:19.273 [ReindexWorker-0] (ObjectValidator) Validating object info:fedora/it-01/rr_20170824105132120 version v1 header file .fcrepo/i_20170821144938533/b_20230915083021225/content.json
TRACE 09:53:19.275 [ReindexWorker-0] (ObjectValidator) Validating object info:fedora/it-01/rr_20170824105132120 version v1 header file .fcrepo/i_20170821144938533.json
TRACE 09:53:19.276 [ReindexWorker-0] (ObjectValidator) Validating object info:fedora/it-01/rr_20170824105132120 version v1 header file .fcrepo/i_20170821144938533/b_20230915083021225.json
TRACE 09:53:19.277 [ReindexWorker-0] (ObjectValidator) Validating object info:fedora/it-01/rr_20170824105132120 version v1 header file .fcrepo/i_20170821144938533/b_20230915083021225/content~fcr-desc.json
TRACE 09:53:19.279 [ReindexWorker-0] (ObjectValidator) Validating object info:fedora/it-01/rr_20170824105132120 version v1 header file .fcrepo/fcr-root.json
TRACE 09:53:19.281 [ReindexWorker-6] (DefaultOcflObjectSession) Adding to cache info:fedora/it-02/fmt_255_v1
TRACE 09:53:19.281 [ReindexWorker-0] (DefaultOcflObjectSession) Adding to cache info:fedora/it-01/rr_20170824105132120_v1
DEBUG 09:53:19.313 [ReindexWorker-0] (ReindexService) Indexing object info:fedora/it-01/rr_20170824105132120/i_20170821144938533/b_20230915083021225/content in transaction 88d85b2c-5a43-4c49-8494-54fc29518572, because it does not yet exist in the index.
DEBUG 09:53:19.313 [ReindexWorker-6] (ReindexService) Indexing object info:fedora/it-02/fmt_255 in transaction 4147dada-f492-45c7-b0ab-d54f912d2038, because it does not yet exist in the index.
TRACE 09:53:19.314 [ReindexWorker-6] (DefaultOcflObjectSession) Cache miss for info:fedora/it-02/fmt_255_v1
DEBUG 09:53:19.320 [ReindexWorker-0] (ContainmentIndexImpl) Adding: parent: info:fedora/it-01/rr_20170824105132120/i_20170821144938533/b_20230915083021225, child: info:fedora/it-01/rr_20170824105132120/i_20170821144938533/b_20230915083021225/content, start time 2023-09-15 08:32:01.0, end time null
DEBUG 09:53:19.337 [ReindexWorker-0] (ReindexService) Indexing object info:fedora/it-01/rr_20170824105132120/i_20170821144938533 in transaction 88d85b2c-5a43-4c49-8494-54fc29518572, because it does not yet exist in the index.
TRACE 09:53:19.338 [ReindexWorker-0] (DefaultOcflObjectSession) Cache miss for info:fedora/it-01/rr_20170824105132120/i_20170821144938533_v1
DEBUG 09:53:19.403 [ReindexWorker-6] (ContainmentIndexImpl) Adding: parent: info:fedora/it-02, child: info:fedora/it-02/fmt_255, start time 2023-09-15 08:32:08.0, end time null
DEBUG 09:53:19.408 [ReindexWorker-6] (ReindexService) Rebuilt fedora-to-ocfl object index entry for info:fedora/it-02/fmt_255
DEBUG 09:53:19.411 [ReindexWorker-0] (ContainmentIndexImpl) Checking if info:fedora/it-01/rr_20170824105132120/i_20170821144938533 exists in transaction 88d85b2c-5a43-4c49-8494-54fc29518572
DEBUG 09:53:19.413 [ReindexWorker-6] (DbSearchIndexImpl) Updating search index for info:fedora/it-02/fmt_255
DEBUG 09:53:19.415 [ReindexWorker-0] (ContainmentIndexImpl) Checking if info:fedora/it-01/rr_20170824105132120/i_20170821144938533 exists in transaction 88d85b2c-5a43-4c49-8494-54fc29518572
DEBUG 09:53:19.417 [ReindexWorker-0] (ContainmentIndexImpl) Checking if info:fedora/it-01/rr_20170824105132120/i_20170821144938533 exists in transaction 88d85b2c-5a43-4c49-8494-54fc29518572
DEBUG 09:53:19.418 [ReindexWorker-0] (ContainmentIndexImpl) Checking if info:fedora/it-01/rr_20170824105132120 exists in transaction 88d85b2c-5a43-4c49-8494-54fc29518572
DEBUG 09:53:19.420 [ReindexWorker-0] (ContainmentIndexImpl) Checking if info:fedora/it-01/rr_20170824105132120/i_20170821144938533 exists in transaction 88d85b2c-5a43-4c49-8494-54fc29518572
DEBUG 09:53:19.421 [ReindexWorker-0] (ContainmentIndexImpl) Checking if info:fedora/it-01/rr_20170824105132120/i_20170821144938533 exists in transaction 88d85b2c-5a43-4c49-8494-54fc29518572
DEBUG 09:53:19.421 [ReindexWorker-0] (ContainmentIndexImpl) Adding: parent: info:fedora/it-01/rr_20170824105132120, child: info:fedora/it-01/rr_20170824105132120/i_20170821144938533, start time 2023-09-15 08:32:00.0, end time null
DEBUG 09:53:19.425 [ReindexWorker-0] (ReindexService) Indexing object info:fedora/it-01/rr_20170824105132120/i_20170821144938533/b_20230915083021225 in transaction 88d85b2c-5a43-4c49-8494-54fc29518572, because it does not yet exist in the index.
TRACE 09:53:19.426 [ReindexWorker-0] (DefaultOcflObjectSession) Cache miss for info:fedora/it-01/rr_20170824105132120/i_20170821144938533/b_20230915083021225_v1
DEBUG 09:53:19.431 [ReindexWorker-0] (ContainmentIndexImpl) Checking if info:fedora/it-01/rr_20170824105132120/i_20170821144938533/b_20230915083021225/content exists in transaction 88d85b2c-5a43-4c49-8494-54fc29518572
DEBUG 09:53:19.434 [ReindexWorker-6] (TransactionImpl) Waiting for operations in transaction 4147dada-f492-45c7-b0ab-d54f912d2038 to complete before committing
DEBUG 09:53:19.434 [ReindexWorker-6] (TransactionImpl) Committing transaction 4147dada-f492-45c7-b0ab-d54f912d2038
DEBUG 09:53:19.434 [ReindexWorker-6] (OcflPersistentSessionManager) Creating storage session 4147dada-f492-45c7-b0ab-d54f912d2038
DEBUG 09:53:19.448 [ReindexWorker-0] (ContainmentIndexImpl) Checking if info:fedora/it-01/fmt_353 exists in transaction 88d85b2c-5a43-4c49-8494-54fc29518572
DEBUG 09:53:19.451 [ReindexWorker-6] (OcflPersistentStorageSession) Starting storage session 4147dada-f492-45c7-b0ab-d54f912d2038 prepare for commit
TRACE 09:53:19.451 [ReindexWorker-6] (OcflPersistentStorageSession) All persisters are complete in session 4147dada-f492-45c7-b0ab-d54f912d2038
DEBUG 09:53:19.452 [ReindexWorker-6] (OcflPersistentStorageSession) Starting storage session 4147dada-f492-45c7-b0ab-d54f912d2038 commit
DEBUG 09:53:19.452 [ReindexWorker-0] (ContainmentIndexImpl) Checking if info:fedora/it-01/rr_20170824105132120/i_20170821144938533/b_20230915083021225 exists in transaction 88d85b2c-5a43-4c49-8494-54fc29518572
DEBUG 09:53:19.452 [ReindexWorker-6] (OcflPersistentStorageSession) Committed storage session 4147dada-f492-45c7-b0ab-d54f912d2038
DEBUG 09:53:19.453 [ReindexWorker-0] (ContainmentIndexImpl) Checking if info:fedora/it-01/rr_20170824105132120/i_20170821144938533 exists in transaction 88d85b2c-5a43-4c49-8494-54fc29518572
TRACE 09:53:19.453 [ReindexWorker-6] (EventAccumulatorImpl) Clearing events for transaction 4147dada-f492-45c7-b0ab-d54f912d2038
DEBUG 09:53:19.454 [ReindexWorker-0] (ContainmentIndexImpl) Adding: parent: info:fedora/it-01/rr_20170824105132120/i_20170821144938533, child: info:fedora/it-01/rr_20170824105132120/i_20170821144938533/b_20230915083021225, start time 2023-09-15 08:32:00.0, end time null
DEBUG 09:53:19.454 [ReindexWorker-6] (TransactionImpl) Committed transaction 4147dada-f492-45c7-b0ab-d54f912d2038
DEBUG 09:53:19.458 [ReindexWorker-0] (ReindexService) Indexing object info:fedora/it-01/rr_20170824105132120/i_20170821144938533/b_20230915083021225/content/fcr:metadata in transaction 88d85b2c-5a43-4c49-8494-54fc29518572, because it does not yet exist in the index.
TRACE 09:53:19.459 [ReindexWorker-0] (DefaultOcflObjectSession) Cache miss for info:fedora/it-01/rr_20170824105132120/i_20170821144938533/b_20230915083021225/content/fcr:metadata_v1
DEBUG 09:53:19.461 [ReindexWorker-6] (OcflPersistentSessionManager) Removing storage session 4147dada-f492-45c7-b0ab-d54f912d2038
DEBUG 09:53:19.462 [ReindexWorker-0] (ContainmentIndexImpl) Adding: parent: info:fedora/it-01/rr_20170824105132120/i_20170821144938533/b_20230915083021225/content, child: info:fedora/it-01/rr_20170824105132120/i_20170821144938533/b_20230915083021225/content/fcr:metadata, start time 2023-09-15 08:32:01.0, end time null
DEBUG 09:53:19.462 [ReindexWorker-6] (ReindexService) Indexing ocflId info:fedora/it-02/rr_20170824105246047 in transaction 4a2f0910-5d46-4053-ab45-a58141f8c7f1
DEBUG 09:53:19.462 [ReindexWorker-6] (ObjectValidator) Validating object info:fedora/it-02/rr_20170824105246047 with fixity check false
DEBUG 09:53:19.464 [ReindexWorker-6] (ObjectValidator) Validating object info:fedora/it-02/rr_20170824105246047 version v1
TRACE 09:53:19.465 [ReindexWorker-6] (ObjectValidator) Validating object info:fedora/it-02/rr_20170824105246047 version v1 header file .fcrepo/i_20170821144936861.json
TRACE 09:53:19.466 [ReindexWorker-6] (ObjectValidator) Validating object info:fedora/it-02/rr_20170824105246047 version v1 header file .fcrepo/fcr-root.json
DEBUG 09:53:19.466 [ReindexWorker-0] (ReindexService) Indexing object info:fedora/it-01/rr_20170824105132120 in transaction 88d85b2c-5a43-4c49-8494-54fc29518572, because it does not yet exist in the index.
TRACE 09:53:19.466 [ReindexWorker-0] (DefaultOcflObjectSession) Cache miss for info:fedora/it-01/rr_20170824105132120_v1
TRACE 09:53:19.467 [ReindexWorker-6] (DefaultOcflObjectSession) Adding to cache info:fedora/it-02/rr_20170824105246047_v1
DEBUG 09:53:19.471 [ReindexWorker-6] (ReindexService) Indexing object info:fedora/it-02/rr_20170824105246047/i_20170821144936861 in transaction 4a2f0910-5d46-4053-ab45-a58141f8c7f1, because it does not yet exist in the index.
TRACE 09:53:19.471 [ReindexWorker-6] (DefaultOcflObjectSession) Cache miss for info:fedora/it-02/rr_20170824105246047/i_20170821144936861_v1
DEBUG 09:53:19.473 [ReindexWorker-0] (ContainmentIndexImpl) Checking if info:fedora/it-01/rr_20170824105132120 exists in transaction 88d85b2c-5a43-4c49-8494-54fc29518572
DEBUG 09:53:19.474 [ReindexWorker-0] (ContainmentIndexImpl) Checking if info:fedora/it-01/rr_20170824105131152 exists in transaction 88d85b2c-5a43-4c49-8494-54fc29518572
DEBUG 09:53:19.475 [ReindexWorker-0] (ContainmentIndexImpl) Checking if info:fedora/it-01/rr_20170824105129980 exists in transaction 88d85b2c-5a43-4c49-8494-54fc29518572
DEBUG 09:53:19.476 [ReindexWorker-0] (ContainmentIndexImpl) Adding: parent: info:fedora/it-01, child: info:fedora/it-01/rr_20170824105132120, start time 2023-09-15 08:31:59.0, end time null
DEBUG 09:53:19.478 [ReindexWorker-0] (ReindexService) Rebuilt fedora-to-ocfl object index entry for info:fedora/it-01/rr_20170824105132120/i_20170821144938533/b_20230915083021225/content
DEBUG 09:53:19.479 [ReindexWorker-0] (ReindexService) Rebuilt fedora-to-ocfl object index entry for info:fedora/it-01/rr_20170824105132120/i_20170821144938533
DEBUG 09:53:19.479 [ReindexWorker-0] (ReindexService) Rebuilt fedora-to-ocfl object index entry for info:fedora/it-01/rr_20170824105132120/i_20170821144938533/b_20230915083021225
DEBUG 09:53:19.482 [ReindexWorker-0] (ReindexService) Rebuilt fedora-to-ocfl object index entry for info:fedora/it-01/rr_20170824105132120/i_20170821144938533/b_20230915083021225/content/fcr:metadata
DEBUG 09:53:19.482 [ReindexWorker-0] (ReindexService) Rebuilt fedora-to-ocfl object index entry for info:fedora/it-01/rr_20170824105132120
DEBUG 09:53:19.482 [ReindexWorker-6] (ContainmentIndexImpl) Checking if info:fedora/it-02/rr_20170824105246047/i_20170821144936861 exists in transaction 4a2f0910-5d46-4053-ab45-a58141f8c7f1
DEBUG 09:53:19.483 [ReindexWorker-6] (ContainmentIndexImpl) Checking if info:fedora/it-02/rr_20170824105246047/i_20170821144936861 exists in transaction 4a2f0910-5d46-4053-ab45-a58141f8c7f1
DEBUG 09:53:19.484 [ReindexWorker-6] (ContainmentIndexImpl) Checking if info:fedora/it-02/rr_20170824105246047/i_20170821144936861 exists in transaction 4a2f0910-5d46-4053-ab45-a58141f8c7f1
DEBUG 09:53:19.485 [ReindexWorker-6] (ContainmentIndexImpl) Checking if info:fedora/it-02/rr_20170824105246047/i_20170821144936861 exists in transaction 4a2f0910-5d46-4053-ab45-a58141f8c7f1
DEBUG 09:53:19.485 [ReindexWorker-6] (ContainmentIndexImpl) Checking if info:fedora/it-02/rr_20170824105246047/i_20170821144936861 exists in transaction 4a2f0910-5d46-4053-ab45-a58141f8c7f1
DEBUG 09:53:19.486 [ReindexWorker-6] (ContainmentIndexImpl) Checking if info:fedora/it-02/rr_20170824105246047 exists in transaction 4a2f0910-5d46-4053-ab45-a58141f8c7f1
DEBUG 09:53:19.487 [ReindexWorker-6] (ContainmentIndexImpl) Adding: parent: info:fedora/it-02/rr_20170824105246047, child: info:fedora/it-02/rr_20170824105246047/i_20170821144936861, start time 2023-09-15 08:32:08.0, end time null
DEBUG 09:53:19.488 [ReindexWorker-0] (DbSearchIndexImpl) Updating search index for info:fedora/it-01/rr_20170824105132120/i_20170821144938533/b_20230915083021225/content
DEBUG 09:53:19.491 [ReindexWorker-6] (ReindexService) Indexing object info:fedora/it-02/rr_20170824105246047 in transaction 4a2f0910-5d46-4053-ab45-a58141f8c7f1, because it does not yet exist in the index.
TRACE 09:53:19.491 [ReindexWorker-6] (DefaultOcflObjectSession) Cache miss for info:fedora/it-02/rr_20170824105246047_v1
DEBUG 09:53:19.495 [ReindexWorker-0] (DbSearchIndexImpl) Updating search index for info:fedora/it-01/rr_20170824105132120/i_20170821144938533
DEBUG 09:53:19.496 [ReindexWorker-6] (ContainmentIndexImpl) Checking if info:fedora/it-02/rr_20170824105242406 exists in transaction 4a2f0910-5d46-4053-ab45-a58141f8c7f1
DEBUG 09:53:19.497 [ReindexWorker-6] (ContainmentIndexImpl) Checking if info:fedora/it-02/rr_20170824105235562 exists in transaction 4a2f0910-5d46-4053-ab45-a58141f8c7f1
DEBUG 09:53:19.502 [ReindexWorker-6] (ContainmentIndexImpl) Checking if info:fedora/it-02/rr_20170824105246047 exists in transaction 4a2f0910-5d46-4053-ab45-a58141f8c7f1
DEBUG 09:53:19.502 [ReindexWorker-6] (ContainmentIndexImpl) Adding: parent: info:fedora/it-02, child: info:fedora/it-02/rr_20170824105246047, start time 2023-09-15 08:32:08.0, end time null
DEBUG 09:53:19.504 [ReindexWorker-6] (ReindexService) Rebuilt fedora-to-ocfl object index entry for info:fedora/it-02/rr_20170824105246047/i_20170821144936861
DEBUG 09:53:19.508 [ReindexWorker-6] (ReindexService) Rebuilt fedora-to-ocfl object index entry for info:fedora/it-02/rr_20170824105246047
DEBUG 09:53:19.509 [ReindexWorker-6] (DbSearchIndexImpl) Updating search index for info:fedora/it-02/rr_20170824105246047/i_20170821144936861
WARN 09:53:19.510 [ReindexWorker-0] (ErrorPacket) Error: 1062-23000: Duplicate entry '3-19' for key 'PRIMARY'
WARN 09:53:19.530 [ReindexWorker-6] (ErrorPacket) Error: 1452-23000: Cannot add or update a child row: a foreign key constraint fails (`fcrepo`.`search_resource_rdf_type`, CONSTRAINT `search_resource_rdf_type_ibfk_2` FOREIGN KEY (`rdf_type_id`) REFERENCES `search_rdf_type` (`id`) ON DELETE CASCADE)
ERROR 09:53:19.530 [ReindexWorker-0] (ReindexWorker) Reindexing of OCFL id info:fedora/it-01/rr_20170824105132120 failed
org.fcrepo.kernel.api.exception.RepositoryRuntimeException: Failed add/updated the search index for : info:fedora/it-01/rr_20170824105132120/i_20170821144938533
	at org.fcrepo.search.impl.DbSearchIndexImpl.doDirectUpsert(DbSearchIndexImpl.java:671)
	at org.fcrepo.search.impl.DbSearchIndexImpl.lambda$addUpdateIndex$3(DbSearchIndexImpl.java:645)
	at org.fcrepo.kernel.impl.TransactionImpl.doInTx(TransactionImpl.java:181)
	at org.fcrepo.search.impl.DbSearchIndexImpl.addUpdateIndex(DbSearchIndexImpl.java:641)
	at java.base/jdk.internal.reflect.DirectMethodHandleAccessor.invoke(DirectMethodHandleAccessor.java:103)
	at java.base/java.lang.reflect.Method.invoke(Method.java:580)
	at org.springframework.aop.support.AopUtils.invokeJoinpointUsingReflection(AopUtils.java:360)
	at org.springframework.aop.framework.JdkDynamicAopProxy.invoke(JdkDynamicAopProxy.java:216)
	at jdk.proxy3/jdk.proxy3.$Proxy47.addUpdateIndex(Unknown Source)
	at org.fcrepo.search.impl.SearchIndexMetrics.lambda$addUpdateIndex$1(SearchIndexMetrics.java:73)
	at io.micrometer.core.instrument.composite.CompositeTimer.record(CompositeTimer.java:141)
	at org.fcrepo.search.impl.SearchIndexMetrics.addUpdateIndex(SearchIndexMetrics.java:72)
	at org.fcrepo.persistence.ocfl.impl.ReindexService.lambda$indexOcflObject$4(ReindexService.java:218)
	at java.base/java.util.ArrayList.forEach(ArrayList.java:1596)
	at org.fcrepo.persistence.ocfl.impl.ReindexService.indexOcflObject(ReindexService.java:213)
	at org.fcrepo.persistence.ocfl.impl.ReindexWorker.lambda$run$0(ReindexWorker.java:109)
	at org.fcrepo.common.db.DbTransactionExecutor.lambda$doInTx$3(DbTransactionExecutor.java:83)
	at org.springframework.transaction.support.TransactionOperations.lambda$executeWithoutResult$0(TransactionOperations.java:68)
	at org.springframework.transaction.support.TransactionTemplate.execute(TransactionTemplate.java:140)
	at org.springframework.transaction.support.TransactionOperations.executeWithoutResult(TransactionOperations.java:67)
	at org.fcrepo.common.db.DbTransactionExecutor.doInTx(DbTransactionExecutor.java:82)
	at org.fcrepo.common.db.DbTransactionExecutor.lambda$doInTxWithRetry$2(DbTransactionExecutor.java:66)
	at dev.failsafe.Functions.lambda$toCtxSupplier$9(Functions.java:228)
	at dev.failsafe.Functions.lambda$get$0(Functions.java:46)
	at dev.failsafe.internal.RetryPolicyExecutor.lambda$apply$0(RetryPolicyExecutor.java:74)
	at dev.failsafe.SyncExecutionImpl.executeSync(SyncExecutionImpl.java:187)
	at dev.failsafe.FailsafeExecutor.call(FailsafeExecutor.java:376)
	at dev.failsafe.FailsafeExecutor.run(FailsafeExecutor.java:220)
	at org.fcrepo.common.db.DbTransactionExecutor.doInTxWithRetry(DbTransactionExecutor.java:65)
	at org.fcrepo.persistence.ocfl.impl.ReindexWorker.run(ReindexWorker.java:108)
	at java.base/java.lang.Thread.run(Thread.java:1583)
Caused by: org.springframework.dao.DuplicateKeyException: PreparedStatementCallback; SQL [INSERT INTO search_resource_rdf_type (resource_id, rdf_type_id) VALUES (?, ?)]; (conn=8) Duplicate entry '3-19' for key 'PRIMARY'
	at org.springframework.jdbc.support.SQLStateSQLExceptionTranslator.doTranslate(SQLStateSQLExceptionTranslator.java:138)
	at org.springframework.jdbc.support.AbstractFallbackSQLExceptionTranslator.translate(AbstractFallbackSQLExceptionTranslator.java:107)
	at org.springframework.jdbc.support.AbstractFallbackSQLExceptionTranslator.translate(AbstractFallbackSQLExceptionTranslator.java:116)
	at org.springframework.jdbc.core.JdbcTemplate.translateException(JdbcTemplate.java:1556)
	at org.springframework.jdbc.core.JdbcTemplate.execute(JdbcTemplate.java:677)
	at org.springframework.jdbc.core.JdbcTemplate.execute(JdbcTemplate.java:701)
	at org.springframework.jdbc.core.JdbcTemplate.batchUpdate(JdbcTemplate.java:1049)
	at org.springframework.jdbc.core.namedparam.NamedParameterJdbcTemplate.batchUpdate(NamedParameterJdbcTemplate.java:377)
	at org.fcrepo.search.impl.DbSearchIndexImpl.insertRdfTypeAssociations(DbSearchIndexImpl.java:830)
	at org.fcrepo.search.impl.DbSearchIndexImpl.doDirectUpsert(DbSearchIndexImpl.java:669)
	... 30 common frames omitted
Caused by: java.sql.BatchUpdateException: (conn=8) Duplicate entry '3-19' for key 'PRIMARY'
	at org.mariadb.jdbc.export.ExceptionFactory.createBatchUpdate(ExceptionFactory.java:181)
	at org.mariadb.jdbc.BasePreparedStatement.executeBatchBulk(BasePreparedStatement.java:1956)
	at org.mariadb.jdbc.ClientPreparedStatement.executeInternalPreparedBatch(ClientPreparedStatement.java:137)
	at org.mariadb.jdbc.BasePreparedStatement.executeBatchInternal(BasePreparedStatement.java:1694)
	at org.mariadb.jdbc.BasePreparedStatement.executeBatch(BasePreparedStatement.java:1680)
	at com.zaxxer.hikari.pool.ProxyStatement.executeBatch(ProxyStatement.java:128)
	at com.zaxxer.hikari.pool.HikariProxyPreparedStatement.executeBatch(HikariProxyPreparedStatement.java)
	at org.springframework.jdbc.core.JdbcTemplate.lambda$getPreparedStatementCallback$7(JdbcTemplate.java:1617)
	at org.springframework.jdbc.core.JdbcTemplate.execute(JdbcTemplate.java:658)
	... 35 common frames omitted
Caused by: java.sql.BatchUpdateException: (conn=8) Duplicate entry '3-19' for key 'PRIMARY'
	at org.mariadb.jdbc.export.ExceptionFactory.createBatchUpdate(ExceptionFactory.java:221)
	at org.mariadb.jdbc.client.impl.StandardClient.executePipeline(StandardClient.java:1129)
	at org.mariadb.jdbc.BasePreparedStatement.executeBatchBulk(BasePreparedStatement.java:1923)
	... 42 common frames omitted
Caused by: java.sql.SQLIntegrityConstraintViolationException: (conn=8) Duplicate entry '3-19' for key 'PRIMARY'
	at org.mariadb.jdbc.export.ExceptionFactory.createException(ExceptionFactory.java:297)
	at org.mariadb.jdbc.export.ExceptionFactory.create(ExceptionFactory.java:378)
	at org.mariadb.jdbc.message.ClientMessage.readPacket(ClientMessage.java:187)
	at org.mariadb.jdbc.client.impl.StandardClient.readPacket(StandardClient.java:1364)
	at org.mariadb.jdbc.client.impl.StandardClient.readResults(StandardClient.java:1303)
	at org.mariadb.jdbc.client.impl.StandardClient.readResponse(StandardClient.java:1222)
	at org.mariadb.jdbc.client.impl.StandardClient.executePipeline(StandardClient.java:1062)
	... 43 common frames omitted
ERROR 09:53:19.531 [ReindexWorker-6] (ReindexWorker) Reindexing of OCFL id info:fedora/it-02/rr_20170824105246047 failed
org.fcrepo.kernel.api.exception.RepositoryRuntimeException: Failed add/updated the search index for : info:fedora/it-02/rr_20170824105246047/i_20170821144936861
	at org.fcrepo.search.impl.DbSearchIndexImpl.doDirectUpsert(DbSearchIndexImpl.java:671)
	at org.fcrepo.search.impl.DbSearchIndexImpl.lambda$addUpdateIndex$3(DbSearchIndexImpl.java:645)
	at org.fcrepo.kernel.impl.TransactionImpl.doInTx(TransactionImpl.java:181)
	at org.fcrepo.search.impl.DbSearchIndexImpl.addUpdateIndex(DbSearchIndexImpl.java:641)
	at java.base/jdk.internal.reflect.DirectMethodHandleAccessor.invoke(DirectMethodHandleAccessor.java:103)
	at java.base/java.lang.reflect.Method.invoke(Method.java:580)
	at org.springframework.aop.support.AopUtils.invokeJoinpointUsingReflection(AopUtils.java:360)
	at org.springframework.aop.framework.JdkDynamicAopProxy.invoke(JdkDynamicAopProxy.java:216)
	at jdk.proxy3/jdk.proxy3.$Proxy47.addUpdateIndex(Unknown Source)
	at org.fcrepo.search.impl.SearchIndexMetrics.lambda$addUpdateIndex$1(SearchIndexMetrics.java:73)
	at io.micrometer.core.instrument.composite.CompositeTimer.record(CompositeTimer.java:141)
	at org.fcrepo.search.impl.SearchIndexMetrics.addUpdateIndex(SearchIndexMetrics.java:72)
	at org.fcrepo.persistence.ocfl.impl.ReindexService.lambda$indexOcflObject$4(ReindexService.java:218)
	at java.base/java.util.ArrayList.forEach(ArrayList.java:1596)
	at org.fcrepo.persistence.ocfl.impl.ReindexService.indexOcflObject(ReindexService.java:213)
	at org.fcrepo.persistence.ocfl.impl.ReindexWorker.lambda$run$0(ReindexWorker.java:109)
	at org.fcrepo.common.db.DbTransactionExecutor.lambda$doInTx$3(DbTransactionExecutor.java:83)
	at org.springframework.transaction.support.TransactionOperations.lambda$executeWithoutResult$0(TransactionOperations.java:68)
	at org.springframework.transaction.support.TransactionTemplate.execute(TransactionTemplate.java:140)
	at org.springframework.transaction.support.TransactionOperations.executeWithoutResult(TransactionOperations.java:67)
	at org.fcrepo.common.db.DbTransactionExecutor.doInTx(DbTransactionExecutor.java:82)
	at org.fcrepo.common.db.DbTransactionExecutor.lambda$doInTxWithRetry$2(DbTransactionExecutor.java:66)
	at dev.failsafe.Functions.lambda$toCtxSupplier$9(Functions.java:228)
	at dev.failsafe.Functions.lambda$get$0(Functions.java:46)
	at dev.failsafe.internal.RetryPolicyExecutor.lambda$apply$0(RetryPolicyExecutor.java:74)
	at dev.failsafe.SyncExecutionImpl.executeSync(SyncExecutionImpl.java:187)
	at dev.failsafe.FailsafeExecutor.call(FailsafeExecutor.java:376)
	at dev.failsafe.FailsafeExecutor.run(FailsafeExecutor.java:220)
	at org.fcrepo.common.db.DbTransactionExecutor.doInTxWithRetry(DbTransactionExecutor.java:65)
	at org.fcrepo.persistence.ocfl.impl.ReindexWorker.run(ReindexWorker.java:108)
	at java.base/java.lang.Thread.run(Thread.java:1583)
Caused by: org.springframework.dao.DataIntegrityViolationException: PreparedStatementCallback; SQL [INSERT INTO search_resource_rdf_type (resource_id, rdf_type_id) VALUES (?, ?)]; (conn=7) Cannot add or update a child row: a foreign key constraint fails (`fcrepo`.`search_resource_rdf_type`, CONSTRAINT `search_resource_rdf_type_ibfk_2` FOREIGN KEY (`rdf_type_id`) REFERENCES `search_rdf_type` (`id`) ON DELETE CASCADE)
	at org.springframework.jdbc.support.SQLStateSQLExceptionTranslator.doTranslate(SQLStateSQLExceptionTranslator.java:140)
	at org.springframework.jdbc.support.AbstractFallbackSQLExceptionTranslator.translate(AbstractFallbackSQLExceptionTranslator.java:107)
	at org.springframework.jdbc.support.AbstractFallbackSQLExceptionTranslator.translate(AbstractFallbackSQLExceptionTranslator.java:116)
	at org.springframework.jdbc.core.JdbcTemplate.translateException(JdbcTemplate.java:1556)
	at org.springframework.jdbc.core.JdbcTemplate.execute(JdbcTemplate.java:677)
	at org.springframework.jdbc.core.JdbcTemplate.execute(JdbcTemplate.java:701)
	at org.springframework.jdbc.core.JdbcTemplate.batchUpdate(JdbcTemplate.java:1049)
	at org.springframework.jdbc.core.namedparam.NamedParameterJdbcTemplate.batchUpdate(NamedParameterJdbcTemplate.java:377)
	at org.fcrepo.search.impl.DbSearchIndexImpl.insertRdfTypeAssociations(DbSearchIndexImpl.java:830)
	at org.fcrepo.search.impl.DbSearchIndexImpl.doDirectUpsert(DbSearchIndexImpl.java:669)
	... 30 common frames omitted
Caused by: java.sql.BatchUpdateException: (conn=7) Cannot add or update a child row: a foreign key constraint fails (`fcrepo`.`search_resource_rdf_type`, CONSTRAINT `search_resource_rdf_type_ibfk_2` FOREIGN KEY (`rdf_type_id`) REFERENCES `search_rdf_type` (`id`) ON DELETE CASCADE)
	at org.mariadb.jdbc.export.ExceptionFactory.createBatchUpdate(ExceptionFactory.java:181)
	at org.mariadb.jdbc.BasePreparedStatement.executeBatchBulk(BasePreparedStatement.java:1956)
	at org.mariadb.jdbc.ClientPreparedStatement.executeInternalPreparedBatch(ClientPreparedStatement.java:137)
	at org.mariadb.jdbc.BasePreparedStatement.executeBatchInternal(BasePreparedStatement.java:1694)
	at org.mariadb.jdbc.BasePreparedStatement.executeBatch(BasePreparedStatement.java:1680)
	at com.zaxxer.hikari.pool.ProxyStatement.executeBatch(ProxyStatement.java:128)
	at com.zaxxer.hikari.pool.HikariProxyPreparedStatement.executeBatch(HikariProxyPreparedStatement.java)
	at org.springframework.jdbc.core.JdbcTemplate.lambda$getPreparedStatementCallback$7(JdbcTemplate.java:1617)
	at org.springframework.jdbc.core.JdbcTemplate.execute(JdbcTemplate.java:658)
	... 35 common frames omitted
Caused by: java.sql.BatchUpdateException: (conn=7) Cannot add or update a child row: a foreign key constraint fails (`fcrepo`.`search_resource_rdf_type`, CONSTRAINT `search_resource_rdf_type_ibfk_2` FOREIGN KEY (`rdf_type_id`) REFERENCES `search_rdf_type` (`id`) ON DELETE CASCADE)
	at org.mariadb.jdbc.export.ExceptionFactory.createBatchUpdate(ExceptionFactory.java:221)
	at org.mariadb.jdbc.client.impl.StandardClient.executePipeline(StandardClient.java:1129)
	at org.mariadb.jdbc.BasePreparedStatement.executeBatchBulk(BasePreparedStatement.java:1923)
	... 42 common frames omitted
Caused by: java.sql.SQLIntegrityConstraintViolationException: (conn=7) Cannot add or update a child row: a foreign key constraint fails (`fcrepo`.`search_resource_rdf_type`, CONSTRAINT `search_resource_rdf_type_ibfk_2` FOREIGN KEY (`rdf_type_id`) REFERENCES `search_rdf_type` (`id`) ON DELETE CASCADE)
	at org.mariadb.jdbc.export.ExceptionFactory.createException(ExceptionFactory.java:297)
	at org.mariadb.jdbc.export.ExceptionFactory.create(ExceptionFactory.java:378)
	at org.mariadb.jdbc.message.ClientMessage.readPacket(ClientMessage.java:187)
	at org.mariadb.jdbc.client.impl.StandardClient.readPacket(StandardClient.java:1364)
	at org.mariadb.jdbc.client.impl.StandardClient.readResults(StandardClient.java:1303)
	at org.mariadb.jdbc.client.impl.StandardClient.readResponse(StandardClient.java:1222)
	at org.mariadb.jdbc.client.impl.StandardClient.executePipeline(StandardClient.java:1062)
	... 43 common frames omitted
DEBUG 09:53:19.535 [ReindexWorker-0] (TransactionImpl) Waiting for operations in transaction 88d85b2c-5a43-4c49-8494-54fc29518572 to complete before rolling back
DEBUG 09:53:19.535 [ReindexWorker-6] (TransactionImpl) Waiting for operations in transaction 4a2f0910-5d46-4053-ab45-a58141f8c7f1 to complete before rolling back
DEBUG 09:53:19.535 [ReindexWorker-0] (OcflPersistentSessionManager) Creating storage session 88d85b2c-5a43-4c49-8494-54fc29518572
DEBUG 09:53:19.535 [ReindexWorker-6] (OcflPersistentSessionManager) Creating storage session 4a2f0910-5d46-4053-ab45-a58141f8c7f1
DEBUG 09:53:19.535 [ReindexWorker-6] (OcflPersistentStorageSession) Rolling back storage session 4a2f0910-5d46-4053-ab45-a58141f8c7f1
DEBUG 09:53:19.535 [ReindexWorker-0] (OcflPersistentStorageSession) Rolling back storage session 88d85b2c-5a43-4c49-8494-54fc29518572
TRACE 09:53:19.547 [ReindexWorker-6] (OcflPersistentStorageSession) Successfully rolled back storage session 4a2f0910-5d46-4053-ab45-a58141f8c7f1
TRACE 09:53:19.547 [ReindexWorker-0] (OcflPersistentStorageSession) Successfully rolled back storage session 88d85b2c-5a43-4c49-8494-54fc29518572
TRACE 09:53:19.550 [ReindexWorker-0] (EventAccumulatorImpl) Clearing events for transaction 88d85b2c-5a43-4c49-8494-54fc29518572
TRACE 09:53:19.550 [ReindexWorker-6] (EventAccumulatorImpl) Clearing events for transaction 4a2f0910-5d46-4053-ab45-a58141f8c7f1
DEBUG 09:53:19.550 [ReindexWorker-6] (ReindexManager) Stop worker threads
DEBUG 09:53:19.550 [ReindexWorker-0] (ReindexManager) Stop worker threads
DEBUG 09:53:19.550 [ReindexWorker-6] (OcflPersistentSessionManager) Removing storage session 4a2f0910-5d46-4053-ab45-a58141f8c7f1
DEBUG 09:53:19.551 [ReindexWorker-0] (OcflPersistentSessionManager) Removing storage session 88d85b2c-5a43-4c49-8494-54fc29518572
Exception in thread "ReindexWorker-6" Exception in thread "ReindexWorker-0" org.fcrepo.kernel.api.exception.RepositoryRuntimeException: Failed add/updated the search index for : info:fedora/it-02/rr_20170824105246047/i_20170821144936861
	at org.fcrepo.search.impl.DbSearchIndexImpl.doDirectUpsert(DbSearchIndexImpl.java:671)
	at org.fcrepo.search.impl.DbSearchIndexImpl.lambda$addUpdateIndex$3(DbSearchIndexImpl.java:645)
	at org.fcrepo.kernel.impl.TransactionImpl.doInTx(TransactionImpl.java:181)
	at org.fcrepo.search.impl.DbSearchIndexImpl.addUpdateIndex(DbSearchIndexImpl.java:641)
	at java.base/jdk.internal.reflect.DirectMethodHandleAccessor.invoke(DirectMethodHandleAccessor.java:103)
	at java.base/java.lang.reflect.Method.invoke(Method.java:580)
	at org.springframework.aop.support.AopUtils.invokeJoinpointUsingReflection(AopUtils.java:360)
	at org.springframework.aop.framework.JdkDynamicAopProxy.invoke(JdkDynamicAopProxy.java:216)
	at jdk.proxy3/jdk.proxy3.$Proxy47.addUpdateIndex(Unknown Source)
	at org.fcrepo.search.impl.SearchIndexMetrics.lambda$addUpdateIndex$1(SearchIndexMetrics.java:73)
	at io.micrometer.core.instrument.composite.CompositeTimer.record(CompositeTimer.java:141)
	at org.fcrepo.search.impl.SearchIndexMetrics.addUpdateIndex(SearchIndexMetrics.java:72)
	at org.fcrepo.persistence.ocfl.impl.ReindexService.lambda$indexOcflObject$4(ReindexService.java:218)
	at java.base/java.util.ArrayList.forEach(ArrayList.java:1596)
	at org.fcrepo.persistence.ocfl.impl.ReindexService.indexOcflObject(ReindexService.java:213)
	at org.fcrepo.persistence.ocfl.impl.ReindexWorker.lambda$run$0(ReindexWorker.java:109)
	at org.fcrepo.common.db.DbTransactionExecutor.lambda$doInTx$3(DbTransactionExecutor.java:83)
	at org.springframework.transaction.support.TransactionOperations.lambda$executeWithoutResult$0(TransactionOperations.java:68)
	at org.springframework.transaction.support.TransactionTemplate.execute(TransactionTemplate.java:140)
	at org.springframework.transaction.support.TransactionOperations.executeWithoutResult(TransactionOperations.java:67)
	at org.fcrepo.common.db.DbTransactionExecutor.doInTx(DbTransactionExecutor.java:82)
	at org.fcrepo.common.db.DbTransactionExecutor.lambda$doInTxWithRetry$2(DbTransactionExecutor.java:66)
	at dev.failsafe.Functions.lambda$toCtxSupplier$9(Functions.java:228)
	at dev.failsafe.Functions.lambda$get$0(Functions.java:46)
	at dev.failsafe.internal.RetryPolicyExecutor.lambda$apply$0(RetryPolicyExecutor.java:74)
	at dev.failsafe.SyncExecutionImpl.executeSync(SyncExecutionImpl.java:187)
	at dev.failsafe.FailsafeExecutor.call(FailsafeExecutor.java:376)
	at dev.failsafe.FailsafeExecutor.run(FailsafeExecutor.java:220)
	at org.fcrepo.common.db.DbTransactionExecutor.doInTxWithRetry(DbTransactionExecutor.java:65)
	at org.fcrepo.persistence.ocfl.impl.ReindexWorker.run(ReindexWorker.java:108)
	at java.base/java.lang.Thread.run(Thread.java:1583)
Caused by: org.springframework.dao.DataIntegrityViolationException: PreparedStatementCallback; SQL [INSERT INTO search_resource_rdf_type (resource_id, rdf_type_id) VALUES (?, ?)]; (conn=7) Cannot add or update a child row: a foreign key constraint fails (`fcrepo`.`search_resource_rdf_type`, CONSTRAINT `search_resource_rdf_type_ibfk_2` FOREIGN KEY (`rdf_type_id`) REFERENCES `search_rdf_type` (`id`) ON DELETE CASCADE)
	at org.springframework.jdbc.support.SQLStateSQLExceptionTranslator.doTranslate(SQLStateSQLExceptionTranslator.java:140)
	at org.springframework.jdbc.support.AbstractFallbackSQLExceptionTranslator.translate(AbstractFallbackSQLExceptionTranslator.java:107)
	at org.springframework.jdbc.support.AbstractFallbackSQLExceptionTranslator.translate(AbstractFallbackSQLExceptionTranslator.java:116)
	at org.springframework.jdbc.core.JdbcTemplate.translateException(JdbcTemplate.java:1556)
	at org.springframework.jdbc.core.JdbcTemplate.execute(JdbcTemplate.java:677)
	at org.springframework.jdbc.core.JdbcTemplate.execute(JdbcTemplate.java:701)
	at org.springframework.jdbc.core.JdbcTemplate.batchUpdate(JdbcTemplate.java:1049)
	at org.springframework.jdbc.core.namedparam.NamedParameterJdbcTemplate.batchUpdate(NamedParameterJdbcTemplate.java:377)
	at org.fcrepo.search.impl.DbSearchIndexImpl.insertRdfTypeAssociations(DbSearchIndexImpl.java:830)
	at org.fcrepo.search.impl.DbSearchIndexImpl.doDirectUpsert(DbSearchIndexImpl.java:669)
	... 30 more
Caused by: java.sql.BatchUpdateException: (conn=7) Cannot add or update a child row: a foreign key constraint fails (`fcrepo`.`search_resource_rdf_type`, CONSTRAINT `search_resource_rdf_type_ibfk_2` FOREIGN KEY (`rdf_type_id`) REFERENCES `search_rdf_type` (`id`) ON DELETE CASCADE)
	at org.mariadb.jdbc.export.ExceptionFactory.createBatchUpdate(ExceptionFactory.java:181)
	at org.mariadb.jdbc.BasePreparedStatement.executeBatchBulk(BasePreparedStatement.java:1956)
	at org.mariadb.jdbc.ClientPreparedStatement.executeInternalPreparedBatch(ClientPreparedStatement.java:137)
	at org.mariadb.jdbc.BasePreparedStatement.executeBatchInternal(BasePreparedStatement.java:1694)
	at org.mariadb.jdbc.BasePreparedStatement.executeBatch(BasePreparedStatement.java:1680)
	at com.zaxxer.hikari.pool.ProxyStatement.executeBatch(ProxyStatement.java:128)
	at com.zaxxer.hikari.pool.HikariProxyPreparedStatement.executeBatch(HikariProxyPreparedStatement.java)
	at org.springframework.jdbc.core.JdbcTemplate.lambda$getPreparedStatementCallback$7(JdbcTemplate.java:1617)
	at org.springframework.jdbc.core.JdbcTemplate.execute(JdbcTemplate.java:658)
	... 35 more
Caused by: java.sql.BatchUpdateException: (conn=7) Cannot add or update a child row: a foreign key constraint fails (`fcrepo`.`search_resource_rdf_type`, CONSTRAINT `search_resource_rdf_type_ibfk_2` FOREIGN KEY (`rdf_type_id`) REFERENCES `search_rdf_type` (`id`) ON DELETE CASCADE)
	at org.mariadb.jdbc.export.ExceptionFactory.createBatchUpdate(ExceptionFactory.java:221)
	at org.mariadb.jdbc.client.impl.StandardClient.executePipeline(StandardClient.java:1129)
	at org.mariadb.jdbc.BasePreparedStatement.executeBatchBulk(BasePreparedStatement.java:1923)
	... 42 more
Caused by: java.sql.SQLIntegrityConstraintViolationException: (conn=7) Cannot add or update a child row: a foreign key constraint fails (`fcrepo`.`search_resource_rdf_type`, CONSTRAINT `search_resource_rdf_type_ibfk_2` FOREIGN KEY (`rdf_type_id`) REFERENCES `search_rdf_type` (`id`) ON DELETE CASCADE)
	at org.mariadb.jdbc.export.ExceptionFactory.createException(ExceptionFactory.java:297)
	at org.mariadb.jdbc.export.ExceptionFactory.create(ExceptionFactory.java:378)
	at org.mariadb.jdbc.message.ClientMessage.readPacket(ClientMessage.java:187)
	at org.mariadb.jdbc.client.impl.StandardClient.readPacket(StandardClient.java:1364)
	at org.mariadb.jdbc.client.impl.StandardClient.readResults(StandardClient.java:1303)
	at org.mariadb.jdbc.client.impl.StandardClient.readResponse(StandardClient.java:1222)
	at org.mariadb.jdbc.client.impl.StandardClient.executePipeline(StandardClient.java:1062)
	... 43 more
org.fcrepo.kernel.api.exception.RepositoryRuntimeException: Failed add/updated the search index for : info:fedora/it-01/rr_20170824105132120/i_20170821144938533
	at org.fcrepo.search.impl.DbSearchIndexImpl.doDirectUpsert(DbSearchIndexImpl.java:671)
	at org.fcrepo.search.impl.DbSearchIndexImpl.lambda$addUpdateIndex$3(DbSearchIndexImpl.java:645)
	at org.fcrepo.kernel.impl.TransactionImpl.doInTx(TransactionImpl.java:181)
	at org.fcrepo.search.impl.DbSearchIndexImpl.addUpdateIndex(DbSearchIndexImpl.java:641)
	at java.base/jdk.internal.reflect.DirectMethodHandleAccessor.invoke(DirectMethodHandleAccessor.java:103)
	at java.base/java.lang.reflect.Method.invoke(Method.java:580)
	at org.springframework.aop.support.AopUtils.invokeJoinpointUsingReflection(AopUtils.java:360)
	at org.springframework.aop.framework.JdkDynamicAopProxy.invoke(JdkDynamicAopProxy.java:216)
	at jdk.proxy3/jdk.proxy3.$Proxy47.addUpdateIndex(Unknown Source)
	at org.fcrepo.search.impl.SearchIndexMetrics.lambda$addUpdateIndex$1(SearchIndexMetrics.java:73)
	at io.micrometer.core.instrument.composite.CompositeTimer.record(CompositeTimer.java:141)
	at org.fcrepo.search.impl.SearchIndexMetrics.addUpdateIndex(SearchIndexMetrics.java:72)
	at org.fcrepo.persistence.ocfl.impl.ReindexService.lambda$indexOcflObject$4(ReindexService.java:218)
	at java.base/java.util.ArrayList.forEach(ArrayList.java:1596)
	at org.fcrepo.persistence.ocfl.impl.ReindexService.indexOcflObject(ReindexService.java:213)
	at org.fcrepo.persistence.ocfl.impl.ReindexWorker.lambda$run$0(ReindexWorker.java:109)
	at org.fcrepo.common.db.DbTransactionExecutor.lambda$doInTx$3(DbTransactionExecutor.java:83)
	at org.springframework.transaction.support.TransactionOperations.lambda$executeWithoutResult$0(TransactionOperations.java:68)
	at org.springframework.transaction.support.TransactionTemplate.execute(TransactionTemplate.java:140)
	at org.springframework.transaction.support.TransactionOperations.executeWithoutResult(TransactionOperations.java:67)
	at org.fcrepo.common.db.DbTransactionExecutor.doInTx(DbTransactionExecutor.java:82)
	at org.fcrepo.common.db.DbTransactionExecutor.lambda$doInTxWithRetry$2(DbTransactionExecutor.java:66)
	at dev.failsafe.Functions.lambda$toCtxSupplier$9(Functions.java:228)
	at dev.failsafe.Functions.lambda$get$0(Functions.java:46)
	at dev.failsafe.internal.RetryPolicyExecutor.lambda$apply$0(RetryPolicyExecutor.java:74)
	at dev.failsafe.SyncExecutionImpl.executeSync(SyncExecutionImpl.java:187)
	at dev.failsafe.FailsafeExecutor.call(FailsafeExecutor.java:376)
	at dev.failsafe.FailsafeExecutor.run(FailsafeExecutor.java:220)
	at org.fcrepo.common.db.DbTransactionExecutor.doInTxWithRetry(DbTransactionExecutor.java:65)
	at org.fcrepo.persistence.ocfl.impl.ReindexWorker.run(ReindexWorker.java:108)
	at java.base/java.lang.Thread.run(Thread.java:1583)
Caused by: org.springframework.dao.DuplicateKeyException: PreparedStatementCallback; SQL [INSERT INTO search_resource_rdf_type (resource_id, rdf_type_id) VALUES (?, ?)]; (conn=8) Duplicate entry '3-19' for key 'PRIMARY'
	at org.springframework.jdbc.support.SQLStateSQLExceptionTranslator.doTranslate(SQLStateSQLExceptionTranslator.java:138)
	at org.springframework.jdbc.support.AbstractFallbackSQLExceptionTranslator.translate(AbstractFallbackSQLExceptionTranslator.java:107)
	at org.springframework.jdbc.support.AbstractFallbackSQLExceptionTranslator.translate(AbstractFallbackSQLExceptionTranslator.java:116)
	at org.springframework.jdbc.core.JdbcTemplate.translateException(JdbcTemplate.java:1556)
	at org.springframework.jdbc.core.JdbcTemplate.execute(JdbcTemplate.java:677)
	at org.springframework.jdbc.core.JdbcTemplate.execute(JdbcTemplate.java:701)
	at org.springframework.jdbc.core.JdbcTemplate.batchUpdate(JdbcTemplate.java:1049)
	at org.springframework.jdbc.core.namedparam.NamedParameterJdbcTemplate.batchUpdate(NamedParameterJdbcTemplate.java:377)
	at org.fcrepo.search.impl.DbSearchIndexImpl.insertRdfTypeAssociations(DbSearchIndexImpl.java:830)
	at org.fcrepo.search.impl.DbSearchIndexImpl.doDirectUpsert(DbSearchIndexImpl.java:669)
	... 30 more
Caused by: java.sql.BatchUpdateException: (conn=8) Duplicate entry '3-19' for key 'PRIMARY'
	at org.mariadb.jdbc.export.ExceptionFactory.createBatchUpdate(ExceptionFactory.java:181)
	at org.mariadb.jdbc.BasePreparedStatement.executeBatchBulk(BasePreparedStatement.java:1956)
	at org.mariadb.jdbc.ClientPreparedStatement.executeInternalPreparedBatch(ClientPreparedStatement.java:137)
	at org.mariadb.jdbc.BasePreparedStatement.executeBatchInternal(BasePreparedStatement.java:1694)
	at org.mariadb.jdbc.BasePreparedStatement.executeBatch(BasePreparedStatement.java:1680)
	at com.zaxxer.hikari.pool.ProxyStatement.executeBatch(ProxyStatement.java:128)
	at com.zaxxer.hikari.pool.HikariProxyPreparedStatement.executeBatch(HikariProxyPreparedStatement.java)
	at org.springframework.jdbc.core.JdbcTemplate.lambda$getPreparedStatementCallback$7(JdbcTemplate.java:1617)
	at org.springframework.jdbc.core.JdbcTemplate.execute(JdbcTemplate.java:658)
	... 35 more
Caused by: java.sql.BatchUpdateException: (conn=8) Duplicate entry '3-19' for key 'PRIMARY'
	at org.mariadb.jdbc.export.ExceptionFactory.createBatchUpdate(ExceptionFactory.java:221)
	at org.mariadb.jdbc.client.impl.StandardClient.executePipeline(StandardClient.java:1129)
	at org.mariadb.jdbc.BasePreparedStatement.executeBatchBulk(BasePreparedStatement.java:1923)
	... 42 more
Caused by: java.sql.SQLIntegrityConstraintViolationException: (conn=8) Duplicate entry '3-19' for key 'PRIMARY'
	at org.mariadb.jdbc.export.ExceptionFactory.createException(ExceptionFactory.java:297)
	at org.mariadb.jdbc.export.ExceptionFactory.create(ExceptionFactory.java:378)
	at org.mariadb.jdbc.message.ClientMessage.readPacket(ClientMessage.java:187)
	at org.mariadb.jdbc.client.impl.StandardClient.readPacket(StandardClient.java:1364)
	at org.mariadb.jdbc.client.impl.StandardClient.readResults(StandardClient.java:1303)
	at org.mariadb.jdbc.client.impl.StandardClient.readResponse(StandardClient.java:1222)
	at org.mariadb.jdbc.client.impl.StandardClient.executePipeline(StandardClient.java:1062)
	... 43 more
ERROR 09:53:19.558 [ScheduledTask1] (ReindexManager) Reindex did not complete successfully
INFO 09:53:19.558 [ScheduledTask1] (IndexBuilderImpl) Index rebuild completed 1 objects successfully, 0 objects skipped and 2 objects had errors in 0 seconds 
DEBUG 09:53:19.558 [ScheduledTask1] (OcflPersistentSessionManager) Creating storage session beaa57fa-53a8-4320-9afe-3a2af3a76454
DEBUG 09:53:19.560 [ScheduledTask1] (RepositoryInitializer) Repository root (info:fedora) not found. Creating...
DEBUG 09:53:19.571 [ScheduledTask1] (CreateRdfSourcePersister) persisting info:fedora to OcflPersistentStorageSession{sessionId='beaa57fa-53a8-4320-9afe-3a2af3a76454', state=COMMIT_NOT_STARTED}
TRACE 09:53:19.578 [ScheduledTask1] (DefaultOcflObjectSession) Adding to cache info:fedora_v2
DEBUG 09:53:19.580 [ScheduledTask1] (AbstractRdfSourcePersister) persisting RDFSource (info:fedora) to OCFL
DEBUG 09:53:19.609 [ScheduledTask1] (AbstractRdfSourcePersister) wrote info:fedora to 17aae81d-ba8d-4d5a-96d6-9a8271aba192
DEBUG 09:53:19.613 [ScheduledTask1] (TransactionImpl) Waiting for operations in transaction beaa57fa-53a8-4320-9afe-3a2af3a76454 to complete before committing
DEBUG 09:53:19.613 [ScheduledTask1] (TransactionImpl) Committing transaction beaa57fa-53a8-4320-9afe-3a2af3a76454
DEBUG 09:53:19.613 [ScheduledTask1] (OcflPersistentStorageSession) Starting storage session beaa57fa-53a8-4320-9afe-3a2af3a76454 prepare for commit
TRACE 09:53:19.614 [ScheduledTask1] (OcflPersistentStorageSession) All persisters are complete in session beaa57fa-53a8-4320-9afe-3a2af3a76454
DEBUG 09:53:19.614 [ScheduledTask1] (OcflPersistentStorageSession) Starting storage session beaa57fa-53a8-4320-9afe-3a2af3a76454 commit
TRACE 09:53:19.687 [ScheduledTask1] (DefaultOcflObjectSession) Adding to cache info:fedora_v3
DEBUG 09:53:19.703 [ScheduledTask1] (OcflPersistentStorageSession) Committed storage session beaa57fa-53a8-4320-9afe-3a2af3a76454
DEBUG 09:53:19.703 [ScheduledTask1] (EventAccumulatorImpl) Emitting events for transaction beaa57fa-53a8-4320-9afe-3a2af3a76454
DEBUG 09:53:19.703 [ScheduledTask1] (TransactionImpl) Committed transaction beaa57fa-53a8-4320-9afe-3a2af3a76454
DEBUG 09:53:19.703 [ScheduledTask1] (RepositoryInitializer) Successfully created repository root (info:fedora).
INFO 09:53:19.855 [main] (MicrometerFeature) Micrometer metrics enabled for Jersey resources.
TRACE 09:53:20.409 [main] (SearchResultProvider) Velocity engine initializing...
DEBUG 09:53:20.409 [main] (SearchResultProvider) Setting Velocity runtime log: /fcrepo_home/logs/velocity.log
DEBUG 09:53:20.409 [main] (SearchResultProvider) Using Velocity configuration from jar:file:/usr/local/tomcat/webapps/fcrepo/WEB-INF/lib/fcrepo-http-api-7.0.0-RC1.jar!/velocity.properties
TRACE 09:53:20.466 [main] (SearchResultProvider) Velocity engine initialized.
TRACE 09:53:20.468 [main] (StreamingBaseHtmlProvider) Velocity engine initializing...
DEBUG 09:53:20.468 [main] (StreamingBaseHtmlProvider) Setting Velocity runtime log: /fcrepo_home/logs/velocity.log
DEBUG 09:53:20.468 [main] (StreamingBaseHtmlProvider) Using Velocity configuration from jar:file:/usr/local/tomcat/webapps/fcrepo/WEB-INF/lib/fcrepo-http-api-7.0.0-RC1.jar!/velocity.properties
TRACE 09:53:20.471 [main] (StreamingBaseHtmlProvider) Velocity engine initialized.
TRACE 09:53:20.472 [main] (StreamingBaseHtmlProvider) Assembling a map of node primary types -> templates...
TRACE 09:53:20.528 [main] (StreamingBaseHtmlProvider) Assembled template map.
TRACE 09:53:20.528 [main] (StreamingBaseHtmlProvider) HtmlProvider initialization complete.
07-Apr-2026 09:53:20.632 INFO [main] org.apache.catalina.startup.HostConfig.deployDirectory Deployment of web application directory [/usr/local/tomcat/webapps/fcrepo] has finished in [10,694] ms
07-Apr-2026 09:53:20.637 INFO [main] org.apache.coyote.AbstractProtocol.start Starting ProtocolHandler ["http-nio-8080"]
07-Apr-2026 09:53:20.652 INFO [main] org.apache.catalina.startup.Catalina.start Server startup in [10767] milliseconds
