INFO|2017-08-18 10:35:48,079|__main__|Loaded repo configuration from config/fcrepo_prod.yml
INFO|2017-08-18 10:35:48,117|__main__|Found 5558 completed items
INFO|2017-08-18 10:35:48,121|classes.pcdm.Repository|Creating transaction
DEBUG|2017-08-18 10:35:48,121|classes.pcdm.Repository|POST https://fcrepo.lib.umd.edu/fcrepo/rest/fcr:tx
DEBUG|2017-08-18 10:35:52,720|classes.pcdm.Repository|201 Created
INFO|2017-08-18 10:35:52,720|classes.pcdm.Repository|Created transaction https://fcrepo.lib.umd.edu/fcrepo/rest/tx:92e1872e-e689-48ed-afa1-511cf99fa1a5
INFO|2017-08-18 10:35:52,720|__main__|Getting https://fcrepo.lib.umd.edu/fcrepo/rest/pcdm/4c/e6/4d/f1/4ce64df1-aa8b-4d07-8778-d9adb5285732 from repository
DEBUG|2017-08-18 10:35:52,720|classes.pcdm.Repository|GET https://fcrepo.lib.umd.edu/fcrepo/rest/tx:92e1872e-e689-48ed-afa1-511cf99fa1a5/pcdm/4c/e6/4d/f1/4ce64df1-aa8b-4d07-8778-d9adb5285732
DEBUG|2017-08-18 10:35:52,938|classes.pcdm.Repository|200 OK
DEBUG|2017-08-18 10:35:52,962|classes.pcdm.Repository|HEAD https://fcrepo.lib.umd.edu/fcrepo/rest/tx:92e1872e-e689-48ed-afa1-511cf99fa1a5/pcdm/0f/93/8c/8a/0f938c8a-cd54-46fe-90eb-80fdc98ac09f
DEBUG|2017-08-18 10:35:53,013|classes.pcdm.Repository|200 OK
DEBUG|2017-08-18 10:35:53,013|classes.pcdm.Repository|GET https://fcrepo.lib.umd.edu/fcrepo/rest/tx:92e1872e-e689-48ed-afa1-511cf99fa1a5/pcdm/0f/93/8c/8a/0f938c8a-cd54-46fe-90eb-80fdc98ac09f/fcr:metadata
DEBUG|2017-08-18 10:35:53,057|classes.pcdm.Repository|200 OK
DEBUG|2017-08-18 10:35:53,068|classes.pcdm.Repository|HEAD https://fcrepo.lib.umd.edu/fcrepo/rest/tx:92e1872e-e689-48ed-afa1-511cf99fa1a5/pcdm/06/56/28/15/06562815-77f9-4c6b-87cc-6bec8c284e24
DEBUG|2017-08-18 10:35:53,114|classes.pcdm.Repository|200 OK
DEBUG|2017-08-18 10:35:53,114|classes.pcdm.Repository|GET https://fcrepo.lib.umd.edu/fcrepo/rest/tx:92e1872e-e689-48ed-afa1-511cf99fa1a5/pcdm/06/56/28/15/06562815-77f9-4c6b-87cc-6bec8c284e24/fcr:metadata
DEBUG|2017-08-18 10:35:53,165|classes.pcdm.Repository|200 OK
DEBUG|2017-08-18 10:35:53,176|classes.pcdm.Repository|HEAD https://fcrepo.lib.umd.edu/fcrepo/rest/tx:92e1872e-e689-48ed-afa1-511cf99fa1a5/pcdm/b8/e6/5d/83/b8e65d83-c8ee-43c2-ac20-f2b786dc5b1a
DEBUG|2017-08-18 10:35:53,225|classes.pcdm.Repository|200 OK
DEBUG|2017-08-18 10:35:53,225|classes.pcdm.Repository|GET https://fcrepo.lib.umd.edu/fcrepo/rest/tx:92e1872e-e689-48ed-afa1-511cf99fa1a5/pcdm/b8/e6/5d/83/b8e65d83-c8ee-43c2-ac20-f2b786dc5b1a/fcr:metadata
DEBUG|2017-08-18 10:35:53,266|classes.pcdm.Repository|200 OK
DEBUG|2017-08-18 10:35:53,277|classes.pcdm.Repository|HEAD https://fcrepo.lib.umd.edu/fcrepo/rest/tx:92e1872e-e689-48ed-afa1-511cf99fa1a5/pcdm/f5/e1/df/85/f5e1df85-407f-4554-af45-8ef3cb3e77ad
DEBUG|2017-08-18 10:35:53,324|classes.pcdm.Repository|200 OK
DEBUG|2017-08-18 10:35:53,325|classes.pcdm.Repository|GET https://fcrepo.lib.umd.edu/fcrepo/rest/tx:92e1872e-e689-48ed-afa1-511cf99fa1a5/pcdm/f5/e1/df/85/f5e1df85-407f-4554-af45-8ef3cb3e77ad/fcr:metadata
DEBUG|2017-08-18 10:35:53,366|classes.pcdm.Repository|200 OK
DEBUG|2017-08-18 10:35:53,378|classes.pcdm.Repository|GET https://fcrepo.lib.umd.edu/fcrepo/rest/tx:92e1872e-e689-48ed-afa1-511cf99fa1a5/pcdm/0f/93/8c/8a/0f938c8a-cd54-46fe-90eb-80fdc98ac09f
DEBUG|2017-08-18 10:35:53,422|classes.pcdm.Repository|500 Internal Server Error
ERROR|2017-08-18 10:35:53,427|__main__|OCR extraction failed: Unable to parse 0006.xml as XML
WARNING|2017-08-18 10:35:53,457|__main__|Transaction rolled back. Continuing load.
INFO|2017-08-18 10:35:53,458|classes.pcdm.Repository|Creating transaction
DEBUG|2017-08-18 10:35:53,458|classes.pcdm.Repository|POST https://fcrepo.lib.umd.edu/fcrepo/rest/fcr:tx
DEBUG|2017-08-18 10:35:53,488|classes.pcdm.Repository|201 Created
INFO|2017-08-18 10:35:53,489|classes.pcdm.Repository|Created transaction https://fcrepo.lib.umd.edu/fcrepo/rest/tx:4a6872b3-338f-4434-b9dc-de503edd7e7f
INFO|2017-08-18 10:35:53,489|__main__|Getting https://fcrepo.lib.umd.edu/fcrepo/rest/pcdm/c7/ba/e7/a0/c7bae7a0-3051-4807-bb14-a534fdb1d81d from repository
DEBUG|2017-08-18 10:35:53,489|classes.pcdm.Repository|GET https://fcrepo.lib.umd.edu/fcrepo/rest/tx:4a6872b3-338f-4434-b9dc-de503edd7e7f/pcdm/c7/ba/e7/a0/c7bae7a0-3051-4807-bb14-a534fdb1d81d
DEBUG|2017-08-18 10:35:53,614|classes.pcdm.Repository|200 OK
DEBUG|2017-08-18 10:35:53,625|classes.pcdm.Repository|HEAD https://fcrepo.lib.umd.edu/fcrepo/rest/tx:4a6872b3-338f-4434-b9dc-de503edd7e7f/pcdm/3b/5b/15/76/3b5b1576-f3dd-48a8-9ebf-9659ddbb6547
DEBUG|2017-08-18 10:35:53,705|classes.pcdm.Repository|200 OK
DEBUG|2017-08-18 10:35:53,705|classes.pcdm.Repository|GET https://fcrepo.lib.umd.edu/fcrepo/rest/tx:4a6872b3-338f-4434-b9dc-de503edd7e7f/pcdm/3b/5b/15/76/3b5b1576-f3dd-48a8-9ebf-9659ddbb6547/fcr:metadata
DEBUG|2017-08-18 10:35:53,764|classes.pcdm.Repository|200 OK
DEBUG|2017-08-18 10:35:53,777|classes.pcdm.Repository|HEAD https://fcrepo.lib.umd.edu/fcrepo/rest/tx:4a6872b3-338f-4434-b9dc-de503edd7e7f/pcdm/a6/e5/8d/ac/a6e58dac-66b8-44f2-a20e-63ca0d489c69
DEBUG|2017-08-18 10:35:53,859|classes.pcdm.Repository|200 OK
DEBUG|2017-08-18 10:35:53,859|classes.pcdm.Repository|GET https://fcrepo.lib.umd.edu/fcrepo/rest/tx:4a6872b3-338f-4434-b9dc-de503edd7e7f/pcdm/a6/e5/8d/ac/a6e58dac-66b8-44f2-a20e-63ca0d489c69/fcr:metadata
DEBUG|2017-08-18 10:35:53,911|classes.pcdm.Repository|200 OK
DEBUG|2017-08-18 10:35:53,922|classes.pcdm.Repository|HEAD https://fcrepo.lib.umd.edu/fcrepo/rest/tx:4a6872b3-338f-4434-b9dc-de503edd7e7f/pcdm/4a/84/39/b6/4a8439b6-9994-4722-9074-46185375ba9e
DEBUG|2017-08-18 10:35:53,978|classes.pcdm.Repository|200 OK
DEBUG|2017-08-18 10:35:53,978|classes.pcdm.Repository|GET https://fcrepo.lib.umd.edu/fcrepo/rest/tx:4a6872b3-338f-4434-b9dc-de503edd7e7f/pcdm/4a/84/39/b6/4a8439b6-9994-4722-9074-46185375ba9e/fcr:metadata
DEBUG|2017-08-18 10:35:54,026|classes.pcdm.Repository|200 OK
DEBUG|2017-08-18 10:35:54,038|classes.pcdm.Repository|HEAD https://fcrepo.lib.umd.edu/fcrepo/rest/tx:4a6872b3-338f-4434-b9dc-de503edd7e7f/pcdm/29/ce/7d/5e/29ce7d5e-5178-40c5-8ec1-5f86fec32f03
DEBUG|2017-08-18 10:35:54,083|classes.pcdm.Repository|200 OK
DEBUG|2017-08-18 10:35:54,083|classes.pcdm.Repository|GET https://fcrepo.lib.umd.edu/fcrepo/rest/tx:4a6872b3-338f-4434-b9dc-de503edd7e7f/pcdm/29/ce/7d/5e/29ce7d5e-5178-40c5-8ec1-5f86fec32f03/fcr:metadata
DEBUG|2017-08-18 10:35:54,129|classes.pcdm.Repository|200 OK
DEBUG|2017-08-18 10:35:54,140|classes.pcdm.Repository|GET https://fcrepo.lib.umd.edu/fcrepo/rest/tx:4a6872b3-338f-4434-b9dc-de503edd7e7f/pcdm/a6/e5/8d/ac/a6e58dac-66b8-44f2-a20e-63ca0d489c69
DEBUG|2017-08-18 10:35:54,193|classes.pcdm.Repository|500 Internal Server Error
ERROR|2017-08-18 10:35:54,196|__main__|OCR extraction failed: Unable to parse 0007.xml as XML
WARNING|2017-08-18 10:35:54,227|__main__|Transaction rolled back. Continuing load.
INFO|2017-08-18 10:35:54,228|classes.pcdm.Repository|Creating transaction
DEBUG|2017-08-18 10:35:54,228|classes.pcdm.Repository|POST https://fcrepo.lib.umd.edu/fcrepo/rest/fcr:tx
DEBUG|2017-08-18 10:35:54,259|classes.pcdm.Repository|201 Created
INFO|2017-08-18 10:35:54,259|classes.pcdm.Repository|Created transaction https://fcrepo.lib.umd.edu/fcrepo/rest/tx:102ef838-65fd-4b31-8b36-06a145a59e35
INFO|2017-08-18 10:35:54,259|__main__|Getting https://fcrepo.lib.umd.edu/fcrepo/rest/pcdm/7e/dd/a6/b0/7edda6b0-43ac-41ff-b871-b95612c523e0 from repository
DEBUG|2017-08-18 10:35:54,259|classes.pcdm.Repository|GET https://fcrepo.lib.umd.edu/fcrepo/rest/tx:102ef838-65fd-4b31-8b36-06a145a59e35/pcdm/7e/dd/a6/b0/7edda6b0-43ac-41ff-b871-b95612c523e0
DEBUG|2017-08-18 10:35:54,417|classes.pcdm.Repository|200 OK
DEBUG|2017-08-18 10:35:54,428|classes.pcdm.Repository|HEAD https://fcrepo.lib.umd.edu/fcrepo/rest/tx:102ef838-65fd-4b31-8b36-06a145a59e35/pcdm/b9/32/ca/b8/b932cab8-ea07-49eb-8305-137cd155a37b
DEBUG|2017-08-18 10:35:54,506|classes.pcdm.Repository|200 OK
DEBUG|2017-08-18 10:35:54,506|classes.pcdm.Repository|GET https://fcrepo.lib.umd.edu/fcrepo/rest/tx:102ef838-65fd-4b31-8b36-06a145a59e35/pcdm/b9/32/ca/b8/b932cab8-ea07-49eb-8305-137cd155a37b/fcr:metadata
DEBUG|2017-08-18 10:35:54,613|classes.pcdm.Repository|200 OK
DEBUG|2017-08-18 10:35:54,625|classes.pcdm.Repository|HEAD https://fcrepo.lib.umd.edu/fcrepo/rest/tx:102ef838-65fd-4b31-8b36-06a145a59e35/pcdm/08/d5/49/ff/08d549ff-6dc5-4636-991c-f4ad924c878a
DEBUG|2017-08-18 10:35:54,676|classes.pcdm.Repository|200 OK
DEBUG|2017-08-18 10:35:54,677|classes.pcdm.Repository|GET https://fcrepo.lib.umd.edu/fcrepo/rest/tx:102ef838-65fd-4b31-8b36-06a145a59e35/pcdm/08/d5/49/ff/08d549ff-6dc5-4636-991c-f4ad924c878a/fcr:metadata
DEBUG|2017-08-18 10:35:54,728|classes.pcdm.Repository|200 OK
DEBUG|2017-08-18 10:35:54,739|classes.pcdm.Repository|HEAD https://fcrepo.lib.umd.edu/fcrepo/rest/tx:102ef838-65fd-4b31-8b36-06a145a59e35/pcdm/19/20/08/37/19200837-377b-4331-8701-bce2e37a6f6c
DEBUG|2017-08-18 10:35:54,797|classes.pcdm.Repository|200 OK
DEBUG|2017-08-18 10:35:54,797|classes.pcdm.Repository|GET https://fcrepo.lib.umd.edu/fcrepo/rest/tx:102ef838-65fd-4b31-8b36-06a145a59e35/pcdm/19/20/08/37/19200837-377b-4331-8701-bce2e37a6f6c/fcr:metadata
DEBUG|2017-08-18 10:35:54,848|classes.pcdm.Repository|200 OK
DEBUG|2017-08-18 10:35:54,860|classes.pcdm.Repository|HEAD https://fcrepo.lib.umd.edu/fcrepo/rest/tx:102ef838-65fd-4b31-8b36-06a145a59e35/pcdm/9a/76/5c/7a/9a765c7a-996a-43e4-9038-5d0f1774a5e8
DEBUG|2017-08-18 10:35:54,912|classes.pcdm.Repository|200 OK
DEBUG|2017-08-18 10:35:54,913|classes.pcdm.Repository|GET https://fcrepo.lib.umd.edu/fcrepo/rest/tx:102ef838-65fd-4b31-8b36-06a145a59e35/pcdm/9a/76/5c/7a/9a765c7a-996a-43e4-9038-5d0f1774a5e8/fcr:metadata
DEBUG|2017-08-18 10:35:54,958|classes.pcdm.Repository|200 OK
DEBUG|2017-08-18 10:35:54,970|classes.pcdm.Repository|GET https://fcrepo.lib.umd.edu/fcrepo/rest/tx:102ef838-65fd-4b31-8b36-06a145a59e35/pcdm/9a/76/5c/7a/9a765c7a-996a-43e4-9038-5d0f1774a5e8
DEBUG|2017-08-18 10:35:55,045|classes.pcdm.Repository|200 OK
INFO|2017-08-18 10:35:55,095|__main__|Creating annotations for page The diamondback (College Park, Md.), 1958-03-20, page 4
INFO|2017-08-18 10:35:55,098|classes.pcdm.TextblockOnPage|Creating Page|252,209,90,44 4|364…...
DEBUG|2017-08-18 10:35:55,098|classes.pcdm.Repository|POST https://fcrepo.lib.umd.edu/fcrepo/rest/tx:102ef838-65fd-4b31-8b36-06a145a59e35/annotations
DEBUG|2017-08-18 10:35:55,137|classes.pcdm.Repository|201 Created
INFO|2017-08-18 10:35:55,137|classes.pcdm.TextblockOnPage|Created Page|252,209,90,44 4|364…
INFO|2017-08-18 10:35:55,137|classes.pcdm.TextblockOnPage|URI: https://fcrepo.lib.umd.edu/fcrepo/rest/annotations/b5/a9/c0/6c/b5a9c06c-3001-4b5c-9018-4e6c55043785 / UUID: b5a9c06c-3001-4b5c-9018-4e6c55043785
INFO|2017-08-18 10:35:55,147|classes.pcdm.TextblockOnPage|Updating Page|252,209,90,44 4|364…
DEBUG|2017-08-18 10:35:55,147|classes.pcdm.Repository|PATCH https://fcrepo.lib.umd.edu/fcrepo/rest/tx:102ef838-65fd-4b31-8b36-06a145a59e35/annotations/b5/a9/c0/6c/b5a9c06c-3001-4b5c-9018-4e6c55043785
DEBUG|2017-08-18 10:35:55,190|classes.pcdm.Repository|204 No Content
INFO|2017-08-18 10:35:55,190|classes.pcdm.TextblockOnPage|Updated Page|252,209,90,44 4|364…
INFO|2017-08-18 10:35:55,191|classes.pcdm.TextblockOnPage|Creating Editorial|260,287,189,39...
DEBUG|2017-08-18 10:35:55,191|classes.pcdm.Repository|POST https://fcrepo.lib.umd.edu/fcrepo/rest/tx:102ef838-65fd-4b31-8b36-06a145a59e35/annotations
DEBUG|2017-08-18 10:35:55,231|classes.pcdm.Repository|201 Created
INFO|2017-08-18 10:35:55,231|classes.pcdm.TextblockOnPage|Created Editorial|260,287,189,39
INFO|2017-08-18 10:35:55,231|classes.pcdm.TextblockOnPage|URI: https://fcrepo.lib.umd.edu/fcrepo/rest/annotations/99/06/98/ca/990698ca-f311-473e-b131-42a2ca8e842a / UUID: 990698ca-f311-473e-b131-42a2ca8e842a
INFO|2017-08-18 10:35:55,241|classes.pcdm.TextblockOnPage|Updating Editorial|260,287,189,39
DEBUG|2017-08-18 10:35:55,241|classes.pcdm.Repository|PATCH https://fcrepo.lib.umd.edu/fcrepo/rest/tx:102ef838-65fd-4b31-8b36-06a145a59e35/annotations/99/06/98/ca/990698ca-f311-473e-b131-42a2ca8e842a
DEBUG|2017-08-18 10:35:55,274|classes.pcdm.Repository|204 No Content
INFO|2017-08-18 10:35:55,274|classes.pcdm.TextblockOnPage|Updated Editorial|260,287,189,39
INFO|2017-08-18 10:35:55,274|classes.pcdm.TextblockOnPage|Creating For|469,353,118,113 Bett…...
DEBUG|2017-08-18 10:35:55,274|classes.pcdm.Repository|POST https://fcrepo.lib.umd.edu/fcrepo/rest/tx:102ef838-65fd-4b31-8b36-06a145a59e35/annotations
DEBUG|2017-08-18 10:35:55,305|classes.pcdm.Repository|201 Created
INFO|2017-08-18 10:35:55,305|classes.pcdm.TextblockOnPage|Created For|469,353,118,113 Bett…
INFO|2017-08-18 10:35:55,305|classes.pcdm.TextblockOnPage|URI: https://fcrepo.lib.umd.edu/fcrepo/rest/annotations/1d/61/e8/ec/1d61e8ec-92a0-4004-86a5-e9f38baf5a5e / UUID: 1d61e8ec-92a0-4004-86a5-e9f38baf5a5e
INFO|2017-08-18 10:35:55,318|classes.pcdm.TextblockOnPage|Updating For|469,353,118,113 Bett…
DEBUG|2017-08-18 10:35:55,318|classes.pcdm.Repository|PATCH https://fcrepo.lib.umd.edu/fcrepo/rest/tx:102ef838-65fd-4b31-8b36-06a145a59e35/annotations/1d/61/e8/ec/1d61e8ec-92a0-4004-86a5-e9f38baf5a5e
DEBUG|2017-08-18 10:35:55,428|classes.pcdm.Repository|204 No Content
INFO|2017-08-18 10:35:55,428|classes.pcdm.TextblockOnPage|Updated For|469,353,118,113 Bett…
INFO|2017-08-18 10:35:55,439|classes.pcdm.TextblockOnPage|Creating What|361,535,115,35 migh…...
DEBUG|2017-08-18 10:35:55,439|classes.pcdm.Repository|POST https://fcrepo.lib.umd.edu/fcrepo/rest/tx:102ef838-65fd-4b31-8b36-06a145a59e35/annotations
DEBUG|2017-08-18 10:35:55,469|classes.pcdm.Repository|201 Created
INFO|2017-08-18 10:35:55,469|classes.pcdm.TextblockOnPage|Created What|361,535,115,35 migh…
INFO|2017-08-18 10:35:55,469|classes.pcdm.TextblockOnPage|URI: https://fcrepo.lib.umd.edu/fcrepo/rest/annotations/ae/dd/8d/78/aedd8d78-1185-428a-8c30-addb18edf682 / UUID: aedd8d78-1185-428a-8c30-addb18edf682
INFO|2017-08-18 10:35:55,479|classes.pcdm.TextblockOnPage|Updating What|361,535,115,35 migh…
DEBUG|2017-08-18 10:35:55,479|classes.pcdm.Repository|PATCH https://fcrepo.lib.umd.edu/fcrepo/rest/tx:102ef838-65fd-4b31-8b36-06a145a59e35/annotations/ae/dd/8d/78/aedd8d78-1185-428a-8c30-addb18edf682
DEBUG|2017-08-18 10:35:55,530|classes.pcdm.Repository|204 No Content
INFO|2017-08-18 10:35:55,530|classes.pcdm.TextblockOnPage|Updated What|361,535,115,35 migh…
INFO|2017-08-18 10:35:55,531|classes.pcdm.TextblockOnPage|Creating THE|474,4224,175,153 Dia…...
DEBUG|2017-08-18 10:35:55,532|classes.pcdm.Repository|POST https://fcrepo.lib.umd.edu/fcrepo/rest/tx:102ef838-65fd-4b31-8b36-06a145a59e35/annotations
DEBUG|2017-08-18 10:35:55,559|classes.pcdm.Repository|201 Created
INFO|2017-08-18 10:35:55,559|classes.pcdm.TextblockOnPage|Created THE|474,4224,175,153 Dia…
INFO|2017-08-18 10:35:55,559|classes.pcdm.TextblockOnPage|URI: https://fcrepo.lib.umd.edu/fcrepo/rest/annotations/85/71/5f/40/85715f40-a0ab-48fa-b1b8-b70f6337d2e3 / UUID: 85715f40-a0ab-48fa-b1b8-b70f6337d2e3
INFO|2017-08-18 10:35:55,571|classes.pcdm.TextblockOnPage|Updating THE|474,4224,175,153 Dia…
DEBUG|2017-08-18 10:35:55,572|classes.pcdm.Repository|PATCH https://fcrepo.lib.umd.edu/fcrepo/rest/tx:102ef838-65fd-4b31-8b36-06a145a59e35/annotations/85/71/5f/40/85715f40-a0ab-48fa-b1b8-b70f6337d2e3
DEBUG|2017-08-18 10:35:55,607|classes.pcdm.Repository|204 No Content
INFO|2017-08-18 10:35:55,607|classes.pcdm.TextblockOnPage|Updated THE|474,4224,175,153 Dia…
INFO|2017-08-18 10:35:55,614|classes.pcdm.TextblockOnPage|Creating Published|326,4391,137,2…...
DEBUG|2017-08-18 10:35:55,615|classes.pcdm.Repository|POST https://fcrepo.lib.umd.edu/fcrepo/rest/tx:102ef838-65fd-4b31-8b36-06a145a59e35/annotations
DEBUG|2017-08-18 10:35:55,662|classes.pcdm.Repository|201 Created
INFO|2017-08-18 10:35:55,662|classes.pcdm.TextblockOnPage|Created Published|326,4391,137,2…
INFO|2017-08-18 10:35:55,662|classes.pcdm.TextblockOnPage|URI: https://fcrepo.lib.umd.edu/fcrepo/rest/annotations/46/00/96/9e/4600969e-f213-4513-8911-8cb388a7f9ed / UUID: 4600969e-f213-4513-8911-8cb388a7f9ed
INFO|2017-08-18 10:35:55,671|classes.pcdm.TextblockOnPage|Updating Published|326,4391,137,2…
DEBUG|2017-08-18 10:35:55,671|classes.pcdm.Repository|PATCH https://fcrepo.lib.umd.edu/fcrepo/rest/tx:102ef838-65fd-4b31-8b36-06a145a59e35/annotations/46/00/96/9e/4600969e-f213-4513-8911-8cb388a7f9ed
DEBUG|2017-08-18 10:35:55,707|classes.pcdm.Repository|204 No Content
INFO|2017-08-18 10:35:55,707|classes.pcdm.TextblockOnPage|Updated Published|326,4391,137,2…
INFO|2017-08-18 10:35:55,707|classes.pcdm.TextblockOnPage|Creating BACKTALK|1729,350,1299,1…...
DEBUG|2017-08-18 10:35:55,707|classes.pcdm.Repository|POST https://fcrepo.lib.umd.edu/fcrepo/rest/tx:102ef838-65fd-4b31-8b36-06a145a59e35/annotations
DEBUG|2017-08-18 10:35:55,737|classes.pcdm.Repository|201 Created
INFO|2017-08-18 10:35:55,737|classes.pcdm.TextblockOnPage|Created BACKTALK|1729,350,1299,1…
INFO|2017-08-18 10:35:55,737|classes.pcdm.TextblockOnPage|URI: https://fcrepo.lib.umd.edu/fcrepo/rest/annotations/4f/7c/54/4f/4f7c544f-7c96-443c-bce5-bf7ceb3430f0 / UUID: 4f7c544f-7c96-443c-bce5-bf7ceb3430f0
INFO|2017-08-18 10:35:55,750|classes.pcdm.TextblockOnPage|Updating BACKTALK|1729,350,1299,1…
DEBUG|2017-08-18 10:35:55,750|classes.pcdm.Repository|PATCH https://fcrepo.lib.umd.edu/fcrepo/rest/tx:102ef838-65fd-4b31-8b36-06a145a59e35/annotations/4f/7c/54/4f/4f7c544f-7c96-443c-bce5-bf7ceb3430f0
DEBUG|2017-08-18 10:35:55,872|classes.pcdm.Repository|204 No Content
INFO|2017-08-18 10:35:55,872|classes.pcdm.TextblockOnPage|Updated BACKTALK|1729,350,1299,1…
INFO|2017-08-18 10:35:55,882|classes.pcdm.TextblockOnPage|Creating EDITOR:|1663,564,181,28
…...
DEBUG|2017-08-18 10:35:55,882|classes.pcdm.Repository|POST https://fcrepo.lib.umd.edu/fcrepo/rest/tx:102ef838-65fd-4b31-8b36-06a145a59e35/annotations
DEBUG|2017-08-18 10:35:55,913|classes.pcdm.Repository|201 Created
INFO|2017-08-18 10:35:55,913|classes.pcdm.TextblockOnPage|Created EDITOR:|1663,564,181,28
…
INFO|2017-08-18 10:35:55,913|classes.pcdm.TextblockOnPage|URI: https://fcrepo.lib.umd.edu/fcrepo/rest/annotations/a3/be/87/87/a3be8787-b40a-47a3-bbb0-fa74395eee8e / UUID: a3be8787-b40a-47a3-bbb0-fa74395eee8e
INFO|2017-08-18 10:35:55,923|classes.pcdm.TextblockOnPage|Updating EDITOR:|1663,564,181,28
…
DEBUG|2017-08-18 10:35:55,924|classes.pcdm.Repository|PATCH https://fcrepo.lib.umd.edu/fcrepo/rest/tx:102ef838-65fd-4b31-8b36-06a145a59e35/annotations/a3/be/87/87/a3be8787-b40a-47a3-bbb0-fa74395eee8e
DEBUG|2017-08-18 10:35:55,964|classes.pcdm.Repository|204 No Content
INFO|2017-08-18 10:35:55,964|classes.pcdm.TextblockOnPage|Updated EDITOR:|1663,564,181,28
…
INFO|2017-08-18 10:35:55,965|classes.pcdm.TextblockOnPage|Creating EDITOR;|1663,3740,183,30…...
DEBUG|2017-08-18 10:35:55,965|classes.pcdm.Repository|POST https://fcrepo.lib.umd.edu/fcrepo/rest/tx:102ef838-65fd-4b31-8b36-06a145a59e35/annotations
DEBUG|2017-08-18 10:35:55,995|classes.pcdm.Repository|201 Created
INFO|2017-08-18 10:35:55,995|classes.pcdm.TextblockOnPage|Created EDITOR;|1663,3740,183,30…
INFO|2017-08-18 10:35:55,995|classes.pcdm.TextblockOnPage|URI: https://fcrepo.lib.umd.edu/fcrepo/rest/annotations/cb/32/51/fe/cb3251fe-031c-42e7-9eb3-a81811d28a08 / UUID: cb3251fe-031c-42e7-9eb3-a81811d28a08
INFO|2017-08-18 10:35:56,008|classes.pcdm.TextblockOnPage|Updating EDITOR;|1663,3740,183,30…
DEBUG|2017-08-18 10:35:56,008|classes.pcdm.Repository|PATCH https://fcrepo.lib.umd.edu/fcrepo/rest/tx:102ef838-65fd-4b31-8b36-06a145a59e35/annotations/cb/32/51/fe/cb3251fe-031c-42e7-9eb3-a81811d28a08
DEBUG|2017-08-18 10:35:56,046|classes.pcdm.Repository|204 No Content
INFO|2017-08-18 10:35:56,046|classes.pcdm.TextblockOnPage|Updated EDITOR;|1663,3740,183,30…
INFO|2017-08-18 10:35:56,053|classes.pcdm.TextblockOnPage|Creating I|1704,3967,14,27 believ…...
DEBUG|2017-08-18 10:35:56,053|classes.pcdm.Repository|POST https://fcrepo.lib.umd.edu/fcrepo/rest/tx:102ef838-65fd-4b31-8b36-06a145a59e35/annotations
DEBUG|2017-08-18 10:35:56,083|classes.pcdm.Repository|201 Created
INFO|2017-08-18 10:35:56,084|classes.pcdm.TextblockOnPage|Created I|1704,3967,14,27 believ…
INFO|2017-08-18 10:35:56,084|classes.pcdm.TextblockOnPage|URI: https://fcrepo.lib.umd.edu/fcrepo/rest/annotations/11/53/ba/9c/1153ba9c-e6b0-4895-9330-61be00f22b67 / UUID: 1153ba9c-e6b0-4895-9330-61be00f22b67
INFO|2017-08-18 10:35:56,097|classes.pcdm.TextblockOnPage|Updating I|1704,3967,14,27 believ…
DEBUG|2017-08-18 10:35:56,097|classes.pcdm.Repository|PATCH https://fcrepo.lib.umd.edu/fcrepo/rest/tx:102ef838-65fd-4b31-8b36-06a145a59e35/annotations/11/53/ba/9c/1153ba9c-e6b0-4895-9330-61be00f22b67
DEBUG|2017-08-18 10:35:56,144|classes.pcdm.Repository|204 No Content
INFO|2017-08-18 10:35:56,144|classes.pcdm.TextblockOnPage|Updated I|1704,3967,14,27 believ…
INFO|2017-08-18 10:35:56,146|classes.pcdm.TextblockOnPage|Creating “All|1699,4724,76,28 wor…...
DEBUG|2017-08-18 10:35:56,146|classes.pcdm.Repository|POST https://fcrepo.lib.umd.edu/fcrepo/rest/tx:102ef838-65fd-4b31-8b36-06a145a59e35/annotations
DEBUG|2017-08-18 10:35:56,178|classes.pcdm.Repository|201 Created
INFO|2017-08-18 10:35:56,178|classes.pcdm.TextblockOnPage|Created “All|1699,4724,76,28 wor…
INFO|2017-08-18 10:35:56,178|classes.pcdm.TextblockOnPage|URI: https://fcrepo.lib.umd.edu/fcrepo/rest/annotations/76/ec/45/ff/76ec45ff-b8d3-4cb3-8fef-23d8579d59f3 / UUID: 76ec45ff-b8d3-4cb3-8fef-23d8579d59f3
INFO|2017-08-18 10:35:56,192|classes.pcdm.TextblockOnPage|Updating “All|1699,4724,76,28 wor…
DEBUG|2017-08-18 10:35:56,192|classes.pcdm.Repository|PATCH https://fcrepo.lib.umd.edu/fcrepo/rest/tx:102ef838-65fd-4b31-8b36-06a145a59e35/annotations/76/ec/45/ff/76ec45ff-b8d3-4cb3-8fef-23d8579d59f3
DEBUG|2017-08-18 10:35:56,227|classes.pcdm.Repository|204 No Content
INFO|2017-08-18 10:35:56,227|classes.pcdm.TextblockOnPage|Updated “All|1699,4724,76,28 wor…
INFO|2017-08-18 10:35:56,229|classes.pcdm.TextblockOnPage|Creating The|1696,4989,74,30 edit…...
DEBUG|2017-08-18 10:35:56,229|classes.pcdm.Repository|POST https://fcrepo.lib.umd.edu/fcrepo/rest/tx:102ef838-65fd-4b31-8b36-06a145a59e35/annotations
DEBUG|2017-08-18 10:35:56,266|classes.pcdm.Repository|201 Created
INFO|2017-08-18 10:35:56,266|classes.pcdm.TextblockOnPage|Created The|1696,4989,74,30 edit…
INFO|2017-08-18 10:35:56,266|classes.pcdm.TextblockOnPage|URI: https://fcrepo.lib.umd.edu/fcrepo/rest/annotations/61/24/46/b6/612446b6-463a-423e-a1dd-79f4029ec90e / UUID: 612446b6-463a-423e-a1dd-79f4029ec90e
INFO|2017-08-18 10:35:56,276|classes.pcdm.TextblockOnPage|Updating The|1696,4989,74,30 edit…
DEBUG|2017-08-18 10:35:56,276|classes.pcdm.Repository|PATCH https://fcrepo.lib.umd.edu/fcrepo/rest/tx:102ef838-65fd-4b31-8b36-06a145a59e35/annotations/61/24/46/b6/612446b6-463a-423e-a1dd-79f4029ec90e
DEBUG|2017-08-18 10:35:56,326|classes.pcdm.Repository|204 No Content
INFO|2017-08-18 10:35:56,326|classes.pcdm.TextblockOnPage|Updated The|1696,4989,74,30 edit…
INFO|2017-08-18 10:35:56,332|classes.pcdm.TextblockOnPage|Creating feelings|2343,561,148,35…...
DEBUG|2017-08-18 10:35:56,332|classes.pcdm.Repository|POST https://fcrepo.lib.umd.edu/fcrepo/rest/tx:102ef838-65fd-4b31-8b36-06a145a59e35/annotations
DEBUG|2017-08-18 10:35:56,370|classes.pcdm.Repository|201 Created
INFO|2017-08-18 10:35:56,370|classes.pcdm.TextblockOnPage|Created feelings|2343,561,148,35…
INFO|2017-08-18 10:35:56,370|classes.pcdm.TextblockOnPage|URI: https://fcrepo.lib.umd.edu/fcrepo/rest/annotations/de/73/66/e9/de7366e9-0992-4621-a70f-aac8385bae29 / UUID: de7366e9-0992-4621-a70f-aac8385bae29
INFO|2017-08-18 10:35:56,380|classes.pcdm.TextblockOnPage|Updating feelings|2343,561,148,35…
DEBUG|2017-08-18 10:35:56,380|classes.pcdm.Repository|PATCH https://fcrepo.lib.umd.edu/fcrepo/rest/tx:102ef838-65fd-4b31-8b36-06a145a59e35/annotations/de/73/66/e9/de7366e9-0992-4621-a70f-aac8385bae29
DEBUG|2017-08-18 10:35:56,429|classes.pcdm.Repository|204 No Content
INFO|2017-08-18 10:35:56,430|classes.pcdm.TextblockOnPage|Updated feelings|2343,561,148,35…
INFO|2017-08-18 10:35:56,430|classes.pcdm.TextblockOnPage|Creating Hurrah|2389,2213,137,30 …...
DEBUG|2017-08-18 10:35:56,430|classes.pcdm.Repository|POST https://fcrepo.lib.umd.edu/fcrepo/rest/tx:102ef838-65fd-4b31-8b36-06a145a59e35/annotations
DEBUG|2017-08-18 10:35:56,461|classes.pcdm.Repository|201 Created
INFO|2017-08-18 10:35:56,461|classes.pcdm.TextblockOnPage|Created Hurrah|2389,2213,137,30 …
INFO|2017-08-18 10:35:56,462|classes.pcdm.TextblockOnPage|URI: https://fcrepo.lib.umd.edu/fcrepo/rest/annotations/b7/18/c3/49/b718c349-724d-4e3a-bf62-c82def0558d2 / UUID: b718c349-724d-4e3a-bf62-c82def0558d2
INFO|2017-08-18 10:35:56,476|classes.pcdm.TextblockOnPage|Updating Hurrah|2389,2213,137,30 …
DEBUG|2017-08-18 10:35:56,476|classes.pcdm.Repository|PATCH https://fcrepo.lib.umd.edu/fcrepo/rest/tx:102ef838-65fd-4b31-8b36-06a145a59e35/annotations/b7/18/c3/49/b718c349-724d-4e3a-bf62-c82def0558d2
DEBUG|2017-08-18 10:35:56,552|classes.pcdm.Repository|204 No Content
INFO|2017-08-18 10:35:56,552|classes.pcdm.TextblockOnPage|Updated Hurrah|2389,2213,137,30 …
INFO|2017-08-18 10:35:56,554|classes.pcdm.TextblockOnPage|Creating We,|2384,2340,71,31 the|…...
DEBUG|2017-08-18 10:35:56,554|classes.pcdm.Repository|POST https://fcrepo.lib.umd.edu/fcrepo/rest/tx:102ef838-65fd-4b31-8b36-06a145a59e35/annotations
DEBUG|2017-08-18 10:35:56,586|classes.pcdm.Repository|201 Created
INFO|2017-08-18 10:35:56,586|classes.pcdm.TextblockOnPage|Created We,|2384,2340,71,31 the|…
INFO|2017-08-18 10:35:56,586|classes.pcdm.TextblockOnPage|URI: https://fcrepo.lib.umd.edu/fcrepo/rest/annotations/a9/82/e8/4a/a982e84a-bab9-4cf2-aa6c-faf963c332b1 / UUID: a982e84a-bab9-4cf2-aa6c-faf963c332b1
INFO|2017-08-18 10:35:56,600|classes.pcdm.TextblockOnPage|Updating We,|2384,2340,71,31 the|…
DEBUG|2017-08-18 10:35:56,601|classes.pcdm.Repository|PATCH https://fcrepo.lib.umd.edu/fcrepo/rest/tx:102ef838-65fd-4b31-8b36-06a145a59e35/annotations/a9/82/e8/4a/a982e84a-bab9-4cf2-aa6c-faf963c332b1
DEBUG|2017-08-18 10:35:56,644|classes.pcdm.Repository|204 No Content
INFO|2017-08-18 10:35:56,645|classes.pcdm.TextblockOnPage|Updated We,|2384,2340,71,31 the|…
INFO|2017-08-18 10:35:56,653|classes.pcdm.TextblockOnPage|Creating Be|2387,2565,49,28 it|24…...
DEBUG|2017-08-18 10:35:56,653|classes.pcdm.Repository|POST https://fcrepo.lib.umd.edu/fcrepo/rest/tx:102ef838-65fd-4b31-8b36-06a145a59e35/annotations
DEBUG|2017-08-18 10:35:56,681|classes.pcdm.Repository|201 Created
INFO|2017-08-18 10:35:56,681|classes.pcdm.TextblockOnPage|Created Be|2387,2565,49,28 it|24…
INFO|2017-08-18 10:35:56,681|classes.pcdm.TextblockOnPage|URI: https://fcrepo.lib.umd.edu/fcrepo/rest/annotations/bc/c7/32/95/bcc73295-0724-4e77-801e-2f7b5d8aef2e / UUID: bcc73295-0724-4e77-801e-2f7b5d8aef2e
INFO|2017-08-18 10:35:56,695|classes.pcdm.TextblockOnPage|Updating Be|2387,2565,49,28 it|24…
DEBUG|2017-08-18 10:35:56,695|classes.pcdm.Repository|PATCH https://fcrepo.lib.umd.edu/fcrepo/rest/tx:102ef838-65fd-4b31-8b36-06a145a59e35/annotations/bc/c7/32/95/bcc73295-0724-4e77-801e-2f7b5d8aef2e
DEBUG|2017-08-18 10:36:01,818|classes.pcdm.Repository|204 No Content
INFO|2017-08-18 10:36:01,818|classes.pcdm.TextblockOnPage|Updated Be|2387,2565,49,28 it|24…
INFO|2017-08-18 10:36:01,820|classes.pcdm.TextblockOnPage|Creating One|2381,5219,72,31 thin…...
DEBUG|2017-08-18 10:36:01,820|classes.pcdm.Repository|POST https://fcrepo.lib.umd.edu/fcrepo/rest/tx:102ef838-65fd-4b31-8b36-06a145a59e35/annotations
DEBUG|2017-08-18 10:36:01,884|classes.pcdm.Repository|201 Created
INFO|2017-08-18 10:36:01,884|classes.pcdm.TextblockOnPage|Created One|2381,5219,72,31 thin…
INFO|2017-08-18 10:36:01,884|classes.pcdm.TextblockOnPage|URI: https://fcrepo.lib.umd.edu/fcrepo/rest/annotations/75/55/f8/6f/7555f86f-982f-4108-a10f-49a7b73db282 / UUID: 7555f86f-982f-4108-a10f-49a7b73db282
INFO|2017-08-18 10:36:01,895|classes.pcdm.TextblockOnPage|Updating One|2381,5219,72,31 thin…
DEBUG|2017-08-18 10:36:01,895|classes.pcdm.Repository|PATCH https://fcrepo.lib.umd.edu/fcrepo/rest/tx:102ef838-65fd-4b31-8b36-06a145a59e35/annotations/75/55/f8/6f/7555f86f-982f-4108-a10f-49a7b73db282
DEBUG|2017-08-18 10:36:01,931|classes.pcdm.Repository|204 No Content
INFO|2017-08-18 10:36:01,931|classes.pcdm.TextblockOnPage|Updated One|2381,5219,72,31 thin…
INFO|2017-08-18 10:36:01,932|classes.pcdm.TextblockOnPage|Creating THE|3000,194,112,36 DIAM…...
DEBUG|2017-08-18 10:36:01,932|classes.pcdm.Repository|POST https://fcrepo.lib.umd.edu/fcrepo/rest/tx:102ef838-65fd-4b31-8b36-06a145a59e35/annotations
DEBUG|2017-08-18 10:36:02,011|classes.pcdm.Repository|201 Created
INFO|2017-08-18 10:36:02,011|classes.pcdm.TextblockOnPage|Created THE|3000,194,112,36 DIAM…
INFO|2017-08-18 10:36:02,012|classes.pcdm.TextblockOnPage|URI: https://fcrepo.lib.umd.edu/fcrepo/rest/annotations/fa/da/ed/3c/fadaed3c-356a-4355-b1f8-1a21cba0db12 / UUID: fadaed3c-356a-4355-b1f8-1a21cba0db12
INFO|2017-08-18 10:36:02,022|classes.pcdm.TextblockOnPage|Updating THE|3000,194,112,36 DIAM…
DEBUG|2017-08-18 10:36:02,022|classes.pcdm.Repository|PATCH https://fcrepo.lib.umd.edu/fcrepo/rest/tx:102ef838-65fd-4b31-8b36-06a145a59e35/annotations/fa/da/ed/3c/fadaed3c-356a-4355-b1f8-1a21cba0db12
DEBUG|2017-08-18 10:36:02,059|classes.pcdm.Repository|204 No Content
INFO|2017-08-18 10:36:02,059|classes.pcdm.TextblockOnPage|Updated THE|3000,194,112,36 DIAM…
INFO|2017-08-18 10:36:02,059|classes.pcdm.TextblockOnPage|Creating from|3183,414,99,35 our|…...
DEBUG|2017-08-18 10:36:02,059|classes.pcdm.Repository|POST https://fcrepo.lib.umd.edu/fcrepo/rest/tx:102ef838-65fd-4b31-8b36-06a145a59e35/annotations
DEBUG|2017-08-18 10:36:02,095|classes.pcdm.Repository|201 Created
INFO|2017-08-18 10:36:02,096|classes.pcdm.TextblockOnPage|Created from|3183,414,99,35 our|…
INFO|2017-08-18 10:36:02,096|classes.pcdm.TextblockOnPage|URI: https://fcrepo.lib.umd.edu/fcrepo/rest/annotations/53/a4/a4/1b/53a4a41b-419c-48b4-85cb-c409d38b1f57 / UUID: 53a4a41b-419c-48b4-85cb-c409d38b1f57
INFO|2017-08-18 10:36:02,110|classes.pcdm.TextblockOnPage|Updating from|3183,414,99,35 our|…
DEBUG|2017-08-18 10:36:02,110|classes.pcdm.Repository|PATCH https://fcrepo.lib.umd.edu/fcrepo/rest/tx:102ef838-65fd-4b31-8b36-06a145a59e35/annotations/53/a4/a4/1b/53a4a41b-419c-48b4-85cb-c409d38b1f57
DEBUG|2017-08-18 10:36:02,150|classes.pcdm.Repository|204 No Content
INFO|2017-08-18 10:36:02,150|classes.pcdm.TextblockOnPage|Updated from|3183,414,99,35 our|…
INFO|2017-08-18 10:36:02,165|classes.pcdm.TextblockOnPage|Creating Line”|3027,553,104,31 ed…...
DEBUG|2017-08-18 10:36:02,165|classes.pcdm.Repository|POST https://fcrepo.lib.umd.edu/fcrepo/rest/tx:102ef838-65fd-4b31-8b36-06a145a59e35/annotations
DEBUG|2017-08-18 10:36:02,203|classes.pcdm.Repository|201 Created
INFO|2017-08-18 10:36:02,203|classes.pcdm.TextblockOnPage|Created Line”|3027,553,104,31 ed…
INFO|2017-08-18 10:36:02,204|classes.pcdm.TextblockOnPage|URI: https://fcrepo.lib.umd.edu/fcrepo/rest/annotations/57/a6/c7/11/57a6c711-0adf-408a-b344-11a3821951f3 / UUID: 57a6c711-0adf-408a-b344-11a3821951f3
INFO|2017-08-18 10:36:02,212|classes.pcdm.TextblockOnPage|Updating Line”|3027,553,104,31 ed…
DEBUG|2017-08-18 10:36:02,212|classes.pcdm.Repository|PATCH https://fcrepo.lib.umd.edu/fcrepo/rest/tx:102ef838-65fd-4b31-8b36-06a145a59e35/annotations/57/a6/c7/11/57a6c711-0adf-408a-b344-11a3821951f3
DEBUG|2017-08-18 10:36:02,267|classes.pcdm.Repository|204 No Content
INFO|2017-08-18 10:36:02,268|classes.pcdm.TextblockOnPage|Updated Line”|3027,553,104,31 ed…
INFO|2017-08-18 10:36:02,268|classes.pcdm.Repository|Committing transaction https://fcrepo.lib.umd.edu/fcrepo/rest/tx:102ef838-65fd-4b31-8b36-06a145a59e35
DEBUG|2017-08-18 10:36:02,268|classes.pcdm.Repository|POST https://fcrepo.lib.umd.edu/fcrepo/rest/tx:102ef838-65fd-4b31-8b36-06a145a59e35/fcr:tx/fcr:commit
DEBUG|2017-08-18 10:46:02,403|classes.pcdm.Repository|502 Proxy Error
ERROR|2017-08-18 10:46:02,404|classes.pcdm.Repository|Failed to commit transaction https://fcrepo.lib.umd.edu/fcrepo/rest/tx:102ef838-65fd-4b31-8b36-06a145a59e35
ERROR|2017-08-18 10:46:02,404|__main__|OCR extraction failed: 502 Proxy Error
ERROR|2017-08-18 10:46:07,076|__main__|Unable to commit or rollback transaction, aborting
