ERROR 09:06:58.713 (ServerRuntime$Responder) An I/O error has occurred while writing a response message entity to the container output stream.
org.glassfish.jersey.server.internal.process.MappableException: ClientAbortException:  java.net.SocketException: Broken pipe
	at org.glassfish.jersey.server.internal.MappableExceptionWrapperInterceptor.aroundWriteTo(MappableExceptionWrapperInterceptor.java:91) ~[jersey-server-2.13.jar:na]
	at org.glassfish.jersey.message.internal.WriterInterceptorExecutor.proceed(WriterInterceptorExecutor.java:162) ~[jersey-common-2.13.jar:na]
	at org.glassfish.jersey.message.internal.MessageBodyFactory.writeTo(MessageBodyFactory.java:1154) ~[jersey-common-2.13.jar:na]
	at org.glassfish.jersey.server.ServerRuntime$Responder.writeResponse(ServerRuntime.java:621) [jersey-server-2.13.jar:na]
	at org.glassfish.jersey.server.ServerRuntime$Responder.processResponse(ServerRuntime.java:377) [jersey-server-2.13.jar:na]
	at org.glassfish.jersey.server.ServerRuntime$Responder.process(ServerRuntime.java:367) [jersey-server-2.13.jar:na]
	at org.glassfish.jersey.server.ServerRuntime$1.run(ServerRuntime.java:274) [jersey-server-2.13.jar:na]
	at org.glassfish.jersey.internal.Errors$1.call(Errors.java:271) [jersey-common-2.13.jar:na]
	at org.glassfish.jersey.internal.Errors$1.call(Errors.java:267) [jersey-common-2.13.jar:na]
	at org.glassfish.jersey.internal.Errors.process(Errors.java:315) [jersey-common-2.13.jar:na]
	at org.glassfish.jersey.internal.Errors.process(Errors.java:297) [jersey-common-2.13.jar:na]
	at org.glassfish.jersey.internal.Errors.process(Errors.java:267) [jersey-common-2.13.jar:na]
	at org.glassfish.jersey.process.internal.RequestScope.runInScope(RequestScope.java:297) [jersey-common-2.13.jar:na]
	at org.glassfish.jersey.server.ServerRuntime.process(ServerRuntime.java:254) [jersey-server-2.13.jar:na]
	at org.glassfish.jersey.server.ApplicationHandler.handle(ApplicationHandler.java:1030) [jersey-server-2.13.jar:na]
	at org.glassfish.jersey.servlet.WebComponent.service(WebComponent.java:373) [jersey-container-servlet-core-2.13.jar:na]
	at org.glassfish.jersey.servlet.ServletContainer.service(ServletContainer.java:381) [jersey-container-servlet-core-2.13.jar:na]
	at org.glassfish.jersey.servlet.ServletContainer.service(ServletContainer.java:344) [jersey-container-servlet-core-2.13.jar:na]
	at org.glassfish.jersey.servlet.ServletContainer.service(ServletContainer.java:221) [jersey-container-servlet-core-2.13.jar:na]
	at org.apache.catalina.core.ApplicationFilterChain.internalDoFilter(ApplicationFilterChain.java:303) [catalina-7.0.54.jar:7.0.54]
	at org.apache.catalina.core.ApplicationFilterChain.doFilter(ApplicationFilterChain.java:208) [catalina-7.0.54.jar:7.0.54]
	at org.apache.catalina.core.StandardWrapperValve.invoke(StandardWrapperValve.java:220) [catalina-7.0.54.jar:7.0.54]
	at org.apache.catalina.core.StandardContextValve.invoke(StandardContextValve.java:122) [catalina-7.0.54.jar:7.0.54]
	at org.apache.catalina.authenticator.AuthenticatorBase.invoke(AuthenticatorBase.java:610) [catalina-7.0.54.jar:7.0.54]
	at org.apache.catalina.core.StandardHostValve.invoke(StandardHostValve.java:171) [catalina-7.0.54.jar:7.0.54]
	at org.apache.catalina.valves.ErrorReportValve.invoke(ErrorReportValve.java:102) [catalina-7.0.54.jar:7.0.54]
	at org.apache.catalina.valves.AccessLogValve.invoke(AccessLogValve.java:950) [catalina-7.0.54.jar:7.0.54]
	at org.apache.catalina.core.StandardEngineValve.invoke(StandardEngineValve.java:116) [catalina-7.0.54.jar:7.0.54]
	at org.apache.catalina.connector.CoyoteAdapter.service(CoyoteAdapter.java:408) [catalina-7.0.54.jar:7.0.54]
	at org.apache.coyote.http11.AbstractHttp11Processor.process(AbstractHttp11Processor.java:1040) [tomcat-coyote-7.0.54.jar:7.0.54]
	at org.apache.coyote.AbstractProtocol$AbstractConnectionHandler.process(AbstractProtocol.java:607) [tomcat-coyote-7.0.54.jar:7.0.54]
	at org.apache.tomcat.util.net.JIoEndpoint$SocketProcessor.run(JIoEndpoint.java:314) [tomcat-coyote-7.0.54.jar:7.0.54]
	at java.util.concurrent.ThreadPoolExecutor.runWorker(ThreadPoolExecutor.java:1145) [na:1.7.0_65]
	at java.util.concurrent.ThreadPoolExecutor$Worker.run(ThreadPoolExecutor.java:615) [na:1.7.0_65]
	at org.apache.tomcat.util.threads.TaskThread$WrappingRunnable.run(TaskThread.java:61) [tomcat-coyote-7.0.54.jar:7.0.54]
	at java.lang.Thread.run(Thread.java:745) [na:1.7.0_65]
Caused by: org.apache.catalina.connector.ClientAbortException: null
	at org.apache.catalina.connector.OutputBuffer.realWriteBytes(OutputBuffer.java:413) ~[catalina-7.0.54.jar:7.0.54]
	at org.apache.tomcat.util.buf.ByteChunk.append(ByteChunk.java:342) ~[tomcat-coyote-7.0.54.jar:7.0.54]
	at org.apache.catalina.connector.OutputBuffer.writeBytes(OutputBuffer.java:438) ~[catalina-7.0.54.jar:7.0.54]
	at org.apache.catalina.connector.OutputBuffer.write(OutputBuffer.java:426) ~[catalina-7.0.54.jar:7.0.54]
	at org.apache.catalina.connector.CoyoteOutputStream.write(CoyoteOutputStream.java:91) ~[catalina-7.0.54.jar:7.0.54]
	at org.glassfish.jersey.servlet.internal.ResponseWriter$NonCloseableOutputStreamWrapper.write(ResponseWriter.java:298) ~[jersey-container-servlet-core-2.13.jar:na]
	at org.glassfish.jersey.message.internal.CommittingOutputStream.write(CommittingOutputStream.java:229) ~[jersey-common-2.13.jar:na]
	at org.glassfish.jersey.message.internal.WriterInterceptorExecutor$UnCloseableOutputStream.write(WriterInterceptorExecutor.java:299) ~[jersey-common-2.13.jar:na]
	at org.glassfish.jersey.message.internal.ReaderWriter.writeTo(ReaderWriter.java:114) ~[jersey-common-2.13.jar:na]
	at org.glassfish.jersey.message.internal.AbstractMessageReaderWriterProvider.writeTo(AbstractMessageReaderWriterProvider.java:77) ~[jersey-common-2.13.jar:na]
	at org.glassfish.jersey.message.internal.InputStreamProvider.writeTo(InputStreamProvider.java:105) ~[jersey-common-2.13.jar:na]
	at org.glassfish.jersey.message.internal.InputStreamProvider.writeTo(InputStreamProvider.java:60) ~[jersey-common-2.13.jar:na]
	at org.glassfish.jersey.message.internal.WriterInterceptorExecutor$TerminalWriterInterceptor.invokeWriteTo(WriterInterceptorExecutor.java:265) ~[jersey-common-2.13.jar:na]
	at org.glassfish.jersey.message.internal.WriterInterceptorExecutor$TerminalWriterInterceptor.aroundWriteTo(WriterInterceptorExecutor.java:250) ~[jersey-common-2.13.jar:na]
	at org.glassfish.jersey.message.internal.WriterInterceptorExecutor.proceed(WriterInterceptorExecutor.java:162) ~[jersey-common-2.13.jar:na]
	at org.glassfish.jersey.server.internal.JsonWithPaddingInterceptor.aroundWriteTo(JsonWithPaddingInterceptor.java:106) ~[jersey-server-2.13.jar:na]
	at org.glassfish.jersey.message.internal.WriterInterceptorExecutor.proceed(WriterInterceptorExecutor.java:162) ~[jersey-common-2.13.jar:na]
	at org.glassfish.jersey.server.internal.MappableExceptionWrapperInterceptor.aroundWriteTo(MappableExceptionWrapperInterceptor.java:85) ~[jersey-server-2.13.jar:na]
	... 35 common frames omitted
Caused by: java.net.SocketException: Broken pipe
	at java.net.SocketOutputStream.socketWrite0(Native Method) ~[na:1.7.0_65]
	at java.net.SocketOutputStream.socketWrite(SocketOutputStream.java:113) ~[na:1.7.0_65]
	at java.net.SocketOutputStream.write(SocketOutputStream.java:159) ~[na:1.7.0_65]
	at org.apache.coyote.http11.InternalOutputBuffer.realWriteBytes(InternalOutputBuffer.java:215) ~[tomcat-coyote-7.0.54.jar:7.0.54]
	at org.apache.tomcat.util.buf.ByteChunk.flushBuffer(ByteChunk.java:480) ~[tomcat-coyote-7.0.54.jar:7.0.54]
	at org.apache.tomcat.util.buf.ByteChunk.append(ByteChunk.java:366) ~[tomcat-coyote-7.0.54.jar:7.0.54]
	at org.apache.coyote.http11.InternalOutputBuffer$OutputStreamOutputBuffer.doWrite(InternalOutputBuffer.java:240) ~[tomcat-coyote-7.0.54.jar:7.0.54]
	at org.apache.coyote.http11.filters.IdentityOutputFilter.doWrite(IdentityOutputFilter.java:84) ~[tomcat-coyote-7.0.54.jar:7.0.54]
	at org.apache.coyote.http11.AbstractOutputBuffer.doWrite(AbstractOutputBuffer.java:192) ~[tomcat-coyote-7.0.54.jar:7.0.54]
	at org.apache.coyote.Response.doWrite(Response.java:520) ~[tomcat-coyote-7.0.54.jar:7.0.54]
	at org.apache.catalina.connector.OutputBuffer.realWriteBytes(OutputBuffer.java:408) ~[catalina-7.0.54.jar:7.0.54]
	... 52 common frames omitted
