OpenJDK 64-Bit Server VM (25.51-b03) for linux-amd64 JRE (1.8.0_51-b16), built on Sep  4 2015 04:10:54 by "mockbuild" with gcc 4.4.7 20120313 (Red Hat 4.4.7-16)
Memory: 4k page, physical 8062472k(918424k free), swap 0k(0k free)
CommandLine flags: -XX:+DisableExplicitGC -XX:InitialHeapSize=536870912 -XX:MaxHeapSize=2147483648 -XX:MaxMetaspaceSize=536870912 -XX:MaxNewSize=268435456 -XX:MetaspaceSize=67108864 -XX:NewSize=268435456 -XX:+PrintGC -XX:+PrintGCDateStamps -XX:+PrintGCDetails -XX:+PrintGCTimeStamps -XX:+UseCompressedClassPointers -XX:+UseCompressedOops -XX:+UseParallelGC 
2015-11-17T16:56:03.210-0600: 4.498: [GC (Allocation Failure) [PSYoungGen: 196608K->25116K(229376K)] 196608K->25124K(491520K), 0.0349029 secs] [Times: user=0.02 sys=0.00, real=0.03 secs] 
2015-11-17T16:56:03.975-0600: 5.263: [GC (Allocation Failure) [PSYoungGen: 221724K->21702K(229376K)] 221732K->21718K(491520K), 0.0303326 secs] [Times: user=0.03 sys=0.00, real=0.03 secs] 
2015-11-17T16:56:04.642-0600: 5.931: [GC (Allocation Failure) [PSYoungGen: 218310K->26431K(229376K)] 218326K->26455K(491520K), 0.0179598 secs] [Times: user=0.04 sys=0.00, real=0.02 secs] 
2015-11-17T16:56:05.246-0600: 6.535: [GC (Allocation Failure) [PSYoungGen: 223039K->29189K(229376K)] 223063K->29213K(491520K), 0.0175065 secs] [Times: user=0.03 sys=0.00, real=0.02 secs] 
2015-11-17T16:56:05.763-0600: 7.051: [GC (Allocation Failure) [PSYoungGen: 225797K->32765K(229376K)] 225821K->38506K(491520K), 0.0269433 secs] [Times: user=0.05 sys=0.00, real=0.03 secs] 
2015-11-17T16:56:06.293-0600: 7.581: [GC (Allocation Failure) [PSYoungGen: 229373K->32764K(209920K)] 235114K->43513K(472064K), 0.0319578 secs] [Times: user=0.06 sys=0.00, real=0.03 secs] 
2015-11-17T16:56:06.744-0600: 8.032: [GC (Allocation Failure) [PSYoungGen: 209916K->29954K(219648K)] 220665K->55648K(481792K), 0.0292673 secs] [Times: user=0.06 sys=0.00, real=0.03 secs] 
2015-11-17T16:56:10.247-0600: 11.536: [GC (Allocation Failure) [PSYoungGen: 207106K->18233K(219136K)] 232800K->49959K(481280K), 0.0146248 secs] [Times: user=0.03 sys=0.00, real=0.01 secs] 
2015-11-17T16:56:11.894-0600: 13.183: [GC (Allocation Failure) [PSYoungGen: 196409K->18043K(196608K)] 228135K->55019K(458752K), 0.0185587 secs] [Times: user=0.04 sys=0.00, real=0.02 secs] 
2015-11-17T16:56:13.915-0600: 15.204: [GC (Allocation Failure) [PSYoungGen: 196219K->24963K(220672K)] 233195K->65511K(482816K), 0.0322899 secs] [Times: user=0.06 sys=0.00, real=0.04 secs] 
2015-11-17T16:56:22.637-0600: 23.925: [GC (Allocation Failure) [PSYoungGen: 203139K->30636K(219648K)] 243687K->85815K(481792K), 0.0447107 secs] [Times: user=0.06 sys=0.00, real=0.05 secs] 
2015-11-17T16:56:23.361-0600: 24.649: [GC (Allocation Failure) [PSYoungGen: 208812K->25234K(221696K)] 263991K->102674K(483840K), 0.0498268 secs] [Times: user=0.05 sys=0.01, real=0.05 secs] 
2015-11-17T16:56:23.753-0600: 25.041: [GC (Allocation Failure) [PSYoungGen: 205458K->25997K(220672K)] 282898K->107997K(482816K), 0.0190447 secs] [Times: user=0.04 sys=0.00, real=0.02 secs] 
2015-11-17T16:56:24.104-0600: 25.392: [GC (Allocation Failure) [PSYoungGen: 206221K->26174K(224256K)] 288221K->108963K(486400K), 0.0110846 secs] [Times: user=0.01 sys=0.00, real=0.01 secs] 
2015-11-17T16:56:24.490-0600: 25.778: [GC (Allocation Failure) [PSYoungGen: 211518K->26766K(223232K)] 294307K->110084K(485376K), 0.0113768 secs] [Times: user=0.01 sys=0.00, real=0.01 secs] 
2015-11-17T16:57:56.279-0600: 117.567: [GC (Allocation Failure) [PSYoungGen: 212110K->20723K(224256K)] 295428K->105103K(486400K), 0.0182939 secs] [Times: user=0.04 sys=0.00, real=0.02 secs] 
2015-11-17T16:57:58.725-0600: 120.013: [GC (Metadata GC Threshold) [PSYoungGen: 148482K->2996K(190464K)] 232862K->93453K(452608K), 0.0134401 secs] [Times: user=0.03 sys=0.00, real=0.01 secs] 
2015-11-17T16:57:58.738-0600: 120.026: [Full GC (Metadata GC Threshold) [PSYoungGen: 2996K->0K(190464K)] [ParOldGen: 90456K->77707K(311808K)] 93453K->77707K(502272K), [Metaspace: 63047K->61944K(1107968K)], 0.2827854 secs] [Times: user=0.44 sys=0.00, real=0.28 secs] 
2015-11-17T16:58:01.756-0600: 123.045: [GC (Allocation Failure) [PSYoungGen: 187392K->2528K(218112K)] 265099K->80243K(529920K), 0.0055990 secs] [Times: user=0.01 sys=0.00, real=0.00 secs] 
2015-11-17T16:58:04.512-0600: 125.800: [GC (Allocation Failure) [PSYoungGen: 180704K->2464K(180736K)] 258419K->82499K(492544K), 0.0131671 secs] [Times: user=0.03 sys=0.00, real=0.02 secs] 
2015-11-17T16:58:07.190-0600: 128.478: [GC (Allocation Failure) [PSYoungGen: 180640K->2496K(217600K)] 260675K->84795K(529408K), 0.0118108 secs] [Times: user=0.03 sys=0.00, real=0.01 secs] 
2015-11-17T16:58:09.758-0600: 131.046: [GC (Allocation Failure) [PSYoungGen: 176576K->2464K(218112K)] 258875K->87107K(529920K), 0.0086663 secs] [Times: user=0.02 sys=0.00, real=0.01 secs] 
2015-11-17T16:58:12.158-0600: 133.446: [GC (Allocation Failure) [PSYoungGen: 176544K->2752K(218624K)] 261187K->89739K(530432K), 0.0137794 secs] [Times: user=0.03 sys=0.00, real=0.01 secs] 
2015-11-17T16:58:14.825-0600: 136.113: [GC (Allocation Failure) [PSYoungGen: 177344K->2656K(218112K)] 264331K->92256K(529920K), 0.0082284 secs] [Times: user=0.01 sys=0.00, real=0.01 secs] 
2015-11-17T16:58:17.519-0600: 138.807: [GC (Allocation Failure) [PSYoungGen: 177248K->2688K(220160K)] 266848K->94774K(531968K), 0.0081694 secs] [Times: user=0.02 sys=0.00, real=0.01 secs] 
2015-11-17T16:58:20.138-0600: 141.427: [GC (Allocation Failure) [PSYoungGen: 179840K->2816K(219136K)] 271926K->97422K(530944K), 0.0148513 secs] [Times: user=0.01 sys=0.00, real=0.01 secs] 
2015-11-17T16:58:22.694-0600: 143.982: [GC (Allocation Failure) [PSYoungGen: 179968K->2848K(222720K)] 274574K->100102K(534528K), 0.0088300 secs] [Times: user=0.01 sys=0.00, real=0.01 secs] 
2015-11-17T16:58:23.166-0600: 144.454: [GC (Metadata GC Threshold) [PSYoungGen: 39196K->640K(221184K)] 136450K->100646K(532992K), 0.0096739 secs] [Times: user=0.01 sys=0.01, real=0.01 secs] 
2015-11-17T16:58:23.176-0600: 144.464: [Full GC (Metadata GC Threshold) [PSYoungGen: 640K->0K(221184K)] [ParOldGen: 100006K->90135K(415232K)] 100646K->90135K(636416K), [Metaspace: 82047K->63564K(1136640K)], 0.3018203 secs] [Times: user=0.42 sys=0.00, real=0.30 secs] 
2015-11-17T16:58:26.231-0600: 147.520: [GC (Allocation Failure) [PSYoungGen: 181760K->2816K(225280K)] 271895K->92959K(640512K), 0.0067559 secs] [Times: user=0.01 sys=0.00, real=0.01 secs] 
2015-11-17T16:58:28.939-0600: 150.228: [GC (Allocation Failure) [PSYoungGen: 189696K->2912K(223744K)] 279839K->95767K(638976K), 0.0087149 secs] [Times: user=0.01 sys=0.00, real=0.01 secs] 
2015-11-17T16:58:31.644-0600: 152.932: [GC (Allocation Failure) [PSYoungGen: 189792K->5792K(229376K)] 282647K->98647K(644608K), 0.0084777 secs] [Times: user=0.01 sys=0.00, real=0.01 secs] 
2015-11-17T16:58:34.412-0600: 155.700: [GC (Allocation Failure) [PSYoungGen: 199840K->8576K(226816K)] 292695K->101431K(642048K), 0.0200309 secs] [Times: user=0.02 sys=0.00, real=0.02 secs] 
2015-11-17T16:58:37.318-0600: 158.606: [GC (Allocation Failure) [PSYoungGen: 202624K->11264K(232448K)] 295479K->104127K(647680K), 0.0162941 secs] [Times: user=0.03 sys=0.00, real=0.02 secs] 
2015-11-17T16:58:39.951-0600: 161.240: [GC (Allocation Failure) [PSYoungGen: 212992K->13760K(231424K)] 305855K->106623K(646656K), 0.0154327 secs] [Times: user=0.03 sys=0.00, real=0.01 secs] 
2015-11-17T16:58:43.713-0600: 165.001: [GC (Allocation Failure) [PSYoungGen: 215488K->16256K(230912K)] 308351K->109127K(646144K), 0.0202812 secs] [Times: user=0.04 sys=0.00, real=0.02 secs] 
2015-11-17T16:58:46.462-0600: 167.751: [GC (Allocation Failure) [PSYoungGen: 217984K->18880K(220672K)] 310855K->111759K(635904K), 0.0206123 secs] [Times: user=0.04 sys=0.00, real=0.02 secs] 
2015-11-17T16:58:49.275-0600: 170.563: [GC (Allocation Failure) [PSYoungGen: 220608K->21408K(226816K)] 313487K->114295K(642048K), 0.0224551 secs] [Times: user=0.04 sys=0.00, real=0.02 secs] 
2015-11-17T16:58:51.984-0600: 173.272: [GC (Allocation Failure) [PSYoungGen: 216992K->23968K(219648K)] 309879K->116855K(634880K), 0.0350567 secs] [Times: user=0.05 sys=0.00, real=0.03 secs] 
2015-11-17T16:58:54.678-0600: 175.966: [GC (Allocation Failure) [PSYoungGen: 219552K->21344K(225280K)] 312439K->119271K(640512K), 0.0323289 secs] [Times: user=0.05 sys=0.00, real=0.03 secs] 
2015-11-17T16:58:57.073-0600: 178.361: [GC (Allocation Failure) [PSYoungGen: 210784K->18592K(225792K)] 308711K->121666K(641024K), 0.0248378 secs] [Times: user=0.05 sys=0.00, real=0.03 secs] 
2015-11-17T16:58:59.729-0600: 181.017: [GC (Allocation Failure) [PSYoungGen: 208032K->16160K(227840K)] 311106K->124164K(643072K), 0.0631629 secs] [Times: user=0.08 sys=0.04, real=0.06 secs] 
2015-11-17T16:59:02.325-0600: 183.614: [GC (Allocation Failure) [PSYoungGen: 208160K->13312K(226304K)] 316164K->126636K(641536K), 0.0590075 secs] [Times: user=0.03 sys=0.03, real=0.06 secs] 
2015-11-17T16:59:05.272-0600: 186.560: [GC (Allocation Failure) [PSYoungGen: 205312K->10592K(230400K)] 318636K->129193K(645632K), 0.0184390 secs] [Times: user=0.03 sys=0.00, real=0.02 secs] 
2015-11-17T16:59:08.278-0600: 189.566: [GC (Allocation Failure) [PSYoungGen: 208224K->8544K(229376K)] 326825K->132114K(644608K), 0.0237467 secs] [Times: user=0.03 sys=0.00, real=0.02 secs] 
2015-11-17T16:59:11.300-0600: 192.588: [GC (Allocation Failure) [PSYoungGen: 206176K->6592K(231936K)] 329746K->135356K(647168K), 0.0349438 secs] [Times: user=0.03 sys=0.04, real=0.04 secs] 
2015-11-17T17:00:26.458-0600: 267.746: [GC (Allocation Failure) [PSYoungGen: 207808K->288K(231424K)] 336572K->134348K(646656K), 0.0523466 secs] [Times: user=0.01 sys=0.05, real=0.05 secs] 
2015-11-17T17:01:34.650-0600: 335.938: [GC (Metadata GC Threshold) [PSYoungGen: 173091K->96K(231424K)] 307151K->134436K(646656K), 0.0048282 secs] [Times: user=0.01 sys=0.00, real=0.00 secs] 
2015-11-17T17:01:34.655-0600: 335.943: [Full GC (Metadata GC Threshold) [PSYoungGen: 96K->0K(231424K)] [ParOldGen: 134340K->97472K(507904K)] 134436K->97472K(739328K), [Metaspace: 104376K->64567K(1140736K)], 0.3744330 secs] [Times: user=0.66 sys=0.00, real=0.38 secs] 
2015-11-17T17:02:54.551-0600: 415.839: [GC (Allocation Failure) [PSYoungGen: 200704K->64K(231424K)] 298176K->97544K(739328K), 0.0030795 secs] [Times: user=0.00 sys=0.00, real=0.00 secs] 
2015-11-17T17:04:14.659-0600: 495.947: [GC (Allocation Failure) [PSYoungGen: 200768K->64K(231936K)] 298248K->97560K(739840K), 0.0027214 secs] [Times: user=0.00 sys=0.00, real=0.01 secs] 
2015-11-17T17:05:39.009-0600: 580.298: [GC (Allocation Failure) [PSYoungGen: 201280K->64K(231424K)] 298776K->97560K(739328K), 0.0026328 secs] [Times: user=0.01 sys=0.00, real=0.00 secs] 
2015-11-17T17:06:58.685-0600: 659.974: [GC (Allocation Failure) [PSYoungGen: 201280K->64K(233984K)] 298776K->97560K(741888K), 0.0026143 secs] [Times: user=0.00 sys=0.00, real=0.01 secs] 
2015-11-17T17:08:19.630-0600: 740.918: [GC (Allocation Failure) [PSYoungGen: 204864K->32K(232960K)] 302360K->97528K(740864K), 0.0027831 secs] [Times: user=0.00 sys=0.00, real=0.00 secs] 
2015-11-17T17:09:45.719-0600: 827.007: [GC (Allocation Failure) [PSYoungGen: 204832K->64K(236032K)] 302328K->97560K(743936K), 0.0026685 secs] [Times: user=0.00 sys=0.00, real=0.01 secs] 
2015-11-17T17:11:10.754-0600: 912.042: [GC (Allocation Failure) [PSYoungGen: 208448K->32K(234496K)] 305944K->97536K(742400K), 0.0037031 secs] [Times: user=0.00 sys=0.00, real=0.00 secs] 
