OpenJDK 64-Bit Server VM (25.65-b01) for linux-amd64 JRE (1.8.0_65-b17), built on Oct 15 2015 01:21:06 by "mockbuild" with gcc 4.4.7 20120313 (Red Hat 4.4.7-16)
Memory: 4k page, physical 8062472k(811624k free), swap 0k(0k free)
CommandLine flags: -XX:+DisableExplicitGC -XX:InitialHeapSize=536870912 -XX:MaxHeapSize=6442450944 -XX:MaxMetaspaceSize=536870912 -XX:MaxNewSize=268435456 -XX:MetaspaceSize=67108864 -XX:NewSize=268435456 -XX:+PrintGC -XX:+PrintGCDateStamps -XX:+PrintGCDetails -XX:+PrintGCTimeStamps -XX:+UseCompressedClassPointers -XX:+UseCompressedOops -XX:+UseParallelGC 
2015-11-18T09:52:49.979-0600: 4.527: [GC (Allocation Failure) [PSYoungGen: 196608K->26375K(229376K)] 196608K->26455K(491520K), 0.0169352 secs] [Times: user=0.03 sys=0.00, real=0.02 secs] 
2015-11-18T09:52:50.701-0600: 5.248: [GC (Allocation Failure) [PSYoungGen: 222983K->23968K(229376K)] 223063K->24048K(491520K), 0.0181666 secs] [Times: user=0.02 sys=0.00, real=0.01 secs] 
2015-11-18T09:52:51.349-0600: 5.897: [GC (Allocation Failure) [PSYoungGen: 220576K->25970K(229376K)] 220656K->26050K(491520K), 0.0154179 secs] [Times: user=0.03 sys=0.00, real=0.02 secs] 
2015-11-18T09:52:51.889-0600: 6.436: [GC (Allocation Failure) [PSYoungGen: 222578K->27463K(229376K)] 222658K->27543K(491520K), 0.0312704 secs] [Times: user=0.06 sys=0.01, real=0.03 secs] 
2015-11-18T09:52:52.431-0600: 6.979: [GC (Allocation Failure) [PSYoungGen: 224071K->32758K(229376K)] 224151K->35113K(491520K), 0.0356597 secs] [Times: user=0.06 sys=0.00, real=0.03 secs] 
2015-11-18T09:52:52.980-0600: 7.527: [GC (Allocation Failure) [PSYoungGen: 229366K->32743K(216064K)] 231721K->41336K(478208K), 0.0274141 secs] [Times: user=0.05 sys=0.00, real=0.03 secs] 
2015-11-18T09:52:54.195-0600: 8.743: [GC (Allocation Failure) [PSYoungGen: 216039K->20022K(203776K)] 224632K->40353K(465920K), 0.0260831 secs] [Times: user=0.02 sys=0.00, real=0.03 secs] 
2015-11-18T09:52:57.500-0600: 12.048: [GC (Allocation Failure) [PSYoungGen: 203318K->20135K(221696K)] 223649K->46281K(483840K), 0.0186923 secs] [Times: user=0.03 sys=0.00, real=0.01 secs] 
2015-11-18T09:52:59.120-0600: 13.668: [GC (Allocation Failure) [PSYoungGen: 201383K->19472K(221696K)] 227529K->51716K(483840K), 0.0258532 secs] [Times: user=0.05 sys=0.00, real=0.03 secs] 
2015-11-18T09:53:00.986-0600: 15.533: [GC (Allocation Failure) [PSYoungGen: 200720K->23005K(222208K)] 232964K->59315K(484352K), 0.0417199 secs] [Times: user=0.04 sys=0.00, real=0.04 secs] 
2015-11-18T09:53:02.619-0600: 17.166: [GC (Allocation Failure) [PSYoungGen: 204765K->33934K(216064K)] 241075K->85447K(478208K), 0.0582399 secs] [Times: user=0.07 sys=0.00, real=0.06 secs] 
2015-11-18T09:53:03.231-0600: 17.779: [GC (Allocation Failure) [PSYoungGen: 215694K->25783K(222208K)] 267207K->102972K(484352K), 0.0365122 secs] [Times: user=0.06 sys=0.00, real=0.04 secs] 
2015-11-18T09:53:03.662-0600: 18.209: [GC (Allocation Failure) [PSYoungGen: 206519K->26540K(220672K)] 283708K->104340K(482816K), 0.0110576 secs] [Times: user=0.02 sys=0.00, real=0.01 secs] 
2015-11-18T09:53:04.080-0600: 18.628: [GC (Allocation Failure) [PSYoungGen: 207276K->26052K(224256K)] 285076K->104383K(486400K), 0.0116331 secs] [Times: user=0.02 sys=0.00, real=0.02 secs] 
2015-11-18T09:53:04.449-0600: 18.996: [GC (Allocation Failure) [PSYoungGen: 211396K->27368K(223232K)] 289727K->106781K(485376K), 0.0116934 secs] [Times: user=0.03 sys=0.00, real=0.01 secs] 
2015-11-18T09:53:31.448-0600: 45.996: [GC (Allocation Failure) [PSYoungGen: 212712K->14386K(223232K)] 292125K->94371K(485376K), 0.0116190 secs] [Times: user=0.02 sys=0.00, real=0.01 secs] 
2015-11-18T09:53:32.678-0600: 47.225: [GC (Metadata GC Threshold) [PSYoungGen: 79482K->2112K(188928K)] 159467K->87694K(451072K), 0.0101812 secs] [Times: user=0.01 sys=0.01, real=0.01 secs] 
2015-11-18T09:53:32.688-0600: 47.236: [Full GC (Metadata GC Threshold) [PSYoungGen: 2112K->0K(188928K)] [ParOldGen: 85582K->76561K(333312K)] 87694K->76561K(522240K), [Metaspace: 63066K->61992K(1107968K)], 0.2581679 secs] [Times: user=0.46 sys=0.00, real=0.26 secs] 
2015-11-18T09:53:36.513-0600: 51.061: [GC (Allocation Failure) [PSYoungGen: 186368K->2304K(218112K)] 262929K->78873K(551424K), 0.0089548 secs] [Times: user=0.02 sys=0.00, real=0.01 secs] 
2015-11-18T09:53:39.318-0600: 53.866: [GC (Allocation Failure) [PSYoungGen: 179456K->2144K(179712K)] 256025K->80857K(513024K), 0.0122386 secs] [Times: user=0.03 sys=0.00, real=0.01 secs] 
2015-11-18T09:53:42.374-0600: 56.922: [GC (Allocation Failure) [PSYoungGen: 179058K->2400K(217600K)] 257771K->83177K(550912K), 0.0073839 secs] [Times: user=0.01 sys=0.00, real=0.01 secs] 
2015-11-18T09:53:44.995-0600: 59.543: [GC (Allocation Failure) [PSYoungGen: 176480K->2352K(218112K)] 257257K->85370K(551424K), 0.0093107 secs] [Times: user=0.01 sys=0.00, real=0.01 secs] 
2015-11-18T09:53:47.743-0600: 62.291: [GC (Allocation Failure) [PSYoungGen: 176432K->2608K(218624K)] 259450K->87835K(551936K), 0.0149533 secs] [Times: user=0.02 sys=0.00, real=0.02 secs] 
2015-11-18T09:53:50.394-0600: 64.942: [GC (Allocation Failure) [PSYoungGen: 177200K->2432K(218112K)] 262427K->90106K(551424K), 0.0130375 secs] [Times: user=0.02 sys=0.00, real=0.01 secs] 
2015-11-18T09:53:53.240-0600: 67.787: [GC (Allocation Failure) [PSYoungGen: 177024K->2464K(220672K)] 264698K->92408K(553984K), 0.0076562 secs] [Times: user=0.01 sys=0.00, real=0.00 secs] 
2015-11-18T09:53:56.042-0600: 70.590: [GC (Allocation Failure) [PSYoungGen: 180640K->2528K(219648K)] 270584K->94800K(552960K), 0.0143794 secs] [Times: user=0.01 sys=0.00, real=0.01 secs] 
2015-11-18T09:53:59.056-0600: 73.603: [GC (Allocation Failure) [PSYoungGen: 180704K->2560K(223232K)] 272976K->97256K(556544K), 0.0165873 secs] [Times: user=0.04 sys=0.00, real=0.02 secs] 
2015-11-18T09:54:00.230-0600: 74.778: [GC (Metadata GC Threshold) [PSYoungGen: 74546K->1216K(221696K)] 169243K->98368K(555008K), 0.0071246 secs] [Times: user=0.01 sys=0.00, real=0.00 secs] 
2015-11-18T09:54:00.238-0600: 74.785: [Full GC (Metadata GC Threshold) [PSYoungGen: 1216K->0K(221696K)] [ParOldGen: 97152K->90868K(468480K)] 98368K->90868K(690176K), [Metaspace: 82205K->63809K(1136640K)], 0.2137119 secs] [Times: user=0.38 sys=0.00, real=0.22 secs] 
2015-11-18T09:54:04.230-0600: 78.778: [GC (Allocation Failure) [PSYoungGen: 182784K->2656K(225792K)] 273652K->93524K(694272K), 0.0102660 secs] [Times: user=0.01 sys=0.00, real=0.01 secs] 
2015-11-18T09:54:08.057-0600: 82.604: [GC (Allocation Failure) [PSYoungGen: 190560K->5088K(224256K)] 281428K->95964K(692736K), 0.0143027 secs] [Times: user=0.01 sys=0.00, real=0.01 secs] 
2015-11-18T09:54:11.339-0600: 85.887: [GC (Allocation Failure) [PSYoungGen: 192992K->7584K(230400K)] 283868K->98460K(698880K), 0.0103030 secs] [Times: user=0.02 sys=0.00, real=0.01 secs] 
2015-11-18T09:54:14.600-0600: 89.148: [GC (Allocation Failure) [PSYoungGen: 203680K->10016K(227840K)] 294556K->100892K(696320K), 0.0153604 secs] [Times: user=0.03 sys=0.00, real=0.02 secs] 
2015-11-18T09:54:17.597-0600: 92.145: [GC (Allocation Failure) [PSYoungGen: 206112K->12448K(232960K)] 296988K->103332K(701440K), 0.0153058 secs] [Times: user=0.03 sys=0.00, real=0.01 secs] 
2015-11-18T09:54:20.448-0600: 94.996: [GC (Allocation Failure) [PSYoungGen: 215200K->14816K(231936K)] 306084K->105700K(700416K), 0.0175987 secs] [Times: user=0.04 sys=0.00, real=0.02 secs] 
2015-11-18T09:54:23.386-0600: 97.934: [GC (Allocation Failure) [PSYoungGen: 217568K->17184K(231424K)] 308452K->108068K(699904K), 0.0198300 secs] [Times: user=0.04 sys=0.00, real=0.02 secs] 
2015-11-18T09:54:26.475-0600: 101.023: [GC (Allocation Failure) [PSYoungGen: 218912K->19648K(221696K)] 309796K->110540K(690176K), 0.0225309 secs] [Times: user=0.04 sys=0.00, real=0.02 secs] 
2015-11-18T09:54:29.617-0600: 104.164: [GC (Allocation Failure) [PSYoungGen: 221376K->22016K(226304K)] 312268K->112908K(694784K), 0.0315174 secs] [Times: user=0.04 sys=0.00, real=0.03 secs] 
2015-11-18T09:54:32.737-0600: 107.285: [GC (Allocation Failure) [PSYoungGen: 216576K->22208K(217088K)] 307468K->115316K(685568K), 0.0455620 secs] [Times: user=0.05 sys=0.00, real=0.04 secs] 
2015-11-18T09:54:35.656-0600: 110.203: [GC (Allocation Failure) [PSYoungGen: 216768K->19936K(225792K)] 309876K->117684K(694272K), 0.0316819 secs] [Times: user=0.06 sys=0.00, real=0.03 secs] 
2015-11-18T09:54:38.868-0600: 113.415: [GC (Allocation Failure) [PSYoungGen: 210400K->17440K(226304K)] 308148K->120012K(694784K), 0.0250492 secs] [Times: user=0.04 sys=0.00, real=0.02 secs] 
2015-11-18T09:54:41.663-0600: 116.211: [GC (Allocation Failure) [PSYoungGen: 207904K->15136K(228864K)] 310476K->122370K(697344K), 0.0260910 secs] [Times: user=0.05 sys=0.00, real=0.03 secs] 
2015-11-18T09:54:44.530-0600: 119.077: [GC (Allocation Failure) [PSYoungGen: 209184K->12384K(227328K)] 316418K->124578K(695808K), 0.0208403 secs] [Times: user=0.03 sys=0.01, real=0.02 secs] 
2015-11-18T09:54:47.557-0600: 122.104: [GC (Allocation Failure) [PSYoungGen: 206432K->9952K(231424K)] 318626K->126982K(699904K), 0.0192930 secs] [Times: user=0.03 sys=0.00, real=0.02 secs] 
2015-11-18T09:54:51.115-0600: 125.663: [GC (Allocation Failure) [PSYoungGen: 209632K->8160K(230400K)] 326662K->129770K(698880K), 0.0189411 secs] [Times: user=0.03 sys=0.00, real=0.02 secs] 
2015-11-18T09:54:54.527-0600: 129.074: [GC (Allocation Failure) [PSYoungGen: 207840K->6016K(232448K)] 329450K->132573K(700928K), 0.0202895 secs] [Times: user=0.04 sys=0.01, real=0.02 secs] 
2015-11-18T09:54:55.160-0600: 129.707: [GC (Metadata GC Threshold) [PSYoungGen: 33889K->3712K(232448K)] 160446K->133157K(700928K), 0.0110716 secs] [Times: user=0.02 sys=0.00, real=0.01 secs] 
2015-11-18T09:54:55.171-0600: 129.719: [Full GC (Metadata GC Threshold) [PSYoungGen: 3712K->0K(232448K)] [ParOldGen: 129445K->117533K(587776K)] 133157K->117533K(820224K), [Metaspace: 104519K->64796K(1144832K)], 0.4435125 secs] [Times: user=0.80 sys=0.01, real=0.44 secs] 
2015-11-18T09:55:53.794-0600: 188.341: [GC (Allocation Failure) [PSYoungGen: 202752K->1088K(232960K)] 320285K->118621K(820736K), 0.0049801 secs] [Times: user=0.01 sys=0.00, real=0.01 secs] 
2015-11-18T09:57:14.489-0600: 269.036: [GC (Allocation Failure) [PSYoungGen: 204864K->64K(232960K)] 322397K->118525K(820736K), 0.0070239 secs] [Times: user=0.01 sys=0.00, real=0.01 secs] 
2015-11-18T09:58:34.410-0600: 348.957: [GC (Allocation Failure) [PSYoungGen: 203840K->80K(233472K)] 322301K->118541K(821248K), 0.0037401 secs] [Times: user=0.01 sys=0.00, real=0.01 secs] 
