# /usr/local/fedora/tomcat/bin/catalina.sh run                                                                                                                  [0.20 0.18 - 25% 0%]
Using CATALINA_BASE:   /usr/local/fedora/tomcat
Using CATALINA_HOME:   /usr/local/fedora/tomcat
Using CATALINA_TMPDIR: /usr/local/fedora/tomcat/temp
Using JRE_HOME:       /usr/java/default
10 mars 2011 16:57:20 org.apache.catalina.core.AprLifecycleListener init
INFO: The APR based Apache Tomcat Native library which allows optimal performance in production environments was not found on the java.library.path: /usr/java/jdk1.6.0_23/jre/lib/i386/server:/usr/java/jdk1.6.0_23/jre/lib/i386:/usr/java/jdk1.6.0_23/jre/../lib/i386:/usr/java/packages/lib/i386:/lib:/usr/lib
10 mars 2011 16:57:20 org.apache.coyote.http11.Http11Protocol init
INFO: Initialisation de Coyote HTTP/1.1 sur http-8080
10 mars 2011 16:57:20 org.apache.catalina.startup.Catalina load
INFO: Initialization processed in 411 ms
10 mars 2011 16:57:20 org.apache.catalina.core.StandardService start
INFO: Démarrage du service Catalina
10 mars 2011 16:57:20 org.apache.catalina.core.StandardEngine start
INFO: Starting Servlet Engine: Apache Tomcat/6.0.20
10 mars 2011 16:57:20 org.apache.catalina.startup.HostConfig deployWAR
INFO: Déploiement de l'archive fedora.war de l'application web

**************************
** FEDORA STARTUP ERROR **
**************************

Fedora startup failed
org.fcrepo.server.errors.ServerInitializationException: Failed to ingest system object(s)
        at org.fcrepo.server.BasicServer.postInitServer(BasicServer.java:105)
        at org.fcrepo.server.Server.<init>(Server.java:638)
        at org.fcrepo.server.BasicServer.<init>(BasicServer.java:41)
        at sun.reflect.NativeConstructorAccessorImpl.newInstance0(Native Method)
        at sun.reflect.NativeConstructorAccessorImpl.newInstance(NativeConstructorAccessorImpl.java:39)
        at sun.reflect.DelegatingConstructorAccessorImpl.newInstance(DelegatingConstructorAccessorImpl.java:27)
        at java.lang.reflect.Constructor.newInstance(Constructor.java:513)
        at org.fcrepo.server.Server.getInstance(Server.java:1001)
        at org.fcrepo.server.ServerController.init(ServerController.java:402)
        at javax.servlet.GenericServlet.init(GenericServlet.java:212)
        at org.apache.catalina.core.StandardWrapper.loadServlet(StandardWrapper.java:1173)
        at org.apache.catalina.core.StandardWrapper.load(StandardWrapper.java:993)
        at org.apache.catalina.core.StandardContext.loadOnStartup(StandardContext.java:4149)
        at org.apache.catalina.core.StandardContext.start(StandardContext.java:4458)
        at org.apache.catalina.core.ContainerBase.addChildInternal(ContainerBase.java:791)
        at org.apache.catalina.core.ContainerBase.addChild(ContainerBase.java:771)
        at org.apache.catalina.core.StandardHost.addChild(StandardHost.java:526)
        at org.apache.catalina.startup.HostConfig.deployWAR(HostConfig.java:850)
        at org.apache.catalina.startup.HostConfig.deployWARs(HostConfig.java:724)
        at org.apache.catalina.startup.HostConfig.deployApps(HostConfig.java:493)
        at org.apache.catalina.startup.HostConfig.start(HostConfig.java:1206)
        at org.apache.catalina.startup.HostConfig.lifecycleEvent(HostConfig.java:314)
        at org.apache.catalina.util.LifecycleSupport.fireLifecycleEvent(LifecycleSupport.java:119)
        at org.apache.catalina.core.ContainerBase.start(ContainerBase.java:1053)
        at org.apache.catalina.core.StandardHost.start(StandardHost.java:722)
        at org.apache.catalina.core.ContainerBase.start(ContainerBase.java:1045)
        at org.apache.catalina.core.StandardEngine.start(StandardEngine.java:443)
        at org.apache.catalina.core.StandardService.start(StandardService.java:516)
        at org.apache.catalina.core.StandardServer.start(StandardServer.java:710)
        at org.apache.catalina.startup.Catalina.start(Catalina.java:583)
        at sun.reflect.NativeMethodAccessorImpl.invoke0(Native Method)
        at sun.reflect.NativeMethodAccessorImpl.invoke(NativeMethodAccessorImpl.java:39)
        at sun.reflect.DelegatingMethodAccessorImpl.invoke(DelegatingMethodAccessorImpl.java:25)
        at java.lang.reflect.Method.invoke(Method.java:597)
        at org.apache.catalina.startup.Bootstrap.start(Bootstrap.java:288)
        at org.apache.catalina.startup.Bootstrap.main(Bootstrap.java:413)
Caused by: org.fcrepo.server.errors.LowlevelStorageException: file /usr/local/fedora-3.4.2/data/objects/2010/1005/15/54/fedora-system_ContentModel-3.0doesn't exist for reading
        at org.fcrepo.server.storage.lowlevel.GenericFileSystem.read(GenericFileSystem.java:183)
        at org.fcrepo.server.storage.lowlevel.DefaultLowlevelStorage$Store.retrieve(DefaultLowlevelStorage.java:324)
        at org.fcrepo.server.storage.lowlevel.DefaultLowlevelStorage.retrieveObject(DefaultLowlevelStorage.java:84)
        at org.fcrepo.server.storage.lowlevel.DefaultLowlevelStorageModule.retrieveObject(DefaultLowlevelStorageModule.java:133)
        at org.fcrepo.server.storage.DefaultDOManager.getWriter(DefaultDOManager.java:722)
        at org.fcrepo.server.BasicServer.preIngestIfNeeded(BasicServer.java:137)
        at org.fcrepo.server.BasicServer.postInitServer(BasicServer.java:100)
        ... 35 more

10 mars 2011 16:57:36 org.apache.coyote.http11.Http11Protocol start
INFO: Démarrage de Coyote HTTP/1.1 sur http-8080
10 mars 2011 16:57:36 org.apache.jk.common.ChannelSocket init
INFO: JK: ajp13 listening on /0.0.0.0:8009
10 mars 2011 16:57:36 org.apache.jk.server.JkMain start
INFO: Jk running ID=0 time=0/76  config=null
10 mars 2011 16:57:36 org.apache.catalina.startup.Catalina start
INFO: Server startup in 15906 ms
^
