2018-01-11 22:48:20,596 | INFO  | Consumer[fedora] | SolrRouter                       | 245 - org.fcrepo.camel.fcrepo-indexing-solr - 4.7.2 | Indexing Solr Object info:fedora/TRX_OFFLINE/TEST_00000000041
2018-01-11 22:48:20,597 | INFO  | Consumer[fedora] | SolrRouter                       | 245 - org.fcrepo.camel.fcrepo-indexing-solr - 4.7.2 | Fetching external LDPath program from http://172.17.0.2/post.txt
2018-01-11 22:48:30,676 | INFO  | Consumer[fedora] | FcrepoSolrTransform              | 58 - org.apache.camel.camel-core - 2.18.0 | Index Routing Error: FcrepoSolrTransform
2018-01-11 22:48:30,678 | ERROR | Consumer[fedora] | DefaultErrorHandler              | 58 - org.apache.camel.camel-core - 2.18.0 | Failed delivery for (MessageId: ID-c2a965ab00a6-44797-1515708759116-6-31 on ExchangeId: ID-c2a965ab00a6-44797-1515708759116-6-30). Exhausted after delivery attempt: 11 caught: org.apache.camel.http.common.HttpOperationFailedException: HTTP operation failed invoking http://172.17.0.2:9086/ldpath?context=info:fedora/TRX_OFFLINE/TEST_00000000041 with statusCode: 400. Processed by failure processor: FatalFallbackErrorHandler[Channel[Log(FcrepoSolrTransform)[Index Routing Error: ${routeId}]]]

Message History
---------------------------------------------------------------------------------------------------------------------------------------
RouteId              ProcessorId          Processor                                                                        Elapsed (ms)
[FcrepoSolrRouter  ] [FcrepoSolrRouter  ] [broker://topic:fedora                                                         ] [    310090]
[FcrepoSolrRouter  ] [process8          ] [Processor@0x61a4b3eb                                                          ] [         1]
[FcrepoSolrRouter  ] [choice12          ] [when[{(header{header(CamelFcrepoEventType)} contains http://fedora.info/defini] [    310089]
[FcrepoSolrRouter  ] [to50              ] [direct:index.solr                                                             ] [     10083]
[FcrepoSolrIndexer ] [removeHeaders11   ] [removeHeaders[CamelHttp*]                                                     ] [         0]
[FcrepoSolrIndexer ] [filter9           ] [filter[{not (in ([(header{header(CamelFcrepoUri)} startsWith constant{http://1] [     10082]
[FcrepoSolrIndexer ] [choice15          ] [when[{(Simple: {{indexing.predicate}} != 'true') and (Simple: {{fcrepo.checkHa] [     10083]
[FcrepoSolrIndexer ] [setHeader31       ] [setHeader[CamelIndexingTransformation]                                        ] [         0]
[FcrepoSolrIndexer ] [to52              ] [direct:update.solr                                                            ] [     10083]
[FcrepoSolrUpdater ] [log18             ] [log                                                                           ] [         1]
[FcrepoSolrUpdater ] [setBody4          ] [setBody[{null}]                                                               ] [         0]
[FcrepoSolrUpdater ] [setHeader41       ] [setHeader[CamelIndexingUri]                                                   ] [         0]
[FcrepoSolrUpdater ] [filter10          ] [filter[simple{${header.CamelIndexingTransformation} != ${header.CamelIndexingU] [     10081]
[FcrepoSolrUpdater ] [choice16          ] [when[{header{header(CamelIndexingTransformation)} startsWith http}]choice[when] [     10081]
[FcrepoSolrUpdater ] [log19             ] [log                                                                           ] [         1]
[FcrepoSolrUpdater ] [to60              ] [direct:external.ldpath                                                        ] [         5]
[FcrepoSolrLdpathFe] [removeHeaders14   ] [removeHeaders[CamelHttp*]                                                     ] [         0]
[FcrepoSolrLdpathFe] [setHeader37       ] [setHeader[CamelHttpUri]                                                       ] [         0]
[FcrepoSolrLdpathFe] [setHeader38       ] [setHeader[CamelHttpMethod]                                                    ] [         0]
[FcrepoSolrLdpathFe] [to58              ] [http4://localhost/ldpath                                                      ] [         4]
[FcrepoSolrUpdater ] [setHeader42       ] [setHeader[CamelHttpMethod]                                                    ] [         0]
[FcrepoSolrUpdater ] [to61              ] [direct:transform.ldpath                                                       ] [     10075]
[FcrepoSolrTransfor] [removeHeaders15   ] [removeHeaders[CamelHttp*]                                                     ] [         0]
[FcrepoSolrTransfor] [setHeader39       ] [setHeader[CamelHttpUri]                                                       ] [         0]
[FcrepoSolrTransfor] [setHeader40       ] [setHeader[CamelHttpQuery]                                                     ] [         0]
[FcrepoSolrTransfor] [to59              ] [http4://localhost/ldpath                                                      ] [     10074]
[                  ] [log16             ] [log                                                                           ] [         1]

Stacktrace
---------------------------------------------------------------------------------------------------------------------------------------
org.apache.camel.http.common.HttpOperationFailedException: HTTP operation failed invoking http://172.17.0.2:9086/ldpath?context=info:fedora/TRX_OFFLINE/TEST_00000000041 with statusCode: 400
	at org.apache.camel.component.http4.HttpProducer.populateHttpOperationFailedException(HttpProducer.java:284)[111:org.apache.camel.camel-http4:2.18.0]
	at org.apache.camel.component.http4.HttpProducer.process(HttpProducer.java:192)[111:org.apache.camel.camel-http4:2.18.0]
	at org.apache.camel.util.AsyncProcessorConverterHelper$ProcessorToAsyncProcessorBridge.process(AsyncProcessorConverterHelper.java:61)[58:org.apache.camel.camel-core:2.18.0]
	at org.apache.camel.processor.SendProcessor.process(SendProcessor.java:145)[58:org.apache.camel.camel-core:2.18.0]
	at org.apache.camel.management.InstrumentationProcessor.process(InstrumentationProcessor.java:77)[58:org.apache.camel.camel-core:2.18.0]
	at org.apache.camel.processor.RedeliveryErrorHandler.process(RedeliveryErrorHandler.java:542)[58:org.apache.camel.camel-core:2.18.0]
	at org.apache.camel.processor.CamelInternalProcessor.process(CamelInternalProcessor.java:197)[58:org.apache.camel.camel-core:2.18.0]
	at org.apache.camel.processor.Pipeline.process(Pipeline.java:120)[58:org.apache.camel.camel-core:2.18.0]
	at org.apache.camel.processor.Pipeline.process(Pipeline.java:83)[58:org.apache.camel.camel-core:2.18.0]
	at org.apache.camel.processor.CamelInternalProcessor.process(CamelInternalProcessor.java:197)[58:org.apache.camel.camel-core:2.18.0]
	at org.apache.camel.component.direct.DirectProducer.process(DirectProducer.java:62)[58:org.apache.camel.camel-core:2.18.0]
	at org.apache.camel.processor.SendProcessor.process(SendProcessor.java:145)[58:org.apache.camel.camel-core:2.18.0]
	at org.apache.camel.management.InstrumentationProcessor.process(InstrumentationProcessor.java:77)[58:org.apache.camel.camel-core:2.18.0]
	at org.apache.camel.processor.RedeliveryErrorHandler.process(RedeliveryErrorHandler.java:542)[58:org.apache.camel.camel-core:2.18.0]
	at org.apache.camel.processor.CamelInternalProcessor.process(CamelInternalProcessor.java:197)[58:org.apache.camel.camel-core:2.18.0]
	at org.apache.camel.processor.Pipeline.process(Pipeline.java:120)[58:org.apache.camel.camel-core:2.18.0]
	at org.apache.camel.processor.Pipeline.process(Pipeline.java:83)[58:org.apache.camel.camel-core:2.18.0]
	at org.apache.camel.processor.ChoiceProcessor.process(ChoiceProcessor.java:117)[58:org.apache.camel.camel-core:2.18.0]
	at org.apache.camel.management.InstrumentationProcessor.process(InstrumentationProcessor.java:77)[58:org.apache.camel.camel-core:2.18.0]
	at org.apache.camel.processor.RedeliveryErrorHandler.process(RedeliveryErrorHandler.java:542)[58:org.apache.camel.camel-core:2.18.0]
	at org.apache.camel.processor.CamelInternalProcessor.process(CamelInternalProcessor.java:197)[58:org.apache.camel.camel-core:2.18.0]
	at org.apache.camel.processor.FilterProcessor.process(FilterProcessor.java:57)[58:org.apache.camel.camel-core:2.18.0]
	at org.apache.camel.management.InstrumentationProcessor.process(InstrumentationProcessor.java:77)[58:org.apache.camel.camel-core:2.18.0]
	at org.apache.camel.processor.RedeliveryErrorHandler.process(RedeliveryErrorHandler.java:542)[58:org.apache.camel.camel-core:2.18.0]
	at org.apache.camel.processor.CamelInternalProcessor.process(CamelInternalProcessor.java:197)[58:org.apache.camel.camel-core:2.18.0]
	at org.apache.camel.processor.Pipeline.process(Pipeline.java:120)[58:org.apache.camel.camel-core:2.18.0]
	at org.apache.camel.processor.Pipeline.process(Pipeline.java:83)[58:org.apache.camel.camel-core:2.18.0]
	at org.apache.camel.processor.CamelInternalProcessor.process(CamelInternalProcessor.java:197)[58:org.apache.camel.camel-core:2.18.0]
	at org.apache.camel.component.direct.DirectProducer.process(DirectProducer.java:62)[58:org.apache.camel.camel-core:2.18.0]
	at org.apache.camel.processor.SendProcessor.process(SendProcessor.java:145)[58:org.apache.camel.camel-core:2.18.0]
	at org.apache.camel.management.InstrumentationProcessor.process(InstrumentationProcessor.java:77)[58:org.apache.camel.camel-core:2.18.0]
	at org.apache.camel.processor.RedeliveryErrorHandler.process(RedeliveryErrorHandler.java:542)[58:org.apache.camel.camel-core:2.18.0]
	at org.apache.camel.processor.CamelInternalProcessor.process(CamelInternalProcessor.java:197)[58:org.apache.camel.camel-core:2.18.0]
	at org.apache.camel.processor.Pipeline.process(Pipeline.java:120)[58:org.apache.camel.camel-core:2.18.0]
	at org.apache.camel.processor.Pipeline.process(Pipeline.java:83)[58:org.apache.camel.camel-core:2.18.0]
	at org.apache.camel.processor.ChoiceProcessor.process(ChoiceProcessor.java:117)[58:org.apache.camel.camel-core:2.18.0]
	at org.apache.camel.management.InstrumentationProcessor.process(InstrumentationProcessor.java:77)[58:org.apache.camel.camel-core:2.18.0]
	at org.apache.camel.processor.RedeliveryErrorHandler.process(RedeliveryErrorHandler.java:542)[58:org.apache.camel.camel-core:2.18.0]
	at org.apache.camel.processor.CamelInternalProcessor.process(CamelInternalProcessor.java:197)[58:org.apache.camel.camel-core:2.18.0]
	at org.apache.camel.processor.FilterProcessor.process(FilterProcessor.java:57)[58:org.apache.camel.camel-core:2.18.0]
	at org.apache.camel.management.InstrumentationProcessor.process(InstrumentationProcessor.java:77)[58:org.apache.camel.camel-core:2.18.0]
	at org.apache.camel.processor.RedeliveryErrorHandler.process(RedeliveryErrorHandler.java:542)[58:org.apache.camel.camel-core:2.18.0]
	at org.apache.camel.processor.CamelInternalProcessor.process(CamelInternalProcessor.java:197)[58:org.apache.camel.camel-core:2.18.0]
	at org.apache.camel.processor.Pipeline.process(Pipeline.java:120)[58:org.apache.camel.camel-core:2.18.0]
	at org.apache.camel.processor.Pipeline.process(Pipeline.java:83)[58:org.apache.camel.camel-core:2.18.0]
	at org.apache.camel.processor.CamelInternalProcessor.process(CamelInternalProcessor.java:197)[58:org.apache.camel.camel-core:2.18.0]
	at org.apache.camel.component.direct.DirectProducer.process(DirectProducer.java:62)[58:org.apache.camel.camel-core:2.18.0]
	at org.apache.camel.processor.SendProcessor.process(SendProcessor.java:145)[58:org.apache.camel.camel-core:2.18.0]
	at org.apache.camel.management.InstrumentationProcessor.process(InstrumentationProcessor.java:77)[58:org.apache.camel.camel-core:2.18.0]
	at org.apache.camel.processor.RedeliveryErrorHandler.process(RedeliveryErrorHandler.java:542)[58:org.apache.camel.camel-core:2.18.0]
	at org.apache.camel.processor.CamelInternalProcessor.process(CamelInternalProcessor.java:197)[58:org.apache.camel.camel-core:2.18.0]
	at org.apache.camel.processor.ChoiceProcessor.process(ChoiceProcessor.java:117)[58:org.apache.camel.camel-core:2.18.0]
	at org.apache.camel.management.InstrumentationProcessor.process(InstrumentationProcessor.java:77)[58:org.apache.camel.camel-core:2.18.0]
	at org.apache.camel.processor.RedeliveryErrorHandler.process(RedeliveryErrorHandler.java:542)[58:org.apache.camel.camel-core:2.18.0]
	at org.apache.camel.processor.CamelInternalProcessor.process(CamelInternalProcessor.java:197)[58:org.apache.camel.camel-core:2.18.0]
	at org.apache.camel.processor.Pipeline.process(Pipeline.java:120)[58:org.apache.camel.camel-core:2.18.0]
	at org.apache.camel.processor.Pipeline.process(Pipeline.java:83)[58:org.apache.camel.camel-core:2.18.0]
	at org.apache.camel.processor.CamelInternalProcessor.process(CamelInternalProcessor.java:197)[58:org.apache.camel.camel-core:2.18.0]
	at org.apache.camel.processor.DelegateAsyncProcessor.process(DelegateAsyncProcessor.java:97)[58:org.apache.camel.camel-core:2.18.0]
	at org.apache.camel.component.jms.EndpointMessageListener.onMessage(EndpointMessageListener.java:112)[59:org.apache.camel.camel-jms:2.18.0]
	at org.springframework.jms.listener.AbstractMessageListenerContainer.doInvokeListener(AbstractMessageListenerContainer.java:721)[89:org.apache.servicemix.bundles.spring-jms:4.2.5.RELEASE_1]
	at org.springframework.jms.listener.AbstractMessageListenerContainer.invokeListener(AbstractMessageListenerContainer.java:681)[89:org.apache.servicemix.bundles.spring-jms:4.2.5.RELEASE_1]
	at org.springframework.jms.listener.AbstractMessageListenerContainer.doExecuteListener(AbstractMessageListenerContainer.java:651)[89:org.apache.servicemix.bundles.spring-jms:4.2.5.RELEASE_1]
	at org.springframework.jms.listener.AbstractPollingMessageListenerContainer.doReceiveAndExecute(AbstractPollingMessageListenerContainer.java:315)[89:org.apache.servicemix.bundles.spring-jms:4.2.5.RELEASE_1]
	at org.springframework.jms.listener.AbstractPollingMessageListenerContainer.receiveAndExecute(AbstractPollingMessageListenerContainer.java:253)[89:org.apache.servicemix.bundles.spring-jms:4.2.5.RELEASE_1]
	at org.springframework.jms.listener.DefaultMessageListenerContainer$AsyncMessageListenerInvoker.invokeListener(DefaultMessageListenerContainer.java:1158)[89:org.apache.servicemix.bundles.spring-jms:4.2.5.RELEASE_1]
	at org.springframework.jms.listener.DefaultMessageListenerContainer$AsyncMessageListenerInvoker.executeOngoingLoop(DefaultMessageListenerContainer.java:1150)[89:org.apache.servicemix.bundles.spring-jms:4.2.5.RELEASE_1]
	at org.springframework.jms.listener.DefaultMessageListenerContainer$AsyncMessageListenerInvoker.run(DefaultMessageListenerContainer.java:1047)[89:org.apache.servicemix.bundles.spring-jms:4.2.5.RELEASE_1]
	at java.util.concurrent.ThreadPoolExecutor.runWorker(ThreadPoolExecutor.java:1142)[:1.8.0_121]
	at java.util.concurrent.ThreadPoolExecutor$Worker.run(ThreadPoolExecutor.java:617)[:1.8.0_121]
	at java.lang.Thread.run(Thread.java:745)[:1.8.0_121]
2018-01-11 22:48:30,680 | WARN  | Consumer[fedora] | EndpointMessageListener          | 58 - org.apache.camel.camel-core - 2.18.0 | Execution of JMS message listener failed. Caused by: [org.apache.camel.RuntimeCamelException - org.apache.camel.http.common.HttpOperationFailedException: HTTP operation failed invoking http://172.17.0.2:9086/ldpath?context=info:fedora/TRX_OFFLINE/TEST_00000000041 with statusCode: 400]
org.apache.camel.RuntimeCamelException: org.apache.camel.http.common.HttpOperationFailedException: HTTP operation failed invoking http://172.17.0.2:9086/ldpath?context=info:fedora/TRX_OFFLINE/TEST_00000000041 with statusCode: 400
	at org.apache.camel.util.ObjectHelper.wrapRuntimeCamelException(ObjectHelper.java:1690)[58:org.apache.camel.camel-core:2.18.0]
	at org.apache.camel.component.jms.EndpointMessageListener$EndpointMessageListenerAsyncCallback.done(EndpointMessageListener.java:195)[59:org.apache.camel.camel-jms:2.18.0]
	at org.apache.camel.component.jms.EndpointMessageListener.onMessage(EndpointMessageListener.java:116)[59:org.apache.camel.camel-jms:2.18.0]
	at org.springframework.jms.listener.AbstractMessageListenerContainer.doInvokeListener(AbstractMessageListenerContainer.java:721)[89:org.apache.servicemix.bundles.spring-jms:4.2.5.RELEASE_1]
	at org.springframework.jms.listener.AbstractMessageListenerContainer.invokeListener(AbstractMessageListenerContainer.java:681)[89:org.apache.servicemix.bundles.spring-jms:4.2.5.RELEASE_1]
	at org.springframework.jms.listener.AbstractMessageListenerContainer.doExecuteListener(AbstractMessageListenerContainer.java:651)[89:org.apache.servicemix.bundles.spring-jms:4.2.5.RELEASE_1]
	at org.springframework.jms.listener.AbstractPollingMessageListenerContainer.doReceiveAndExecute(AbstractPollingMessageListenerContainer.java:315)[89:org.apache.servicemix.bundles.spring-jms:4.2.5.RELEASE_1]
	at org.springframework.jms.listener.AbstractPollingMessageListenerContainer.receiveAndExecute(AbstractPollingMessageListenerContainer.java:253)[89:org.apache.servicemix.bundles.spring-jms:4.2.5.RELEASE_1]
	at org.springframework.jms.listener.DefaultMessageListenerContainer$AsyncMessageListenerInvoker.invokeListener(DefaultMessageListenerContainer.java:1158)[89:org.apache.servicemix.bundles.spring-jms:4.2.5.RELEASE_1]
	at org.springframework.jms.listener.DefaultMessageListenerContainer$AsyncMessageListenerInvoker.executeOngoingLoop(DefaultMessageListenerContainer.java:1150)[89:org.apache.servicemix.bundles.spring-jms:4.2.5.RELEASE_1]
	at org.springframework.jms.listener.DefaultMessageListenerContainer$AsyncMessageListenerInvoker.run(DefaultMessageListenerContainer.java:1047)[89:org.apache.servicemix.bundles.spring-jms:4.2.5.RELEASE_1]
	at java.util.concurrent.ThreadPoolExecutor.runWorker(ThreadPoolExecutor.java:1142)[:1.8.0_121]
	at java.util.concurrent.ThreadPoolExecutor$Worker.run(ThreadPoolExecutor.java:617)[:1.8.0_121]
	at java.lang.Thread.run(Thread.java:745)[:1.8.0_121]
Caused by: org.apache.camel.http.common.HttpOperationFailedException: HTTP operation failed invoking http://172.17.0.2:9086/ldpath?context=info:fedora/TRX_OFFLINE/TEST_00000000041 with statusCode: 400
	at org.apache.camel.component.http4.HttpProducer.populateHttpOperationFailedException(HttpProducer.java:284)[111:org.apache.camel.camel-http4:2.18.0]
	at org.apache.camel.component.http4.HttpProducer.process(HttpProducer.java:192)[111:org.apache.camel.camel-http4:2.18.0]
	at org.apache.camel.util.AsyncProcessorConverterHelper$ProcessorToAsyncProcessorBridge.process(AsyncProcessorConverterHelper.java:61)[58:org.apache.camel.camel-core:2.18.0]
	at org.apache.camel.processor.SendProcessor.process(SendProcessor.java:145)[58:org.apache.camel.camel-core:2.18.0]
	at org.apache.camel.management.InstrumentationProcessor.process(InstrumentationProcessor.java:77)[58:org.apache.camel.camel-core:2.18.0]
	at org.apache.camel.processor.RedeliveryErrorHandler.process(RedeliveryErrorHandler.java:542)[58:org.apache.camel.camel-core:2.18.0]
	at org.apache.camel.processor.CamelInternalProcessor.process(CamelInternalProcessor.java:197)[58:org.apache.camel.camel-core:2.18.0]
	at org.apache.camel.processor.Pipeline.process(Pipeline.java:120)[58:org.apache.camel.camel-core:2.18.0]
	at org.apache.camel.processor.Pipeline.process(Pipeline.java:83)[58:org.apache.camel.camel-core:2.18.0]
	at org.apache.camel.processor.CamelInternalProcessor.process(CamelInternalProcessor.java:197)[58:org.apache.camel.camel-core:2.18.0]
	at org.apache.camel.component.direct.DirectProducer.process(DirectProducer.java:62)[58:org.apache.camel.camel-core:2.18.0]
	at org.apache.camel.processor.SendProcessor.process(SendProcessor.java:145)[58:org.apache.camel.camel-core:2.18.0]
	at org.apache.camel.management.InstrumentationProcessor.process(InstrumentationProcessor.java:77)[58:org.apache.camel.camel-core:2.18.0]
	at org.apache.camel.processor.RedeliveryErrorHandler.process(RedeliveryErrorHandler.java:542)[58:org.apache.camel.camel-core:2.18.0]
	at org.apache.camel.processor.CamelInternalProcessor.process(CamelInternalProcessor.java:197)[58:org.apache.camel.camel-core:2.18.0]
	at org.apache.camel.processor.Pipeline.process(Pipeline.java:120)[58:org.apache.camel.camel-core:2.18.0]
	at org.apache.camel.processor.Pipeline.process(Pipeline.java:83)[58:org.apache.camel.camel-core:2.18.0]
	at org.apache.camel.processor.ChoiceProcessor.process(ChoiceProcessor.java:117)[58:org.apache.camel.camel-core:2.18.0]
	at org.apache.camel.management.InstrumentationProcessor.process(InstrumentationProcessor.java:77)[58:org.apache.camel.camel-core:2.18.0]
	at org.apache.camel.processor.RedeliveryErrorHandler.process(RedeliveryErrorHandler.java:542)[58:org.apache.camel.camel-core:2.18.0]
	at org.apache.camel.processor.CamelInternalProcessor.process(CamelInternalProcessor.java:197)[58:org.apache.camel.camel-core:2.18.0]
	at org.apache.camel.processor.FilterProcessor.process(FilterProcessor.java:57)[58:org.apache.camel.camel-core:2.18.0]
	at org.apache.camel.management.InstrumentationProcessor.process(InstrumentationProcessor.java:77)[58:org.apache.camel.camel-core:2.18.0]
	at org.apache.camel.processor.RedeliveryErrorHandler.process(RedeliveryErrorHandler.java:542)[58:org.apache.camel.camel-core:2.18.0]
	at org.apache.camel.processor.CamelInternalProcessor.process(CamelInternalProcessor.java:197)[58:org.apache.camel.camel-core:2.18.0]
	at org.apache.camel.processor.Pipeline.process(Pipeline.java:120)[58:org.apache.camel.camel-core:2.18.0]
	at org.apache.camel.processor.Pipeline.process(Pipeline.java:83)[58:org.apache.camel.camel-core:2.18.0]
	at org.apache.camel.processor.CamelInternalProcessor.process(CamelInternalProcessor.java:197)[58:org.apache.camel.camel-core:2.18.0]
	at org.apache.camel.component.direct.DirectProducer.process(DirectProducer.java:62)[58:org.apache.camel.camel-core:2.18.0]
	at org.apache.camel.processor.SendProcessor.process(SendProcessor.java:145)[58:org.apache.camel.camel-core:2.18.0]
	at org.apache.camel.management.InstrumentationProcessor.process(InstrumentationProcessor.java:77)[58:org.apache.camel.camel-core:2.18.0]
	at org.apache.camel.processor.RedeliveryErrorHandler.process(RedeliveryErrorHandler.java:542)[58:org.apache.camel.camel-core:2.18.0]
	at org.apache.camel.processor.CamelInternalProcessor.process(CamelInternalProcessor.java:197)[58:org.apache.camel.camel-core:2.18.0]
	at org.apache.camel.processor.Pipeline.process(Pipeline.java:120)[58:org.apache.camel.camel-core:2.18.0]
	at org.apache.camel.processor.Pipeline.process(Pipeline.java:83)[58:org.apache.camel.camel-core:2.18.0]
	at org.apache.camel.processor.ChoiceProcessor.process(ChoiceProcessor.java:117)[58:org.apache.camel.camel-core:2.18.0]
	at org.apache.camel.management.InstrumentationProcessor.process(InstrumentationProcessor.java:77)[58:org.apache.camel.camel-core:2.18.0]
	at org.apache.camel.processor.RedeliveryErrorHandler.process(RedeliveryErrorHandler.java:542)[58:org.apache.camel.camel-core:2.18.0]
	at org.apache.camel.processor.CamelInternalProcessor.process(CamelInternalProcessor.java:197)[58:org.apache.camel.camel-core:2.18.0]
	at org.apache.camel.processor.FilterProcessor.process(FilterProcessor.java:57)[58:org.apache.camel.camel-core:2.18.0]
	at org.apache.camel.management.InstrumentationProcessor.process(InstrumentationProcessor.java:77)[58:org.apache.camel.camel-core:2.18.0]
	at org.apache.camel.processor.RedeliveryErrorHandler.process(RedeliveryErrorHandler.java:542)[58:org.apache.camel.camel-core:2.18.0]
	at org.apache.camel.processor.CamelInternalProcessor.process(CamelInternalProcessor.java:197)[58:org.apache.camel.camel-core:2.18.0]
	at org.apache.camel.processor.Pipeline.process(Pipeline.java:120)[58:org.apache.camel.camel-core:2.18.0]
	at org.apache.camel.processor.Pipeline.process(Pipeline.java:83)[58:org.apache.camel.camel-core:2.18.0]
	at org.apache.camel.processor.CamelInternalProcessor.process(CamelInternalProcessor.java:197)[58:org.apache.camel.camel-core:2.18.0]
	at org.apache.camel.component.direct.DirectProducer.process(DirectProducer.java:62)[58:org.apache.camel.camel-core:2.18.0]
	at org.apache.camel.processor.SendProcessor.process(SendProcessor.java:145)[58:org.apache.camel.camel-core:2.18.0]
	at org.apache.camel.management.InstrumentationProcessor.process(InstrumentationProcessor.java:77)[58:org.apache.camel.camel-core:2.18.0]
	at org.apache.camel.processor.RedeliveryErrorHandler.process(RedeliveryErrorHandler.java:542)[58:org.apache.camel.camel-core:2.18.0]
	at org.apache.camel.processor.CamelInternalProcessor.process(CamelInternalProcessor.java:197)[58:org.apache.camel.camel-core:2.18.0]
	at org.apache.camel.processor.ChoiceProcessor.process(ChoiceProcessor.java:117)[58:org.apache.camel.camel-core:2.18.0]
	at org.apache.camel.management.InstrumentationProcessor.process(InstrumentationProcessor.java:77)[58:org.apache.camel.camel-core:2.18.0]
	at org.apache.camel.processor.RedeliveryErrorHandler.process(RedeliveryErrorHandler.java:542)[58:org.apache.camel.camel-core:2.18.0]
	at org.apache.camel.processor.CamelInternalProcessor.process(CamelInternalProcessor.java:197)[58:org.apache.camel.camel-core:2.18.0]
	at org.apache.camel.processor.Pipeline.process(Pipeline.java:120)[58:org.apache.camel.camel-core:2.18.0]
	at org.apache.camel.processor.Pipeline.process(Pipeline.java:83)[58:org.apache.camel.camel-core:2.18.0]
	at org.apache.camel.processor.CamelInternalProcessor.process(CamelInternalProcessor.java:197)[58:org.apache.camel.camel-core:2.18.0]
	at org.apache.camel.processor.DelegateAsyncProcessor.process(DelegateAsyncProcessor.java:97)[58:org.apache.camel.camel-core:2.18.0]
	at org.apache.camel.component.jms.EndpointMessageListener.onMessage(EndpointMessageListener.java:112)[59:org.apache.camel.camel-jms:2.18.0]
	... 11 more
2018-01-11 22:48:30,684 | INFO  | Consumer[fedora] | SolrRouter                       | 245 - org.fcrepo.camel.fcrepo-indexing-solr - 4.7.2 | Indexing Solr Object info:fedora/TRX_OFFLINE/TEST_00000000041/SEGMENTS/tape=TT1426F826CCD90E00101_tr=1_sess=3099
2018-01-11 22:48:30,685 | INFO  | Consumer[fedora] | SolrRouter                       | 245 - org.fcrepo.camel.fcrepo-indexing-solr - 4.7.2 | Fetching external LDPath program from http://172.17.0.2/post.txt
2018-01-11 22:48:40,752 | INFO  | Consumer[fedora] | FcrepoSolrTransform              | 58 - org.apache.camel.camel-core - 2.18.0 | Index Routing Error: FcrepoSolrTransform
2018-01-11 22:48:40,754 | ERROR | Consumer[fedora] | DefaultErrorHandler              | 58 - org.apache.camel.camel-core - 2.18.0 | Failed delivery for (MessageId: ID-c2a965ab00a6-44797-1515708759116-6-33 on ExchangeId: ID-c2a965ab00a6-44797-1515708759116-6-32). Exhausted after delivery attempt: 11 caught: org.apache.camel.http.common.HttpOperationFailedException: HTTP operation failed invoking http://172.17.0.2:9086/ldpath?context=info:fedora/TRX_OFFLINE/TEST_00000000041/SEGMENTS/tape=TT1426F826CCD90E00101_tr=1_sess=3099 with statusCode: 400. Processed by failure processor: FatalFallbackErrorHandler[Channel[Log(FcrepoSolrTransform)[Index Routing Error: ${routeId}]]]

Message History
---------------------------------------------------------------------------------------------------------------------------------------
RouteId              ProcessorId          Processor                                                                        Elapsed (ms)
[FcrepoSolrRouter  ] [FcrepoSolrRouter  ] [broker://topic:fedora                                                         ] [     10072]
[FcrepoSolrRouter  ] [process8          ] [Processor@0x61a4b3eb                                                          ] [         0]
[FcrepoSolrRouter  ] [choice12          ] [when[{(header{header(CamelFcrepoEventType)} contains http://fedora.info/defini] [     10071]
[FcrepoSolrRouter  ] [to50              ] [direct:index.solr                                                             ] [     10069]
[FcrepoSolrIndexer ] [removeHeaders11   ] [removeHeaders[CamelHttp*]                                                     ] [         0]
[FcrepoSolrIndexer ] [filter9           ] [filter[{not (in ([(header{header(CamelFcrepoUri)} startsWith constant{http://1] [     10069]
[FcrepoSolrIndexer ] [choice15          ] [when[{(Simple: {{indexing.predicate}} != 'true') and (Simple: {{fcrepo.checkHa] [     10069]
[FcrepoSolrIndexer ] [setHeader31       ] [setHeader[CamelIndexingTransformation]                                        ] [         0]
[FcrepoSolrIndexer ] [to52              ] [direct:update.solr                                                            ] [     10070]
[FcrepoSolrUpdater ] [log18             ] [log                                                                           ] [         1]
[FcrepoSolrUpdater ] [setBody4          ] [setBody[{null}]                                                               ] [         0]
[FcrepoSolrUpdater ] [setHeader41       ] [setHeader[CamelIndexingUri]                                                   ] [         0]
[FcrepoSolrUpdater ] [filter10          ] [filter[simple{${header.CamelIndexingTransformation} != ${header.CamelIndexingU] [     10069]
[FcrepoSolrUpdater ] [choice16          ] [when[{header{header(CamelIndexingTransformation)} startsWith http}]choice[when] [     10069]
[FcrepoSolrUpdater ] [log19             ] [log                                                                           ] [         0]
[FcrepoSolrUpdater ] [to60              ] [direct:external.ldpath                                                        ] [         3]
[FcrepoSolrLdpathFe] [removeHeaders14   ] [removeHeaders[CamelHttp*]                                                     ] [         0]
[FcrepoSolrLdpathFe] [setHeader37       ] [setHeader[CamelHttpUri]                                                       ] [         1]
[FcrepoSolrLdpathFe] [setHeader38       ] [setHeader[CamelHttpMethod]                                                    ] [         0]
[FcrepoSolrLdpathFe] [to58              ] [http4://localhost/ldpath                                                      ] [         2]
[FcrepoSolrUpdater ] [setHeader42       ] [setHeader[CamelHttpMethod]                                                    ] [         0]
[FcrepoSolrUpdater ] [to61              ] [direct:transform.ldpath                                                       ] [     10066]
[FcrepoSolrTransfor] [removeHeaders15   ] [removeHeaders[CamelHttp*]                                                     ] [         0]
[FcrepoSolrTransfor] [setHeader39       ] [setHeader[CamelHttpUri]                                                       ] [         0]
[FcrepoSolrTransfor] [setHeader40       ] [setHeader[CamelHttpQuery]                                                     ] [         0]
[FcrepoSolrTransfor] [to59              ] [http4://localhost/ldpath                                                      ] [     10065]
[                  ] [log16             ] [log                                                                           ] [         1]

Stacktrace
---------------------------------------------------------------------------------------------------------------------------------------
org.apache.camel.http.common.HttpOperationFailedException: HTTP operation failed invoking http://172.17.0.2:9086/ldpath?context=info:fedora/TRX_OFFLINE/TEST_00000000041/SEGMENTS/tape=TT1426F826CCD90E00101_tr=1_sess=3099 with statusCode: 400
	at org.apache.camel.component.http4.HttpProducer.populateHttpOperationFailedException(HttpProducer.java:284)[111:org.apache.camel.camel-http4:2.18.0]
	at org.apache.camel.component.http4.HttpProducer.process(HttpProducer.java:192)[111:org.apache.camel.camel-http4:2.18.0]
	at org.apache.camel.util.AsyncProcessorConverterHelper$ProcessorToAsyncProcessorBridge.process(AsyncProcessorConverterHelper.java:61)[58:org.apache.camel.camel-core:2.18.0]
	at org.apache.camel.processor.SendProcessor.process(SendProcessor.java:145)[58:org.apache.camel.camel-core:2.18.0]
	at org.apache.camel.management.InstrumentationProcessor.process(InstrumentationProcessor.java:77)[58:org.apache.camel.camel-core:2.18.0]
	at org.apache.camel.processor.RedeliveryErrorHandler.process(RedeliveryErrorHandler.java:542)[58:org.apache.camel.camel-core:2.18.0]
	at org.apache.camel.processor.CamelInternalProcessor.process(CamelInternalProcessor.java:197)[58:org.apache.camel.camel-core:2.18.0]
	at org.apache.camel.processor.Pipeline.process(Pipeline.java:120)[58:org.apache.camel.camel-core:2.18.0]
	at org.apache.camel.processor.Pipeline.process(Pipeline.java:83)[58:org.apache.camel.camel-core:2.18.0]
	at org.apache.camel.processor.CamelInternalProcessor.process(CamelInternalProcessor.java:197)[58:org.apache.camel.camel-core:2.18.0]
	at org.apache.camel.component.direct.DirectProducer.process(DirectProducer.java:62)[58:org.apache.camel.camel-core:2.18.0]
	at org.apache.camel.processor.SendProcessor.process(SendProcessor.java:145)[58:org.apache.camel.camel-core:2.18.0]
	at org.apache.camel.management.InstrumentationProcessor.process(InstrumentationProcessor.java:77)[58:org.apache.camel.camel-core:2.18.0]
	at org.apache.camel.processor.RedeliveryErrorHandler.process(RedeliveryErrorHandler.java:542)[58:org.apache.camel.camel-core:2.18.0]
	at org.apache.camel.processor.CamelInternalProcessor.process(CamelInternalProcessor.java:197)[58:org.apache.camel.camel-core:2.18.0]
	at org.apache.camel.processor.Pipeline.process(Pipeline.java:120)[58:org.apache.camel.camel-core:2.18.0]
	at org.apache.camel.processor.Pipeline.process(Pipeline.java:83)[58:org.apache.camel.camel-core:2.18.0]
	at org.apache.camel.processor.ChoiceProcessor.process(ChoiceProcessor.java:117)[58:org.apache.camel.camel-core:2.18.0]
	at org.apache.camel.management.InstrumentationProcessor.process(InstrumentationProcessor.java:77)[58:org.apache.camel.camel-core:2.18.0]
	at org.apache.camel.processor.RedeliveryErrorHandler.process(RedeliveryErrorHandler.java:542)[58:org.apache.camel.camel-core:2.18.0]
	at org.apache.camel.processor.CamelInternalProcessor.process(CamelInternalProcessor.java:197)[58:org.apache.camel.camel-core:2.18.0]
	at org.apache.camel.processor.FilterProcessor.process(FilterProcessor.java:57)[58:org.apache.camel.camel-core:2.18.0]
	at org.apache.camel.management.InstrumentationProcessor.process(InstrumentationProcessor.java:77)[58:org.apache.camel.camel-core:2.18.0]
	at org.apache.camel.processor.RedeliveryErrorHandler.process(RedeliveryErrorHandler.java:542)[58:org.apache.camel.camel-core:2.18.0]
	at org.apache.camel.processor.CamelInternalProcessor.process(CamelInternalProcessor.java:197)[58:org.apache.camel.camel-core:2.18.0]
	at org.apache.camel.processor.Pipeline.process(Pipeline.java:120)[58:org.apache.camel.camel-core:2.18.0]
	at org.apache.camel.processor.Pipeline.process(Pipeline.java:83)[58:org.apache.camel.camel-core:2.18.0]
	at org.apache.camel.processor.CamelInternalProcessor.process(CamelInternalProcessor.java:197)[58:org.apache.camel.camel-core:2.18.0]
	at org.apache.camel.component.direct.DirectProducer.process(DirectProducer.java:62)[58:org.apache.camel.camel-core:2.18.0]
	at org.apache.camel.processor.SendProcessor.process(SendProcessor.java:145)[58:org.apache.camel.camel-core:2.18.0]
	at org.apache.camel.management.InstrumentationProcessor.process(InstrumentationProcessor.java:77)[58:org.apache.camel.camel-core:2.18.0]
	at org.apache.camel.processor.RedeliveryErrorHandler.process(RedeliveryErrorHandler.java:542)[58:org.apache.camel.camel-core:2.18.0]
	at org.apache.camel.processor.CamelInternalProcessor.process(CamelInternalProcessor.java:197)[58:org.apache.camel.camel-core:2.18.0]
	at org.apache.camel.processor.Pipeline.process(Pipeline.java:120)[58:org.apache.camel.camel-core:2.18.0]
	at org.apache.camel.processor.Pipeline.process(Pipeline.java:83)[58:org.apache.camel.camel-core:2.18.0]
	at org.apache.camel.processor.ChoiceProcessor.process(ChoiceProcessor.java:117)[58:org.apache.camel.camel-core:2.18.0]
	at org.apache.camel.management.InstrumentationProcessor.process(InstrumentationProcessor.java:77)[58:org.apache.camel.camel-core:2.18.0]
	at org.apache.camel.processor.RedeliveryErrorHandler.process(RedeliveryErrorHandler.java:542)[58:org.apache.camel.camel-core:2.18.0]
	at org.apache.camel.processor.CamelInternalProcessor.process(CamelInternalProcessor.java:197)[58:org.apache.camel.camel-core:2.18.0]
	at org.apache.camel.processor.FilterProcessor.process(FilterProcessor.java:57)[58:org.apache.camel.camel-core:2.18.0]
	at org.apache.camel.management.InstrumentationProcessor.process(InstrumentationProcessor.java:77)[58:org.apache.camel.camel-core:2.18.0]
	at org.apache.camel.processor.RedeliveryErrorHandler.process(RedeliveryErrorHandler.java:542)[58:org.apache.camel.camel-core:2.18.0]
	at org.apache.camel.processor.CamelInternalProcessor.process(CamelInternalProcessor.java:197)[58:org.apache.camel.camel-core:2.18.0]
	at org.apache.camel.processor.Pipeline.process(Pipeline.java:120)[58:org.apache.camel.camel-core:2.18.0]
	at org.apache.camel.processor.Pipeline.process(Pipeline.java:83)[58:org.apache.camel.camel-core:2.18.0]
	at org.apache.camel.processor.CamelInternalProcessor.process(CamelInternalProcessor.java:197)[58:org.apache.camel.camel-core:2.18.0]
	at org.apache.camel.component.direct.DirectProducer.process(DirectProducer.java:62)[58:org.apache.camel.camel-core:2.18.0]
	at org.apache.camel.processor.SendProcessor.process(SendProcessor.java:145)[58:org.apache.camel.camel-core:2.18.0]
	at org.apache.camel.management.InstrumentationProcessor.process(InstrumentationProcessor.java:77)[58:org.apache.camel.camel-core:2.18.0]
	at org.apache.camel.processor.RedeliveryErrorHandler.process(RedeliveryErrorHandler.java:542)[58:org.apache.camel.camel-core:2.18.0]
	at org.apache.camel.processor.CamelInternalProcessor.process(CamelInternalProcessor.java:197)[58:org.apache.camel.camel-core:2.18.0]
	at org.apache.camel.processor.ChoiceProcessor.process(ChoiceProcessor.java:117)[58:org.apache.camel.camel-core:2.18.0]
	at org.apache.camel.management.InstrumentationProcessor.process(InstrumentationProcessor.java:77)[58:org.apache.camel.camel-core:2.18.0]
	at org.apache.camel.processor.RedeliveryErrorHandler.process(RedeliveryErrorHandler.java:542)[58:org.apache.camel.camel-core:2.18.0]
	at org.apache.camel.processor.CamelInternalProcessor.process(CamelInternalProcessor.java:197)[58:org.apache.camel.camel-core:2.18.0]
	at org.apache.camel.processor.Pipeline.process(Pipeline.java:120)[58:org.apache.camel.camel-core:2.18.0]
	at org.apache.camel.processor.Pipeline.process(Pipeline.java:83)[58:org.apache.camel.camel-core:2.18.0]
	at org.apache.camel.processor.CamelInternalProcessor.process(CamelInternalProcessor.java:197)[58:org.apache.camel.camel-core:2.18.0]
	at org.apache.camel.processor.DelegateAsyncProcessor.process(DelegateAsyncProcessor.java:97)[58:org.apache.camel.camel-core:2.18.0]
	at org.apache.camel.component.jms.EndpointMessageListener.onMessage(EndpointMessageListener.java:112)[59:org.apache.camel.camel-jms:2.18.0]
	at org.springframework.jms.listener.AbstractMessageListenerContainer.doInvokeListener(AbstractMessageListenerContainer.java:721)[89:org.apache.servicemix.bundles.spring-jms:4.2.5.RELEASE_1]
	at org.springframework.jms.listener.AbstractMessageListenerContainer.invokeListener(AbstractMessageListenerContainer.java:681)[89:org.apache.servicemix.bundles.spring-jms:4.2.5.RELEASE_1]
	at org.springframework.jms.listener.AbstractMessageListenerContainer.doExecuteListener(AbstractMessageListenerContainer.java:651)[89:org.apache.servicemix.bundles.spring-jms:4.2.5.RELEASE_1]
	at org.springframework.jms.listener.AbstractPollingMessageListenerContainer.doReceiveAndExecute(AbstractPollingMessageListenerContainer.java:315)[89:org.apache.servicemix.bundles.spring-jms:4.2.5.RELEASE_1]
	at org.springframework.jms.listener.AbstractPollingMessageListenerContainer.receiveAndExecute(AbstractPollingMessageListenerContainer.java:253)[89:org.apache.servicemix.bundles.spring-jms:4.2.5.RELEASE_1]
	at org.springframework.jms.listener.DefaultMessageListenerContainer$AsyncMessageListenerInvoker.invokeListener(DefaultMessageListenerContainer.java:1158)[89:org.apache.servicemix.bundles.spring-jms:4.2.5.RELEASE_1]
	at org.springframework.jms.listener.DefaultMessageListenerContainer$AsyncMessageListenerInvoker.executeOngoingLoop(DefaultMessageListenerContainer.java:1150)[89:org.apache.servicemix.bundles.spring-jms:4.2.5.RELEASE_1]
	at org.springframework.jms.listener.DefaultMessageListenerContainer$AsyncMessageListenerInvoker.run(DefaultMessageListenerContainer.java:1047)[89:org.apache.servicemix.bundles.spring-jms:4.2.5.RELEASE_1]
	at java.util.concurrent.ThreadPoolExecutor.runWorker(ThreadPoolExecutor.java:1142)[:1.8.0_121]
	at java.util.concurrent.ThreadPoolExecutor$Worker.run(ThreadPoolExecutor.java:617)[:1.8.0_121]
	at java.lang.Thread.run(Thread.java:745)[:1.8.0_121]
2018-01-11 22:48:40,757 | WARN  | Consumer[fedora] | EndpointMessageListener          | 58 - org.apache.camel.camel-core - 2.18.0 | Execution of JMS message listener failed. Caused by: [org.apache.camel.RuntimeCamelException - org.apache.camel.http.common.HttpOperationFailedException: HTTP operation failed invoking http://172.17.0.2:9086/ldpath?context=info:fedora/TRX_OFFLINE/TEST_00000000041/SEGMENTS/tape=TT1426F826CCD90E00101_tr=1_sess=3099 with statusCode: 400]
org.apache.camel.RuntimeCamelException: org.apache.camel.http.common.HttpOperationFailedException: HTTP operation failed invoking http://172.17.0.2:9086/ldpath?context=info:fedora/TRX_OFFLINE/TEST_00000000041/SEGMENTS/tape=TT1426F826CCD90E00101_tr=1_sess=3099 with statusCode: 400
	at org.apache.camel.util.ObjectHelper.wrapRuntimeCamelException(ObjectHelper.java:1690)[58:org.apache.camel.camel-core:2.18.0]
	at org.apache.camel.component.jms.EndpointMessageListener$EndpointMessageListenerAsyncCallback.done(EndpointMessageListener.java:195)[59:org.apache.camel.camel-jms:2.18.0]
	at org.apache.camel.component.jms.EndpointMessageListener.onMessage(EndpointMessageListener.java:116)[59:org.apache.camel.camel-jms:2.18.0]
	at org.springframework.jms.listener.AbstractMessageListenerContainer.doInvokeListener(AbstractMessageListenerContainer.java:721)[89:org.apache.servicemix.bundles.spring-jms:4.2.5.RELEASE_1]
	at org.springframework.jms.listener.AbstractMessageListenerContainer.invokeListener(AbstractMessageListenerContainer.java:681)[89:org.apache.servicemix.bundles.spring-jms:4.2.5.RELEASE_1]
	at org.springframework.jms.listener.AbstractMessageListenerContainer.doExecuteListener(AbstractMessageListenerContainer.java:651)[89:org.apache.servicemix.bundles.spring-jms:4.2.5.RELEASE_1]
	at org.springframework.jms.listener.AbstractPollingMessageListenerContainer.doReceiveAndExecute(AbstractPollingMessageListenerContainer.java:315)[89:org.apache.servicemix.bundles.spring-jms:4.2.5.RELEASE_1]
	at org.springframework.jms.listener.AbstractPollingMessageListenerContainer.receiveAndExecute(AbstractPollingMessageListenerContainer.java:253)[89:org.apache.servicemix.bundles.spring-jms:4.2.5.RELEASE_1]
	at org.springframework.jms.listener.DefaultMessageListenerContainer$AsyncMessageListenerInvoker.invokeListener(DefaultMessageListenerContainer.java:1158)[89:org.apache.servicemix.bundles.spring-jms:4.2.5.RELEASE_1]
	at org.springframework.jms.listener.DefaultMessageListenerContainer$AsyncMessageListenerInvoker.executeOngoingLoop(DefaultMessageListenerContainer.java:1150)[89:org.apache.servicemix.bundles.spring-jms:4.2.5.RELEASE_1]
	at org.springframework.jms.listener.DefaultMessageListenerContainer$AsyncMessageListenerInvoker.run(DefaultMessageListenerContainer.java:1047)[89:org.apache.servicemix.bundles.spring-jms:4.2.5.RELEASE_1]
	at java.util.concurrent.ThreadPoolExecutor.runWorker(ThreadPoolExecutor.java:1142)[:1.8.0_121]
	at java.util.concurrent.ThreadPoolExecutor$Worker.run(ThreadPoolExecutor.java:617)[:1.8.0_121]
	at java.lang.Thread.run(Thread.java:745)[:1.8.0_121]
Caused by: org.apache.camel.http.common.HttpOperationFailedException: HTTP operation failed invoking http://172.17.0.2:9086/ldpath?context=info:fedora/TRX_OFFLINE/TEST_00000000041/SEGMENTS/tape=TT1426F826CCD90E00101_tr=1_sess=3099 with statusCode: 400
	at org.apache.camel.component.http4.HttpProducer.populateHttpOperationFailedException(HttpProducer.java:284)[111:org.apache.camel.camel-http4:2.18.0]
	at org.apache.camel.component.http4.HttpProducer.process(HttpProducer.java:192)[111:org.apache.camel.camel-http4:2.18.0]
	at org.apache.camel.util.AsyncProcessorConverterHelper$ProcessorToAsyncProcessorBridge.process(AsyncProcessorConverterHelper.java:61)[58:org.apache.camel.camel-core:2.18.0]
	at org.apache.camel.processor.SendProcessor.process(SendProcessor.java:145)[58:org.apache.camel.camel-core:2.18.0]
	at org.apache.camel.management.InstrumentationProcessor.process(InstrumentationProcessor.java:77)[58:org.apache.camel.camel-core:2.18.0]
	at org.apache.camel.processor.RedeliveryErrorHandler.process(RedeliveryErrorHandler.java:542)[58:org.apache.camel.camel-core:2.18.0]
	at org.apache.camel.processor.CamelInternalProcessor.process(CamelInternalProcessor.java:197)[58:org.apache.camel.camel-core:2.18.0]
	at org.apache.camel.processor.Pipeline.process(Pipeline.java:120)[58:org.apache.camel.camel-core:2.18.0]
	at org.apache.camel.processor.Pipeline.process(Pipeline.java:83)[58:org.apache.camel.camel-core:2.18.0]
	at org.apache.camel.processor.CamelInternalProcessor.process(CamelInternalProcessor.java:197)[58:org.apache.camel.camel-core:2.18.0]
	at org.apache.camel.component.direct.DirectProducer.process(DirectProducer.java:62)[58:org.apache.camel.camel-core:2.18.0]
	at org.apache.camel.processor.SendProcessor.process(SendProcessor.java:145)[58:org.apache.camel.camel-core:2.18.0]
	at org.apache.camel.management.InstrumentationProcessor.process(InstrumentationProcessor.java:77)[58:org.apache.camel.camel-core:2.18.0]
	at org.apache.camel.processor.RedeliveryErrorHandler.process(RedeliveryErrorHandler.java:542)[58:org.apache.camel.camel-core:2.18.0]
	at org.apache.camel.processor.CamelInternalProcessor.process(CamelInternalProcessor.java:197)[58:org.apache.camel.camel-core:2.18.0]
	at org.apache.camel.processor.Pipeline.process(Pipeline.java:120)[58:org.apache.camel.camel-core:2.18.0]
	at org.apache.camel.processor.Pipeline.process(Pipeline.java:83)[58:org.apache.camel.camel-core:2.18.0]
	at org.apache.camel.processor.ChoiceProcessor.process(ChoiceProcessor.java:117)[58:org.apache.camel.camel-core:2.18.0]
	at org.apache.camel.management.InstrumentationProcessor.process(InstrumentationProcessor.java:77)[58:org.apache.camel.camel-core:2.18.0]
	at org.apache.camel.processor.RedeliveryErrorHandler.process(RedeliveryErrorHandler.java:542)[58:org.apache.camel.camel-core:2.18.0]
	at org.apache.camel.processor.CamelInternalProcessor.process(CamelInternalProcessor.java:197)[58:org.apache.camel.camel-core:2.18.0]
	at org.apache.camel.processor.FilterProcessor.process(FilterProcessor.java:57)[58:org.apache.camel.camel-core:2.18.0]
	at org.apache.camel.management.InstrumentationProcessor.process(InstrumentationProcessor.java:77)[58:org.apache.camel.camel-core:2.18.0]
	at org.apache.camel.processor.RedeliveryErrorHandler.process(RedeliveryErrorHandler.java:542)[58:org.apache.camel.camel-core:2.18.0]
	at org.apache.camel.processor.CamelInternalProcessor.process(CamelInternalProcessor.java:197)[58:org.apache.camel.camel-core:2.18.0]
	at org.apache.camel.processor.Pipeline.process(Pipeline.java:120)[58:org.apache.camel.camel-core:2.18.0]
	at org.apache.camel.processor.Pipeline.process(Pipeline.java:83)[58:org.apache.camel.camel-core:2.18.0]
	at org.apache.camel.processor.CamelInternalProcessor.process(CamelInternalProcessor.java:197)[58:org.apache.camel.camel-core:2.18.0]
	at org.apache.camel.component.direct.DirectProducer.process(DirectProducer.java:62)[58:org.apache.camel.camel-core:2.18.0]
	at org.apache.camel.processor.SendProcessor.process(SendProcessor.java:145)[58:org.apache.camel.camel-core:2.18.0]
	at org.apache.camel.management.InstrumentationProcessor.process(InstrumentationProcessor.java:77)[58:org.apache.camel.camel-core:2.18.0]
	at org.apache.camel.processor.RedeliveryErrorHandler.process(RedeliveryErrorHandler.java:542)[58:org.apache.camel.camel-core:2.18.0]
	at org.apache.camel.processor.CamelInternalProcessor.process(CamelInternalProcessor.java:197)[58:org.apache.camel.camel-core:2.18.0]
	at org.apache.camel.processor.Pipeline.process(Pipeline.java:120)[58:org.apache.camel.camel-core:2.18.0]
	at org.apache.camel.processor.Pipeline.process(Pipeline.java:83)[58:org.apache.camel.camel-core:2.18.0]
	at org.apache.camel.processor.ChoiceProcessor.process(ChoiceProcessor.java:117)[58:org.apache.camel.camel-core:2.18.0]
	at org.apache.camel.management.InstrumentationProcessor.process(InstrumentationProcessor.java:77)[58:org.apache.camel.camel-core:2.18.0]
	at org.apache.camel.processor.RedeliveryErrorHandler.process(RedeliveryErrorHandler.java:542)[58:org.apache.camel.camel-core:2.18.0]
	at org.apache.camel.processor.CamelInternalProcessor.process(CamelInternalProcessor.java:197)[58:org.apache.camel.camel-core:2.18.0]
	at org.apache.camel.processor.FilterProcessor.process(FilterProcessor.java:57)[58:org.apache.camel.camel-core:2.18.0]
	at org.apache.camel.management.InstrumentationProcessor.process(InstrumentationProcessor.java:77)[58:org.apache.camel.camel-core:2.18.0]
	at org.apache.camel.processor.RedeliveryErrorHandler.process(RedeliveryErrorHandler.java:542)[58:org.apache.camel.camel-core:2.18.0]
	at org.apache.camel.processor.CamelInternalProcessor.process(CamelInternalProcessor.java:197)[58:org.apache.camel.camel-core:2.18.0]
	at org.apache.camel.processor.Pipeline.process(Pipeline.java:120)[58:org.apache.camel.camel-core:2.18.0]
	at org.apache.camel.processor.Pipeline.process(Pipeline.java:83)[58:org.apache.camel.camel-core:2.18.0]
	at org.apache.camel.processor.CamelInternalProcessor.process(CamelInternalProcessor.java:197)[58:org.apache.camel.camel-core:2.18.0]
	at org.apache.camel.component.direct.DirectProducer.process(DirectProducer.java:62)[58:org.apache.camel.camel-core:2.18.0]
	at org.apache.camel.processor.SendProcessor.process(SendProcessor.java:145)[58:org.apache.camel.camel-core:2.18.0]
	at org.apache.camel.management.InstrumentationProcessor.process(InstrumentationProcessor.java:77)[58:org.apache.camel.camel-core:2.18.0]
	at org.apache.camel.processor.RedeliveryErrorHandler.process(RedeliveryErrorHandler.java:542)[58:org.apache.camel.camel-core:2.18.0]
	at org.apache.camel.processor.CamelInternalProcessor.process(CamelInternalProcessor.java:197)[58:org.apache.camel.camel-core:2.18.0]
	at org.apache.camel.processor.ChoiceProcessor.process(ChoiceProcessor.java:117)[58:org.apache.camel.camel-core:2.18.0]
	at org.apache.camel.management.InstrumentationProcessor.process(InstrumentationProcessor.java:77)[58:org.apache.camel.camel-core:2.18.0]
	at org.apache.camel.processor.RedeliveryErrorHandler.process(RedeliveryErrorHandler.java:542)[58:org.apache.camel.camel-core:2.18.0]
	at org.apache.camel.processor.CamelInternalProcessor.process(CamelInternalProcessor.java:197)[58:org.apache.camel.camel-core:2.18.0]
	at org.apache.camel.processor.Pipeline.process(Pipeline.java:120)[58:org.apache.camel.camel-core:2.18.0]
	at org.apache.camel.processor.Pipeline.process(Pipeline.java:83)[58:org.apache.camel.camel-core:2.18.0]
	at org.apache.camel.processor.CamelInternalProcessor.process(CamelInternalProcessor.java:197)[58:org.apache.camel.camel-core:2.18.0]
	at org.apache.camel.processor.DelegateAsyncProcessor.process(DelegateAsyncProcessor.java:97)[58:org.apache.camel.camel-core:2.18.0]
	at org.apache.camel.component.jms.EndpointMessageListener.onMessage(EndpointMessageListener.java:112)[59:org.apache.camel.camel-jms:2.18.0]
	... 11 more
2018-01-11 22:48:40,760 | INFO  | Consumer[fedora] | SolrRouter                       | 245 - org.fcrepo.camel.fcrepo-indexing-solr - 4.7.2 | Deleting Solr Object info:fedora/TRX/TEST_00000000041/SEGMENTS/tape=TT1426F826CCD90E00101_tr=1_sess=3099
2018-01-11 22:48:40,767 | INFO  | Consumer[fedora] | SolrRouter                       | 245 - org.fcrepo.camel.fcrepo-indexing-solr - 4.7.2 | Deleting Solr Object info:fedora/TRX/TEST_00000000041
2018-01-11 22:48:40,771 | INFO  | Consumer[fedora] | SolrRouter                       | 245 - org.fcrepo.camel.fcrepo-indexing-solr - 4.7.2 | Indexing Solr Object http://172.17.0.2:8080/fcrepo/rest/TRX_OFFLINE/TEST_00000000041
2018-01-11 22:48:40,772 | INFO  | Consumer[fedora] | SolrRouter                       | 245 - org.fcrepo.camel.fcrepo-indexing-solr - 4.7.2 | Fetching external LDPath program from http://172.17.0.2/post.txt
2018-01-11 22:48:40,777 | INFO  | qtp143058517-756 | LDCacheBackend                   | 149 - org.fcrepo.camel.fcrepo-ldpath - 4.7.2 | retrieving resource http://172.17.0.2:8080/fcrepo/rest/TRX_OFFLINE/TEST_00000000041
2018-01-11 22:48:40,784 | INFO  | qtp143058517-756 | AbstractHttpProvider             | 156 - wrap_file__opt_apache-karaf-4.0.5___.m2_repository_org_apache_marmotta_ldclient-core_3.3.0_ldclient-core-3.3.0.jar - 0.0.0 | retrieving resource data for http://172.17.0.2:8080/fcrepo/rest/TRX_OFFLINE/TEST_00000000041 from 'Fedora' endpoint, request URI is <http://172.17.0.2:8080/fcrepo/rest/TRX_OFFLINE/TEST_00000000041>
2018-01-11 22:48:40,793 | INFO  | qtp143058517-756 | AbstractHttpProvider             | 156 - wrap_file__opt_apache-karaf-4.0.5___.m2_repository_org_apache_marmotta_ldclient-core_3.3.0_ldclient-core-3.3.0.jar - 0.0.0 | expiry time returned by request lower than minimum expiration time; using minimum time instead
2018-01-11 22:48:40,793 | INFO  | qtp143058517-756 | AbstractHttpProvider             | 156 - wrap_file__opt_apache-karaf-4.0.5___.m2_repository_org_apache_marmotta_ldclient-core_3.3.0_ldclient-core-3.3.0.jar - 0.0.0 | retrieved 27 triples for resource http://172.17.0.2:8080/fcrepo/rest/TRX_OFFLINE/TEST_00000000041; expiry date: Thu Jan 11 22:49:10 UTC 2018
2018-01-11 22:48:40,793 | INFO  | qtp143058517-756 | LDCache                          | 155 - wrap_file__opt_apache-karaf-4.0.5___.m2_repository_org_apache_marmotta_ldcache-core_3.3.0_ldcache-core-3.3.0.jar - 0.0.0 | refreshed resource http://172.17.0.2:8080/fcrepo/rest/TRX_OFFLINE/TEST_00000000041
2018-01-11 22:48:40,806 | INFO  | qtp143058517-756 | LDCacheBackend                   | 149 - org.fcrepo.camel.fcrepo-ldpath - 4.7.2 | retrieving resource http://172.17.0.2:8080/fcrepo/rest/TRX_OFFLINE/TEST_00000000041
2018-01-11 22:48:40,807 | INFO  | qtp143058517-756 | LDCacheBackend                   | 149 - org.fcrepo.camel.fcrepo-ldpath - 4.7.2 | retrieving resource http://172.17.0.2:8080/fcrepo/rest/TRX_OFFLINE/TEST_00000000041
2018-01-11 22:48:40,807 | INFO  | qtp143058517-756 | LDCacheBackend                   | 149 - org.fcrepo.camel.fcrepo-ldpath - 4.7.2 | retrieving resource http://172.17.0.2:8080/fcrepo/rest/TRX_OFFLINE/TEST_00000000041
2018-01-11 22:48:40,808 | INFO  | qtp143058517-756 | LDCacheBackend                   | 149 - org.fcrepo.camel.fcrepo-ldpath - 4.7.2 | retrieving resource http://172.17.0.2:8080/fcrepo/rest/TRX_OFFLINE/TEST_00000000041
2018-01-11 22:48:40,809 | INFO  | qtp143058517-756 | LDCacheBackend                   | 149 - org.fcrepo.camel.fcrepo-ldpath - 4.7.2 | retrieving resource http://172.17.0.2:8080/fcrepo/rest/TRX_OFFLINE/TEST_00000000041
2018-01-11 22:48:40,810 | INFO  | qtp143058517-756 | LDCacheBackend                   | 149 - org.fcrepo.camel.fcrepo-ldpath - 4.7.2 | retrieving resource http://172.17.0.2:8080/fcrepo/rest/TRX_OFFLINE/TEST_00000000041
2018-01-11 22:48:40,810 | INFO  | qtp143058517-756 | LDCacheBackend                   | 149 - org.fcrepo.camel.fcrepo-ldpath - 4.7.2 | retrieving resource http://172.17.0.2:8080/fcrepo/rest/TRX_OFFLINE/TEST_00000000041
2018-01-11 22:48:40,811 | INFO  | qtp143058517-756 | LDCacheBackend                   | 149 - org.fcrepo.camel.fcrepo-ldpath - 4.7.2 | retrieving resource http://172.17.0.2:8080/fcrepo/rest/TRX_OFFLINE/TEST_00000000041
2018-01-11 22:48:40,812 | INFO  | qtp143058517-756 | LDCacheBackend                   | 149 - org.fcrepo.camel.fcrepo-ldpath - 4.7.2 | retrieving resource http://172.17.0.2:8080/fcrepo/rest/TRX_OFFLINE/TEST_00000000041
2018-01-11 22:48:40,813 | INFO  | qtp143058517-756 | LDCacheBackend                   | 149 - org.fcrepo.camel.fcrepo-ldpath - 4.7.2 | retrieving resource http://172.17.0.2:8080/fcrepo/rest/TRX_OFFLINE/TEST_00000000041
2018-01-11 22:48:40,813 | INFO  | qtp143058517-756 | LDCacheBackend                   | 149 - org.fcrepo.camel.fcrepo-ldpath - 4.7.2 | retrieving resource http://172.17.0.2:8080/fcrepo/rest/TRX_OFFLINE/TEST_00000000041
2018-01-11 22:48:40,814 | INFO  | qtp143058517-756 | LDCacheBackend                   | 149 - org.fcrepo.camel.fcrepo-ldpath - 4.7.2 | retrieving resource http://172.17.0.2:8080/fcrepo/rest/TRX_OFFLINE/TEST_00000000041
2018-01-11 22:48:40,815 | INFO  | qtp143058517-756 | LDCacheBackend                   | 149 - org.fcrepo.camel.fcrepo-ldpath - 4.7.2 | retrieving resource http://172.17.0.2:8080/fcrepo/rest/TRX_OFFLINE/TEST_00000000041
2018-01-11 22:48:40,815 | INFO  | qtp143058517-756 | LDCacheBackend                   | 149 - org.fcrepo.camel.fcrepo-ldpath - 4.7.2 | retrieving resource http://172.17.0.2:8080/fcrepo/rest/TRX_OFFLINE/TEST_00000000041
2018-01-11 22:48:40,816 | INFO  | qtp143058517-756 | LDCacheBackend                   | 149 - org.fcrepo.camel.fcrepo-ldpath - 4.7.2 | retrieving resource http://172.17.0.2:8080/fcrepo/rest/TRX_OFFLINE/TEST_00000000041
2018-01-11 22:48:40,817 | INFO  | qtp143058517-756 | LDCacheBackend                   | 149 - org.fcrepo.camel.fcrepo-ldpath - 4.7.2 | retrieving resource http://172.17.0.2:8080/fcrepo/rest/TRX_OFFLINE/TEST_00000000041
2018-01-11 22:48:40,817 | INFO  | qtp143058517-756 | LDCacheBackend                   | 149 - org.fcrepo.camel.fcrepo-ldpath - 4.7.2 | retrieving resource http://172.17.0.2:8080/fcrepo/rest/TRX_OFFLINE/TEST_00000000041
2018-01-11 22:48:40,818 | INFO  | qtp143058517-756 | LDCacheBackend                   | 149 - org.fcrepo.camel.fcrepo-ldpath - 4.7.2 | retrieving resource http://172.17.0.2:8080/fcrepo/rest/TRX_OFFLINE/TEST_00000000041/SEGMENTS/tape=TT1426F826CCD90E00101_tr=1_sess=3099
2018-01-11 22:48:40,829 | INFO  | qtp143058517-756 | AbstractHttpProvider             | 156 - wrap_file__opt_apache-karaf-4.0.5___.m2_repository_org_apache_marmotta_ldclient-core_3.3.0_ldclient-core-3.3.0.jar - 0.0.0 | retrieving resource data for http://172.17.0.2:8080/fcrepo/rest/TRX_OFFLINE/TEST_00000000041/SEGMENTS/tape=TT1426F826CCD90E00101_tr=1_sess=3099 from 'Fedora' endpoint, request URI is <http://172.17.0.2:8080/fcrepo/rest/TRX_OFFLINE/TEST_00000000041/SEGMENTS/tape=TT1426F826CCD90E00101_tr=1_sess=3099>
2018-01-11 22:48:40,840 | INFO  | qtp143058517-756 | AbstractHttpProvider             | 156 - wrap_file__opt_apache-karaf-4.0.5___.m2_repository_org_apache_marmotta_ldclient-core_3.3.0_ldclient-core-3.3.0.jar - 0.0.0 | expiry time returned by request lower than minimum expiration time; using minimum time instead
2018-01-11 22:48:40,841 | INFO  | qtp143058517-756 | AbstractHttpProvider             | 156 - wrap_file__opt_apache-karaf-4.0.5___.m2_repository_org_apache_marmotta_ldclient-core_3.3.0_ldclient-core-3.3.0.jar - 0.0.0 | retrieved 16 triples for resource http://172.17.0.2:8080/fcrepo/rest/TRX_OFFLINE/TEST_00000000041/SEGMENTS/tape=TT1426F826CCD90E00101_tr=1_sess=3099; expiry date: Thu Jan 11 22:49:10 UTC 2018
2018-01-11 22:48:40,841 | INFO  | qtp143058517-756 | LDCache                          | 155 - wrap_file__opt_apache-karaf-4.0.5___.m2_repository_org_apache_marmotta_ldcache-core_3.3.0_ldcache-core-3.3.0.jar - 0.0.0 | refreshed resource http://172.17.0.2:8080/fcrepo/rest/TRX_OFFLINE/TEST_00000000041/SEGMENTS/tape=TT1426F826CCD90E00101_tr=1_sess=3099
2018-01-11 22:48:40,849 | INFO  | qtp143058517-756 | LDCacheBackend                   | 149 - org.fcrepo.camel.fcrepo-ldpath - 4.7.2 | retrieving resource http://172.17.0.2:8080/fcrepo/rest/TRX_OFFLINE/TEST_00000000041
2018-01-11 22:48:40,850 | INFO  | qtp143058517-756 | LDCacheBackend                   | 149 - org.fcrepo.camel.fcrepo-ldpath - 4.7.2 | retrieving resource http://172.17.0.2:8080/fcrepo/rest/TRX_OFFLINE/TEST_00000000041/SEGMENTS/tape=TT1426F826CCD90E00101_tr=1_sess=3099
2018-01-11 22:48:40,851 | INFO  | qtp143058517-756 | LDCacheBackend                   | 149 - org.fcrepo.camel.fcrepo-ldpath - 4.7.2 | retrieving resource http://172.17.0.2:8080/fcrepo/rest/TRX_OFFLINE/TEST_00000000041
2018-01-11 22:48:40,852 | INFO  | qtp143058517-756 | LDCacheBackend                   | 149 - org.fcrepo.camel.fcrepo-ldpath - 4.7.2 | retrieving resource http://172.17.0.2:8080/fcrepo/rest/TRX_OFFLINE/TEST_00000000041/SEGMENTS/tape=TT1426F826CCD90E00101_tr=1_sess=3099
2018-01-11 22:48:40,853 | INFO  | qtp143058517-756 | LDCacheBackend                   | 149 - org.fcrepo.camel.fcrepo-ldpath - 4.7.2 | retrieving resource http://172.17.0.2:8080/fcrepo/rest/TRX_OFFLINE/TEST_00000000041
2018-01-11 22:48:40,858 | INFO  | qtp143058517-756 | LDCacheBackend                   | 149 - org.fcrepo.camel.fcrepo-ldpath - 4.7.2 | retrieving resource http://172.17.0.2:8080/fcrepo/rest/TRX_OFFLINE/TEST_00000000041/SEGMENTS/tape=TT1426F826CCD90E00101_tr=1_sess=3099
2018-01-11 22:48:40,859 | INFO  | qtp143058517-756 | LDCacheBackend                   | 149 - org.fcrepo.camel.fcrepo-ldpath - 4.7.2 | retrieving resource http://172.17.0.2:8080/fcrepo/rest/TRX_OFFLINE/TEST_00000000041
2018-01-11 22:48:40,860 | INFO  | qtp143058517-756 | LDCacheBackend                   | 149 - org.fcrepo.camel.fcrepo-ldpath - 4.7.2 | retrieving resource http://172.17.0.2:8080/fcrepo/rest/TRX_OFFLINE/TEST_00000000041/SEGMENTS/tape=TT1426F826CCD90E00101_tr=1_sess=3099
2018-01-11 22:48:40,861 | INFO  | qtp143058517-756 | LDCacheBackend                   | 149 - org.fcrepo.camel.fcrepo-ldpath - 4.7.2 | retrieving resource http://172.17.0.2:8080/fcrepo/rest/TRX_OFFLINE/TEST_00000000041
2018-01-11 22:48:40,861 | INFO  | qtp143058517-756 | LDCacheBackend                   | 149 - org.fcrepo.camel.fcrepo-ldpath - 4.7.2 | retrieving resource http://172.17.0.2:8080/fcrepo/rest/TRX_OFFLINE/TEST_00000000041/SEGMENTS/tape=TT1426F826CCD90E00101_tr=1_sess=3099
