Sep 14, 2015 6:20:26 PM org.apache.karaf.main.Main launch
INFO: Installing and starting initial bundles
Sep 14, 2015 6:20:26 PM org.apache.karaf.main.Main launch
INFO: All initial bundles installed and set to start
Sep 14, 2015 6:20:27 PM org.apache.karaf.main.lock.SimpleFileLock lock
INFO: Trying to lock /opt/karaf/apache-karaf-4.0.0/lock
Sep 14, 2015 6:20:27 PM org.apache.karaf.main.lock.SimpleFileLock lock
INFO: Lock acquired
Sep 14, 2015 6:20:27 PM org.apache.karaf.main.Main$KarafLockCallback lockAquired
INFO: Lock acquired. Setting startlevel to 100
2015-09-14 18:20:27,772 | INFO  | FelixStartLevel  | fileinstall                      | 4 - org.apache.felix.fileinstall - 3.5.0 | Creating configuration from org.apache.felix.fileinstall-deploy.cfg
2015-09-14 18:20:27,776 | INFO  | FelixStartLevel  | fileinstall                      | 4 - org.apache.felix.fileinstall - 3.5.0 | Creating configuration from org.ops4j.pax.url.mvn.cfg
2015-09-14 18:20:27,866 | ERROR | pool-1-thread-1  | BootFeaturesInstaller            | 8 - org.apache.karaf.features.core - 4.0.0 | Error installing boot feature repository file:/x1/asf/karaf/k40x/target/checkout/assemblies/apache-karaf/target/assembly/system/org/apache/karaf/features/framework/4.0.0/framework-4.0.0-features.xml
java.io.IOException: /x1/asf/karaf/k40x/target/checkout/assemblies/apache-karaf/target/assembly/system/org/apache/karaf/features/framework/4.0.0/framework-4.0.0-features.xml (No such file or directory) : file:/x1/asf/karaf/k40x/target/checkout/assemblies/apache-karaf/target/assembly/system/org/apache/karaf/features/framework/4.0.0/framework-4.0.0-features.xml
	at org.apache.karaf.features.internal.service.RepositoryImpl.load(RepositoryImpl.java:85)[8:org.apache.karaf.features.core:4.0.0]
	at org.apache.karaf.features.internal.service.FeaturesServiceImpl.loadRepository(FeaturesServiceImpl.java:391)[8:org.apache.karaf.features.core:4.0.0]
	at org.apache.karaf.features.internal.service.FeaturesServiceImpl.addRepository(FeaturesServiceImpl.java:411)[8:org.apache.karaf.features.core:4.0.0]
	at org.apache.karaf.features.internal.service.FeaturesServiceImpl.addRepository(FeaturesServiceImpl.java:402)[8:org.apache.karaf.features.core:4.0.0]
	at org.apache.karaf.features.internal.service.BootFeaturesInstaller.installBootFeatures(BootFeaturesInstaller.java:86)[8:org.apache.karaf.features.core:4.0.0]
	at org.apache.karaf.features.internal.service.BootFeaturesInstaller.start(BootFeaturesInstaller.java:76)[8:org.apache.karaf.features.core:4.0.0]
	at org.apache.karaf.features.internal.osgi.Activator.doStart(Activator.java:257)[8:org.apache.karaf.features.core:4.0.0]
	at org.apache.karaf.util.tracker.BaseActivator.run(BaseActivator.java:233)[8:org.apache.karaf.features.core:4.0.0]
	at java.util.concurrent.Executors$RunnableAdapter.call(Executors.java:511)[:1.8.0_25]
	at java.util.concurrent.FutureTask.run(FutureTask.java:266)[:1.8.0_25]
	at java.util.concurrent.ThreadPoolExecutor.runWorker(ThreadPoolExecutor.java:1142)[:1.8.0_25]
	at java.util.concurrent.ThreadPoolExecutor$Worker.run(ThreadPoolExecutor.java:617)[:1.8.0_25]
	at java.lang.Thread.run(Thread.java:745)[:1.8.0_25]
Caused by: java.io.FileNotFoundException: /x1/asf/karaf/k40x/target/checkout/assemblies/apache-karaf/target/assembly/system/org/apache/karaf/features/framework/4.0.0/framework-4.0.0-features.xml (No such file or directory)
	at java.io.FileInputStream.open(Native Method)[:1.8.0_25]
	at java.io.FileInputStream.<init>(FileInputStream.java:138)[:1.8.0_25]
	at java.io.FileInputStream.<init>(FileInputStream.java:93)[:1.8.0_25]
	at sun.net.www.protocol.file.FileURLConnection.connect(FileURLConnection.java:90)[:1.8.0_25]
	at sun.net.www.protocol.file.FileURLConnection.getInputStream(FileURLConnection.java:188)[:1.8.0_25]
	at java.net.URL.openStream(URL.java:1038)[:1.8.0_25]
	at org.apache.karaf.features.internal.service.RepositoryImpl.load(RepositoryImpl.java:80)[8:org.apache.karaf.features.core:4.0.0]
	... 12 more
2015-09-14 18:20:28,220 | INFO  | pool-1-thread-1  | FeaturesServiceImpl              | 8 - org.apache.karaf.features.core - 4.0.0 | Adding features: instance/[4.0.0,4.0.0], package/[4.0.0,4.0.0], log/[4.0.0,4.0.0], ssh/[4.0.0,4.0.0], aries-blueprint/[4.0.0,4.0.0], system/[4.0.0,4.0.0], feature/[4.0.0,4.0.0], management/[4.0.0,4.0.0], shell/[4.0.0,4.0.0], service/[4.0.0,4.0.0], jaas/[4.0.0,4.0.0], deployer/[4.0.0,4.0.0], diagnostic/[4.0.0,4.0.0], shell-compat/[4.0.0,4.0.0], bundle/[4.0.0,4.0.0], config/[4.0.0,4.0.0], kar/[4.0.0,4.0.0], wrap/[0,0.0.0]
2015-09-14 18:20:28,600 | INFO  | pool-2-thread-1  | FeaturesServiceImpl              | 8 - org.apache.karaf.features.core - 4.0.0 | Changes to perform:
2015-09-14 18:20:28,600 | INFO  | pool-2-thread-1  | FeaturesServiceImpl              | 8 - org.apache.karaf.features.core - 4.0.0 |   Region: root
2015-09-14 18:20:28,600 | INFO  | pool-2-thread-1  | FeaturesServiceImpl              | 8 - org.apache.karaf.features.core - 4.0.0 |     Bundles to install:
2015-09-14 18:20:28,601 | INFO  | pool-2-thread-1  | FeaturesServiceImpl              | 8 - org.apache.karaf.features.core - 4.0.0 |       mvn:jline/jline/2.12.1
2015-09-14 18:20:28,601 | INFO  | pool-2-thread-1  | FeaturesServiceImpl              | 8 - org.apache.karaf.features.core - 4.0.0 |       mvn:org.apache.aries.blueprint/org.apache.aries.blueprint.api/1.0.1
2015-09-14 18:20:28,601 | INFO  | pool-2-thread-1  | FeaturesServiceImpl              | 8 - org.apache.karaf.features.core - 4.0.0 |       mvn:org.apache.aries.blueprint/org.apache.aries.blueprint.cm/1.0.6
2015-09-14 18:20:28,601 | INFO  | pool-2-thread-1  | FeaturesServiceImpl              | 8 - org.apache.karaf.features.core - 4.0.0 |       mvn:org.apache.aries.blueprint/org.apache.aries.blueprint.core/1.4.3
2015-09-14 18:20:28,602 | INFO  | pool-2-thread-1  | FeaturesServiceImpl              | 8 - org.apache.karaf.features.core - 4.0.0 |       mvn:org.apache.aries.blueprint/org.apache.aries.blueprint.core.compatibility/1.0.0
2015-09-14 18:20:28,602 | INFO  | pool-2-thread-1  | FeaturesServiceImpl              | 8 - org.apache.karaf.features.core - 4.0.0 |       mvn:org.apache.aries.jmx/org.apache.aries.jmx.api/1.1.1
2015-09-14 18:20:28,602 | INFO  | pool-2-thread-1  | FeaturesServiceImpl              | 8 - org.apache.karaf.features.core - 4.0.0 |       mvn:org.apache.aries.jmx/org.apache.aries.jmx.blueprint.api/1.1.0
2015-09-14 18:20:28,602 | INFO  | pool-2-thread-1  | FeaturesServiceImpl              | 8 - org.apache.karaf.features.core - 4.0.0 |       mvn:org.apache.aries.jmx/org.apache.aries.jmx.blueprint.core/1.1.0
2015-09-14 18:20:28,602 | INFO  | pool-2-thread-1  | FeaturesServiceImpl              | 8 - org.apache.karaf.features.core - 4.0.0 |       mvn:org.apache.aries.jmx/org.apache.aries.jmx.core/1.1.3
2015-09-14 18:20:28,603 | INFO  | pool-2-thread-1  | FeaturesServiceImpl              | 8 - org.apache.karaf.features.core - 4.0.0 |       mvn:org.apache.aries.jmx/org.apache.aries.jmx.whiteboard/1.0.0
2015-09-14 18:20:28,603 | INFO  | pool-2-thread-1  | FeaturesServiceImpl              | 8 - org.apache.karaf.features.core - 4.0.0 |       mvn:org.apache.aries.proxy/org.apache.aries.proxy.api/1.0.1
2015-09-14 18:20:28,603 | INFO  | pool-2-thread-1  | FeaturesServiceImpl              | 8 - org.apache.karaf.features.core - 4.0.0 |       mvn:org.apache.aries.proxy/org.apache.aries.proxy.impl/1.0.4
2015-09-14 18:20:28,603 | INFO  | pool-2-thread-1  | FeaturesServiceImpl              | 8 - org.apache.karaf.features.core - 4.0.0 |       mvn:org.apache.aries/org.apache.aries.util/1.1.0
2015-09-14 18:20:28,603 | INFO  | pool-2-thread-1  | FeaturesServiceImpl              | 8 - org.apache.karaf.features.core - 4.0.0 |       mvn:org.apache.karaf.bundle/org.apache.karaf.bundle.blueprintstate/4.0.0
2015-09-14 18:20:28,603 | INFO  | pool-2-thread-1  | FeaturesServiceImpl              | 8 - org.apache.karaf.features.core - 4.0.0 |       mvn:org.apache.karaf.bundle/org.apache.karaf.bundle.core/4.0.0
2015-09-14 18:20:28,604 | INFO  | pool-2-thread-1  | FeaturesServiceImpl              | 8 - org.apache.karaf.features.core - 4.0.0 |       mvn:org.apache.karaf.config/org.apache.karaf.config.core/4.0.0
2015-09-14 18:20:28,604 | INFO  | pool-2-thread-1  | FeaturesServiceImpl              | 8 - org.apache.karaf.features.core - 4.0.0 |       mvn:org.apache.karaf.deployer/org.apache.karaf.deployer.blueprint/4.0.0
2015-09-14 18:20:28,604 | INFO  | pool-2-thread-1  | FeaturesServiceImpl              | 8 - org.apache.karaf.features.core - 4.0.0 |       mvn:org.apache.karaf.deployer/org.apache.karaf.deployer.features/4.0.0
2015-09-14 18:20:28,604 | INFO  | pool-2-thread-1  | FeaturesServiceImpl              | 8 - org.apache.karaf.features.core - 4.0.0 |       mvn:org.apache.karaf.deployer/org.apache.karaf.deployer.kar/4.0.0
2015-09-14 18:20:28,604 | INFO  | pool-2-thread-1  | FeaturesServiceImpl              | 8 - org.apache.karaf.features.core - 4.0.0 |       mvn:org.apache.karaf.deployer/org.apache.karaf.deployer.wrap/4.0.0
2015-09-14 18:20:28,605 | INFO  | pool-2-thread-1  | FeaturesServiceImpl              | 8 - org.apache.karaf.features.core - 4.0.0 |       mvn:org.apache.karaf.diagnostic/org.apache.karaf.diagnostic.core/4.0.0
2015-09-14 18:20:28,605 | INFO  | pool-2-thread-1  | FeaturesServiceImpl              | 8 - org.apache.karaf.features.core - 4.0.0 |       mvn:org.apache.karaf.features/org.apache.karaf.features.command/4.0.0
2015-09-14 18:20:28,605 | INFO  | pool-2-thread-1  | FeaturesServiceImpl              | 8 - org.apache.karaf.features.core - 4.0.0 |       mvn:org.apache.karaf.instance/org.apache.karaf.instance.core/4.0.0
2015-09-14 18:20:28,605 | INFO  | pool-2-thread-1  | FeaturesServiceImpl              | 8 - org.apache.karaf.features.core - 4.0.0 |       mvn:org.apache.karaf.jaas.blueprint/org.apache.karaf.jaas.blueprint.config/4.0.0
2015-09-14 18:20:28,606 | INFO  | pool-2-thread-1  | FeaturesServiceImpl              | 8 - org.apache.karaf.features.core - 4.0.0 |       mvn:org.apache.karaf.jaas/org.apache.karaf.jaas.command/4.0.0
2015-09-14 18:20:28,606 | INFO  | pool-2-thread-1  | FeaturesServiceImpl              | 8 - org.apache.karaf.features.core - 4.0.0 |       mvn:org.apache.karaf.jaas/org.apache.karaf.jaas.config/4.0.0
2015-09-14 18:20:28,606 | INFO  | pool-2-thread-1  | FeaturesServiceImpl              | 8 - org.apache.karaf.features.core - 4.0.0 |       mvn:org.apache.karaf.jaas/org.apache.karaf.jaas.modules/4.0.0
2015-09-14 18:20:28,606 | INFO  | pool-2-thread-1  | FeaturesServiceImpl              | 8 - org.apache.karaf.features.core - 4.0.0 |       mvn:org.apache.karaf.kar/org.apache.karaf.kar.core/4.0.0
2015-09-14 18:20:28,606 | INFO  | pool-2-thread-1  | FeaturesServiceImpl              | 8 - org.apache.karaf.features.core - 4.0.0 |       mvn:org.apache.karaf.log/org.apache.karaf.log.core/4.0.0
2015-09-14 18:20:28,606 | INFO  | pool-2-thread-1  | FeaturesServiceImpl              | 8 - org.apache.karaf.features.core - 4.0.0 |       mvn:org.apache.karaf.management/org.apache.karaf.management.server/4.0.0
2015-09-14 18:20:28,607 | INFO  | pool-2-thread-1  | FeaturesServiceImpl              | 8 - org.apache.karaf.features.core - 4.0.0 |       mvn:org.apache.karaf.package/org.apache.karaf.package.core/4.0.0
2015-09-14 18:20:28,607 | INFO  | pool-2-thread-1  | FeaturesServiceImpl              | 8 - org.apache.karaf.features.core - 4.0.0 |       mvn:org.apache.karaf.service/org.apache.karaf.service.core/4.0.0
2015-09-14 18:20:28,607 | INFO  | pool-2-thread-1  | FeaturesServiceImpl              | 8 - org.apache.karaf.features.core - 4.0.0 |       mvn:org.apache.karaf.shell/org.apache.karaf.shell.commands/4.0.0
2015-09-14 18:20:28,607 | INFO  | pool-2-thread-1  | FeaturesServiceImpl              | 8 - org.apache.karaf.features.core - 4.0.0 |       mvn:org.apache.karaf.shell/org.apache.karaf.shell.console/4.0.0
2015-09-14 18:20:28,607 | INFO  | pool-2-thread-1  | FeaturesServiceImpl              | 8 - org.apache.karaf.features.core - 4.0.0 |       mvn:org.apache.karaf.shell/org.apache.karaf.shell.core/4.0.0
2015-09-14 18:20:28,607 | INFO  | pool-2-thread-1  | FeaturesServiceImpl              | 8 - org.apache.karaf.features.core - 4.0.0 |       mvn:org.apache.karaf.shell/org.apache.karaf.shell.ssh/4.0.0
2015-09-14 18:20:28,608 | INFO  | pool-2-thread-1  | FeaturesServiceImpl              | 8 - org.apache.karaf.features.core - 4.0.0 |       mvn:org.apache.karaf.shell/org.apache.karaf.shell.table/4.0.0
2015-09-14 18:20:28,608 | INFO  | pool-2-thread-1  | FeaturesServiceImpl              | 8 - org.apache.karaf.features.core - 4.0.0 |       mvn:org.apache.karaf.system/org.apache.karaf.system.core/4.0.0
2015-09-14 18:20:28,608 | INFO  | pool-2-thread-1  | FeaturesServiceImpl              | 8 - org.apache.karaf.features.core - 4.0.0 |       mvn:org.apache.sshd/sshd-core/0.14.0
2015-09-14 18:20:28,608 | INFO  | pool-2-thread-1  | FeaturesServiceImpl              | 8 - org.apache.karaf.features.core - 4.0.0 |       mvn:org.jledit/core/0.2.1
2015-09-14 18:20:28,608 | INFO  | pool-2-thread-1  | FeaturesServiceImpl              | 8 - org.apache.karaf.features.core - 4.0.0 |       mvn:org.ow2.asm/asm-all/5.0.3
2015-09-14 18:20:28,608 | INFO  | pool-2-thread-1  | FeaturesServiceImpl              | 8 - org.apache.karaf.features.core - 4.0.0 |       mvn:org.ops4j.pax.url/pax-url-wrap/2.4.1/jar/uber
2015-09-14 18:20:28,609 | INFO  | pool-2-thread-1  | FeaturesServiceImpl              | 8 - org.apache.karaf.features.core - 4.0.0 | Installing bundles:
2015-09-14 18:20:28,610 | INFO  | pool-2-thread-1  | FeaturesServiceImpl              | 8 - org.apache.karaf.features.core - 4.0.0 |   mvn:jline/jline/2.12.1
2015-09-14 18:20:28,613 | INFO  | pool-2-thread-1  | FeaturesServiceImpl              | 8 - org.apache.karaf.features.core - 4.0.0 |   mvn:org.apache.aries.blueprint/org.apache.aries.blueprint.api/1.0.1
2015-09-14 18:20:28,616 | INFO  | pool-2-thread-1  | FeaturesServiceImpl              | 8 - org.apache.karaf.features.core - 4.0.0 |   mvn:org.apache.aries.blueprint/org.apache.aries.blueprint.cm/1.0.6
2015-09-14 18:20:28,618 | INFO  | pool-2-thread-1  | FeaturesServiceImpl              | 8 - org.apache.karaf.features.core - 4.0.0 |   mvn:org.apache.aries.blueprint/org.apache.aries.blueprint.core/1.4.3
2015-09-14 18:20:28,622 | INFO  | pool-2-thread-1  | FeaturesServiceImpl              | 8 - org.apache.karaf.features.core - 4.0.0 |   mvn:org.apache.aries.blueprint/org.apache.aries.blueprint.core.compatibility/1.0.0
2015-09-14 18:20:28,623 | INFO  | pool-2-thread-1  | FeaturesServiceImpl              | 8 - org.apache.karaf.features.core - 4.0.0 |   mvn:org.apache.aries.jmx/org.apache.aries.jmx.api/1.1.1
2015-09-14 18:20:28,630 | INFO  | pool-2-thread-1  | FeaturesServiceImpl              | 8 - org.apache.karaf.features.core - 4.0.0 |   mvn:org.apache.aries.jmx/org.apache.aries.jmx.blueprint.api/1.1.0
2015-09-14 18:20:28,632 | INFO  | pool-2-thread-1  | FeaturesServiceImpl              | 8 - org.apache.karaf.features.core - 4.0.0 |   mvn:org.apache.aries.jmx/org.apache.aries.jmx.blueprint.core/1.1.0
2015-09-14 18:20:28,634 | INFO  | pool-2-thread-1  | FeaturesServiceImpl              | 8 - org.apache.karaf.features.core - 4.0.0 |   mvn:org.apache.aries.jmx/org.apache.aries.jmx.core/1.1.3
2015-09-14 18:20:28,636 | INFO  | pool-2-thread-1  | FeaturesServiceImpl              | 8 - org.apache.karaf.features.core - 4.0.0 |   mvn:org.apache.aries.jmx/org.apache.aries.jmx.whiteboard/1.0.0
2015-09-14 18:20:28,638 | INFO  | pool-2-thread-1  | FeaturesServiceImpl              | 8 - org.apache.karaf.features.core - 4.0.0 |   mvn:org.apache.aries.proxy/org.apache.aries.proxy.api/1.0.1
2015-09-14 18:20:28,639 | INFO  | pool-2-thread-1  | FeaturesServiceImpl              | 8 - org.apache.karaf.features.core - 4.0.0 |   mvn:org.apache.aries.proxy/org.apache.aries.proxy.impl/1.0.4
2015-09-14 18:20:28,641 | INFO  | pool-2-thread-1  | FeaturesServiceImpl              | 8 - org.apache.karaf.features.core - 4.0.0 |   mvn:org.apache.aries/org.apache.aries.util/1.1.0
2015-09-14 18:20:28,644 | INFO  | pool-2-thread-1  | FeaturesServiceImpl              | 8 - org.apache.karaf.features.core - 4.0.0 |   mvn:org.apache.karaf.bundle/org.apache.karaf.bundle.blueprintstate/4.0.0
2015-09-14 18:20:28,646 | INFO  | pool-2-thread-1  | FeaturesServiceImpl              | 8 - org.apache.karaf.features.core - 4.0.0 |   mvn:org.apache.karaf.bundle/org.apache.karaf.bundle.core/4.0.0
2015-09-14 18:20:28,648 | INFO  | pool-2-thread-1  | FeaturesServiceImpl              | 8 - org.apache.karaf.features.core - 4.0.0 |   mvn:org.apache.karaf.config/org.apache.karaf.config.core/4.0.0
2015-09-14 18:20:28,650 | INFO  | pool-2-thread-1  | FeaturesServiceImpl              | 8 - org.apache.karaf.features.core - 4.0.0 |   mvn:org.apache.karaf.deployer/org.apache.karaf.deployer.blueprint/4.0.0
2015-09-14 18:20:28,652 | INFO  | pool-2-thread-1  | FeaturesServiceImpl              | 8 - org.apache.karaf.features.core - 4.0.0 |   mvn:org.apache.karaf.deployer/org.apache.karaf.deployer.features/4.0.0
2015-09-14 18:20:28,654 | INFO  | pool-2-thread-1  | FeaturesServiceImpl              | 8 - org.apache.karaf.features.core - 4.0.0 |   mvn:org.apache.karaf.deployer/org.apache.karaf.deployer.kar/4.0.0
2015-09-14 18:20:28,655 | INFO  | pool-2-thread-1  | FeaturesServiceImpl              | 8 - org.apache.karaf.features.core - 4.0.0 |   mvn:org.apache.karaf.deployer/org.apache.karaf.deployer.wrap/4.0.0
2015-09-14 18:20:28,657 | INFO  | pool-2-thread-1  | FeaturesServiceImpl              | 8 - org.apache.karaf.features.core - 4.0.0 |   mvn:org.apache.karaf.diagnostic/org.apache.karaf.diagnostic.core/4.0.0
2015-09-14 18:20:28,659 | INFO  | pool-2-thread-1  | FeaturesServiceImpl              | 8 - org.apache.karaf.features.core - 4.0.0 |   mvn:org.apache.karaf.features/org.apache.karaf.features.command/4.0.0
2015-09-14 18:20:28,661 | INFO  | pool-2-thread-1  | FeaturesServiceImpl              | 8 - org.apache.karaf.features.core - 4.0.0 |   mvn:org.apache.karaf.instance/org.apache.karaf.instance.core/4.0.0
2015-09-14 18:20:28,663 | INFO  | pool-2-thread-1  | FeaturesServiceImpl              | 8 - org.apache.karaf.features.core - 4.0.0 |   mvn:org.apache.karaf.jaas.blueprint/org.apache.karaf.jaas.blueprint.config/4.0.0
2015-09-14 18:20:28,665 | INFO  | pool-2-thread-1  | FeaturesServiceImpl              | 8 - org.apache.karaf.features.core - 4.0.0 |   mvn:org.apache.karaf.jaas/org.apache.karaf.jaas.command/4.0.0
2015-09-14 18:20:28,667 | INFO  | pool-2-thread-1  | FeaturesServiceImpl              | 8 - org.apache.karaf.features.core - 4.0.0 |   mvn:org.apache.karaf.jaas/org.apache.karaf.jaas.config/4.0.0
2015-09-14 18:20:28,669 | INFO  | pool-2-thread-1  | FeaturesServiceImpl              | 8 - org.apache.karaf.features.core - 4.0.0 |   mvn:org.apache.karaf.jaas/org.apache.karaf.jaas.modules/4.0.0
2015-09-14 18:20:28,673 | INFO  | pool-2-thread-1  | FeaturesServiceImpl              | 8 - org.apache.karaf.features.core - 4.0.0 |   mvn:org.apache.karaf.kar/org.apache.karaf.kar.core/4.0.0
2015-09-14 18:20:28,676 | INFO  | pool-2-thread-1  | FeaturesServiceImpl              | 8 - org.apache.karaf.features.core - 4.0.0 |   mvn:org.apache.karaf.log/org.apache.karaf.log.core/4.0.0
2015-09-14 18:20:28,678 | INFO  | pool-2-thread-1  | FeaturesServiceImpl              | 8 - org.apache.karaf.features.core - 4.0.0 |   mvn:org.apache.karaf.management/org.apache.karaf.management.server/4.0.0
2015-09-14 18:20:28,680 | INFO  | pool-2-thread-1  | FeaturesServiceImpl              | 8 - org.apache.karaf.features.core - 4.0.0 |   mvn:org.apache.karaf.package/org.apache.karaf.package.core/4.0.0
2015-09-14 18:20:28,682 | INFO  | pool-2-thread-1  | FeaturesServiceImpl              | 8 - org.apache.karaf.features.core - 4.0.0 |   mvn:org.apache.karaf.service/org.apache.karaf.service.core/4.0.0
2015-09-14 18:20:28,684 | INFO  | pool-2-thread-1  | FeaturesServiceImpl              | 8 - org.apache.karaf.features.core - 4.0.0 |   mvn:org.apache.karaf.shell/org.apache.karaf.shell.commands/4.0.0
2015-09-14 18:20:28,686 | INFO  | pool-2-thread-1  | FeaturesServiceImpl              | 8 - org.apache.karaf.features.core - 4.0.0 |   mvn:org.apache.karaf.shell/org.apache.karaf.shell.console/4.0.0
2015-09-14 18:20:28,689 | INFO  | pool-2-thread-1  | FeaturesServiceImpl              | 8 - org.apache.karaf.features.core - 4.0.0 |   mvn:org.apache.karaf.shell/org.apache.karaf.shell.core/4.0.0
2015-09-14 18:20:28,692 | INFO  | pool-2-thread-1  | FeaturesServiceImpl              | 8 - org.apache.karaf.features.core - 4.0.0 |   mvn:org.apache.karaf.shell/org.apache.karaf.shell.ssh/4.0.0
2015-09-14 18:20:28,695 | INFO  | pool-2-thread-1  | FeaturesServiceImpl              | 8 - org.apache.karaf.features.core - 4.0.0 |   mvn:org.apache.karaf.shell/org.apache.karaf.shell.table/4.0.0
2015-09-14 18:20:28,696 | INFO  | pool-2-thread-1  | FeaturesServiceImpl              | 8 - org.apache.karaf.features.core - 4.0.0 |   mvn:org.apache.karaf.system/org.apache.karaf.system.core/4.0.0
2015-09-14 18:20:28,698 | INFO  | pool-2-thread-1  | FeaturesServiceImpl              | 8 - org.apache.karaf.features.core - 4.0.0 |   mvn:org.apache.sshd/sshd-core/0.14.0
2015-09-14 18:20:28,702 | INFO  | pool-2-thread-1  | FeaturesServiceImpl              | 8 - org.apache.karaf.features.core - 4.0.0 |   mvn:org.jledit/core/0.2.1
2015-09-14 18:20:28,704 | INFO  | pool-2-thread-1  | FeaturesServiceImpl              | 8 - org.apache.karaf.features.core - 4.0.0 |   mvn:org.ow2.asm/asm-all/5.0.3
2015-09-14 18:20:28,706 | INFO  | pool-2-thread-1  | FeaturesServiceImpl              | 8 - org.apache.karaf.features.core - 4.0.0 |   mvn:org.ops4j.pax.url/pax-url-wrap/2.4.1/jar/uber
2015-09-14 18:20:28,797 | INFO  | pool-2-thread-1  | FeaturesServiceImpl              | 8 - org.apache.karaf.features.core - 4.0.0 | Starting bundles:
2015-09-14 18:20:28,799 | INFO  | pool-2-thread-1  | FeaturesServiceImpl              | 8 - org.apache.karaf.features.core - 4.0.0 |   org.ops4j.pax.url.wrap / 2.4.1
2015-09-14 18:20:28,804 | INFO  | pool-2-thread-1  | FeaturesServiceImpl              | 8 - org.apache.karaf.features.core - 4.0.0 |   org.apache.aries.blueprint.api / 1.0.1
2015-09-14 18:20:28,805 | INFO  | pool-2-thread-1  | FeaturesServiceImpl              | 8 - org.apache.karaf.features.core - 4.0.0 |   org.apache.aries.util / 1.1.0
2015-09-14 18:20:28,805 | INFO  | pool-2-thread-1  | FeaturesServiceImpl              | 8 - org.apache.karaf.features.core - 4.0.0 |   org.apache.aries.proxy.api / 1.0.1
2015-09-14 18:20:28,805 | INFO  | pool-2-thread-1  | FeaturesServiceImpl              | 8 - org.apache.karaf.features.core - 4.0.0 |   org.apache.aries.blueprint.core / 1.4.3
2015-09-14 18:20:28,826 | INFO  | pool-2-thread-1  | BlueprintExtender                | 12 - org.apache.aries.blueprint.core - 1.4.3 | No quiesce support is available, so blueprint components will not participate in quiesce operations
2015-09-14 18:20:28,826 | INFO  | pool-2-thread-1  | FeaturesServiceImpl              | 8 - org.apache.karaf.features.core - 4.0.0 |   org.objectweb.asm.all / 5.0.3
2015-09-14 18:20:28,826 | INFO  | pool-2-thread-1  | FeaturesServiceImpl              | 8 - org.apache.karaf.features.core - 4.0.0 |   org.apache.aries.proxy.impl / 1.0.4
2015-09-14 18:20:28,922 | INFO  | pool-2-thread-1  | FeaturesServiceImpl              | 8 - org.apache.karaf.features.core - 4.0.0 |   org.apache.aries.blueprint.cm / 1.0.6
2015-09-14 18:20:28,931 | INFO  | pool-2-thread-1  | FeaturesServiceImpl              | 8 - org.apache.karaf.features.core - 4.0.0 |   org.apache.karaf.deployer.kar / 4.0.0
2015-09-14 18:20:28,934 | INFO  | pool-2-thread-1  | FeaturesServiceImpl              | 8 - org.apache.karaf.features.core - 4.0.0 |   org.apache.karaf.deployer.wrap / 4.0.0
2015-09-14 18:20:28,937 | INFO  | pool-2-thread-1  | FeaturesServiceImpl              | 8 - org.apache.karaf.features.core - 4.0.0 |   org.apache.karaf.deployer.blueprint / 4.0.0
2015-09-14 18:20:28,942 | INFO  | pool-2-thread-1  | FeaturesServiceImpl              | 8 - org.apache.karaf.features.core - 4.0.0 |   org.apache.karaf.deployer.features / 4.0.0
2015-09-14 18:20:28,949 | INFO  | pool-2-thread-1  | FeaturesServiceImpl              | 8 - org.apache.karaf.features.core - 4.0.0 |   org.apache.sshd.core / 0.14.0
2015-09-14 18:20:28,950 | INFO  | pool-2-thread-1  | FeaturesServiceImpl              | 8 - org.apache.karaf.features.core - 4.0.0 |   org.apache.karaf.jaas.config / 4.0.0
2015-09-14 18:20:28,958 | INFO  | pool-2-thread-1  | FeaturesServiceImpl              | 8 - org.apache.karaf.features.core - 4.0.0 |   org.apache.karaf.jaas.modules / 4.0.0
2015-09-14 18:20:28,978 | INFO  | pool-2-thread-1  | FeaturesServiceImpl              | 8 - org.apache.karaf.features.core - 4.0.0 |   org.apache.karaf.jaas.command / 4.0.0
2015-09-14 18:20:28,979 | INFO  | pool-2-thread-1  | FeaturesServiceImpl              | 8 - org.apache.karaf.features.core - 4.0.0 |   org.apache.karaf.instance.core / 4.0.0
2015-09-14 18:20:28,992 | INFO  | pool-2-thread-1  | FeaturesServiceImpl              | 8 - org.apache.karaf.features.core - 4.0.0 |   org.jledit.core / 0.2.1
2015-09-14 18:20:28,996 | INFO  | pool-2-thread-1  | FeaturesServiceImpl              | 8 - org.apache.karaf.features.core - 4.0.0 |   org.apache.aries.jmx.api / 1.1.1
2015-09-14 18:20:28,996 | INFO  | pool-2-thread-1  | FeaturesServiceImpl              | 8 - org.apache.karaf.features.core - 4.0.0 |   org.apache.karaf.shell.commands / 4.0.0
2015-09-14 18:20:28,999 | INFO  | pool-2-thread-1  | FeaturesServiceImpl              | 8 - org.apache.karaf.features.core - 4.0.0 |   org.apache.karaf.shell.ssh / 4.0.0
2015-09-14 18:20:29,006 | INFO  | pool-2-thread-1  | FeaturesServiceImpl              | 8 - org.apache.karaf.features.core - 4.0.0 |   org.apache.karaf.config.core / 4.0.0
2015-09-14 18:20:29,009 | INFO  | pool-2-thread-1  | FeaturesServiceImpl              | 8 - org.apache.karaf.features.core - 4.0.0 |   org.apache.karaf.management.server / 4.0.0
2015-09-14 18:20:29,019 | INFO  | pool-2-thread-1  | FeaturesServiceImpl              | 8 - org.apache.karaf.features.core - 4.0.0 |   org.apache.karaf.service.core / 4.0.0
2015-09-14 18:20:29,026 | INFO  | pool-2-thread-1  | FeaturesServiceImpl              | 8 - org.apache.karaf.features.core - 4.0.0 |   org.apache.karaf.bundle.core / 4.0.0
2015-09-14 18:20:29,039 | INFO  | pool-2-thread-1  | FeaturesServiceImpl              | 8 - org.apache.karaf.features.core - 4.0.0 |   org.apache.karaf.jaas.blueprint.config / 4.0.0
2015-09-14 18:20:29,058 | INFO  | pool-2-thread-1  | FeaturesServiceImpl              | 8 - org.apache.karaf.features.core - 4.0.0 |   org.apache.karaf.package.core / 4.0.0
2015-09-14 18:20:29,070 | INFO  | pool-2-thread-1  | FeaturesServiceImpl              | 8 - org.apache.karaf.features.core - 4.0.0 |   org.apache.aries.jmx.blueprint.api / 1.1.0
2015-09-14 18:20:29,070 | INFO  | pool-2-thread-1  | FeaturesServiceImpl              | 8 - org.apache.karaf.features.core - 4.0.0 |   org.apache.aries.jmx.blueprint.core / 1.1.0
2015-09-14 18:20:29,095 | INFO  | pool-2-thread-1  | FeaturesServiceImpl              | 8 - org.apache.karaf.features.core - 4.0.0 |   org.apache.karaf.kar.core / 4.0.0
2015-09-14 18:20:29,102 | INFO  | pool-2-thread-1  | FeaturesServiceImpl              | 8 - org.apache.karaf.features.core - 4.0.0 |   org.apache.karaf.shell.table / 4.0.0
2015-09-14 18:20:29,103 | INFO  | pool-2-thread-1  | FeaturesServiceImpl              | 8 - org.apache.karaf.features.core - 4.0.0 |   org.apache.aries.jmx.core / 1.1.3
2015-09-14 18:20:29,106 | INFO  | pool-2-thread-1  | core                             | 17 - org.apache.aries.jmx.core - 1.1.3 | Starting JMX OSGi agent
2015-09-14 18:20:29,124 | INFO  | pool-2-thread-1  | core                             | 17 - org.apache.aries.jmx.core - 1.1.3 | Registering MBean with ObjectName [osgi.compendium:service=cm,version=1.3,framework=org.apache.felix.framework,uuid=ae1e2096-ef6a-4a94-a871-6d176768ba08] for service with service.id [14]
2015-09-14 18:20:29,128 | INFO  | pool-2-thread-1  | core                             | 17 - org.apache.aries.jmx.core - 1.1.3 | Registering org.osgi.jmx.service.cm.ConfigurationAdminMBean to MBeanServer com.sun.jmx.mbeanserver.JmxMBeanServer@6dba507b with name osgi.compendium:service=cm,version=1.3,framework=org.apache.felix.framework,uuid=ae1e2096-ef6a-4a94-a871-6d176768ba08
2015-09-14 18:20:29,129 | INFO  | pool-2-thread-1  | core                             | 17 - org.apache.aries.jmx.core - 1.1.3 | Registering org.osgi.jmx.framework.ServiceStateMBean to MBeanServer com.sun.jmx.mbeanserver.JmxMBeanServer@6dba507b with name osgi.core:type=serviceState,version=1.7,framework=org.apache.felix.framework,uuid=ae1e2096-ef6a-4a94-a871-6d176768ba08
2015-09-14 18:20:29,131 | INFO  | pool-2-thread-1  | core                             | 17 - org.apache.aries.jmx.core - 1.1.3 | Registering org.osgi.jmx.framework.BundleStateMBean to MBeanServer com.sun.jmx.mbeanserver.JmxMBeanServer@6dba507b with name osgi.core:type=bundleState,version=1.7,framework=org.apache.felix.framework,uuid=ae1e2096-ef6a-4a94-a871-6d176768ba08
2015-09-14 18:20:29,133 | INFO  | pool-2-thread-1  | core                             | 17 - org.apache.aries.jmx.core - 1.1.3 | Registering org.osgi.jmx.framework.wiring.BundleWiringStateMBean to MBeanServer com.sun.jmx.mbeanserver.JmxMBeanServer@6dba507b with name osgi.core:type=wiringState,version=1.1,framework=org.apache.felix.framework,uuid=ae1e2096-ef6a-4a94-a871-6d176768ba08
2015-09-14 18:20:29,133 | INFO  | pool-2-thread-1  | core                             | 17 - org.apache.aries.jmx.core - 1.1.3 | Registering org.osgi.jmx.framework.FrameworkMBean to MBeanServer com.sun.jmx.mbeanserver.JmxMBeanServer@6dba507b with name osgi.core:type=framework,version=1.7,framework=org.apache.felix.framework,uuid=ae1e2096-ef6a-4a94-a871-6d176768ba08
2015-09-14 18:20:29,134 | INFO  | pool-2-thread-1  | core                             | 17 - org.apache.aries.jmx.core - 1.1.3 | Registering org.osgi.jmx.framework.PackageStateMBean to MBeanServer com.sun.jmx.mbeanserver.JmxMBeanServer@6dba507b with name osgi.core:type=packageState,version=1.5,framework=org.apache.felix.framework,uuid=ae1e2096-ef6a-4a94-a871-6d176768ba08
2015-09-14 18:20:29,137 | INFO  | pool-2-thread-1  | FeaturesServiceImpl              | 8 - org.apache.karaf.features.core - 4.0.0 |   org.apache.karaf.system.core / 4.0.0
2015-09-14 18:20:29,144 | INFO  | pool-2-thread-1  | FeaturesServiceImpl              | 8 - org.apache.karaf.features.core - 4.0.0 |   org.apache.karaf.diagnostic.core / 4.0.0
2015-09-14 18:20:29,149 | INFO  | pool-2-thread-1  | FeaturesServiceImpl              | 8 - org.apache.karaf.features.core - 4.0.0 |   org.apache.karaf.log.core / 4.0.0
2015-09-14 18:20:29,155 | INFO  | pool-2-thread-1  | FeaturesServiceImpl              | 8 - org.apache.karaf.features.core - 4.0.0 |   jline / 2.12.1
2015-09-14 18:20:29,155 | INFO  | pool-2-thread-1  | FeaturesServiceImpl              | 8 - org.apache.karaf.features.core - 4.0.0 |   org.apache.karaf.shell.core / 4.0.0
2015-09-14 18:20:29,205 | INFO  | pool-15-thread-2 | SecurityUtils                    | 47 - org.apache.sshd.core - 0.14.0 | BouncyCastle not registered, using the default JCE provider
2015-09-14 18:20:29,261 | INFO  | pool-2-thread-1  | CommandExtension                 | 43 - org.apache.karaf.shell.core - 4.0.0 | Registering commands for bundle org.apache.karaf.bundle.core/4.0.0
2015-09-14 18:20:29,289 | INFO  | pool-2-thread-1  | CommandExtension                 | 43 - org.apache.karaf.shell.core - 4.0.0 | Registering commands for bundle org.apache.karaf.config.core/4.0.0
2015-09-14 18:20:29,300 | INFO  | pool-2-thread-1  | CommandExtension                 | 43 - org.apache.karaf.shell.core - 4.0.0 | Registering commands for bundle org.apache.karaf.deployer.kar/4.0.0
2015-09-14 18:20:29,301 | INFO  | pool-2-thread-1  | CommandExtension                 | 43 - org.apache.karaf.shell.core - 4.0.0 | Registering commands for bundle org.apache.karaf.diagnostic.core/4.0.0
2015-09-14 18:20:29,329 | INFO  | pool-2-thread-1  | CommandExtension                 | 43 - org.apache.karaf.shell.core - 4.0.0 | Registering commands for bundle org.apache.karaf.instance.core/4.0.0
2015-09-14 18:20:29,348 | INFO  | pool-2-thread-1  | CommandExtension                 | 43 - org.apache.karaf.shell.core - 4.0.0 | Registering commands for bundle org.apache.karaf.jaas.command/4.0.0
2015-09-14 18:20:29,351 | INFO  | pool-2-thread-1  | CommandExtension                 | 43 - org.apache.karaf.shell.core - 4.0.0 | Updating commands for bundle org.apache.karaf.jaas.command/4.0.0
2015-09-14 18:20:29,352 | INFO  | pool-2-thread-1  | CommandExtension                 | 43 - org.apache.karaf.shell.core - 4.0.0 | Updating commands for bundle org.apache.karaf.jaas.command/4.0.0
2015-09-14 18:20:29,362 | INFO  | pool-2-thread-1  | CommandExtension                 | 43 - org.apache.karaf.shell.core - 4.0.0 | Registering commands for bundle org.apache.karaf.kar.core/4.0.0
2015-09-14 18:20:29,373 | INFO  | pool-2-thread-1  | CommandExtension                 | 43 - org.apache.karaf.shell.core - 4.0.0 | Registering commands for bundle org.apache.karaf.log.core/4.0.0
2015-09-14 18:20:29,378 | INFO  | pool-2-thread-1  | CommandExtension                 | 43 - org.apache.karaf.shell.core - 4.0.0 | Registering commands for bundle org.apache.karaf.package.core/4.0.0
2015-09-14 18:20:29,381 | INFO  | pool-2-thread-1  | CommandExtension                 | 43 - org.apache.karaf.shell.core - 4.0.0 | Registering commands for bundle org.apache.karaf.service.core/4.0.0
2015-09-14 18:20:29,435 | INFO  | pool-2-thread-1  | CommandExtension                 | 43 - org.apache.karaf.shell.core - 4.0.0 | Registering commands for bundle org.apache.karaf.shell.commands/4.0.0
2015-09-14 18:20:29,446 | INFO  | pool-2-thread-1  | CommandExtension                 | 43 - org.apache.karaf.shell.core - 4.0.0 | Command registration delayed for bundle org.apache.karaf.shell.ssh/4.0.0. Missing dependencies: [org.apache.sshd.SshServer]
2015-09-14 18:20:29,453 | INFO  | pool-2-thread-1  | CommandExtension                 | 43 - org.apache.karaf.shell.core - 4.0.0 | Registering commands for bundle org.apache.karaf.system.core/4.0.0
2015-09-14 18:20:29,852 | INFO  | pool-2-thread-1  | FeaturesServiceImpl              | 8 - org.apache.karaf.features.core - 4.0.0 |   org.apache.karaf.features.command / 4.0.0
2015-09-14 18:20:29,867 | INFO  | pool-2-thread-1  | CommandExtension                 | 43 - org.apache.karaf.shell.core - 4.0.0 | Registering commands for bundle org.apache.karaf.features.command/4.0.0
2015-09-14 18:20:29,868 | INFO  | pool-2-thread-1  | FeaturesServiceImpl              | 8 - org.apache.karaf.features.core - 4.0.0 |   org.apache.karaf.bundle.blueprintstate / 4.0.0
2015-09-14 18:20:29,872 | INFO  | pool-2-thread-1  | FeaturesServiceImpl              | 8 - org.apache.karaf.features.core - 4.0.0 |   org.apache.aries.jmx.whiteboard / 1.0.0
2015-09-14 18:20:29,881 | INFO  | pool-2-thread-1  | FeaturesServiceImpl              | 8 - org.apache.karaf.features.core - 4.0.0 | Done.
2015-09-14 18:20:38,696 | INFO  | nsole user karaf | FeaturesServiceImpl              | 8 - org.apache.karaf.features.core - 4.0.0 | Adding features: fcrepo-indexing-triplestore/[4.3.1.SNAPSHOT,4.3.1.SNAPSHOT]
2015-09-14 18:20:40,048 | INFO  | pool-29-thread-1 | FeaturesServiceImpl              | 8 - org.apache.karaf.features.core - 4.0.0 | Changes to perform:
2015-09-14 18:20:40,049 | INFO  | pool-29-thread-1 | FeaturesServiceImpl              | 8 - org.apache.karaf.features.core - 4.0.0 |   Region: root
2015-09-14 18:20:40,049 | INFO  | pool-29-thread-1 | FeaturesServiceImpl              | 8 - org.apache.karaf.features.core - 4.0.0 |     Bundles to install:
2015-09-14 18:20:40,049 | INFO  | pool-29-thread-1 | FeaturesServiceImpl              | 8 - org.apache.karaf.features.core - 4.0.0 |       mvn:com.fasterxml.jackson.core/jackson-annotations/2.3.0
2015-09-14 18:20:40,049 | INFO  | pool-29-thread-1 | FeaturesServiceImpl              | 8 - org.apache.karaf.features.core - 4.0.0 |       mvn:com.fasterxml.jackson.core/jackson-core/2.3.0
2015-09-14 18:20:40,049 | INFO  | pool-29-thread-1 | FeaturesServiceImpl              | 8 - org.apache.karaf.features.core - 4.0.0 |       mvn:com.fasterxml.jackson.core/jackson-databind/2.3.0
2015-09-14 18:20:40,049 | INFO  | pool-29-thread-1 | FeaturesServiceImpl              | 8 - org.apache.karaf.features.core - 4.0.0 |       mvn:com.github.jsonld-java/jsonld-java/0.5.1
2015-09-14 18:20:40,049 | INFO  | pool-29-thread-1 | FeaturesServiceImpl              | 8 - org.apache.karaf.features.core - 4.0.0 |       mvn:com.google.guava/guava/18.0
2015-09-14 18:20:40,049 | INFO  | pool-29-thread-1 | FeaturesServiceImpl              | 8 - org.apache.karaf.features.core - 4.0.0 |       mvn:org.apache.activemq/activemq-camel/5.11.1
2015-09-14 18:20:40,049 | INFO  | pool-29-thread-1 | FeaturesServiceImpl              | 8 - org.apache.karaf.features.core - 4.0.0 |       mvn:org.apache.activemq/activemq-osgi/5.11.1
2015-09-14 18:20:40,049 | INFO  | pool-29-thread-1 | FeaturesServiceImpl              | 8 - org.apache.karaf.features.core - 4.0.0 |       mvn:org.apache.camel/camel-blueprint/2.15.1
2015-09-14 18:20:40,049 | INFO  | pool-29-thread-1 | FeaturesServiceImpl              | 8 - org.apache.karaf.features.core - 4.0.0 |       mvn:org.apache.camel/camel-catalog/2.15.1
2015-09-14 18:20:40,049 | INFO  | pool-29-thread-1 | FeaturesServiceImpl              | 8 - org.apache.karaf.features.core - 4.0.0 |       mvn:org.apache.camel/camel-commands-core/2.15.1
2015-09-14 18:20:40,049 | INFO  | pool-29-thread-1 | FeaturesServiceImpl              | 8 - org.apache.karaf.features.core - 4.0.0 |       mvn:org.apache.camel/camel-core/2.15.1
2015-09-14 18:20:40,050 | INFO  | pool-29-thread-1 | FeaturesServiceImpl              | 8 - org.apache.karaf.features.core - 4.0.0 |       mvn:org.apache.camel/camel-http4/2.15.1
2015-09-14 18:20:40,050 | INFO  | pool-29-thread-1 | FeaturesServiceImpl              | 8 - org.apache.karaf.features.core - 4.0.0 |       mvn:org.apache.camel/camel-jms/2.15.1
2015-09-14 18:20:40,050 | INFO  | pool-29-thread-1 | FeaturesServiceImpl              | 8 - org.apache.karaf.features.core - 4.0.0 |       mvn:org.apache.camel/camel-spring/2.15.1
2015-09-14 18:20:40,050 | INFO  | pool-29-thread-1 | FeaturesServiceImpl              | 8 - org.apache.karaf.features.core - 4.0.0 |       mvn:org.apache.camel.karaf/camel-karaf-commands/2.15.1
2015-09-14 18:20:40,050 | INFO  | pool-29-thread-1 | FeaturesServiceImpl              | 8 - org.apache.karaf.features.core - 4.0.0 |       mvn:org.apache.commons/commons-csv/1.1
2015-09-14 18:20:40,050 | INFO  | pool-29-thread-1 | FeaturesServiceImpl              | 8 - org.apache.karaf.features.core - 4.0.0 |       mvn:org.apache.commons/commons-lang3/3.3.2
2015-09-14 18:20:40,050 | INFO  | pool-29-thread-1 | FeaturesServiceImpl              | 8 - org.apache.karaf.features.core - 4.0.0 |       mvn:commons-net/commons-net/3.3
2015-09-14 18:20:40,050 | INFO  | pool-29-thread-1 | FeaturesServiceImpl              | 8 - org.apache.karaf.features.core - 4.0.0 |       mvn:commons-pool/commons-pool/1.6
2015-09-14 18:20:40,050 | INFO  | pool-29-thread-1 | FeaturesServiceImpl              | 8 - org.apache.karaf.features.core - 4.0.0 |       mvn:org.apache.geronimo.specs/geronimo-j2ee-management_1.1_spec/1.0.1
2015-09-14 18:20:40,050 | INFO  | pool-29-thread-1 | FeaturesServiceImpl              | 8 - org.apache.karaf.features.core - 4.0.0 |       mvn:org.apache.geronimo.specs/geronimo-jms_1.1_spec/1.1.1
2015-09-14 18:20:40,050 | INFO  | pool-29-thread-1 | FeaturesServiceImpl              | 8 - org.apache.karaf.features.core - 4.0.0 |       mvn:org.apache.geronimo.specs/geronimo-jta_1.1_spec/1.1.1
2015-09-14 18:20:40,050 | INFO  | pool-29-thread-1 | FeaturesServiceImpl              | 8 - org.apache.karaf.features.core - 4.0.0 |       mvn:org.apache.geronimo.specs/geronimo-servlet_3.0_spec/1.0
2015-09-14 18:20:40,050 | INFO  | pool-29-thread-1 | FeaturesServiceImpl              | 8 - org.apache.karaf.features.core - 4.0.0 |       mvn:org.apache.zookeeper/zookeeper/3.4.6
2015-09-14 18:20:40,051 | INFO  | pool-29-thread-1 | FeaturesServiceImpl              | 8 - org.apache.karaf.features.core - 4.0.0 |       mvn:org.apache.httpcomponents/httpclient-osgi/4.3.6
2015-09-14 18:20:40,051 | INFO  | pool-29-thread-1 | FeaturesServiceImpl              | 8 - org.apache.karaf.features.core - 4.0.0 |       mvn:org.apache.httpcomponents/httpcore-osgi/4.3.3
2015-09-14 18:20:40,051 | INFO  | pool-29-thread-1 | FeaturesServiceImpl              | 8 - org.apache.karaf.features.core - 4.0.0 |       mvn:org.apache.jena/jena-osgi/2.13.0
2015-09-14 18:20:40,051 | INFO  | pool-29-thread-1 | FeaturesServiceImpl              | 8 - org.apache.karaf.features.core - 4.0.0 |       mvn:org.apache.karaf.bundle/org.apache.karaf.bundle.springstate/4.0.0
2015-09-14 18:20:40,051 | INFO  | pool-29-thread-1 | FeaturesServiceImpl              | 8 - org.apache.karaf.features.core - 4.0.0 |       mvn:org.apache.karaf.deployer/org.apache.karaf.deployer.spring/4.0.0
2015-09-14 18:20:40,051 | INFO  | pool-29-thread-1 | FeaturesServiceImpl              | 8 - org.apache.karaf.features.core - 4.0.0 |       mvn:org.apache.servicemix.bundles/org.apache.servicemix.bundles.aopalliance/1.0_6
2015-09-14 18:20:40,051 | INFO  | pool-29-thread-1 | FeaturesServiceImpl              | 8 - org.apache.karaf.features.core - 4.0.0 |       mvn:org.apache.servicemix.bundles/org.apache.servicemix.bundles.cglib/3.0_1
2015-09-14 18:20:40,051 | INFO  | pool-29-thread-1 | FeaturesServiceImpl              | 8 - org.apache.karaf.features.core - 4.0.0 |       mvn:org.apache.servicemix.bundles/org.apache.servicemix.bundles.jaxb-impl/2.2.6_1
2015-09-14 18:20:40,051 | INFO  | pool-29-thread-1 | FeaturesServiceImpl              | 8 - org.apache.karaf.features.core - 4.0.0 |       mvn:org.apache.servicemix.bundles/org.apache.servicemix.bundles.spring-aop/3.2.11.RELEASE_1
2015-09-14 18:20:40,051 | INFO  | pool-29-thread-1 | FeaturesServiceImpl              | 8 - org.apache.karaf.features.core - 4.0.0 |       mvn:org.apache.servicemix.bundles/org.apache.servicemix.bundles.spring-beans/3.2.11.RELEASE_1
2015-09-14 18:20:40,051 | INFO  | pool-29-thread-1 | FeaturesServiceImpl              | 8 - org.apache.karaf.features.core - 4.0.0 |       mvn:org.apache.servicemix.bundles/org.apache.servicemix.bundles.spring-context/3.2.11.RELEASE_1
2015-09-14 18:20:40,051 | INFO  | pool-29-thread-1 | FeaturesServiceImpl              | 8 - org.apache.karaf.features.core - 4.0.0 |       mvn:org.apache.servicemix.bundles/org.apache.servicemix.bundles.spring-context-support/3.2.11.RELEASE_1
2015-09-14 18:20:40,051 | INFO  | pool-29-thread-1 | FeaturesServiceImpl              | 8 - org.apache.karaf.features.core - 4.0.0 |       mvn:org.apache.servicemix.bundles/org.apache.servicemix.bundles.spring-core/3.2.11.RELEASE_1
2015-09-14 18:20:40,051 | INFO  | pool-29-thread-1 | FeaturesServiceImpl              | 8 - org.apache.karaf.features.core - 4.0.0 |       mvn:org.apache.servicemix.bundles/org.apache.servicemix.bundles.spring-expression/3.2.11.RELEASE_1
2015-09-14 18:20:40,052 | INFO  | pool-29-thread-1 | FeaturesServiceImpl              | 8 - org.apache.karaf.features.core - 4.0.0 |       mvn:org.apache.servicemix.bundles/org.apache.servicemix.bundles.spring-jms/3.2.11.RELEASE_1
2015-09-14 18:20:40,052 | INFO  | pool-29-thread-1 | FeaturesServiceImpl              | 8 - org.apache.karaf.features.core - 4.0.0 |       mvn:org.apache.servicemix.bundles/org.apache.servicemix.bundles.spring-tx/3.2.11.RELEASE_1
2015-09-14 18:20:40,052 | INFO  | pool-29-thread-1 | FeaturesServiceImpl              | 8 - org.apache.karaf.features.core - 4.0.0 |       mvn:org.apache.thrift/libthrift/0.9.2
2015-09-14 18:20:40,052 | INFO  | pool-29-thread-1 | FeaturesServiceImpl              | 8 - org.apache.karaf.features.core - 4.0.0 |       mvn:org.apache.xbean/xbean-spring/3.18
2015-09-14 18:20:40,052 | INFO  | pool-29-thread-1 | FeaturesServiceImpl              | 8 - org.apache.karaf.features.core - 4.0.0 |       mvn:org.fcrepo.camel/fcrepo-camel/4.3.1-SNAPSHOT
2015-09-14 18:20:40,052 | INFO  | pool-29-thread-1 | FeaturesServiceImpl              | 8 - org.apache.karaf.features.core - 4.0.0 |       mvn:org.fcrepo.camel/fcrepo-indexing-triplestore/4.3.1-SNAPSHOT
2015-09-14 18:20:40,052 | INFO  | pool-29-thread-1 | FeaturesServiceImpl              | 8 - org.apache.karaf.features.core - 4.0.0 |       mvn:org.jvnet.jaxb2_commons/jaxb2-basics-runtime/0.6.4
2015-09-14 18:20:40,052 | INFO  | pool-29-thread-1 | FeaturesServiceImpl              | 8 - org.apache.karaf.features.core - 4.0.0 |       mvn:org.springframework/spring-aop/3.1.4.RELEASE
2015-09-14 18:20:40,052 | INFO  | pool-29-thread-1 | FeaturesServiceImpl              | 8 - org.apache.karaf.features.core - 4.0.0 |       mvn:org.springframework/spring-asm/3.1.4.RELEASE
2015-09-14 18:20:40,052 | INFO  | pool-29-thread-1 | FeaturesServiceImpl              | 8 - org.apache.karaf.features.core - 4.0.0 |       mvn:org.springframework/spring-beans/3.1.4.RELEASE
2015-09-14 18:20:40,052 | INFO  | pool-29-thread-1 | FeaturesServiceImpl              | 8 - org.apache.karaf.features.core - 4.0.0 |       mvn:org.springframework/spring-context/3.1.4.RELEASE
2015-09-14 18:20:40,052 | INFO  | pool-29-thread-1 | FeaturesServiceImpl              | 8 - org.apache.karaf.features.core - 4.0.0 |       mvn:org.springframework/spring-context-support/3.1.4.RELEASE
2015-09-14 18:20:40,052 | INFO  | pool-29-thread-1 | FeaturesServiceImpl              | 8 - org.apache.karaf.features.core - 4.0.0 |       mvn:org.springframework/spring-core/3.1.4.RELEASE
2015-09-14 18:20:40,053 | INFO  | pool-29-thread-1 | FeaturesServiceImpl              | 8 - org.apache.karaf.features.core - 4.0.0 |       mvn:org.springframework/spring-expression/3.1.4.RELEASE
2015-09-14 18:20:40,053 | INFO  | pool-29-thread-1 | FeaturesServiceImpl              | 8 - org.apache.karaf.features.core - 4.0.0 |       mvn:org.springframework.osgi/spring-osgi-core/1.2.1
2015-09-14 18:20:40,053 | INFO  | pool-29-thread-1 | FeaturesServiceImpl              | 8 - org.apache.karaf.features.core - 4.0.0 |       mvn:org.springframework.osgi/spring-osgi-extender/1.2.1
2015-09-14 18:20:40,053 | INFO  | pool-29-thread-1 | FeaturesServiceImpl              | 8 - org.apache.karaf.features.core - 4.0.0 |       mvn:org.springframework.osgi/spring-osgi-annotation/1.2.1
2015-09-14 18:20:40,053 | INFO  | pool-29-thread-1 | FeaturesServiceImpl              | 8 - org.apache.karaf.features.core - 4.0.0 |       mvn:org.springframework.osgi/spring-osgi-io/1.2.1
2015-09-14 18:20:40,053 | INFO  | pool-29-thread-1 | FeaturesServiceImpl              | 8 - org.apache.karaf.features.core - 4.0.0 |       mvn:org.codehaus.woodstox/stax2-api/3.1.4
2015-09-14 18:20:40,053 | INFO  | pool-29-thread-1 | FeaturesServiceImpl              | 8 - org.apache.karaf.features.core - 4.0.0 |       mvn:org.codehaus.woodstox/woodstox-core-asl/4.4.1
2015-09-14 18:20:40,054 | INFO  | pool-29-thread-1 | FeaturesServiceImpl              | 8 - org.apache.karaf.features.core - 4.0.0 | Installing bundles:
2015-09-14 18:20:40,054 | INFO  | pool-29-thread-1 | FeaturesServiceImpl              | 8 - org.apache.karaf.features.core - 4.0.0 |   mvn:com.fasterxml.jackson.core/jackson-annotations/2.3.0
2015-09-14 18:20:40,056 | INFO  | pool-29-thread-1 | FeaturesServiceImpl              | 8 - org.apache.karaf.features.core - 4.0.0 |   mvn:com.fasterxml.jackson.core/jackson-core/2.3.0
2015-09-14 18:20:40,060 | INFO  | pool-29-thread-1 | FeaturesServiceImpl              | 8 - org.apache.karaf.features.core - 4.0.0 |   mvn:com.fasterxml.jackson.core/jackson-databind/2.3.0
2015-09-14 18:20:40,063 | INFO  | pool-29-thread-1 | FeaturesServiceImpl              | 8 - org.apache.karaf.features.core - 4.0.0 |   mvn:com.github.jsonld-java/jsonld-java/0.5.1
2015-09-14 18:20:40,065 | INFO  | pool-29-thread-1 | FeaturesServiceImpl              | 8 - org.apache.karaf.features.core - 4.0.0 |   mvn:com.google.guava/guava/18.0
2015-09-14 18:20:40,070 | INFO  | pool-29-thread-1 | FeaturesServiceImpl              | 8 - org.apache.karaf.features.core - 4.0.0 |   mvn:org.apache.activemq/activemq-camel/5.11.1
2015-09-14 18:20:40,073 | INFO  | pool-29-thread-1 | FeaturesServiceImpl              | 8 - org.apache.karaf.features.core - 4.0.0 |   mvn:org.apache.activemq/activemq-osgi/5.11.1
2015-09-14 18:20:40,099 | INFO  | pool-29-thread-1 | FeaturesServiceImpl              | 8 - org.apache.karaf.features.core - 4.0.0 |   mvn:org.apache.camel/camel-blueprint/2.15.1
2015-09-14 18:20:40,102 | INFO  | pool-29-thread-1 | FeaturesServiceImpl              | 8 - org.apache.karaf.features.core - 4.0.0 |   mvn:org.apache.camel/camel-catalog/2.15.1
2015-09-14 18:20:40,105 | INFO  | pool-29-thread-1 | FeaturesServiceImpl              | 8 - org.apache.karaf.features.core - 4.0.0 |   mvn:org.apache.camel/camel-commands-core/2.15.1
2015-09-14 18:20:40,107 | INFO  | pool-29-thread-1 | FeaturesServiceImpl              | 8 - org.apache.karaf.features.core - 4.0.0 |   mvn:org.apache.camel/camel-core/2.15.1
2015-09-14 18:20:40,117 | INFO  | pool-29-thread-1 | FeaturesServiceImpl              | 8 - org.apache.karaf.features.core - 4.0.0 |   mvn:org.apache.camel/camel-http4/2.15.1
2015-09-14 18:20:40,120 | INFO  | pool-29-thread-1 | FeaturesServiceImpl              | 8 - org.apache.karaf.features.core - 4.0.0 |   mvn:org.apache.camel/camel-jms/2.15.1
2015-09-14 18:20:40,125 | INFO  | pool-29-thread-1 | FeaturesServiceImpl              | 8 - org.apache.karaf.features.core - 4.0.0 |   mvn:org.apache.camel/camel-spring/2.15.1
2015-09-14 18:20:40,129 | INFO  | pool-29-thread-1 | FeaturesServiceImpl              | 8 - org.apache.karaf.features.core - 4.0.0 |   mvn:org.apache.camel.karaf/camel-karaf-commands/2.15.1
2015-09-14 18:20:40,131 | INFO  | pool-29-thread-1 | FeaturesServiceImpl              | 8 - org.apache.karaf.features.core - 4.0.0 |   mvn:org.apache.commons/commons-csv/1.1
2015-09-14 18:20:40,132 | INFO  | pool-29-thread-1 | FeaturesServiceImpl              | 8 - org.apache.karaf.features.core - 4.0.0 |   mvn:org.apache.commons/commons-lang3/3.3.2
2015-09-14 18:20:40,134 | INFO  | pool-29-thread-1 | FeaturesServiceImpl              | 8 - org.apache.karaf.features.core - 4.0.0 |   mvn:commons-net/commons-net/3.3
2015-09-14 18:20:40,137 | INFO  | pool-29-thread-1 | FeaturesServiceImpl              | 8 - org.apache.karaf.features.core - 4.0.0 |   mvn:commons-pool/commons-pool/1.6
2015-09-14 18:20:40,138 | INFO  | pool-29-thread-1 | FeaturesServiceImpl              | 8 - org.apache.karaf.features.core - 4.0.0 |   mvn:org.apache.geronimo.specs/geronimo-j2ee-management_1.1_spec/1.0.1
2015-09-14 18:20:40,141 | INFO  | pool-29-thread-1 | FeaturesServiceImpl              | 8 - org.apache.karaf.features.core - 4.0.0 |   mvn:org.apache.geronimo.specs/geronimo-jms_1.1_spec/1.1.1
2015-09-14 18:20:40,142 | INFO  | pool-29-thread-1 | FeaturesServiceImpl              | 8 - org.apache.karaf.features.core - 4.0.0 |   mvn:org.apache.geronimo.specs/geronimo-jta_1.1_spec/1.1.1
2015-09-14 18:20:40,144 | INFO  | pool-29-thread-1 | FeaturesServiceImpl              | 8 - org.apache.karaf.features.core - 4.0.0 |   mvn:org.apache.geronimo.specs/geronimo-servlet_3.0_spec/1.0
2015-09-14 18:20:40,146 | INFO  | pool-29-thread-1 | FeaturesServiceImpl              | 8 - org.apache.karaf.features.core - 4.0.0 |   mvn:org.apache.zookeeper/zookeeper/3.4.6
2015-09-14 18:20:40,148 | INFO  | pool-29-thread-1 | FeaturesServiceImpl              | 8 - org.apache.karaf.features.core - 4.0.0 |   mvn:org.apache.httpcomponents/httpclient-osgi/4.3.6
2015-09-14 18:20:40,152 | INFO  | pool-29-thread-1 | FeaturesServiceImpl              | 8 - org.apache.karaf.features.core - 4.0.0 |   mvn:org.apache.httpcomponents/httpcore-osgi/4.3.3
2015-09-14 18:20:40,155 | INFO  | pool-29-thread-1 | FeaturesServiceImpl              | 8 - org.apache.karaf.features.core - 4.0.0 |   mvn:org.apache.jena/jena-osgi/2.13.0
2015-09-14 18:20:40,174 | INFO  | pool-29-thread-1 | FeaturesServiceImpl              | 8 - org.apache.karaf.features.core - 4.0.0 |   mvn:org.apache.karaf.bundle/org.apache.karaf.bundle.springstate/4.0.0
2015-09-14 18:20:40,176 | INFO  | pool-29-thread-1 | FeaturesServiceImpl              | 8 - org.apache.karaf.features.core - 4.0.0 |   mvn:org.apache.karaf.deployer/org.apache.karaf.deployer.spring/4.0.0
2015-09-14 18:20:40,178 | INFO  | pool-29-thread-1 | FeaturesServiceImpl              | 8 - org.apache.karaf.features.core - 4.0.0 |   mvn:org.apache.servicemix.bundles/org.apache.servicemix.bundles.aopalliance/1.0_6
2015-09-14 18:20:40,179 | INFO  | pool-29-thread-1 | FeaturesServiceImpl              | 8 - org.apache.karaf.features.core - 4.0.0 |   mvn:org.apache.servicemix.bundles/org.apache.servicemix.bundles.cglib/3.0_1
2015-09-14 18:20:40,182 | INFO  | pool-29-thread-1 | FeaturesServiceImpl              | 8 - org.apache.karaf.features.core - 4.0.0 |   mvn:org.apache.servicemix.bundles/org.apache.servicemix.bundles.jaxb-impl/2.2.6_1
2015-09-14 18:20:40,186 | INFO  | pool-29-thread-1 | FeaturesServiceImpl              | 8 - org.apache.karaf.features.core - 4.0.0 |   mvn:org.apache.servicemix.bundles/org.apache.servicemix.bundles.spring-aop/3.2.11.RELEASE_1
2015-09-14 18:20:40,190 | INFO  | pool-29-thread-1 | FeaturesServiceImpl              | 8 - org.apache.karaf.features.core - 4.0.0 |   mvn:org.apache.servicemix.bundles/org.apache.servicemix.bundles.spring-beans/3.2.11.RELEASE_1
2015-09-14 18:20:40,195 | INFO  | pool-29-thread-1 | FeaturesServiceImpl              | 8 - org.apache.karaf.features.core - 4.0.0 |   mvn:org.apache.servicemix.bundles/org.apache.servicemix.bundles.spring-context/3.2.11.RELEASE_1
2015-09-14 18:20:40,200 | INFO  | pool-29-thread-1 | FeaturesServiceImpl              | 8 - org.apache.karaf.features.core - 4.0.0 |   mvn:org.apache.servicemix.bundles/org.apache.servicemix.bundles.spring-context-support/3.2.11.RELEASE_1
2015-09-14 18:20:40,203 | INFO  | pool-29-thread-1 | FeaturesServiceImpl              | 8 - org.apache.karaf.features.core - 4.0.0 |   mvn:org.apache.servicemix.bundles/org.apache.servicemix.bundles.spring-core/3.2.11.RELEASE_1
2015-09-14 18:20:40,206 | INFO  | pool-29-thread-1 | FeaturesServiceImpl              | 8 - org.apache.karaf.features.core - 4.0.0 |   mvn:org.apache.servicemix.bundles/org.apache.servicemix.bundles.spring-expression/3.2.11.RELEASE_1
2015-09-14 18:20:40,208 | INFO  | pool-29-thread-1 | FeaturesServiceImpl              | 8 - org.apache.karaf.features.core - 4.0.0 |   mvn:org.apache.servicemix.bundles/org.apache.servicemix.bundles.spring-jms/3.2.11.RELEASE_1
2015-09-14 18:20:40,211 | INFO  | pool-29-thread-1 | FeaturesServiceImpl              | 8 - org.apache.karaf.features.core - 4.0.0 |   mvn:org.apache.servicemix.bundles/org.apache.servicemix.bundles.spring-tx/3.2.11.RELEASE_1
2015-09-14 18:20:40,215 | INFO  | pool-29-thread-1 | FeaturesServiceImpl              | 8 - org.apache.karaf.features.core - 4.0.0 |   mvn:org.apache.thrift/libthrift/0.9.2
2015-09-14 18:20:40,217 | INFO  | pool-29-thread-1 | FeaturesServiceImpl              | 8 - org.apache.karaf.features.core - 4.0.0 |   mvn:org.apache.xbean/xbean-spring/3.18
2015-09-14 18:20:40,219 | INFO  | pool-29-thread-1 | FeaturesServiceImpl              | 8 - org.apache.karaf.features.core - 4.0.0 |   mvn:org.fcrepo.camel/fcrepo-camel/4.3.1-SNAPSHOT
2015-09-14 18:20:40,220 | INFO  | pool-29-thread-1 | FeaturesServiceImpl              | 8 - org.apache.karaf.features.core - 4.0.0 |   mvn:org.fcrepo.camel/fcrepo-indexing-triplestore/4.3.1-SNAPSHOT
2015-09-14 18:20:40,221 | INFO  | pool-29-thread-1 | FeaturesServiceImpl              | 8 - org.apache.karaf.features.core - 4.0.0 |   mvn:org.jvnet.jaxb2_commons/jaxb2-basics-runtime/0.6.4
2015-09-14 18:20:40,222 | INFO  | pool-29-thread-1 | FeaturesServiceImpl              | 8 - org.apache.karaf.features.core - 4.0.0 |   mvn:org.springframework/spring-aop/3.1.4.RELEASE
2015-09-14 18:20:40,224 | INFO  | pool-29-thread-1 | FeaturesServiceImpl              | 8 - org.apache.karaf.features.core - 4.0.0 |   mvn:org.springframework/spring-asm/3.1.4.RELEASE
2015-09-14 18:20:40,225 | INFO  | pool-29-thread-1 | FeaturesServiceImpl              | 8 - org.apache.karaf.features.core - 4.0.0 |   mvn:org.springframework/spring-beans/3.1.4.RELEASE
2015-09-14 18:20:40,227 | INFO  | pool-29-thread-1 | FeaturesServiceImpl              | 8 - org.apache.karaf.features.core - 4.0.0 |   mvn:org.springframework/spring-context/3.1.4.RELEASE
2015-09-14 18:20:40,231 | INFO  | pool-29-thread-1 | FeaturesServiceImpl              | 8 - org.apache.karaf.features.core - 4.0.0 |   mvn:org.springframework/spring-context-support/3.1.4.RELEASE
2015-09-14 18:20:40,233 | INFO  | pool-29-thread-1 | FeaturesServiceImpl              | 8 - org.apache.karaf.features.core - 4.0.0 |   mvn:org.springframework/spring-core/3.1.4.RELEASE
2015-09-14 18:20:40,235 | INFO  | pool-29-thread-1 | FeaturesServiceImpl              | 8 - org.apache.karaf.features.core - 4.0.0 |   mvn:org.springframework/spring-expression/3.1.4.RELEASE
2015-09-14 18:20:40,236 | INFO  | pool-29-thread-1 | FeaturesServiceImpl              | 8 - org.apache.karaf.features.core - 4.0.0 |   mvn:org.springframework.osgi/spring-osgi-core/1.2.1
2015-09-14 18:20:40,239 | INFO  | pool-29-thread-1 | FeaturesServiceImpl              | 8 - org.apache.karaf.features.core - 4.0.0 |   mvn:org.springframework.osgi/spring-osgi-extender/1.2.1
2015-09-14 18:20:40,241 | INFO  | pool-29-thread-1 | FeaturesServiceImpl              | 8 - org.apache.karaf.features.core - 4.0.0 |   mvn:org.springframework.osgi/spring-osgi-annotation/1.2.1
2015-09-14 18:20:40,243 | INFO  | pool-29-thread-1 | FeaturesServiceImpl              | 8 - org.apache.karaf.features.core - 4.0.0 |   mvn:org.springframework.osgi/spring-osgi-io/1.2.1
2015-09-14 18:20:40,244 | INFO  | pool-29-thread-1 | FeaturesServiceImpl              | 8 - org.apache.karaf.features.core - 4.0.0 |   mvn:org.codehaus.woodstox/stax2-api/3.1.4
2015-09-14 18:20:40,246 | INFO  | pool-29-thread-1 | FeaturesServiceImpl              | 8 - org.apache.karaf.features.core - 4.0.0 |   mvn:org.codehaus.woodstox/woodstox-core-asl/4.4.1
2015-09-14 18:20:40,378 | INFO  | pool-29-thread-1 | FeaturesServiceImpl              | 8 - org.apache.karaf.features.core - 4.0.0 | Starting bundles:
2015-09-14 18:20:40,379 | INFO  | pool-29-thread-1 | FeaturesServiceImpl              | 8 - org.apache.karaf.features.core - 4.0.0 |   org.apache.geronimo.specs.geronimo-jta_1.1_spec / 1.1.1
2015-09-14 18:20:40,380 | INFO  | pool-29-thread-1 | FeaturesServiceImpl              | 8 - org.apache.karaf.features.core - 4.0.0 |   org.apache.geronimo.specs.geronimo-jms_1.1_spec / 1.1.1
2015-09-14 18:20:40,387 | INFO  | pool-29-thread-1 | FeaturesServiceImpl              | 8 - org.apache.karaf.features.core - 4.0.0 |   org.springframework.asm / 3.1.4.RELEASE
2015-09-14 18:20:40,388 | INFO  | pool-29-thread-1 | FeaturesServiceImpl              | 8 - org.apache.karaf.features.core - 4.0.0 |   org.springframework.core / 3.1.4.RELEASE
2015-09-14 18:20:40,388 | INFO  | pool-29-thread-1 | FeaturesServiceImpl              | 8 - org.apache.karaf.features.core - 4.0.0 |   org.springframework.beans / 3.1.4.RELEASE
2015-09-14 18:20:40,388 | INFO  | pool-29-thread-1 | FeaturesServiceImpl              | 8 - org.apache.karaf.features.core - 4.0.0 |   org.apache.servicemix.bundles.aopalliance / 1.0.0.6
2015-09-14 18:20:40,389 | INFO  | pool-29-thread-1 | FeaturesServiceImpl              | 8 - org.apache.karaf.features.core - 4.0.0 |   org.springframework.aop / 3.1.4.RELEASE
2015-09-14 18:20:40,389 | INFO  | pool-29-thread-1 | FeaturesServiceImpl              | 8 - org.apache.karaf.features.core - 4.0.0 |   org.springframework.expression / 3.1.4.RELEASE
2015-09-14 18:20:40,390 | INFO  | pool-29-thread-1 | FeaturesServiceImpl              | 8 - org.apache.karaf.features.core - 4.0.0 |   org.springframework.context / 3.1.4.RELEASE
2015-09-14 18:20:40,390 | INFO  | pool-29-thread-1 | FeaturesServiceImpl              | 8 - org.apache.karaf.features.core - 4.0.0 |   org.springframework.context.support / 3.1.4.RELEASE
2015-09-14 18:20:40,391 | INFO  | pool-29-thread-1 | FeaturesServiceImpl              | 8 - org.apache.karaf.features.core - 4.0.0 |   org.apache.servicemix.bundles.cglib / 3.0.0.1
2015-09-14 18:20:40,391 | INFO  | pool-29-thread-1 | FeaturesServiceImpl              | 8 - org.apache.karaf.features.core - 4.0.0 |   org.apache.servicemix.bundles.spring-core / 3.2.11.RELEASE_1
2015-09-14 18:20:40,392 | INFO  | pool-29-thread-1 | FeaturesServiceImpl              | 8 - org.apache.karaf.features.core - 4.0.0 |   org.apache.servicemix.bundles.spring-beans / 3.2.11.RELEASE_1
2015-09-14 18:20:40,392 | INFO  | pool-29-thread-1 | FeaturesServiceImpl              | 8 - org.apache.karaf.features.core - 4.0.0 |   org.apache.servicemix.bundles.spring-aop / 3.2.11.RELEASE_1
2015-09-14 18:20:40,393 | INFO  | pool-29-thread-1 | FeaturesServiceImpl              | 8 - org.apache.karaf.features.core - 4.0.0 |   org.apache.servicemix.bundles.spring-expression / 3.2.11.RELEASE_1
2015-09-14 18:20:40,393 | INFO  | pool-29-thread-1 | FeaturesServiceImpl              | 8 - org.apache.karaf.features.core - 4.0.0 |   org.apache.servicemix.bundles.spring-context / 3.2.11.RELEASE_1
2015-09-14 18:20:40,393 | INFO  | pool-29-thread-1 | FeaturesServiceImpl              | 8 - org.apache.karaf.features.core - 4.0.0 |   org.springframework.osgi.io / 1.2.1
2015-09-14 18:20:40,394 | INFO  | pool-29-thread-1 | FeaturesServiceImpl              | 8 - org.apache.karaf.features.core - 4.0.0 |   org.springframework.osgi.core / 1.2.1
2015-09-14 18:20:40,394 | INFO  | pool-29-thread-1 | FeaturesServiceImpl              | 8 - org.apache.karaf.features.core - 4.0.0 |   org.springframework.osgi.extender / 1.2.1
2015-09-14 18:20:40,403 | INFO  | pool-29-thread-1 | ContextLoaderListener            | 104 - org.springframework.osgi.extender - 1.2.1 | Starting [org.springframework.osgi.extender] bundle v.[1.2.1]
2015-09-14 18:20:40,434 | INFO  | pool-29-thread-1 | ExtenderConfiguration            | 104 - org.springframework.osgi.extender - 1.2.1 | No custom extender configuration detected; using defaults...
2015-09-14 18:20:40,438 | INFO  | pool-29-thread-1 | TimerTaskExecutor                | 85 - org.apache.servicemix.bundles.spring-context - 3.2.11.RELEASE_1 | Initializing Timer
2015-09-14 18:20:40,489 | INFO  | pool-29-thread-1 | FeaturesServiceImpl              | 8 - org.apache.karaf.features.core - 4.0.0 |   org.springframework.osgi.extensions.annotations / 1.2.1
2015-09-14 18:20:40,490 | INFO  | pool-29-thread-1 | FeaturesServiceImpl              | 8 - org.apache.karaf.features.core - 4.0.0 |   org.apache.servicemix.bundles.spring-tx / 3.2.11.RELEASE_1
2015-09-14 18:20:40,490 | INFO  | pool-29-thread-1 | FeaturesServiceImpl              | 8 - org.apache.karaf.features.core - 4.0.0 |   org.apache.servicemix.bundles.spring-jms / 3.2.11.RELEASE_1
2015-09-14 18:20:40,491 | INFO  | pool-29-thread-1 | FeaturesServiceImpl              | 8 - org.apache.karaf.features.core - 4.0.0 |   org.apache.servicemix.bundles.spring-context-support / 3.2.11.RELEASE_1
2015-09-14 18:20:40,492 | INFO  | pool-29-thread-1 | FeaturesServiceImpl              | 8 - org.apache.karaf.features.core - 4.0.0 |   org.apache.karaf.bundle.springstate / 4.0.0
2015-09-14 18:20:40,708 | INFO  | pool-29-thread-1 | FeaturesServiceImpl              | 8 - org.apache.karaf.features.core - 4.0.0 |   org.apache.karaf.deployer.spring / 4.0.0
2015-09-14 18:20:40,722 | INFO  | pool-29-thread-1 | FeaturesServiceImpl              | 8 - org.apache.karaf.features.core - 4.0.0 |   stax2-api / 3.1.4
2015-09-14 18:20:40,723 | INFO  | pool-29-thread-1 | FeaturesServiceImpl              | 8 - org.apache.karaf.features.core - 4.0.0 |   woodstox-core-asl / 4.4.1
2015-09-14 18:20:40,734 | INFO  | pool-29-thread-1 | FeaturesServiceImpl              | 8 - org.apache.karaf.features.core - 4.0.0 |   org.apache.geronimo.specs.geronimo-j2ee-management_1.1_spec / 1.0.1
2015-09-14 18:20:40,734 | INFO  | pool-29-thread-1 | FeaturesServiceImpl              | 8 - org.apache.karaf.features.core - 4.0.0 |   org.apache.geronimo.specs.geronimo-servlet_3.0_spec / 1.0.0
2015-09-14 18:20:40,735 | INFO  | pool-29-thread-1 | FeaturesServiceImpl              | 8 - org.apache.karaf.features.core - 4.0.0 |   org.apache.commons.net / 3.3.0
2015-09-14 18:20:40,736 | INFO  | pool-29-thread-1 | FeaturesServiceImpl              | 8 - org.apache.karaf.features.core - 4.0.0 |   org.apache.commons.pool / 1.6.0
2015-09-14 18:20:40,736 | INFO  | pool-29-thread-1 | FeaturesServiceImpl              | 8 - org.apache.karaf.features.core - 4.0.0 |   org.apache.httpcomponents.httpcore / 4.3.3
2015-09-14 18:20:40,737 | INFO  | pool-29-thread-1 | FeaturesServiceImpl              | 8 - org.apache.karaf.features.core - 4.0.0 |   org.apache.httpcomponents.httpclient / 4.3.6
2015-09-14 18:20:40,741 | INFO  | pool-29-thread-1 | FeaturesServiceImpl              | 8 - org.apache.karaf.features.core - 4.0.0 |   org.apache.xbean.spring / 3.18.0
2015-09-14 18:20:40,742 | INFO  | pool-29-thread-1 | FeaturesServiceImpl              | 8 - org.apache.karaf.features.core - 4.0.0 |   org.apache.hadoop.zookeeper / 3.4.6
2015-09-14 18:20:40,743 | INFO  | pool-29-thread-1 | FeaturesServiceImpl              | 8 - org.apache.karaf.features.core - 4.0.0 |   org.apache.servicemix.bundles.jaxb-impl / 2.2.6.1
2015-09-14 18:20:40,743 | INFO  | pool-29-thread-1 | FeaturesServiceImpl              | 8 - org.apache.karaf.features.core - 4.0.0 |   org.jvnet.jaxb2_commons.jaxb2-basics-runtime / 0.6.4
2015-09-14 18:20:40,744 | INFO  | pool-29-thread-1 | FeaturesServiceImpl              | 8 - org.apache.karaf.features.core - 4.0.0 |   com.fasterxml.jackson.core.jackson-core / 2.3.0
2015-09-14 18:20:40,745 | INFO  | pool-29-thread-1 | FeaturesServiceImpl              | 8 - org.apache.karaf.features.core - 4.0.0 |   com.fasterxml.jackson.core.jackson-annotations / 2.3.0
2015-09-14 18:20:40,745 | INFO  | pool-29-thread-1 | FeaturesServiceImpl              | 8 - org.apache.karaf.features.core - 4.0.0 |   com.fasterxml.jackson.core.jackson-databind / 2.3.0
2015-09-14 18:20:40,746 | INFO  | pool-29-thread-1 | FeaturesServiceImpl              | 8 - org.apache.karaf.features.core - 4.0.0 |   com.github.jsonld-java / 0.5.1
2015-09-14 18:20:40,747 | INFO  | pool-29-thread-1 | FeaturesServiceImpl              | 8 - org.apache.karaf.features.core - 4.0.0 |   org.apache.commons.csv / 1.1.0
2015-09-14 18:20:40,748 | INFO  | pool-29-thread-1 | FeaturesServiceImpl              | 8 - org.apache.karaf.features.core - 4.0.0 |   org.apache.commons.lang3 / 3.3.2
2015-09-14 18:20:40,751 | INFO  | pool-29-thread-1 | FeaturesServiceImpl              | 8 - org.apache.karaf.features.core - 4.0.0 |   org.apache.thrift / 0.9.2
2015-09-14 18:20:40,752 | INFO  | pool-29-thread-1 | FeaturesServiceImpl              | 8 - org.apache.karaf.features.core - 4.0.0 |   org.apache.jena.osgi / 2.13.0
2015-09-14 18:20:40,755 | INFO  | pool-29-thread-1 | FeaturesServiceImpl              | 8 - org.apache.karaf.features.core - 4.0.0 |   org.apache.camel.camel-spring / 2.15.1
2015-09-14 18:20:40,759 | INFO  | pool-29-thread-1 | FeaturesServiceImpl              | 8 - org.apache.karaf.features.core - 4.0.0 |   org.apache.camel.camel-core / 2.15.1
2015-09-14 18:20:40,762 | INFO  | pool-29-thread-1 | Activator                        | 61 - org.apache.camel.camel-core - 2.15.1 | Camel activator starting
2015-09-14 18:20:40,796 | INFO  | pool-29-thread-1 | Activator                        | 61 - org.apache.camel.camel-core - 2.15.1 | Camel activator started
2015-09-14 18:20:40,804 | INFO  | pool-29-thread-1 | FeaturesServiceImpl              | 8 - org.apache.karaf.features.core - 4.0.0 |   org.apache.camel.camel-catalog / 2.15.1
2015-09-14 18:20:40,806 | INFO  | pool-29-thread-1 | FeaturesServiceImpl              | 8 - org.apache.karaf.features.core - 4.0.0 |   com.google.guava / 18.0.0
2015-09-14 18:20:40,808 | INFO  | pool-29-thread-1 | FeaturesServiceImpl              | 8 - org.apache.karaf.features.core - 4.0.0 |   org.apache.camel.camel-commands-core / 2.15.1
2015-09-14 18:20:40,809 | INFO  | pool-29-thread-1 | FeaturesServiceImpl              | 8 - org.apache.karaf.features.core - 4.0.0 |   org.apache.camel.camel-blueprint / 2.15.1
2015-09-14 18:20:40,822 | INFO  | pool-29-thread-1 | FeaturesServiceImpl              | 8 - org.apache.karaf.features.core - 4.0.0 |   org.apache.camel.camel-http4 / 2.15.1
2015-09-14 18:20:40,827 | INFO  | pool-29-thread-1 | FeaturesServiceImpl              | 8 - org.apache.karaf.features.core - 4.0.0 |   org.apache.camel.karaf.camel-karaf-commands / 2.15.1
2015-09-14 18:20:40,927 | INFO  | pool-29-thread-1 | FeaturesServiceImpl              | 8 - org.apache.karaf.features.core - 4.0.0 |   org.apache.camel.camel-jms / 2.15.1
2015-09-14 18:20:40,929 | INFO  | pool-29-thread-1 | FeaturesServiceImpl              | 8 - org.apache.karaf.features.core - 4.0.0 |   org.fcrepo.camel.fcrepo-camel / 4.3.1.SNAPSHOT
2015-09-14 18:20:40,930 | INFO  | pool-29-thread-1 | FeaturesServiceImpl              | 8 - org.apache.karaf.features.core - 4.0.0 |   org.apache.activemq.activemq-osgi / 5.11.1
2015-09-14 18:20:40,974 | INFO  | pool-29-thread-1 | FeaturesServiceImpl              | 8 - org.apache.karaf.features.core - 4.0.0 |   org.apache.activemq.activemq-camel / 5.11.1
2015-09-14 18:20:40,975 | INFO  | pool-29-thread-1 | FeaturesServiceImpl              | 8 - org.apache.karaf.features.core - 4.0.0 |   org.fcrepo.camel.fcrepo-indexing-triplestore / 4.3.1.SNAPSHOT
2015-09-14 18:20:42,078 | INFO  | pool-29-thread-1 | BlueprintCamelContext            | 61 - org.apache.camel.camel-core - 2.15.1 | Apache Camel 2.15.1 (CamelContext: FcrepoTriplestoreIndexer) is starting
2015-09-14 18:20:42,080 | INFO  | pool-29-thread-1 | ManagedManagementStrategy        | 61 - org.apache.camel.camel-core - 2.15.1 | JMX is enabled
2015-09-14 18:20:42,299 | INFO  | pool-29-thread-1 | HttpComponent                    | 62 - org.apache.camel.camel-http4 - 2.15.1 | Created ClientConnectionManager org.apache.http.impl.conn.PoolingHttpClientConnectionManager@182d805f
2015-09-14 18:20:42,314 | INFO  | pool-29-thread-1 | BlueprintCamelContext            | 61 - org.apache.camel.camel-core - 2.15.1 | AllowUseOriginalMessage is enabled. If access to the original message is not needed, then its recommended to turn this option off as it may improve performance.
2015-09-14 18:20:42,314 | INFO  | pool-29-thread-1 | BlueprintCamelContext            | 61 - org.apache.camel.camel-core - 2.15.1 | StreamCaching is not in use. If using streams then its recommended to enable stream caching. See more details at http://camel.apache.org/stream-caching.html
2015-09-14 18:20:42,678 | INFO  | pool-29-thread-1 | BlueprintCamelContext            | 61 - org.apache.camel.camel-core - 2.15.1 | Route: FcrepoTriplestoreRouter started and consuming from: Endpoint[activemq://topic:fedora]
2015-09-14 18:20:42,729 | INFO  | pool-29-thread-1 | BlueprintCamelContext            | 61 - org.apache.camel.camel-core - 2.15.1 | Route: FcrepoTriplestoreReindex started and consuming from: Endpoint[activemq://queue:triplestore.reindex]
2015-09-14 18:20:42,734 | INFO  | pool-29-thread-1 | BlueprintCamelContext            | 61 - org.apache.camel.camel-core - 2.15.1 | Route: FcrepoTriplestoreIndexer started and consuming from: Endpoint[direct://index.triplestore]
2015-09-14 18:20:42,735 | INFO  | pool-29-thread-1 | BlueprintCamelContext            | 61 - org.apache.camel.camel-core - 2.15.1 | Route: FcrepoTriplestoreDeleter started and consuming from: Endpoint[direct://delete.triplestore]
2015-09-14 18:20:42,755 | INFO  | pool-29-thread-1 | BlueprintCamelContext            | 61 - org.apache.camel.camel-core - 2.15.1 | Route: FcrepoTriplestoreUpdater started and consuming from: Endpoint[direct://update.triplestore]
2015-09-14 18:20:42,755 | INFO  | pool-29-thread-1 | BlueprintCamelContext            | 61 - org.apache.camel.camel-core - 2.15.1 | Total 5 routes, of which 5 is started.
2015-09-14 18:20:42,756 | INFO  | pool-29-thread-1 | BlueprintCamelContext            | 61 - org.apache.camel.camel-core - 2.15.1 | Apache Camel 2.15.1 (CamelContext: FcrepoTriplestoreIndexer) started in 0.677 seconds
2015-09-14 18:20:42,765 | INFO  | pool-29-thread-1 | FeaturesServiceImpl              | 8 - org.apache.karaf.features.core - 4.0.0 | Done.
2015-09-14 18:20:52,537 | INFO  | Consumer[fedora] | FcrepoTriplestoreUpdater         | 61 - org.apache.camel.camel-core - 2.15.1 | Index Routing Error: FcrepoTriplestoreUpdater
2015-09-14 18:20:52,542 | ERROR | Consumer[fedora] | DefaultErrorHandler              | 61 - org.apache.camel.camel-core - 2.15.1 | Failed delivery for (MessageId: ID:black-41164-1442268614560-3:1:1:1:7 on ExchangeId: ID-black-48764-1442269241807-0-1). Exhausted after delivery attempt: 11 caught: org.apache.camel.CamelExecutionException: Exception occurred during execution on the exchange: Exchange[JmsMessage[JmsMessageID: ID:black-41164-1442268614560-3:1:1:1:7]]. Processed by failure processor: FatalFallbackErrorHandler[Channel[Log(FcrepoTriplestoreUpdater)[Index Routing Error: ${routeId}]]]

Message History
---------------------------------------------------------------------------------------------------------------------------------------
RouteId              ProcessorId          Processor                                                                        Elapsed (ms)
[FcrepoTriplestoreR] [FcrepoTriplestoreR] [activemq://topic:fedora                                                       ] [       548]
[FcrepoTriplestoreR] [choice1           ] [when[{header{header(org.fcrepo.jms.eventType)} == http://fedora.info/definitio] [       545]
[FcrepoTriplestoreR] [to2               ] [direct:index.triplestore                                                      ] [       522]
[FcrepoTriplestoreI] [filter1           ] [filter[{not ((header{header(org.fcrepo.jms.identifier)} startsWith Simple: {{a] [       521]
[FcrepoTriplestoreI] [removeHeaders1    ] [removeHeaders[CamelHttp*]                                                     ] [         1]
[FcrepoTriplestoreI] [to4               ] [fcrepo:localhost:8080/fcrepo/rest                                             ] [       218]
[FcrepoTriplestoreI] [choice2           ] [when[{(Simple: {{indexing.predicate}} != 'true') or (XPath: /rdf:RDF/rdf:Descr] [       293]
[FcrepoTriplestoreI] [to5               ] [direct:update.triplestore                                                     ] [       286]
[FcrepoTriplestoreU] [setHeader1        ] [setHeader[CamelFcrepoNamedGraph]                                              ] [         0]
[FcrepoTriplestoreU] [process2          ] [Processor@0x1492e16                                                           ] [       283]
[                  ] [log1              ] [log                                                                           ] [         1]

Exchange
---------------------------------------------------------------------------------------------------------------------------------------
Exchange[
	Id                  ID-black-48764-1442269241807-0-1
	ExchangePattern     InOnly
	Headers             {breadcrumbId=ID:black-41164-1442268614560-3:1:1:1:7, CamelFcrepoNamedGraph=, CamelHttpResponseCode=200, CamelRedelivered=true, CamelRedeliveryCounter=10, CamelRedeliveryMaxCounter=10, Content-Type=application/rdf+xml, JMSCorrelationID=null, JMSDeliveryMode=2, JMSDestination=topic://fedora, JMSExpiration=0, JMSMessageID=ID:black-41164-1442268614560-3:1:1:1:7, JMSPriority=4, JMSRedelivered=false, JMSReplyTo=null, JMSTimestamp=1442269251939, JMSType=null, JMSXGroupID=null, JMSXUserID=null, org.fcrepo.jms.baseURL=http://localhost:8080/fcrepo/rest, org.fcrepo.jms.eventID=fe/d4/7c/8a/fed47c8a-c654-43bf-92f9-6d6318e696cd, org.fcrepo.jms.eventType=http://fedora.info/definitions/v4/repository#NODE_ADDED,http://fedora.info/definitions/v4/repository#PROPERTY_ADDED, org.fcrepo.jms.identifier=/test-resource, org.fcrepo.jms.properties=http://fedora.info/definitions/v4/repository#lastModified,http://fedora.info/definitions/v4/repository#primaryType,http://fedora.info/definitions/v4/repository#lastModifiedBy,http://fedora.info/definitions/v4/repository#created,http://fedora.info/definitions/v4/repository#mixinTypes,http://fedora.info/definitions/v4/repository#createdBy,http://fedora.info/definitions/v4/repository#uuid, org.fcrepo.jms.timestamp=1442269251932, org.fcrepo.jms.user=bypassAdmin, org.fcrepo.jms.userAgent=Mozilla/5.0 (X11; Linux x86_64) AppleWebKit/537.36 (KHTML, like Gecko) Ubuntu Chromium/43.0.2357.130 Chrome/43.0.2357.130 Safari/537.36}
	BodyType            org.apache.camel.converter.stream.InputStreamCache
	Body                [Body is instance of org.apache.camel.StreamCache]
]

Stacktrace
---------------------------------------------------------------------------------------------------------------------------------------
org.apache.camel.CamelExecutionException: Exception occurred during execution on the exchange: Exchange[JmsMessage[JmsMessageID: ID:black-41164-1442268614560-3:1:1:1:7]]
	at org.apache.camel.util.ObjectHelper.wrapCamelExecutionException(ObjectHelper.java:1635)[61:org.apache.camel.camel-core:2.15.1]
	at org.apache.camel.impl.DefaultExchange.setException(DefaultExchange.java:308)[61:org.apache.camel.camel-core:2.15.1]
	at org.apache.camel.processor.DelegateSyncProcessor.process(DelegateSyncProcessor.java:66)[61:org.apache.camel.camel-core:2.15.1]
	at org.apache.camel.management.InstrumentationProcessor.process(InstrumentationProcessor.java:77)[61:org.apache.camel.camel-core:2.15.1]
	at org.apache.camel.processor.RedeliveryErrorHandler.process(RedeliveryErrorHandler.java:448)[61:org.apache.camel.camel-core:2.15.1]
	at org.apache.camel.processor.CamelInternalProcessor.process(CamelInternalProcessor.java:191)[61:org.apache.camel.camel-core:2.15.1]
	at org.apache.camel.processor.Pipeline.process(Pipeline.java:118)[61:org.apache.camel.camel-core:2.15.1]
	at org.apache.camel.processor.Pipeline.process(Pipeline.java:80)[61:org.apache.camel.camel-core:2.15.1]
	at org.apache.camel.processor.CamelInternalProcessor.process(CamelInternalProcessor.java:191)[61:org.apache.camel.camel-core:2.15.1]
	at org.apache.camel.component.direct.DirectProducer.process(DirectProducer.java:51)[61:org.apache.camel.camel-core:2.15.1]
	at org.apache.camel.processor.SendProcessor.process(SendProcessor.java:129)[61:org.apache.camel.camel-core:2.15.1]
	at org.apache.camel.management.InstrumentationProcessor.process(InstrumentationProcessor.java:77)[61:org.apache.camel.camel-core:2.15.1]
	at org.apache.camel.processor.RedeliveryErrorHandler.process(RedeliveryErrorHandler.java:448)[61:org.apache.camel.camel-core:2.15.1]
	at org.apache.camel.processor.CamelInternalProcessor.process(CamelInternalProcessor.java:191)[61:org.apache.camel.camel-core:2.15.1]
	at org.apache.camel.processor.ChoiceProcessor.process(ChoiceProcessor.java:111)[61:org.apache.camel.camel-core:2.15.1]
	at org.apache.camel.management.InstrumentationProcessor.process(InstrumentationProcessor.java:77)[61:org.apache.camel.camel-core:2.15.1]
	at org.apache.camel.processor.RedeliveryErrorHandler.process(RedeliveryErrorHandler.java:448)[61:org.apache.camel.camel-core:2.15.1]
	at org.apache.camel.processor.CamelInternalProcessor.process(CamelInternalProcessor.java:191)[61:org.apache.camel.camel-core:2.15.1]
	at org.apache.camel.processor.Pipeline.process(Pipeline.java:118)[61:org.apache.camel.camel-core:2.15.1]
	at org.apache.camel.processor.Pipeline.process(Pipeline.java:80)[61:org.apache.camel.camel-core:2.15.1]
	at org.apache.camel.processor.FilterProcessor.process(FilterProcessor.java:58)[61:org.apache.camel.camel-core:2.15.1]
	at org.apache.camel.management.InstrumentationProcessor.process(InstrumentationProcessor.java:77)[61:org.apache.camel.camel-core:2.15.1]
	at org.apache.camel.processor.RedeliveryErrorHandler.process(RedeliveryErrorHandler.java:448)[61:org.apache.camel.camel-core:2.15.1]
	at org.apache.camel.processor.CamelInternalProcessor.process(CamelInternalProcessor.java:191)[61:org.apache.camel.camel-core:2.15.1]
	at org.apache.camel.processor.CamelInternalProcessor.process(CamelInternalProcessor.java:191)[61:org.apache.camel.camel-core:2.15.1]
	at org.apache.camel.component.direct.DirectProducer.process(DirectProducer.java:51)[61:org.apache.camel.camel-core:2.15.1]
	at org.apache.camel.processor.SendProcessor.process(SendProcessor.java:129)[61:org.apache.camel.camel-core:2.15.1]
	at org.apache.camel.management.InstrumentationProcessor.process(InstrumentationProcessor.java:77)[61:org.apache.camel.camel-core:2.15.1]
	at org.apache.camel.processor.RedeliveryErrorHandler.process(RedeliveryErrorHandler.java:448)[61:org.apache.camel.camel-core:2.15.1]
	at org.apache.camel.processor.CamelInternalProcessor.process(CamelInternalProcessor.java:191)[61:org.apache.camel.camel-core:2.15.1]
	at org.apache.camel.processor.ChoiceProcessor.process(ChoiceProcessor.java:111)[61:org.apache.camel.camel-core:2.15.1]
	at org.apache.camel.management.InstrumentationProcessor.process(InstrumentationProcessor.java:77)[61:org.apache.camel.camel-core:2.15.1]
	at org.apache.camel.processor.RedeliveryErrorHandler.process(RedeliveryErrorHandler.java:448)[61:org.apache.camel.camel-core:2.15.1]
	at org.apache.camel.processor.CamelInternalProcessor.process(CamelInternalProcessor.java:191)[61:org.apache.camel.camel-core:2.15.1]
	at org.apache.camel.processor.CamelInternalProcessor.process(CamelInternalProcessor.java:191)[61:org.apache.camel.camel-core:2.15.1]
	at org.apache.camel.util.AsyncProcessorHelper.process(AsyncProcessorHelper.java:109)[61:org.apache.camel.camel-core:2.15.1]
	at org.apache.camel.processor.DelegateAsyncProcessor.process(DelegateAsyncProcessor.java:87)[61:org.apache.camel.camel-core:2.15.1]
	at org.apache.camel.component.jms.EndpointMessageListener.onMessage(EndpointMessageListener.java:103)[63:org.apache.camel.camel-jms:2.15.1]
	at org.springframework.jms.listener.AbstractMessageListenerContainer.doInvokeListener(AbstractMessageListenerContainer.java:562)[89:org.apache.servicemix.bundles.spring-jms:3.2.11.RELEASE_1]
	at org.springframework.jms.listener.AbstractMessageListenerContainer.invokeListener(AbstractMessageListenerContainer.java:500)[89:org.apache.servicemix.bundles.spring-jms:3.2.11.RELEASE_1]
	at org.springframework.jms.listener.AbstractMessageListenerContainer.doExecuteListener(AbstractMessageListenerContainer.java:468)[89:org.apache.servicemix.bundles.spring-jms:3.2.11.RELEASE_1]
	at org.springframework.jms.listener.AbstractPollingMessageListenerContainer.doReceiveAndExecute(AbstractPollingMessageListenerContainer.java:325)[89:org.apache.servicemix.bundles.spring-jms:3.2.11.RELEASE_1]
	at org.springframework.jms.listener.AbstractPollingMessageListenerContainer.receiveAndExecute(AbstractPollingMessageListenerContainer.java:263)[89:org.apache.servicemix.bundles.spring-jms:3.2.11.RELEASE_1]
	at org.springframework.jms.listener.DefaultMessageListenerContainer$AsyncMessageListenerInvoker.invokeListener(DefaultMessageListenerContainer.java:1101)[89:org.apache.servicemix.bundles.spring-jms:3.2.11.RELEASE_1]
	at org.springframework.jms.listener.DefaultMessageListenerContainer$AsyncMessageListenerInvoker.executeOngoingLoop(DefaultMessageListenerContainer.java:1093)[89:org.apache.servicemix.bundles.spring-jms:3.2.11.RELEASE_1]
	at org.springframework.jms.listener.DefaultMessageListenerContainer$AsyncMessageListenerInvoker.run(DefaultMessageListenerContainer.java:990)[89:org.apache.servicemix.bundles.spring-jms:3.2.11.RELEASE_1]
	at java.util.concurrent.ThreadPoolExecutor.runWorker(ThreadPoolExecutor.java:1142)[:1.8.0_25]
	at java.util.concurrent.ThreadPoolExecutor$Worker.run(ThreadPoolExecutor.java:617)[:1.8.0_25]
	at java.lang.Thread.run(Thread.java:745)[:1.8.0_25]
Caused by: java.lang.IncompatibleClassChangeError: Class com.hp.hpl.jena.rdfxml.xmlinput.impl.RDFXMLParser$SAXParserWithEncodingCheck does not implement the requested interface org.xml.sax.XMLReader
	at com.hp.hpl.jena.rdfxml.xmlinput.SAX2RDF.installHandlers(SAX2RDF.java:172)
	at com.hp.hpl.jena.rdfxml.xmlinput.impl.RDFXMLParser.<init>(RDFXMLParser.java:64)
	at com.hp.hpl.jena.rdfxml.xmlinput.impl.RDFXMLParser.create(RDFXMLParser.java:128)
	at com.hp.hpl.jena.rdfxml.xmlinput.ARP.<init>(ARP.java:77)
	at org.apache.jena.riot.lang.LangRDFXML.<init>(LangRDFXML.java:55)
	at org.apache.jena.riot.lang.LangRDFXML.create(LangRDFXML.java:76)
	at org.apache.jena.riot.RiotReader.createParser(RiotReader.java:134)
	at org.apache.jena.riot.RDFParserRegistry$ReaderRIOTLang.read(RDFParserRegistry.java:180)
	at org.apache.jena.riot.RDFDataMgr.process(RDFDataMgr.java:906)
	at org.apache.jena.riot.RDFDataMgr.read(RDFDataMgr.java:257)
	at org.apache.jena.riot.RDFDataMgr.read(RDFDataMgr.java:243)
	at org.apache.jena.riot.adapters.RDFReaderRIOT.read(RDFReaderRIOT.java:70)
	at com.hp.hpl.jena.rdf.model.impl.ModelCom.read(ModelCom.java:277)
	at org.fcrepo.camel.processor.SparqlUpdateProcessor.process(SparqlUpdateProcessor.java:51)[93:org.fcrepo.camel.fcrepo-camel:4.3.1.SNAPSHOT]
	at org.apache.camel.processor.DelegateSyncProcessor.process(DelegateSyncProcessor.java:63)
	... 46 more
2015-09-14 18:20:52,547 | WARN  | Consumer[fedora] | EndpointMessageListener          | 61 - org.apache.camel.camel-core - 2.15.1 | Execution of JMS message listener failed. Caused by: [org.apache.camel.CamelExecutionException - Exception occurred during execution on the exchange: Exchange[JmsMessage[JmsMessageID: ID:black-41164-1442268614560-3:1:1:1:7]]]
org.apache.camel.CamelExecutionException: Exception occurred during execution on the exchange: Exchange[JmsMessage[JmsMessageID: ID:black-41164-1442268614560-3:1:1:1:7]]
	at org.apache.camel.util.ObjectHelper.wrapCamelExecutionException(ObjectHelper.java:1635)[61:org.apache.camel.camel-core:2.15.1]
	at org.apache.camel.impl.DefaultExchange.setException(DefaultExchange.java:308)[61:org.apache.camel.camel-core:2.15.1]
	at org.apache.camel.processor.DelegateSyncProcessor.process(DelegateSyncProcessor.java:66)[61:org.apache.camel.camel-core:2.15.1]
	at org.apache.camel.management.InstrumentationProcessor.process(InstrumentationProcessor.java:77)[61:org.apache.camel.camel-core:2.15.1]
	at org.apache.camel.processor.RedeliveryErrorHandler.process(RedeliveryErrorHandler.java:448)[61:org.apache.camel.camel-core:2.15.1]
	at org.apache.camel.processor.CamelInternalProcessor.process(CamelInternalProcessor.java:191)[61:org.apache.camel.camel-core:2.15.1]
	at org.apache.camel.processor.Pipeline.process(Pipeline.java:118)[61:org.apache.camel.camel-core:2.15.1]
	at org.apache.camel.processor.Pipeline.process(Pipeline.java:80)[61:org.apache.camel.camel-core:2.15.1]
	at org.apache.camel.processor.CamelInternalProcessor.process(CamelInternalProcessor.java:191)[61:org.apache.camel.camel-core:2.15.1]
	at org.apache.camel.component.direct.DirectProducer.process(DirectProducer.java:51)[61:org.apache.camel.camel-core:2.15.1]
	at org.apache.camel.processor.SendProcessor.process(SendProcessor.java:129)[61:org.apache.camel.camel-core:2.15.1]
	at org.apache.camel.management.InstrumentationProcessor.process(InstrumentationProcessor.java:77)[61:org.apache.camel.camel-core:2.15.1]
	at org.apache.camel.processor.RedeliveryErrorHandler.process(RedeliveryErrorHandler.java:448)[61:org.apache.camel.camel-core:2.15.1]
	at org.apache.camel.processor.CamelInternalProcessor.process(CamelInternalProcessor.java:191)[61:org.apache.camel.camel-core:2.15.1]
	at org.apache.camel.processor.ChoiceProcessor.process(ChoiceProcessor.java:111)[61:org.apache.camel.camel-core:2.15.1]
	at org.apache.camel.management.InstrumentationProcessor.process(InstrumentationProcessor.java:77)[61:org.apache.camel.camel-core:2.15.1]
	at org.apache.camel.processor.RedeliveryErrorHandler.process(RedeliveryErrorHandler.java:448)[61:org.apache.camel.camel-core:2.15.1]
	at org.apache.camel.processor.CamelInternalProcessor.process(CamelInternalProcessor.java:191)[61:org.apache.camel.camel-core:2.15.1]
	at org.apache.camel.processor.Pipeline.process(Pipeline.java:118)[61:org.apache.camel.camel-core:2.15.1]
	at org.apache.camel.processor.Pipeline.process(Pipeline.java:80)[61:org.apache.camel.camel-core:2.15.1]
	at org.apache.camel.processor.FilterProcessor.process(FilterProcessor.java:58)[61:org.apache.camel.camel-core:2.15.1]
	at org.apache.camel.management.InstrumentationProcessor.process(InstrumentationProcessor.java:77)[61:org.apache.camel.camel-core:2.15.1]
	at org.apache.camel.processor.RedeliveryErrorHandler.process(RedeliveryErrorHandler.java:448)[61:org.apache.camel.camel-core:2.15.1]
	at org.apache.camel.processor.CamelInternalProcessor.process(CamelInternalProcessor.java:191)[61:org.apache.camel.camel-core:2.15.1]
	at org.apache.camel.processor.CamelInternalProcessor.process(CamelInternalProcessor.java:191)[61:org.apache.camel.camel-core:2.15.1]
	at org.apache.camel.component.direct.DirectProducer.process(DirectProducer.java:51)[61:org.apache.camel.camel-core:2.15.1]
	at org.apache.camel.processor.SendProcessor.process(SendProcessor.java:129)[61:org.apache.camel.camel-core:2.15.1]
	at org.apache.camel.management.InstrumentationProcessor.process(InstrumentationProcessor.java:77)[61:org.apache.camel.camel-core:2.15.1]
	at org.apache.camel.processor.RedeliveryErrorHandler.process(RedeliveryErrorHandler.java:448)[61:org.apache.camel.camel-core:2.15.1]
	at org.apache.camel.processor.CamelInternalProcessor.process(CamelInternalProcessor.java:191)[61:org.apache.camel.camel-core:2.15.1]
	at org.apache.camel.processor.ChoiceProcessor.process(ChoiceProcessor.java:111)[61:org.apache.camel.camel-core:2.15.1]
	at org.apache.camel.management.InstrumentationProcessor.process(InstrumentationProcessor.java:77)[61:org.apache.camel.camel-core:2.15.1]
	at org.apache.camel.processor.RedeliveryErrorHandler.process(RedeliveryErrorHandler.java:448)[61:org.apache.camel.camel-core:2.15.1]
	at org.apache.camel.processor.CamelInternalProcessor.process(CamelInternalProcessor.java:191)[61:org.apache.camel.camel-core:2.15.1]
	at org.apache.camel.processor.CamelInternalProcessor.process(CamelInternalProcessor.java:191)[61:org.apache.camel.camel-core:2.15.1]
	at org.apache.camel.util.AsyncProcessorHelper.process(AsyncProcessorHelper.java:109)[61:org.apache.camel.camel-core:2.15.1]
	at org.apache.camel.processor.DelegateAsyncProcessor.process(DelegateAsyncProcessor.java:87)[61:org.apache.camel.camel-core:2.15.1]
	at org.apache.camel.component.jms.EndpointMessageListener.onMessage(EndpointMessageListener.java:103)[63:org.apache.camel.camel-jms:2.15.1]
	at org.springframework.jms.listener.AbstractMessageListenerContainer.doInvokeListener(AbstractMessageListenerContainer.java:562)[89:org.apache.servicemix.bundles.spring-jms:3.2.11.RELEASE_1]
	at org.springframework.jms.listener.AbstractMessageListenerContainer.invokeListener(AbstractMessageListenerContainer.java:500)[89:org.apache.servicemix.bundles.spring-jms:3.2.11.RELEASE_1]
	at org.springframework.jms.listener.AbstractMessageListenerContainer.doExecuteListener(AbstractMessageListenerContainer.java:468)[89:org.apache.servicemix.bundles.spring-jms:3.2.11.RELEASE_1]
	at org.springframework.jms.listener.AbstractPollingMessageListenerContainer.doReceiveAndExecute(AbstractPollingMessageListenerContainer.java:325)[89:org.apache.servicemix.bundles.spring-jms:3.2.11.RELEASE_1]
	at org.springframework.jms.listener.AbstractPollingMessageListenerContainer.receiveAndExecute(AbstractPollingMessageListenerContainer.java:263)[89:org.apache.servicemix.bundles.spring-jms:3.2.11.RELEASE_1]
	at org.springframework.jms.listener.DefaultMessageListenerContainer$AsyncMessageListenerInvoker.invokeListener(DefaultMessageListenerContainer.java:1101)[89:org.apache.servicemix.bundles.spring-jms:3.2.11.RELEASE_1]
	at org.springframework.jms.listener.DefaultMessageListenerContainer$AsyncMessageListenerInvoker.executeOngoingLoop(DefaultMessageListenerContainer.java:1093)[89:org.apache.servicemix.bundles.spring-jms:3.2.11.RELEASE_1]
	at org.springframework.jms.listener.DefaultMessageListenerContainer$AsyncMessageListenerInvoker.run(DefaultMessageListenerContainer.java:990)[89:org.apache.servicemix.bundles.spring-jms:3.2.11.RELEASE_1]
	at java.util.concurrent.ThreadPoolExecutor.runWorker(ThreadPoolExecutor.java:1142)[:1.8.0_25]
	at java.util.concurrent.ThreadPoolExecutor$Worker.run(ThreadPoolExecutor.java:617)[:1.8.0_25]
	at java.lang.Thread.run(Thread.java:745)[:1.8.0_25]
Caused by: java.lang.IncompatibleClassChangeError: Class com.hp.hpl.jena.rdfxml.xmlinput.impl.RDFXMLParser$SAXParserWithEncodingCheck does not implement the requested interface org.xml.sax.XMLReader
	at com.hp.hpl.jena.rdfxml.xmlinput.SAX2RDF.installHandlers(SAX2RDF.java:172)
	at com.hp.hpl.jena.rdfxml.xmlinput.impl.RDFXMLParser.<init>(RDFXMLParser.java:64)
	at com.hp.hpl.jena.rdfxml.xmlinput.impl.RDFXMLParser.create(RDFXMLParser.java:128)
	at com.hp.hpl.jena.rdfxml.xmlinput.ARP.<init>(ARP.java:77)
	at org.apache.jena.riot.lang.LangRDFXML.<init>(LangRDFXML.java:55)
	at org.apache.jena.riot.lang.LangRDFXML.create(LangRDFXML.java:76)
	at org.apache.jena.riot.RiotReader.createParser(RiotReader.java:134)
	at org.apache.jena.riot.RDFParserRegistry$ReaderRIOTLang.read(RDFParserRegistry.java:180)
	at org.apache.jena.riot.RDFDataMgr.process(RDFDataMgr.java:906)
	at org.apache.jena.riot.RDFDataMgr.read(RDFDataMgr.java:257)
	at org.apache.jena.riot.RDFDataMgr.read(RDFDataMgr.java:243)
	at org.apache.jena.riot.adapters.RDFReaderRIOT.read(RDFReaderRIOT.java:70)
	at com.hp.hpl.jena.rdf.model.impl.ModelCom.read(ModelCom.java:277)
	at org.fcrepo.camel.processor.SparqlUpdateProcessor.process(SparqlUpdateProcessor.java:51)[93:org.fcrepo.camel.fcrepo-camel:4.3.1.SNAPSHOT]
	at org.apache.camel.processor.DelegateSyncProcessor.process(DelegateSyncProcessor.java:63)
	... 46 more
