Java HotSpot(TM) 64-Bit Server VM (25.51-b03) for linux-amd64 JRE (1.8.0_51-b16), built on Jun  8 2015 19:28:07 by "java_re" with gcc 4.3.0 20080428 (Red Hat 4.3.0-8)
Memory: 4k page, physical 8061616k(5514640k free), swap 4194300k(4194300k free)
CommandLine flags: -XX:InitialHeapSize=128985856 -XX:MaxHeapSize=2147483648 -XX:+PrintGC -XX:+PrintGCDetails -XX:+PrintGCTimeStamps -XX:+UseCompressedClassPointers -XX:+UseCompressedOops 
1.936: [GC (Allocation Failure) 1.936: [DefNew: 33856K->4223K(38080K), 0.0131106 secs] 33856K->8727K(122752K), 0.0131964 secs] [Times: user=0.01 sys=0.00, real=0.01 secs] 
6.466: [GC (Allocation Failure) 6.466: [DefNew: 38079K->1538K(38080K), 0.0092425 secs] 42583K->8441K(122752K), 0.0093092 secs] [Times: user=0.01 sys=0.00, real=0.01 secs] 
9.065: [GC (Allocation Failure) 9.065: [DefNew: 35394K->2741K(38080K), 0.0026344 secs] 42297K->9644K(122752K), 0.0026886 secs] [Times: user=0.00 sys=0.00, real=0.00 secs] 
13.259: [GC (Allocation Failure) 13.259: [DefNew: 36597K->3272K(38080K), 0.0033274 secs] 43500K->11187K(122752K), 0.0033892 secs] [Times: user=0.00 sys=0.00, real=0.01 secs] 
16.261: [GC (Allocation Failure) 16.261: [DefNew: 37128K->2102K(38080K), 0.0031036 secs] 45043K->12483K(122752K), 0.0031571 secs] [Times: user=0.00 sys=0.00, real=0.01 secs] 
17.729: [GC (Allocation Failure) 17.729: [DefNew: 35958K->3454K(38080K), 0.0025159 secs] 46339K->13834K(122752K), 0.0025768 secs] [Times: user=0.00 sys=0.00, real=0.01 secs] 
19.171: [GC (Allocation Failure) 19.171: [DefNew: 37310K->2151K(38080K), 0.0041988 secs] 47690K->15296K(122752K), 0.0048100 secs] [Times: user=0.01 sys=0.00, real=0.01 secs] 
21.091: [GC (Allocation Failure) 21.091: [DefNew: 36007K->1979K(38080K), 0.0053915 secs] 49152K->16436K(122752K), 0.0055116 secs] [Times: user=0.00 sys=0.00, real=0.01 secs] 
23.070: [GC (Allocation Failure) 23.070: [DefNew: 35835K->3013K(38080K), 0.0047332 secs] 50292K->17471K(122752K), 0.0048385 secs] [Times: user=0.00 sys=0.00, real=0.01 secs] 
24.859: [GC (Allocation Failure) 24.859: [DefNew: 36869K->2221K(38080K), 0.0029208 secs] 51327K->18473K(122752K), 0.0029863 secs] [Times: user=0.00 sys=0.00, real=0.00 secs] 
26.092: [GC (Allocation Failure) 26.092: [DefNew: 36077K->3418K(38080K), 0.0027303 secs] 52329K->20535K(122752K), 0.0027960 secs] [Times: user=0.00 sys=0.00, real=0.01 secs] 
27.439: [GC (Allocation Failure) 27.439: [DefNew: 37274K->2658K(38080K), 0.0029904 secs] 54391K->21666K(122752K), 0.0030534 secs] [Times: user=0.00 sys=0.00, real=0.00 secs] 
29.014: [GC (Allocation Failure) 29.014: [DefNew: 36514K->1024K(38080K), 0.0027750 secs] 55522K->22609K(122752K), 0.0028292 secs] [Times: user=0.00 sys=0.00, real=0.00 secs] 
29.677: [GC (Allocation Failure) 29.677: [DefNew: 34880K->1532K(38080K), 0.0031308 secs] 56465K->23117K(122752K), 0.0031784 secs] [Times: user=0.00 sys=0.00, real=0.00 secs] 
30.197: [GC (Allocation Failure) 30.197: [DefNew: 35388K->1238K(38080K), 0.0025819 secs] 56973K->22822K(122752K), 0.0043512 secs] [Times: user=0.00 sys=0.00, real=0.00 secs] 
30.360: [GC (Allocation Failure) 30.360: [DefNew: 35094K->1292K(38080K), 0.0024598 secs] 56678K->22877K(122752K), 0.0025069 secs] [Times: user=0.00 sys=0.00, real=0.00 secs] 
30.497: [GC (Allocation Failure) 30.497: [DefNew: 35148K->1358K(38080K), 0.0025568 secs] 56733K->22943K(122752K), 0.0026030 secs] [Times: user=0.00 sys=0.00, real=0.00 secs] 
30.627: [GC (Allocation Failure) 30.627: [DefNew: 35214K->1360K(38080K), 0.0024617 secs] 56799K->22944K(122752K), 0.0025090 secs] [Times: user=0.00 sys=0.00, real=0.00 secs] 
31.410: [GC (Allocation Failure) 31.410: [DefNew: 35216K->2798K(38080K), 0.0065167 secs] 56800K->24382K(122752K), 0.0065821 secs] [Times: user=0.01 sys=0.00, real=0.01 secs] 
31.612: [Full GC (Metadata GC Threshold) 31.612: [Tenured: 21584K->4639K(84672K), 0.0233005 secs] 28175K->4639K(122752K), [Metaspace: 20930K->20930K(1069056K)], 0.0234199 secs] [Times: user=0.02 sys=0.00, real=0.03 secs] 
40.835: [GC (Allocation Failure) 40.835: [DefNew: 33920K->4223K(38144K), 0.0200851 secs] 38559K->11498K(122816K), 0.0201693 secs] [Times: user=0.01 sys=0.00, real=0.02 secs] 
52.598: [GC (Allocation Failure) 52.598: [DefNew: 38143K->1634K(38144K), 0.0158579 secs] 45418K->12188K(122816K), 0.0159286 secs] [Times: user=0.01 sys=0.00, real=0.01 secs] 
60.474: [GC (Allocation Failure) 60.474: [DefNew: 35554K->3386K(38144K), 0.0229729 secs] 46108K->13940K(122816K), 0.0230612 secs] [Times: user=0.02 sys=0.00, real=0.02 secs] 
66.474: [GC (Allocation Failure) 66.474: [DefNew: 37306K->4010K(38144K), 0.0204593 secs] 47860K->15987K(122816K), 0.0205275 secs] [Times: user=0.01 sys=0.00, real=0.02 secs] 
71.413: [GC (Allocation Failure) 71.413: [DefNew: 37930K->2264K(38144K), 0.0309499 secs] 49907K->18022K(122816K), 0.0310200 secs] [Times: user=0.02 sys=0.00, real=0.03 secs] 
78.598: [GC (Allocation Failure) 78.598: [DefNew: 36184K->2247K(38144K), 0.0347521 secs] 51942K->20080K(122816K), 0.0348413 secs] [Times: user=0.01 sys=0.00, real=0.04 secs] 
83.541: [GC (Allocation Failure) 83.541: [DefNew: 36167K->2397K(38144K), 0.0291269 secs] 54000K->22188K(122816K), 0.0292353 secs] [Times: user=0.01 sys=0.00, real=0.03 secs] 
88.067: [GC (Allocation Failure) 88.067: [DefNew: 36317K->2273K(38144K), 0.0260062 secs] 56108K->24171K(122816K), 0.0261024 secs] [Times: user=0.01 sys=0.00, real=0.03 secs] 
92.086: [GC (Allocation Failure) 92.086: [DefNew: 36193K->2319K(38144K), 0.0202828 secs] 58091K->26246K(122816K), 0.0203824 secs] [Times: user=0.01 sys=0.00, real=0.02 secs] 
95.867: [GC (Allocation Failure) 95.867: [DefNew: 36239K->2352K(38144K), 0.0202875 secs] 60166K->28310K(122816K), 0.0203643 secs] [Times: user=0.01 sys=0.00, real=0.02 secs] 
99.678: [GC (Allocation Failure) 99.678: [DefNew: 36272K->2299K(38144K), 0.0187292 secs] 62230K->30335K(122816K), 0.0188012 secs] [Times: user=0.02 sys=0.00, real=0.02 secs] 
103.089: [GC (Allocation Failure) 103.090: [DefNew: 36219K->2347K(38144K), 0.0191874 secs] 64255K->32396K(122816K), 0.0192635 secs] [Times: user=0.01 sys=0.00, real=0.02 secs] 
106.503: [GC (Allocation Failure) 106.503: [DefNew: 36267K->2301K(38144K), 0.0198495 secs] 66316K->34438K(122816K), 0.0199268 secs] [Times: user=0.01 sys=0.00, real=0.02 secs] 
109.778: [GC (Allocation Failure) 109.778: [DefNew: 36221K->2368K(38144K), 0.0247049 secs] 68358K->36499K(122816K), 0.0248180 secs] [Times: user=0.02 sys=0.00, real=0.02 secs] 
113.295: [GC (Allocation Failure) 113.295: [DefNew: 36288K->2238K(38144K), 0.0202641 secs] 70419K->38452K(122816K), 0.0203349 secs] [Times: user=0.01 sys=0.00, real=0.02 secs] 
116.443: [GC (Allocation Failure) 116.443: [DefNew: 36158K->2387K(38144K), 0.0204136 secs] 72372K->40597K(122816K), 0.0204935 secs] [Times: user=0.01 sys=0.00, real=0.02 secs] 
119.044: [GC (Allocation Failure) 119.044: [DefNew: 36307K->2305K(38144K), 0.0206388 secs] 74517K->42598K(122816K), 0.0207128 secs] [Times: user=0.01 sys=0.00, real=0.02 secs] 
121.813: [GC (Allocation Failure) 121.813: [DefNew: 36225K->2327K(38144K), 0.0114469 secs] 76518K->44691K(122816K), 0.0115047 secs] [Times: user=0.01 sys=0.00, real=0.01 secs] 
124.706: [GC (Allocation Failure) 124.706: [DefNew: 36247K->2291K(38144K), 0.0300269 secs] 78611K->46661K(122816K), 0.0301169 secs] [Times: user=0.02 sys=0.01, real=0.03 secs] 
127.236: [GC (Allocation Failure) 127.237: [DefNew: 36211K->2283K(38144K), 0.0161381 secs] 80581K->48702K(122816K), 0.0162136 secs] [Times: user=0.01 sys=0.00, real=0.02 secs] 
129.680: [GC (Allocation Failure) 129.680: [DefNew: 36203K->2368K(38144K), 0.0136142 secs] 82622K->50787K(122816K), 0.0136824 secs] [Times: user=0.01 sys=0.00, real=0.01 secs] 
133.522: [GC (Allocation Failure) 133.522: [DefNew: 36288K->2315K(38144K), 0.0177355 secs] 84707K->52804K(122816K), 0.0178052 secs] [Times: user=0.01 sys=0.00, real=0.01 secs] 
137.770: [GC (Allocation Failure) 137.770: [DefNew: 36235K->2361K(38144K), 0.0245865 secs] 86724K->54921K(122816K), 0.0246613 secs] [Times: user=0.01 sys=0.00, real=0.02 secs] 
141.197: [GC (Allocation Failure) 141.197: [DefNew: 36281K->2254K(38144K), 0.0198763 secs] 88841K->56875K(122816K), 0.0199520 secs] [Times: user=0.01 sys=0.00, real=0.02 secs] 
143.652: [GC (Allocation Failure) 143.652: [DefNew: 36174K->2367K(38144K), 0.0114793 secs] 90795K->59002K(122816K), 0.0115339 secs] [Times: user=0.01 sys=0.00, real=0.01 secs] 
146.286: [GC (Allocation Failure) 146.286: [DefNew: 36287K->2305K(38144K), 0.0273920 secs] 92922K->61009K(122816K), 0.0274860 secs] [Times: user=0.01 sys=0.00, real=0.03 secs] 
149.086: [GC (Allocation Failure) 149.086: [DefNew: 36225K->2315K(38144K), 0.0112245 secs] 94929K->63088K(122816K), 0.0112788 secs] [Times: user=0.01 sys=0.00, real=0.01 secs] 
151.673: [GC (Allocation Failure) 151.673: [DefNew: 36235K->2340K(38144K), 0.0296900 secs] 97008K->65125K(122816K), 0.0297768 secs] [Times: user=0.01 sys=0.01, real=0.03 secs] 
154.041: [GC (Allocation Failure) 154.041: [DefNew: 36260K->2227K(38144K), 0.0110329 secs] 99045K->67120K(122816K), 0.0110844 secs] [Times: user=0.01 sys=0.00, real=0.01 secs] 
157.156: [GC (Allocation Failure) 157.156: [DefNew: 36147K->2303K(38144K), 0.0154108 secs] 101040K->69183K(122816K), 0.0154730 secs] [Times: user=0.01 sys=0.00, real=0.01 secs] 
159.359: [GC (Allocation Failure) 159.359: [DefNew: 36223K->2296K(38144K), 0.0112096 secs] 103103K->71228K(122816K), 0.0112665 secs] [Times: user=0.01 sys=0.00, real=0.01 secs] 
161.523: [GC (Allocation Failure) 161.523: [DefNew: 36216K->2359K(38144K), 0.0164574 secs] 105148K->73307K(122816K), 0.0165183 secs] [Times: user=0.01 sys=0.00, real=0.02 secs] 
164.729: [GC (Allocation Failure) 164.729: [DefNew: 36279K->2262K(38144K), 0.0307043 secs] 107227K->75279K(122816K), 0.0307977 secs] [Times: user=0.01 sys=0.00, real=0.03 secs] 
167.517: [GC (Allocation Failure) 167.517: [DefNew: 36182K->2367K(38144K), 0.0222811 secs] 109199K->77406K(122816K), 0.0223632 secs] [Times: user=0.01 sys=0.00, real=0.02 secs] 
170.007: [GC (Allocation Failure) 170.007: [DefNew: 36287K->2308K(38144K), 0.0207511 secs] 111326K->79416K(122816K), 0.0208396 secs] [Times: user=0.01 sys=0.00, real=0.02 secs] 
172.799: [GC (Allocation Failure) 172.799: [DefNew: 36228K->2330K(38144K), 0.0113546 secs] 113336K->81512K(122816K), 0.0114159 secs] [Times: user=0.01 sys=0.00, real=0.01 secs] 
175.061: [GC (Allocation Failure) 175.061: [DefNew: 36250K->2322K(38144K), 0.0149717 secs] 115432K->83511K(122816K), 0.0150305 secs] [Times: user=0.01 sys=0.00, real=0.02 secs] 
177.678: [GC (Allocation Failure) 177.678: [DefNew: 36242K->2255K(38144K), 0.0192211 secs] 117431K->85523K(122816K), 0.0192994 secs] [Times: user=0.01 sys=0.00, real=0.02 secs] 
180.023: [GC (Allocation Failure) 180.023: [DefNew: 36175K->2400K(38144K), 0.0236592 secs]180.047: [Tenured: 85238K->85247K(85248K), 0.1895034 secs] 119443K->87639K(123392K), [Metaspace: 29002K->29002K(1075200K)], 0.2134168 secs] [Times: user=0.19 sys=0.00, real=0.22 secs] 
184.182: [GC (Allocation Failure) 184.182: [DefNew: 56896K->5837K(64000K), 0.1143981 secs] 142143K->91086K(206080K), 0.1144957 secs] [Times: user=0.05 sys=0.00, real=0.12 secs] 
188.278: [GC (Allocation Failure) 188.278: [DefNew: 62733K->3817K(64000K), 0.0192432 secs] 147982K->94582K(206080K), 0.0193319 secs] [Times: user=0.02 sys=0.01, real=0.02 secs] 
192.763: [GC (Allocation Failure) 192.763: [DefNew: 60713K->3764K(64000K), 0.0277142 secs] 151478K->97952K(206080K), 0.0277823 secs] [Times: user=0.01 sys=0.00, real=0.03 secs] 
198.320: [GC (Allocation Failure) 198.320: [DefNew: 60660K->3715K(64000K), 0.0200564 secs] 154848K->101315K(206080K), 0.0201474 secs] [Times: user=0.02 sys=0.00, real=0.02 secs] 
201.863: [GC (Allocation Failure) 201.863: [DefNew: 60611K->3845K(64000K), 0.0209806 secs] 158211K->104839K(206080K), 0.0210585 secs] [Times: user=0.02 sys=0.00, real=0.02 secs] 
206.694: [GC (Allocation Failure) 206.695: [DefNew: 60741K->3797K(64000K), 0.0212485 secs] 161735K->108263K(206080K), 0.0213403 secs] [Times: user=0.01 sys=0.00, real=0.02 secs] 
210.987: [GC (Allocation Failure) 210.987: [DefNew: 60693K->3795K(64000K), 0.0205458 secs] 165159K->111740K(206080K), 0.0206297 secs] [Times: user=0.01 sys=0.00, real=0.02 secs] 
214.633: [GC (Allocation Failure) 214.633: [DefNew: 60691K->3727K(64000K), 0.0222072 secs] 168636K->115089K(206080K), 0.0222919 secs] [Times: user=0.02 sys=0.00, real=0.02 secs] 
218.946: [GC (Allocation Failure) 218.946: [DefNew: 60623K->3741K(64000K), 0.0438197 secs] 171985K->118560K(206080K), 0.0439085 secs] [Times: user=0.02 sys=0.01, real=0.04 secs] 
222.920: [GC (Allocation Failure) 222.920: [DefNew: 60637K->3812K(64000K), 0.0160572 secs] 175456K->122004K(206080K), 0.0161341 secs] [Times: user=0.01 sys=0.00, real=0.02 secs] 
226.466: [GC (Allocation Failure) 226.466: [DefNew: 60708K->3768K(64000K), 0.0193604 secs] 178900K->125399K(206080K), 0.0194337 secs] [Times: user=0.02 sys=0.00, real=0.02 secs] 
230.605: [GC (Allocation Failure) 230.605: [DefNew: 60664K->3735K(64000K), 0.0266395 secs] 182295K->128803K(206080K), 0.0267364 secs] [Times: user=0.01 sys=0.00, real=0.02 secs] 
234.399: [GC (Allocation Failure) 234.399: [DefNew: 60631K->3818K(64000K), 0.0320841 secs] 185699K->132252K(206080K), 0.0321716 secs] [Times: user=0.02 sys=0.00, real=0.03 secs] 
239.297: [GC (Allocation Failure) 239.297: [DefNew: 60714K->3775K(64000K), 0.0198130 secs] 189148K->135652K(206080K), 0.0198872 secs] [Times: user=0.02 sys=0.00, real=0.02 secs] 
243.389: [GC (Allocation Failure) 243.389: [DefNew: 60671K->3767K(64000K), 0.0284666 secs] 192548K->139091K(206080K), 0.0285420 secs] [Times: user=0.02 sys=0.00, real=0.03 secs] 
246.637: [GC (Allocation Failure) 246.637: [DefNew: 60663K->3845K(64000K), 0.0161508 secs] 195987K->142572K(206080K), 0.0162278 secs] [Times: user=0.02 sys=0.01, real=0.01 secs] 
251.014: [GC (Allocation Failure) 251.014: [DefNew: 60741K->3710K(64000K), 0.0278340 secs]251.042: [Tenured: 142214K->142271K(142272K), 0.5709772 secs] 199468K->145924K(206272K), [Metaspace: 29155K->29155K(1075200K)], 0.6012529 secs] [Times: user=0.30 sys=0.00, real=0.60 secs] 
259.389: [GC (Allocation Failure) 259.389: [DefNew: 94912K->9441K(106752K), 0.0889667 secs] 237183K->151713K(343872K), 0.0890460 secs] [Times: user=0.09 sys=0.00, real=0.08 secs] 
265.639: [GC (Allocation Failure) 265.639: [DefNew: 104353K->6162K(106752K), 0.0304692 secs] 246625K->157387K(343872K), 0.0305490 secs] [Times: user=0.02 sys=0.01, real=0.04 secs] 
271.582: [GC (Allocation Failure) 271.582: [DefNew: 101074K->6238K(106752K), 0.0286447 secs] 252299K->163136K(343872K), 0.0287349 secs] [Times: user=0.02 sys=0.01, real=0.03 secs] 
277.881: [GC (Allocation Failure) 277.881: [DefNew: 101150K->6232K(106752K), 0.0304590 secs] 258048K->168882K(343872K), 0.0305440 secs] [Times: user=0.02 sys=0.00, real=0.03 secs] 
283.970: [GC (Allocation Failure) 283.970: [DefNew: 101144K->6218K(106752K), 0.0304994 secs] 263794K->174580K(343872K), 0.0305923 secs] [Times: user=0.02 sys=0.00, real=0.03 secs] 
289.845: [GC (Allocation Failure) 289.845: [DefNew: 101130K->6253K(106752K), 0.0432677 secs] 269492K->180354K(343872K), 0.0433306 secs] [Times: user=0.03 sys=0.00, real=0.04 secs] 
295.387: [GC (Allocation Failure) 295.387: [DefNew: 101165K->6127K(106752K), 0.0557954 secs] 275266K->185950K(343872K), 0.0558798 secs] [Times: user=0.02 sys=0.00, real=0.05 secs] 
301.720: [GC (Allocation Failure) 301.720: [DefNew: 101039K->6234K(106752K), 0.0246256 secs] 280862K->191706K(343872K), 0.0247111 secs] [Times: user=0.02 sys=0.01, real=0.03 secs] 
312.176: [GC (Allocation Failure) 312.176: [DefNew: 101146K->5630K(106752K), 0.0486476 secs] 286618K->196865K(343872K), 0.0487320 secs] [Times: user=0.03 sys=0.01, real=0.05 secs] 
321.071: [GC (Allocation Failure) 321.071: [DefNew: 100542K->11371K(106752K), 0.0431809 secs] 291777K->202606K(343872K), 0.0432628 secs] [Times: user=0.02 sys=0.00, real=0.04 secs] 
326.824: [GC (Allocation Failure) 326.824: [DefNew: 106283K->6214K(106752K), 0.0358583 secs] 297518K->208345K(343872K), 0.0359452 secs] [Times: user=0.03 sys=0.00, real=0.04 secs] 
333.257: [GC (Allocation Failure) 333.257: [DefNew: 101126K->6132K(106752K), 0.0242711 secs] 303257K->213939K(343872K), 0.0243584 secs] [Times: user=0.03 sys=0.00, real=0.03 secs] 
339.335: [GC (Allocation Failure) 339.335: [DefNew: 101044K->6305K(106752K), 0.0299473 secs] 308851K->219818K(343872K), 0.0300411 secs] [Times: user=0.03 sys=0.00, real=0.03 secs] 
345.365: [GC (Allocation Failure) 345.365: [DefNew: 101217K->6189K(106752K), 0.0419722 secs] 314730K->225538K(343872K), 0.0420547 secs] [Times: user=0.02 sys=0.00, real=0.04 secs] 
352.187: [GC (Allocation Failure) 352.187: [DefNew: 101101K->6201K(106752K), 0.0481428 secs] 320450K->231202K(343872K), 0.0482212 secs] [Times: user=0.03 sys=0.00, real=0.05 secs] 
359.690: [GC (Allocation Failure) 359.691: [DefNew: 101113K->6223K(106752K), 0.0252564 secs] 326114K->236957K(343872K), 0.0253343 secs] [Times: user=0.02 sys=0.01, real=0.03 secs] 
365.678: [GC (Allocation Failure) 365.678: [DefNew: 101135K->6132K(106752K), 0.0676349 secs] 331869K->242584K(343872K), 0.0677839 secs] [Times: user=0.05 sys=0.00, real=0.07 secs] 
372.281: [GC (Allocation Failure) 372.281: [DefNew: 101044K->6276K(106752K), 0.0594244 secs]372.341: [Tenured: 242103K->242112K(242112K), 1.1665356 secs] 337496K->244345K(348864K), [Metaspace: 29289K->29289K(1075200K)], 1.2263174 secs] [Times: user=0.60 sys=0.01, real=1.23 secs] 
385.945: [GC (Allocation Failure) 385.945: [DefNew: 161472K->12104K(181632K), 0.1740483 secs] 403584K->254216K(585152K), 0.1741381 secs] [Times: user=0.15 sys=0.00, real=0.18 secs] 
396.048: [GC (Allocation Failure) 396.048: [DefNew: 173576K->10538K(181632K), 0.0463511 secs] 415688K->264052K(585152K), 0.0464323 secs] [Times: user=0.05 sys=0.00, real=0.05 secs] 
405.443: [GC (Allocation Failure) 405.443: [DefNew: 172010K->10530K(181632K), 0.0553380 secs] 425524K->273802K(585152K), 0.0554418 secs] [Times: user=0.05 sys=0.00, real=0.05 secs] 
415.611: [GC (Allocation Failure) 415.611: [DefNew: 172002K->10384K(181632K), 0.0453300 secs] 435274K->283463K(585152K), 0.0454092 secs] [Times: user=0.04 sys=0.00, real=0.05 secs] 
425.356: [GC (Allocation Failure) 425.356: [DefNew: 171856K->10627K(181632K), 0.0467476 secs] 444935K->293342K(585152K), 0.0468251 secs] [Times: user=0.04 sys=0.00, real=0.04 secs] 
447.257: [GC (Allocation Failure) 447.257: [DefNew: 172099K->7560K(181632K), 0.0953459 secs] 454814K->299944K(585152K), 0.0954438 secs] [Times: user=0.03 sys=0.00, real=0.09 secs] 
457.145: [GC (Allocation Failure) 457.145: [DefNew: 169032K->17558K(181632K), 0.0426941 secs] 461416K->309942K(585152K), 0.0427809 secs] [Times: user=0.03 sys=0.00, real=0.04 secs] 
466.280: [GC (Allocation Failure) 466.280: [DefNew: 179030K->10491K(181632K), 0.0526243 secs] 471414K->319655K(585152K), 0.0527204 secs] [Times: user=0.05 sys=0.00, real=0.05 secs] 
475.765: [GC (Allocation Failure) 475.765: [DefNew: 171963K->10545K(181632K), 0.0487403 secs] 481127K->329452K(585152K), 0.0488375 secs] [Times: user=0.05 sys=0.00, real=0.05 secs] 
485.756: [GC (Allocation Failure) 485.756: [DefNew: 172017K->10505K(181632K), 0.0442567 secs] 490924K->339227K(585152K), 0.0443451 secs] [Times: user=0.05 sys=0.00, real=0.04 secs] 
497.545: [GC (Allocation Failure) 497.545: [DefNew: 171977K->10471K(181632K), 0.0764992 secs] 500699K->348906K(585152K), 0.0765811 secs] [Times: user=0.03 sys=0.01, real=0.07 secs] 
508.961: [GC (Allocation Failure) 508.961: [DefNew: 171943K->10398K(181632K), 0.0656166 secs] 510378K->358566K(585152K), 0.0657213 secs] [Times: user=0.04 sys=0.01, real=0.07 secs] 
524.201: [GC (Allocation Failure) 524.201: [DefNew: 171870K->10600K(181632K), 0.0880900 secs] 520038K->368460K(585152K), 0.0881704 secs] [Times: user=0.04 sys=0.00, real=0.09 secs] 
535.970: [GC (Allocation Failure) 535.970: [DefNew: 172072K->10528K(181632K), 0.0417229 secs] 529932K->378209K(585152K), 0.0418048 secs] [Times: user=0.04 sys=0.00, real=0.05 secs] 
545.915: [GC (Allocation Failure) 545.915: [DefNew: 172000K->10509K(181632K), 0.0459675 secs] 539681K->387974K(585152K), 0.0460492 secs] [Times: user=0.04 sys=0.00, real=0.04 secs] 
558.624: [GC (Allocation Failure) 558.624: [DefNew: 171981K->10449K(181632K), 0.0428261 secs] 549446K->397687K(585152K), 0.0429106 secs] [Times: user=0.04 sys=0.00, real=0.04 secs] 
568.384: [GC (Allocation Failure) 568.384: [DefNew: 171921K->10483K(181632K), 0.0455917 secs] 559159K->407416K(585152K), 0.0456611 secs] [Times: user=0.05 sys=0.00, real=0.05 secs] 
581.535: [GC (Allocation Failure) 581.535: [DefNew: 171955K->10455K(181632K), 0.0439698 secs]581.579: [Tenured: 406728K->406783K(406784K), 0.7986081 secs] 568888K->417183K(588416K), [Metaspace: 29452K->29452K(1075200K)], 0.8431367 secs] [Times: user=0.83 sys=0.00, real=0.85 secs] 
598.978: [GC (Allocation Failure) 598.978: [DefNew: 271296K->26680K(305152K), 0.2689633 secs] 678079K->433469K(983128K), 0.2690788 secs] [Times: user=0.26 sys=0.00, real=0.27 secs] 
617.988: [GC (Allocation Failure) 617.988: [DefNew: 297976K->17619K(305152K), 0.0920942 secs] 704765K->449963K(983128K), 0.0921855 secs] [Times: user=0.08 sys=0.01, real=0.09 secs] 
636.533: [GC (Allocation Failure) 636.533: [DefNew: 288915K->17565K(305152K), 0.0889671 secs] 721259K->466336K(983128K), 0.0890563 secs] [Times: user=0.07 sys=0.00, real=0.09 secs] 
653.042: [GC (Allocation Failure) 653.042: [DefNew: 288861K->17555K(305152K), 0.0793815 secs] 737632K->482762K(983128K), 0.0794623 secs] [Times: user=0.07 sys=0.01, real=0.08 secs] 
670.626: [GC (Allocation Failure) 670.626: [DefNew: 288851K->17606K(305152K), 0.1699784 secs] 754058K->499148K(983128K), 0.1700377 secs] [Times: user=0.08 sys=0.00, real=0.17 secs] 
689.010: [GC (Allocation Failure) 689.010: [DefNew: 288902K->17537K(305152K), 0.1288526 secs] 770444K->515496K(983128K), 0.1289164 secs] [Times: user=0.07 sys=0.02, real=0.13 secs] 
706.760: [GC (Allocation Failure) 706.760: [DefNew: 288833K->17765K(305152K), 0.0875329 secs] 786792K->532130K(983128K), 0.0876254 secs] [Times: user=0.08 sys=0.00, real=0.09 secs] 
722.613: [GC (Allocation Failure) 722.613: [DefNew: 289061K->17517K(305152K), 0.1136947 secs] 803426K->548460K(983128K), 0.1137829 secs] [Times: user=0.07 sys=0.01, real=0.11 secs] 
744.398: [GC (Allocation Failure) 744.398: [DefNew: 288813K->17664K(305152K), 0.1008300 secs] 819756K->565005K(983128K), 0.1015731 secs] [Times: user=0.07 sys=0.01, real=0.10 secs] 
760.688: [GC (Allocation Failure) 760.688: [DefNew: 288960K->17569K(305152K), 0.0760042 secs] 836301K->581384K(983128K), 0.0760978 secs] [Times: user=0.07 sys=0.01, real=0.07 secs] 
777.378: [GC (Allocation Failure) 777.378: [DefNew: 288865K->17582K(305152K), 0.0715695 secs] 852680K->597832K(983128K), 0.0716663 secs] [Times: user=0.06 sys=0.00, real=0.07 secs] 
795.096: [GC (Allocation Failure) 795.096: [DefNew: 288878K->17599K(305152K), 0.1422362 secs] 869128K->614233K(983128K), 0.1423251 secs] [Times: user=0.07 sys=0.00, real=0.14 secs] 
811.537: [GC (Allocation Failure) 811.537: [DefNew: 288895K->17487K(305152K), 0.0950268 secs] 885529K->630525K(983128K), 0.0950958 secs] [Times: user=0.07 sys=0.01, real=0.09 secs] 
827.744: [GC (Allocation Failure) 827.744: [DefNew: 288783K->17519K(305152K), 0.0721664 secs] 901821K->646997K(983128K), 0.0722433 secs] [Times: user=0.07 sys=0.00, real=0.08 secs] 
844.146: [GC (Allocation Failure) 844.146: [DefNew: 288815K->17633K(305152K), 0.0789219 secs] 918293K->663435K(983128K), 0.0790085 secs] [Times: user=0.07 sys=0.00, real=0.08 secs] 
862.548: [GC (Allocation Failure) 862.548: [DefNew: 288929K->17548K(305152K), 0.1120831 secs] 934731K->679790K(983128K), 0.1121606 secs] [Times: user=0.08 sys=0.01, real=0.12 secs] 
879.114: [GC (Allocation Failure) 879.114: [DefNew: 288844K->17583K(305152K), 0.0716272 secs]879.185: [Tenured: 678655K->678744K(678744K), 1.3154720 secs] 951086K->696238K(983896K), [Metaspace: 29616K->29616K(1075200K)], 1.3878030 secs] [Times: user=1.38 sys=0.00, real=1.38 secs] 
907.166: [GC (Allocation Failure) 907.166: [DefNew: 452608K->44290K(509120K), 0.4358595 secs] 1131352K->723035K(1640360K), 0.4359445 secs] [Times: user=0.42 sys=0.01, real=0.44 secs] 
936.668: [GC (Allocation Failure) 936.668: [DefNew: 496898K->29154K(509120K), 0.1487899 secs] 1175643K->750408K(1640360K), 0.1488840 secs] [Times: user=0.13 sys=0.02, real=0.15 secs] 
962.933: [GC (Allocation Failure) 962.933: [DefNew: 481762K->29247K(509120K), 0.1246216 secs] 1203016K->777857K(1640360K), 0.1247109 secs] [Times: user=0.12 sys=0.00, real=0.13 secs] 
992.258: [GC (Allocation Failure) 992.258: [DefNew: 481855K->29206K(509120K), 0.1494895 secs] 1230465K->805211K(1640360K), 0.1495754 secs] [Times: user=0.12 sys=0.00, real=0.15 secs] 
1019.128: [GC (Allocation Failure) 1019.128: [DefNew: 481814K->29237K(509120K), 0.1239063 secs] 1257819K->832587K(1640360K), 0.1240052 secs] [Times: user=0.12 sys=0.01, real=0.12 secs] 
1050.204: [GC (Allocation Failure) 1050.204: [DefNew: 481845K->29205K(509120K), 0.1890749 secs] 1285195K->859998K(1640360K), 0.1891647 secs] [Times: user=0.13 sys=0.01, real=0.19 secs] 
1088.827: [GC (Allocation Failure) 1088.827: [DefNew: 481813K->25633K(509120K), 0.1136465 secs] 1312606K->883778K(1640360K), 0.1137325 secs] [Times: user=0.11 sys=0.01, real=0.11 secs] 
1120.409: [GC (Allocation Failure) 1120.409: [DefNew: 478241K->52567K(509120K), 0.1405746 secs] 1336386K->910711K(1640360K), 0.1406769 secs] [Times: user=0.12 sys=0.00, real=0.14 secs] 
1147.814: [GC (Allocation Failure) 1147.814: [DefNew: 505175K->29225K(509120K), 0.1661778 secs] 1363319K->938160K(1640360K), 0.1662649 secs] [Times: user=0.15 sys=0.01, real=0.16 secs] 
1177.780: [GC (Allocation Failure) 1177.780: [DefNew: 481833K->29161K(509120K), 0.1902696 secs] 1390768K->965473K(1640360K), 0.1903726 secs] [Times: user=0.17 sys=0.01, real=0.19 secs] 
1206.380: [GC (Allocation Failure) 1206.380: [DefNew: 481769K->29125K(509120K), 0.1382526 secs] 1418081K->992739K(1640360K), 0.1383495 secs] [Times: user=0.13 sys=0.00, real=0.14 secs] 
1237.902: [GC (Allocation Failure) 1237.903: [DefNew: 481733K->29116K(509120K), 0.1216732 secs] 1445347K->1019963K(1640360K), 0.1217576 secs] [Times: user=0.12 sys=0.00, real=0.12 secs] 
1265.912: [GC (Allocation Failure) 1265.912: [DefNew: 481724K->29532K(509120K), 0.1271785 secs] 1472571K->1047674K(1640360K), 0.1272654 secs] [Times: user=0.12 sys=0.00, real=0.12 secs] 
1294.952: [GC (Allocation Failure) 1294.952: [DefNew: 482140K->29176K(509120K), 0.1179779 secs] 1500282K->1075010K(1640360K), 0.1180671 secs] [Times: user=0.11 sys=0.01, real=0.12 secs] 
1322.657: [GC (Allocation Failure) 1322.657: [DefNew: 481784K->29291K(509120K), 0.1261972 secs] 1527618K->1102430K(1640360K), 0.1263042 secs] [Times: user=0.12 sys=0.01, real=0.13 secs] 
1352.197: [GC (Allocation Failure) 1352.197: [DefNew: 481899K->29314K(509120K), 0.1301425 secs] 1555038K->1129908K(1640360K), 0.1302314 secs] [Times: user=0.12 sys=0.01, real=0.13 secs] 
1379.096: [GC (Allocation Failure) 1379.096: [DefNew: 481922K->29151K(509120K), 0.1356765 secs] 1582516K->1157270K(1640360K), 0.1357635 secs] [Times: user=0.12 sys=0.01, real=0.14 secs] 
1407.526: [GC (Allocation Failure) 1407.526: [DefNew: 481759K->29295K(509120K), 0.1343652 secs]1407.660: [Tenured: 1155376K->1155431K(1155432K), 2.2445640 secs] 1609878K->1184671K(1664552K), [Metaspace: 29637K->29637K(1075200K)], 2.3794413 secs] [Times: user=2.35 sys=0.01, real=2.38 secs] 
1442.359: [GC (Allocation Failure) 1442.359: [DefNew: 559232K->61746K(629120K), 0.6971871 secs] 1714663K->1217193K(2027264K), 0.6972823 secs] [Times: user=0.68 sys=0.01, real=0.69 secs] 
1481.380: [GC (Allocation Failure) 1481.380: [DefNew: 620978K->36058K(629120K), 0.2040767 secs] 1776425K->1251083K(2027264K), 0.2041742 secs] [Times: user=0.18 sys=0.01, real=0.20 secs] 
1517.592: [GC (Allocation Failure) 1517.592: [DefNew: 595290K->36001K(629120K), 0.1608583 secs] 1810315K->1284838K(2027264K), 0.1609605 secs] [Times: user=0.15 sys=0.01, real=0.16 secs] 
1550.900: [GC (Allocation Failure) 1550.900: [DefNew: 595233K->36095K(629120K), 0.2014559 secs] 1844070K->1318680K(2027264K), 0.2023421 secs] [Times: user=0.16 sys=0.01, real=0.20 secs] 
1587.210: [GC (Allocation Failure) 1587.210: [DefNew: 595327K->36023K(629120K), 0.1563760 secs] 1877912K->1352458K(2027264K), 0.1564590 secs] [Times: user=0.15 sys=0.01, real=0.16 secs] 
1622.373: [GC (Allocation Failure) 1622.373: [DefNew: 595255K->36058K(629120K), 0.1573610 secs] 1911690K->1386268K(2027264K), 0.1574385 secs] [Times: user=0.15 sys=0.01, real=0.16 secs] 
1659.219: [GC (Allocation Failure) 1659.219: [DefNew: 595290K->595290K(629120K), 0.0000231 secs]1659.219: [Tenured: 1350209K->1398143K(1398144K), 3.5112197 secs] 1945500K->1409529K(2027264K), [Metaspace: 29602K->29602K(1075200K)], 3.5113746 secs] [Times: user=3.49 sys=0.01, real=3.51 secs] 
1702.625: [Full GC (Allocation Failure) 1702.625: [Tenured: 1398143K->1398143K(1398144K), 2.9559863 secs] 2027263K->1449352K(2027264K), [Metaspace: 29602K->29602K(1075200K)], 2.9560920 secs] [Times: user=2.94 sys=0.01, real=2.96 secs] 
1741.572: [Full GC (Allocation Failure) 1741.572: [Tenured: 1398143K->1398143K(1398144K), 3.0221465 secs] 2027263K->1484117K(2027264K), [Metaspace: 29602K->29602K(1075200K)], 3.0222568 secs] [Times: user=3.01 sys=0.00, real=3.03 secs] 
1779.638: [Full GC (Allocation Failure) 1779.638: [Tenured: 1398143K->1398143K(1398144K), 3.1039589 secs] 2027263K->1516917K(2027264K), [Metaspace: 29602K->29602K(1075200K)], 3.1040626 secs] [Times: user=3.09 sys=0.01, real=3.11 secs] 
1817.800: [Full GC (Allocation Failure) 1817.800: [Tenured: 1398143K->1398143K(1398144K), 3.7678411 secs] 2027263K->1544384K(2027264K), [Metaspace: 29602K->29602K(1075200K)], 3.7679582 secs] [Times: user=3.75 sys=0.00, real=3.77 secs] 
1852.700: [Full GC (Allocation Failure) 1852.700: [Tenured: 1398143K->1398143K(1398144K), 3.1839514 secs] 2027262K->1573389K(2027264K), [Metaspace: 29602K->29602K(1075200K)], 3.1840612 secs] [Times: user=3.14 sys=0.01, real=3.19 secs] 
1886.069: [Full GC (Allocation Failure) 1886.069: [Tenured: 1398144K->1398144K(1398144K), 3.2258359 secs] 2027263K->1600736K(2027264K), [Metaspace: 29602K->29602K(1075200K)], 3.2259749 secs] [Times: user=3.20 sys=0.00, real=3.22 secs] 
1916.337: [Full GC (Allocation Failure) 1916.337: [Tenured: 1398144K->1398144K(1398144K), 3.2345664 secs] 2027263K->1626238K(2027264K), [Metaspace: 29602K->29602K(1075200K)], 3.2358335 secs] [Times: user=3.21 sys=0.01, real=3.24 secs] 
1946.768: [Full GC (Allocation Failure) 1946.768: [Tenured: 1398144K->1398143K(1398144K), 3.8909804 secs] 2027263K->1649730K(2027264K), [Metaspace: 29602K->29602K(1075200K)], 3.8910903 secs] [Times: user=3.87 sys=0.01, real=3.89 secs] 
1974.543: [Full GC (Allocation Failure) 1974.543: [Tenured: 1398143K->1398143K(1398144K), 3.2914738 secs] 2027249K->1672134K(2027264K), [Metaspace: 29602K->29602K(1075200K)], 3.2915852 secs] [Times: user=3.28 sys=0.01, real=3.29 secs] 
2002.319: [Full GC (Allocation Failure) 2002.320: [Tenured: 1398143K->1398143K(1398144K), 3.3161659 secs] 2027263K->1693498K(2027264K), [Metaspace: 29602K->29602K(1075200K)], 3.3162651 secs] [Times: user=3.30 sys=0.00, real=3.32 secs] 
2028.746: [Full GC (Allocation Failure) 2028.746: [Tenured: 1398143K->1398143K(1398144K), 3.3536010 secs] 2027263K->1713186K(2027264K), [Metaspace: 29602K->29602K(1075200K)], 3.3537134 secs] [Times: user=3.30 sys=0.01, real=3.36 secs] 
2054.189: [Full GC (Allocation Failure) 2054.189: [Tenured: 1398143K->1398143K(1398144K), 5.0567033 secs] 2027263K->1731489K(2027264K), [Metaspace: 29602K->29602K(1075200K)], 5.0568099 secs] [Times: user=4.04 sys=0.01, real=5.06 secs] 
2078.626: [Full GC (Allocation Failure) 2078.626: [Tenured: 1398143K->1398143K(1398144K), 3.7153912 secs] 2027263K->1749268K(2027264K), [Metaspace: 29602K->29602K(1075200K)], 3.7155420 secs] [Times: user=3.35 sys=0.09, real=3.71 secs] 
2100.376: [Full GC (Allocation Failure) 2100.376: [Tenured: 1398143K->1398143K(1398144K), 3.4208198 secs] 2027263K->1765848K(2027264K), [Metaspace: 29603K->29603K(1075200K)], 3.4209326 secs] [Times: user=3.41 sys=0.01, real=3.42 secs] 
2122.753: [Full GC (Allocation Failure) 2122.753: [Tenured: 1398143K->1398143K(1398144K), 3.4113766 secs] 2027263K->1781474K(2027264K), [Metaspace: 29603K->29603K(1075200K)], 3.4114880 secs] [Times: user=3.39 sys=0.00, real=3.41 secs] 
2143.270: [Full GC (Allocation Failure) 2143.270: [Tenured: 1398143K->1398143K(1398144K), 4.1237598 secs] 2027263K->1795590K(2027264K), [Metaspace: 29603K->29603K(1075200K)], 4.1238614 secs] [Times: user=4.08 sys=0.01, real=4.12 secs] 
2162.456: [Full GC (Allocation Failure) 2162.457: [Tenured: 1398143K->1398143K(1398144K), 3.5801696 secs] 2027263K->1809541K(2027264K), [Metaspace: 29604K->29604K(1075200K)], 3.5803131 secs] [Times: user=3.56 sys=0.01, real=3.58 secs] 
2181.965: [Full GC (Allocation Failure) 2181.965: [Tenured: 1398143K->1398143K(1398144K), 3.4606024 secs] 2027263K->1822669K(2027264K), [Metaspace: 29604K->29604K(1075200K)], 3.4607250 secs] [Times: user=3.44 sys=0.01, real=3.46 secs] 
2198.467: [Full GC (Allocation Failure) 2198.467: [Tenured: 1398143K->1398143K(1398144K), 3.4460069 secs] 2027263K->1834970K(2027264K), [Metaspace: 29604K->29604K(1075200K)], 3.4461087 secs] [Times: user=3.43 sys=0.00, real=3.44 secs] 
2215.105: [Full GC (Allocation Failure) 2215.105: [Tenured: 1398143K->1398143K(1398144K), 3.5023357 secs] 2027263K->1846517K(2027264K), [Metaspace: 29605K->29605K(1075200K)], 3.5024369 secs] [Times: user=3.48 sys=0.00, real=3.51 secs] 
2229.638: [Full GC (Allocation Failure) 2229.638: [Tenured: 1398143K->1398143K(1398144K), 6.4126962 secs] 2027263K->1857369K(2027264K), [Metaspace: 29605K->29605K(1075200K)], 6.4127952 secs] [Times: user=3.51 sys=0.01, real=6.41 secs] 
2246.451: [Full GC (Allocation Failure) 2246.451: [Tenured: 1398143K->1398143K(1398144K), 3.5106173 secs] 2027263K->1867568K(2027264K), [Metaspace: 29605K->29605K(1075200K)], 3.5116284 secs] [Times: user=3.50 sys=0.00, real=3.52 secs] 
2259.751: [Full GC (Allocation Failure) 2259.751: [Tenured: 1398143K->1398143K(1398144K), 3.6271017 secs] 2027263K->1877156K(2027264K), [Metaspace: 29605K->29605K(1075200K)], 3.6272331 secs] [Times: user=3.61 sys=0.00, real=3.63 secs] 
2274.046: [Full GC (Allocation Failure) 2274.046: [Tenured: 1398143K->1398143K(1398144K), 4.3401845 secs] 2027263K->1885878K(2027264K), [Metaspace: 29605K->29605K(1075200K)], 4.3403230 secs] [Times: user=4.30 sys=0.00, real=4.34 secs] 
2287.357: [Full GC (Allocation Failure) 2287.357: [Tenured: 1398143K->1398143K(1398144K), 4.3773618 secs] 2027263K->1894213K(2027264K), [Metaspace: 29605K->29605K(1075200K)], 4.3774800 secs] [Times: user=3.53 sys=0.00, real=4.37 secs] 
2303.393: [Full GC (Allocation Failure) 2303.393: [Tenured: 1398144K->1398144K(1398144K), 5.3744962 secs] 2027264K->1902211K(2027264K), [Metaspace: 29605K->29605K(1075200K)], 5.3746029 secs] [Times: user=3.56 sys=0.00, real=5.37 secs] 
2320.248: [Full GC (Allocation Failure) 2320.248: [Tenured: 1398144K->1398144K(1398144K), 6.4295586 secs] 2027264K->1909719K(2027264K), [Metaspace: 29605K->29605K(1075200K)], 6.4296594 secs] [Times: user=3.64 sys=0.00, real=6.43 secs] 
2335.334: [Full GC (Allocation Failure) 2335.334: [Tenured: 1398144K->1398143K(1398144K), 3.5670400 secs] 2027263K->1916775K(2027264K), [Metaspace: 29605K->29605K(1075200K)], 3.5671446 secs] [Times: user=3.55 sys=0.01, real=3.56 secs] 
2346.227: [Full GC (Allocation Failure) 2346.227: [Tenured: 1398143K->1398143K(1398144K), 3.6116613 secs] 2027263K->1923385K(2027264K), [Metaspace: 29605K->29605K(1075200K)], 3.6117688 secs] [Times: user=3.57 sys=0.01, real=3.61 secs] 
2359.240: [Full GC (Allocation Failure) 2359.240: [Tenured: 1398143K->1398143K(1398144K), 3.5983018 secs] 2027263K->1929607K(2027264K), [Metaspace: 29605K->29605K(1075200K)], 3.5984202 secs] [Times: user=3.58 sys=0.00, real=3.60 secs] 
2369.512: [Full GC (Allocation Failure) 2369.512: [Tenured: 1398143K->1398143K(1398144K), 3.6244076 secs] 2027263K->1935462K(2027264K), [Metaspace: 29605K->29605K(1075200K)], 3.6254743 secs] [Times: user=3.60 sys=0.00, real=3.62 secs] 
2383.079: [Full GC (Allocation Failure) 2383.079: [Tenured: 1398143K->1398143K(1398144K), 4.3774174 secs] 2027260K->1940471K(2027264K), [Metaspace: 29605K->29605K(1075200K)], 4.3775252 secs] [Times: user=4.36 sys=0.01, real=4.38 secs] 
2393.159: [Full GC (Allocation Failure) 2393.159: [Tenured: 1398143K->1398143K(1398144K), 3.6344439 secs] 2027263K->1945684K(2027264K), [Metaspace: 29605K->29605K(1075200K)], 3.6345581 secs] [Times: user=3.62 sys=0.00, real=3.63 secs] 
2401.987: [Full GC (Allocation Failure) 2401.987: [Tenured: 1398143K->1398143K(1398144K), 3.6651012 secs] 2027263K->1950614K(2027264K), [Metaspace: 29605K->29605K(1075200K)], 3.6651998 secs] [Times: user=3.65 sys=0.01, real=3.66 secs] 
2411.089: [Full GC (Allocation Failure) 2411.089: [Tenured: 1398143K->1398143K(1398144K), 6.1949385 secs] 2027263K->1955121K(2027264K), [Metaspace: 29605K->29605K(1075200K)], 6.1950537 secs] [Times: user=3.62 sys=0.01, real=6.19 secs] 
2422.301: [Full GC (Allocation Failure) 2422.301: [Tenured: 1398144K->1398144K(1398144K), 3.6522387 secs] 2027263K->1959503K(2027264K), [Metaspace: 29605K->29605K(1075200K)], 3.6523357 secs] [Times: user=3.62 sys=0.01, real=3.65 secs] 
2431.007: [Full GC (Allocation Failure) 2431.007: [Tenured: 1398144K->1398144K(1398144K), 3.6525810 secs] 2027263K->1963500K(2027264K), [Metaspace: 29605K->29605K(1075200K)], 3.6526796 secs] [Times: user=3.63 sys=0.01, real=3.66 secs] 
2439.034: [Full GC (Allocation Failure) 2439.034: [Tenured: 1398144K->1398144K(1398144K), 3.6423492 secs] 2027263K->1967300K(2027264K), [Metaspace: 29605K->29605K(1075200K)], 3.6424540 secs] [Times: user=3.62 sys=0.01, real=3.64 secs] 
2447.391: [Full GC (Allocation Failure) 2447.391: [Tenured: 1398144K->1398144K(1398144K), 3.6642335 secs] 2027263K->1970918K(2027264K), [Metaspace: 29605K->29605K(1075200K)], 3.6643390 secs] [Times: user=3.65 sys=0.01, real=3.66 secs] 
2454.546: [Full GC (Allocation Failure) 2454.546: [Tenured: 1398144K->1398143K(1398144K), 3.6901058 secs] 2027263K->1974251K(2027264K), [Metaspace: 29605K->29605K(1075200K)], 3.6902436 secs] [Times: user=3.66 sys=0.00, real=3.69 secs] 
2461.804: [Full GC (Allocation Failure) 2461.804: [Tenured: 1398144K->1398144K(1398144K), 3.6991828 secs] 2027263K->1977476K(2027264K), [Metaspace: 29605K->29605K(1075200K)], 3.6993010 secs] [Times: user=3.68 sys=0.01, real=3.69 secs] 
2468.717: [Full GC (Allocation Failure) 2468.717: [Tenured: 1398144K->1398144K(1398144K), 5.9723502 secs] 2027263K->1980340K(2027264K), [Metaspace: 29605K->29605K(1075200K)], 5.9724497 secs] [Times: user=3.64 sys=0.01, real=5.97 secs] 
2478.667: [Full GC (Allocation Failure) 2478.667: [Tenured: 1398144K->1398144K(1398144K), 3.6573898 secs] 2027263K->1983233K(2027264K), [Metaspace: 29605K->29605K(1075200K)], 3.6575019 secs] [Times: user=3.63 sys=0.00, real=3.65 secs] 
2485.094: [Full GC (Allocation Failure) 2485.094: [Tenured: 1398144K->1398143K(1398144K), 3.7099641 secs] 2027263K->1985834K(2027264K), [Metaspace: 29605K->29605K(1075200K)], 3.7100598 secs] [Times: user=3.69 sys=0.01, real=3.71 secs] 
2491.426: [Full GC (Allocation Failure) 2491.426: [Tenured: 1398143K->1398143K(1398144K), 3.6749241 secs] 2027263K->1988336K(2027264K), [Metaspace: 29605K->29605K(1075200K)], 3.6750290 secs] [Times: user=3.66 sys=0.00, real=3.68 secs] 
2497.894: [Full GC (Allocation Failure) 2497.894: [Tenured: 1398144K->1398144K(1398144K), 3.7062454 secs] 2027263K->1990616K(2027264K), [Metaspace: 29605K->29605K(1075200K)], 3.7063512 secs] [Times: user=3.67 sys=0.00, real=3.71 secs] 
2504.248: [Full GC (Allocation Failure) 2504.248: [Tenured: 1398144K->1398144K(1398144K), 3.6407938 secs] 2027263K->1992856K(2027264K), [Metaspace: 29605K->29605K(1075200K)], 3.6408927 secs] [Times: user=3.62 sys=0.00, real=3.64 secs] 
2510.041: [Full GC (Allocation Failure) 2510.041: [Tenured: 1398144K->1398143K(1398144K), 3.6680117 secs] 2027264K->1994899K(2027264K), [Metaspace: 29605K->29605K(1075200K)], 3.6681113 secs] [Times: user=3.65 sys=0.01, real=3.66 secs] 
2516.341: [Full GC (Allocation Failure) 2516.341: [Tenured: 1398143K->1398143K(1398144K), 3.6796883 secs] 2027258K->1996781K(2027264K), [Metaspace: 29605K->29605K(1075200K)], 3.6797894 secs] [Times: user=3.66 sys=0.00, real=3.68 secs] 
2521.780: [Full GC (Allocation Failure) 2521.780: [Tenured: 1398144K->1398144K(1398144K), 3.6757301 secs] 2027264K->1998691K(2027264K), [Metaspace: 29605K->29605K(1075200K)], 3.6758384 secs] [Times: user=3.66 sys=0.00, real=3.68 secs] 
2527.653: [Full GC (Allocation Failure) 2527.653: [Tenured: 1398144K->1398144K(1398144K), 5.0674259 secs] 2027263K->2000096K(2027264K), [Metaspace: 29605K->29605K(1075200K)], 5.0675383 secs] [Times: user=3.66 sys=0.00, real=5.07 secs] 
2535.393: [Full GC (Allocation Failure) 2535.394: [Tenured: 1398144K->1398143K(1398144K), 4.0501273 secs] 2027263K->2001770K(2027264K), [Metaspace: 29605K->29605K(1075200K)], 4.0502507 secs] [Times: user=3.68 sys=0.00, real=4.05 secs] 
2541.034: [Full GC (Allocation Failure) 2541.034: [Tenured: 1398143K->1398143K(1398144K), 3.6993061 secs] 2027263K->2003306K(2027264K), [Metaspace: 29605K->29605K(1075200K)], 3.7003510 secs] [Times: user=3.68 sys=0.00, real=3.70 secs] 
2546.189: [Full GC (Allocation Failure) 2546.189: [Tenured: 1398143K->1398143K(1398144K), 3.6889120 secs] 2027263K->2004665K(2027264K), [Metaspace: 29605K->29605K(1075200K)], 3.6901924 secs] [Times: user=3.68 sys=0.01, real=3.69 secs] 
2551.352: [Full GC (Allocation Failure) 2551.352: [Tenured: 1398144K->1398144K(1398144K), 3.6839253 secs] 2027263K->2006059K(2027264K), [Metaspace: 29605K->29605K(1075200K)], 3.6840292 secs] [Times: user=3.67 sys=0.01, real=3.68 secs] 
2556.352: [Full GC (Allocation Failure) 2556.352: [Tenured: 1398144K->1398143K(1398144K), 3.6930667 secs] 2027263K->2007325K(2027264K), [Metaspace: 29605K->29605K(1075200K)], 3.6948478 secs] [Times: user=3.67 sys=0.00, real=3.69 secs] 
2561.241: [Full GC (Allocation Failure) 2561.241: [Tenured: 1398143K->1398143K(1398144K), 3.8306058 secs] 2027262K->2008485K(2027264K), [Metaspace: 29605K->29605K(1075200K)], 3.8320385 secs] [Times: user=3.81 sys=0.01, real=3.83 secs] 
2566.316: [Full GC (Allocation Failure) 2566.316: [Tenured: 1398143K->1398143K(1398144K), 3.6734047 secs] 2027263K->2009597K(2027264K), [Metaspace: 29605K->29605K(1075200K)], 3.6735020 secs] [Times: user=3.66 sys=0.00, real=3.67 secs] 
2571.048: [Full GC (Allocation Failure) 2571.048: [Tenured: 1398144K->1398144K(1398144K), 3.6980237 secs] 2027264K->2010738K(2027264K), [Metaspace: 29613K->29613K(1075200K)], 3.6981384 secs] [Times: user=3.66 sys=0.01, real=3.70 secs] 
2576.233: [Full GC (Allocation Failure) 2576.233: [Tenured: 1398144K->1398143K(1398144K), 4.4743684 secs] 2027263K->2011637K(2027264K), [Metaspace: 29613K->29613K(1075200K)], 4.4744839 secs] [Times: user=4.44 sys=0.00, real=4.47 secs] 
2581.549: [Full GC (Allocation Failure) 2581.549: [Tenured: 1398143K->1398143K(1398144K), 3.6718720 secs] 2027263K->2012650K(2027264K), [Metaspace: 29613K->29613K(1075200K)], 3.6719668 secs] [Times: user=3.66 sys=0.00, real=3.67 secs] 
2586.266: [Full GC (Allocation Failure) 2586.266: [Tenured: 1398143K->1398143K(1398144K), 3.8854945 secs] 2027263K->2013498K(2027264K), [Metaspace: 29613K->29613K(1075200K)], 3.8856012 secs] [Times: user=3.74 sys=0.00, real=3.88 secs] 
2591.789: [Full GC (Allocation Failure) 2591.789: [Tenured: 1398143K->1398143K(1398144K), 5.8305861 secs] 2027263K->2014308K(2027264K), [Metaspace: 29613K->29613K(1075200K)], 5.8306977 secs] [Times: user=3.69 sys=0.00, real=5.83 secs] 
2598.357: [Full GC (Allocation Failure) 2598.357: [Tenured: 1398143K->1398143K(1398144K), 3.6594111 secs] 2027263K->2015130K(2027264K), [Metaspace: 29613K->29613K(1075200K)], 3.6595122 secs] [Times: user=3.64 sys=0.01, real=3.66 secs] 
2602.875: [Full GC (Allocation Failure) 2602.875: [Tenured: 1398143K->1398143K(1398144K), 3.7052459 secs] 2027263K->2015832K(2027264K), [Metaspace: 29613K->29613K(1075200K)], 3.7053522 secs] [Times: user=3.68 sys=0.00, real=3.70 secs] 
2607.362: [Full GC (Allocation Failure) 2607.362: [Tenured: 1398143K->1398143K(1398144K), 3.6746208 secs] 2027263K->2016542K(2027264K), [Metaspace: 29613K->29613K(1075200K)], 3.6747290 secs] [Times: user=3.66 sys=0.01, real=3.68 secs] 
2611.785: [Full GC (Allocation Failure) 2611.785: [Tenured: 1398143K->1398143K(1398144K), 3.7200917 secs] 2027263K->2017111K(2027264K), [Metaspace: 29613K->29613K(1075200K)], 3.7202283 secs] [Times: user=3.67 sys=0.01, real=3.72 secs] 
2616.203: [Full GC (Allocation Failure) 2616.203: [Tenured: 1398143K->1398143K(1398144K), 4.4263188 secs] 2027263K->2017771K(2027264K), [Metaspace: 29613K->29613K(1075200K)], 4.4264250 secs] [Times: user=4.40 sys=0.00, real=4.43 secs] 
2621.196: [Full GC (Allocation Failure) 2621.197: [Tenured: 1398143K->1398143K(1398144K), 3.8377992 secs] 2027263K->2018325K(2027264K), [Metaspace: 29613K->29613K(1075200K)], 3.8379119 secs] [Times: user=3.79 sys=0.01, real=3.84 secs] 
2625.523: [Full GC (Allocation Failure) 2625.523: [Tenured: 1398143K->1398143K(1398144K), 3.7319995 secs] 2027263K->2018928K(2027264K), [Metaspace: 29613K->29613K(1075200K)], 3.7321288 secs] [Times: user=3.72 sys=0.01, real=3.73 secs] 
2629.983: [Full GC (Allocation Failure) 2629.983: [Tenured: 1398143K->1398143K(1398144K), 3.6968043 secs] 2027263K->2019397K(2027264K), [Metaspace: 29613K->29613K(1075200K)], 3.6968983 secs] [Times: user=3.69 sys=0.01, real=3.70 secs] 
2634.070: [Full GC (Allocation Failure) 2634.070: [Tenured: 1398143K->1398143K(1398144K), 3.7877269 secs] 2027263K->2019897K(2027264K), [Metaspace: 29613K->29613K(1075200K)], 3.7878566 secs] [Times: user=3.77 sys=0.00, real=3.78 secs] 
2638.379: [Full GC (Allocation Failure) 2638.379: [Tenured: 1398144K->1398144K(1398144K), 3.7079226 secs] 2027264K->2020344K(2027264K), [Metaspace: 29613K->29613K(1075200K)], 3.7080247 secs] [Times: user=3.70 sys=0.00, real=3.71 secs] 
2642.704: [Full GC (Allocation Failure) 2642.704: [Tenured: 1398144K->1398144K(1398144K), 3.6840391 secs] 2027263K->2020689K(2027264K), [Metaspace: 29613K->29613K(1075200K)], 3.6841365 secs] [Times: user=3.67 sys=0.01, real=3.68 secs] 
2646.713: [Full GC (Allocation Failure) 2646.713: [Tenured: 1398144K->1398144K(1398144K), 4.0360754 secs] 2027263K->2021142K(2027264K), [Metaspace: 29613K->29613K(1075200K)], 4.0361703 secs] [Times: user=3.65 sys=0.01, real=4.03 secs] 
2651.397: [Full GC (Allocation Failure) 2651.397: [Tenured: 1398144K->1398144K(1398144K), 6.7358802 secs] 2027263K->2021533K(2027264K), [Metaspace: 29614K->29614K(1075200K)], 6.7359864 secs] [Times: user=4.48 sys=0.00, real=6.74 secs] 
2658.520: [Full GC (Allocation Failure) 2658.520: [Tenured: 1398144K->1398144K(1398144K), 3.7590738 secs] 2027263K->2021819K(2027264K), [Metaspace: 29614K->29614K(1075200K)], 3.7591912 secs] [Times: user=3.74 sys=0.01, real=3.76 secs] 
2662.626: [Full GC (Allocation Failure) 2662.626: [Tenured: 1398144K->1398144K(1398144K), 3.7149171 secs] 2027264K->2022111K(2027264K), [Metaspace: 29614K->29614K(1075200K)], 3.7150255 secs] [Times: user=3.69 sys=0.01, real=3.71 secs] 
2666.651: [Full GC (Allocation Failure) 2666.651: [Tenured: 1398144K->1398144K(1398144K), 3.6259534 secs] 2027263K->2022495K(2027264K), [Metaspace: 29614K->29614K(1075200K)], 3.6260576 secs] [Times: user=3.61 sys=0.01, real=3.63 secs] 
2670.614: [Full GC (Allocation Failure) 2670.614: [Tenured: 1398144K->1398144K(1398144K), 3.6957105 secs] 2027263K->2022776K(2027264K), [Metaspace: 29614K->29614K(1075200K)], 3.6958045 secs] [Times: user=3.68 sys=0.00, real=3.70 secs] 
2674.613: [Full GC (Allocation Failure) 2674.613: [Tenured: 1398144K->1398144K(1398144K), 3.7255051 secs] 2027263K->2022992K(2027264K), [Metaspace: 29614K->29614K(1075200K)], 3.7256125 secs] [Times: user=3.67 sys=0.00, real=3.73 secs] 
2678.697: [Full GC (Allocation Failure) 2678.697: [Tenured: 1398144K->1398144K(1398144K), 3.7094200 secs] 2027263K->2023175K(2027264K), [Metaspace: 29614K->29614K(1075200K)], 3.7095218 secs] [Times: user=3.69 sys=0.00, real=3.70 secs] 
2682.625: [Full GC (Allocation Failure) 2682.625: [Tenured: 1398144K->1398144K(1398144K), 3.6861125 secs] 2027263K->2023499K(2027264K), [Metaspace: 29614K->29614K(1075200K)], 3.6862172 secs] [Times: user=3.66 sys=0.01, real=3.69 secs] 
2686.572: [Full GC (Allocation Failure) 2686.572: [Tenured: 1398144K->1398144K(1398144K), 3.6857439 secs] 2027261K->2023735K(2027264K), [Metaspace: 29614K->29614K(1075200K)], 3.6858461 secs] [Times: user=3.61 sys=0.01, real=3.69 secs] 
2690.454: [Full GC (Allocation Failure) 2690.454: [Tenured: 1398144K->1398144K(1398144K), 3.7013521 secs] 2027263K->2023922K(2027264K), [Metaspace: 29614K->29614K(1075200K)], 3.7014511 secs] [Times: user=3.68 sys=0.01, real=3.70 secs] 
2694.379: [Full GC (Allocation Failure) 2694.379: [Tenured: 1398144K->1398144K(1398144K), 3.7584474 secs] 2027263K->2024165K(2027264K), [Metaspace: 29614K->29614K(1075200K)], 3.7585451 secs] [Times: user=3.73 sys=0.00, real=3.75 secs] 
2698.389: [Full GC (Allocation Failure) 2698.389: [Tenured: 1398144K->1398144K(1398144K), 3.7258735 secs] 2027263K->2024369K(2027264K), [Metaspace: 29614K->29614K(1075200K)], 3.7259728 secs] [Times: user=3.71 sys=0.01, real=3.72 secs] 
2702.281: [Full GC (Allocation Failure) 2702.281: [Tenured: 1398144K->1398144K(1398144K), 3.6892007 secs] 2027257K->2024464K(2027264K), [Metaspace: 29614K->29614K(1075200K)], 3.6892969 secs] [Times: user=3.68 sys=0.00, real=3.68 secs] 
2706.221: [Full GC (Allocation Failure) 2706.221: [Tenured: 1398144K->1398144K(1398144K), 3.7236915 secs] 2027263K->2024595K(2027264K), [Metaspace: 29614K->29614K(1075200K)], 3.7237974 secs] [Times: user=3.70 sys=0.01, real=3.72 secs] 
2710.070: [Full GC (Allocation Failure) 2710.070: [Tenured: 1398144K->1398144K(1398144K), 6.5338337 secs] 2027263K->2024823K(2027264K), [Metaspace: 29614K->29614K(1075200K)], 6.5339432 secs] [Times: user=3.64 sys=0.01, real=6.54 secs] 
2716.720: [Full GC (Allocation Failure) 2716.720: [Tenured: 1398144K->1398144K(1398144K), 3.6254183 secs] 2027263K->2025012K(2027264K), [Metaspace: 29614K->29614K(1075200K)], 3.6255267 secs] [Times: user=3.59 sys=0.00, real=3.63 secs] 
2720.461: [Full GC (Allocation Failure) 2720.461: [Tenured: 1398144K->1398144K(1398144K), 3.6449862 secs] 2027260K->2025121K(2027264K), [Metaspace: 29614K->29614K(1075200K)], 3.6451669 secs] [Times: user=3.63 sys=0.01, real=3.65 secs] 
2724.253: [Full GC (Allocation Failure) 2724.253: [Tenured: 1398144K->1398144K(1398144K), 3.7029814 secs] 2027263K->2025271K(2027264K), [Metaspace: 29614K->29614K(1075200K)], 3.7030821 secs] [Times: user=3.69 sys=0.01, real=3.70 secs] 
2728.052: [Full GC (Allocation Failure) 2728.052: [Tenured: 1398144K->1398144K(1398144K), 3.6136737 secs] 2027263K->2025414K(2027264K), [Metaspace: 29614K->29614K(1075200K)], 3.6137731 secs] [Times: user=3.59 sys=0.00, real=3.62 secs] 
2731.850: [Full GC (Allocation Failure) 2731.850: [Tenured: 1398144K->1398144K(1398144K), 3.7015040 secs] 2027263K->2025520K(2027264K), [Metaspace: 29614K->29614K(1075200K)], 3.7016030 secs] [Times: user=3.68 sys=0.01, real=3.70 secs] 
2735.656: [Full GC (Allocation Failure) 2735.656: [Tenured: 1398144K->1398144K(1398144K), 3.6180608 secs] 2027263K->2025595K(2027264K), [Metaspace: 29614K->29614K(1075200K)], 3.6181755 secs] [Times: user=3.60 sys=0.01, real=3.61 secs] 
2739.459: [Full GC (Allocation Failure) 2739.459: [Tenured: 1398144K->1398144K(1398144K), 3.7216713 secs] 2027264K->2025629K(2027264K), [Metaspace: 29614K->29614K(1075200K)], 3.7217713 secs] [Times: user=3.69 sys=0.00, real=3.72 secs] 
2743.264: [Full GC (Allocation Failure) 2743.264: [Tenured: 1398144K->1398144K(1398144K), 3.8575743 secs] 2027258K->2025733K(2027264K), [Metaspace: 29614K->29614K(1075200K)], 3.8576793 secs] [Times: user=3.84 sys=0.01, real=3.86 secs] 
2747.235: [Full GC (Allocation Failure) 2747.235: [Tenured: 1398144K->1398144K(1398144K), 3.7175793 secs] 2027264K->2025815K(2027264K), [Metaspace: 29614K->29614K(1075200K)], 3.7176803 secs] [Times: user=3.71 sys=0.00, real=3.72 secs] 
2751.050: [Full GC (Allocation Failure) 2751.050: [Tenured: 1398144K->1398144K(1398144K), 3.8481462 secs] 2027263K->2025904K(2027264K), [Metaspace: 29614K->29614K(1075200K)], 3.8482366 secs] [Times: user=3.84 sys=0.01, real=3.85 secs] 
2755.583: [Full GC (Allocation Failure) 2755.583: [Tenured: 1398144K->1398144K(1398144K), 3.6371635 secs] 2027263K->2026006K(2027264K), [Metaspace: 29614K->29614K(1075200K)], 3.6373444 secs] [Times: user=3.60 sys=0.01, real=3.64 secs] 
2759.235: [Full GC (Allocation Failure) 2759.235: [Tenured: 1398144K->1398144K(1398144K), 3.6549753 secs] 2027263K->2026099K(2027264K), [Metaspace: 29614K->29614K(1075200K)], 3.6550594 secs] [Times: user=3.64 sys=0.00, real=3.66 secs] 
2762.961: [Full GC (Allocation Failure) 2762.961: [Tenured: 1398144K->1398144K(1398144K), 3.6582586 secs] 2027263K->2026195K(2027264K), [Metaspace: 29614K->29614K(1075200K)], 3.6583642 secs] [Times: user=3.63 sys=0.00, real=3.65 secs] 
2766.651: [Full GC (Allocation Failure) 2766.651: [Tenured: 1398144K->1398144K(1398144K), 3.7728580 secs] 2027263K->2026272K(2027264K), [Metaspace: 29614K->29614K(1075200K)], 3.7729515 secs] [Times: user=3.61 sys=0.01, real=3.77 secs] 
2770.448: [Full GC (Allocation Failure) 2770.448: [Tenured: 1398144K->1398144K(1398144K), 6.4132080 secs] 2027263K->2026355K(2027264K), [Metaspace: 29614K->29614K(1075200K)], 6.4132961 secs] [Times: user=3.64 sys=0.00, real=6.42 secs] 
2776.904: [Full GC (Allocation Failure) 2776.904: [Tenured: 1398144K->1398144K(1398144K), 3.6602477 secs] 2027263K->2026358K(2027264K), [Metaspace: 29614K->29614K(1075200K)], 3.6603516 secs] [Times: user=3.65 sys=0.01, real=3.66 secs] 
2780.628: [Full GC (Allocation Failure) 2780.628: [Tenured: 1398144K->1398144K(1398144K), 3.7333055 secs] 2027264K->2026399K(2027264K), [Metaspace: 29614K->29614K(1075200K)], 3.7334142 secs] [Times: user=3.72 sys=0.00, real=3.73 secs] 
2784.421: [Full GC (Allocation Failure) 2784.421: [Tenured: 1398144K->1398144K(1398144K), 4.5215064 secs] 2027263K->2026503K(2027264K), [Metaspace: 29614K->29614K(1075200K)], 4.5216215 secs] [Times: user=4.50 sys=0.01, real=4.53 secs] 
2789.011: [Full GC (Allocation Failure) 2789.012: [Tenured: 1398144K->1398144K(1398144K), 3.6979704 secs] 2027263K->2026525K(2027264K), [Metaspace: 29614K->29614K(1075200K)], 3.6980668 secs] [Times: user=3.68 sys=0.00, real=3.70 secs] 
2792.736: [Full GC (Allocation Failure) 2792.736: [Tenured: 1398144K->1398144K(1398144K), 3.6226791 secs] 2027263K->2026589K(2027264K), [Metaspace: 29614K->29614K(1075200K)], 3.6227660 secs] [Times: user=3.60 sys=0.01, real=3.62 secs] 
2796.385: [Full GC (Allocation Failure) 2796.385: [Tenured: 1398144K->1398144K(1398144K), 3.6289378 secs] 2027263K->2026586K(2027264K), [Metaspace: 29614K->29614K(1075200K)], 3.6290241 secs] [Times: user=3.61 sys=0.00, real=3.62 secs] 
2800.056: [Full GC (Allocation Failure) 2800.056: [Tenured: 1398144K->1398144K(1398144K), 3.6274891 secs] 2027263K->2026683K(2027264K), [Metaspace: 29614K->29614K(1075200K)], 3.6275997 secs] [Times: user=3.61 sys=0.01, real=3.62 secs] 
2803.749: [Full GC (Allocation Failure) 2803.749: [Tenured: 1398144K->1398144K(1398144K), 3.6217355 secs] 2027263K->2026682K(2027264K), [Metaspace: 29614K->29614K(1075200K)], 3.6218355 secs] [Times: user=3.60 sys=0.01, real=3.62 secs] 
2807.398: [Full GC (Allocation Failure) 2807.398: [Tenured: 1398144K->1398144K(1398144K), 3.6319600 secs] 2027263K->2026721K(2027264K), [Metaspace: 29614K->29614K(1075200K)], 3.6320553 secs] [Times: user=3.62 sys=0.01, real=3.63 secs] 
2811.084: [Full GC (Allocation Failure) 2811.084: [Tenured: 1398144K->1398144K(1398144K), 3.7091149 secs] 2027263K->2026775K(2027264K), [Metaspace: 29614K->29614K(1075200K)], 3.7092071 secs] [Times: user=3.69 sys=0.01, real=3.71 secs] 
2814.814: [Full GC (Allocation Failure) 2814.814: [Tenured: 1398144K->1398144K(1398144K), 3.6291256 secs] 2027263K->2026768K(2027264K), [Metaspace: 29614K->29614K(1075200K)], 3.6292254 secs] [Times: user=3.60 sys=0.01, real=3.63 secs] 
2818.515: [Full GC (Allocation Failure) 2818.515: [Tenured: 1398144K->1398144K(1398144K), 3.9065454 secs] 2027264K->2026801K(2027264K), [Metaspace: 29614K->29614K(1075200K)], 3.9066516 secs] [Times: user=3.80 sys=0.04, real=3.91 secs] 
2822.453: [Full GC (Allocation Failure) 2822.453: [Tenured: 1398144K->1398144K(1398144K), 3.6425277 secs] 2027264K->2026827K(2027264K), [Metaspace: 29614K->29614K(1075200K)], 3.6426341 secs] [Times: user=3.62 sys=0.00, real=3.64 secs] 
2826.100: [Full GC (Allocation Failure) 2826.100: [Tenured: 1398144K->1398144K(1398144K), 3.6214123 secs] 2027263K->2026865K(2027264K), [Metaspace: 29614K->29614K(1075200K)], 3.6214957 secs] [Times: user=3.61 sys=0.00, real=3.62 secs] 
2829.791: [Full GC (Allocation Failure) 2829.791: [Tenured: 1398144K->1398144K(1398144K), 6.8316884 secs] 2027263K->2026902K(2027264K), [Metaspace: 29614K->29614K(1075200K)], 6.8318065 secs] [Times: user=3.84 sys=0.01, real=6.83 secs] 
2836.627: [Full GC (Allocation Failure) 2836.627: [Tenured: 1398144K->1398144K(1398144K), 3.6307562 secs] 2027260K->2026851K(2027264K), [Metaspace: 29614K->29614K(1075200K)], 3.6308585 secs] [Times: user=3.63 sys=0.00, real=3.63 secs] 
2840.277: [Full GC (Allocation Failure) 2840.277: [Tenured: 1398144K->1398144K(1398144K), 3.6548336 secs] 2027263K->2026928K(2027264K), [Metaspace: 29614K->29614K(1075200K)], 3.6549379 secs] [Times: user=3.64 sys=0.00, real=3.66 secs] 
2843.977: [Full GC (Allocation Failure) 2843.978: [Tenured: 1398144K->1398144K(1398144K), 3.6781897 secs] 2027263K->2026945K(2027264K), [Metaspace: 29614K->29614K(1075200K)], 3.6782999 secs] [Times: user=3.66 sys=0.01, real=3.68 secs] 
2847.680: [Full GC (Allocation Failure) 2847.680: [Tenured: 1398144K->1398143K(1398144K), 4.6161385 secs] 2027263K->2026952K(2027264K), [Metaspace: 29614K->29614K(1075200K)], 4.6162721 secs] [Times: user=4.59 sys=0.00, real=4.62 secs] 
2852.301: [Full GC (Allocation Failure) 2852.301: [Tenured: 1398143K->1398143K(1398144K), 3.7027965 secs] 2027263K->2026980K(2027264K), [Metaspace: 29606K->29606K(1075200K)], 3.7028953 secs] [Times: user=3.69 sys=0.01, real=3.71 secs] 
2856.007: [Full GC (Allocation Failure) 2856.007: [Tenured: 1398143K->1398143K(1398144K), 3.6483966 secs] 2027263K->2027003K(2027264K), [Metaspace: 29606K->29606K(1075200K)], 3.6484906 secs] [Times: user=3.64 sys=0.00, real=3.65 secs] 
2859.658: [Full GC (Allocation Failure) 2859.658: [Tenured: 1398143K->1398143K(1398144K), 3.6643375 secs] 2027263K->2027023K(2027264K), [Metaspace: 29606K->29606K(1075200K)], 3.6644302 secs] [Times: user=3.65 sys=0.01, real=3.66 secs] 
2863.378: [Full GC (Allocation Failure) 2863.378: [Tenured: 1398143K->1398143K(1398144K), 3.9223303 secs] 2027263K->2027042K(2027264K), [Metaspace: 29606K->29606K(1075200K)], 3.9224432 secs] [Times: user=3.90 sys=0.01, real=3.92 secs] 
2867.304: [Full GC (Allocation Failure) 2867.304: [Tenured: 1398143K->1398143K(1398144K), 3.6584900 secs] 2027263K->2027073K(2027264K), [Metaspace: 29606K->29606K(1075200K)], 3.6596349 secs] [Times: user=3.64 sys=0.00, real=3.66 secs] 
2870.966: [Full GC (Allocation Failure) 2870.966: [Tenured: 1398143K->1398143K(1398144K), 3.6450153 secs] 2027249K->2027007K(2027264K), [Metaspace: 29604K->29604K(1075200K)], 3.6451040 secs] [Times: user=3.63 sys=0.00, real=3.64 secs] 
2874.628: [Full GC (Allocation Failure) 2874.628: [Tenured: 1398143K->1398143K(1398144K), 3.6274810 secs] 2027263K->2027063K(2027264K), [Metaspace: 29600K->29600K(1075200K)], 3.6275819 secs] [Times: user=3.60 sys=0.01, real=3.62 secs] 
2878.297: [Full GC (Allocation Failure) 2878.297: [Tenured: 1398143K->1398143K(1398144K), 4.5572462 secs] 2027263K->2026994K(2027264K), [Metaspace: 29600K->29600K(1075200K)], 4.5573533 secs] [Times: user=4.53 sys=0.01, real=4.55 secs] 
2882.858: [Full GC (Allocation Failure) 2882.858: [Tenured: 1398143K->1398143K(1398144K), 3.6144162 secs] 2027263K->2027066K(2027264K), [Metaspace: 29600K->29600K(1075200K)], 3.6145096 secs] [Times: user=3.60 sys=0.00, real=3.61 secs] 
2886.489: [Full GC (Allocation Failure) 2886.489: [Tenured: 1398143K->1398143K(1398144K), 3.6284243 secs] 2027263K->2027019K(2027264K), [Metaspace: 29600K->29600K(1075200K)], 3.6285707 secs] [Times: user=3.59 sys=0.01, real=3.62 secs] 
2890.143: [Full GC (Allocation Failure) 2890.143: [Tenured: 1398143K->1398143K(1398144K), 6.6480107 secs] 2027263K->2027109K(2027264K), [Metaspace: 29600K->29600K(1075200K)], 6.6481121 secs] [Times: user=3.74 sys=0.01, real=6.65 secs] 
2896.793: [Full GC (Allocation Failure) 2896.793: [Tenured: 1398143K->1398143K(1398144K), 3.6220442 secs] 2027263K->2027122K(2027264K), [Metaspace: 29600K->29600K(1075200K)], 3.6221373 secs] [Times: user=3.61 sys=0.00, real=3.62 secs] 
2900.417: [Full GC (Allocation Failure) 2900.417: [Tenured: 1398144K->1398144K(1398144K), 3.6579217 secs] 2027263K->2027040K(2027264K), [Metaspace: 29600K->29600K(1075200K)], 3.6580120 secs] [Times: user=3.64 sys=0.01, real=3.66 secs] 
2904.094: [Full GC (Allocation Failure) 2904.094: [Tenured: 1398144K->1398144K(1398144K), 3.6341323 secs] 2027263K->2027105K(2027264K), [Metaspace: 29600K->29600K(1075200K)], 3.6342243 secs] [Times: user=3.61 sys=0.01, real=3.63 secs] 
2907.730: [Full GC (Allocation Failure) 2907.730: [Tenured: 1398144K->1398144K(1398144K), 3.6334047 secs] 2027264K->2027063K(2027264K), [Metaspace: 29600K->29600K(1075200K)], 3.6334939 secs] [Times: user=3.62 sys=0.01, real=3.64 secs] 
2911.405: [Full GC (Allocation Failure) 2911.405: [Tenured: 1398144K->1398143K(1398144K), 3.6293067 secs] 2027263K->2027121K(2027264K), [Metaspace: 29600K->29600K(1075200K)], 3.6294027 secs] [Times: user=3.62 sys=0.00, real=3.63 secs] 
2915.036: [Full GC (Allocation Failure) 2915.036: [Tenured: 1398143K->1398143K(1398144K), 3.7230071 secs] 2027263K->2027135K(2027264K), [Metaspace: 29600K->29600K(1075200K)], 3.7230909 secs] [Times: user=3.71 sys=0.00, real=3.72 secs] 
2918.761: [Full GC (Allocation Failure) 2918.761: [Tenured: 1398143K->1398143K(1398144K), 3.6485450 secs] 2027263K->2027082K(2027264K), [Metaspace: 29600K->29600K(1075200K)], 3.6486329 secs] [Times: user=3.63 sys=0.01, real=3.65 secs] 
2922.438: [Full GC (Allocation Failure) 2922.438: [Tenured: 1398143K->1398143K(1398144K), 3.7279269 secs] 2027263K->2027165K(2027264K), [Metaspace: 29600K->29600K(1075200K)], 3.7280345 secs] [Times: user=3.71 sys=0.00, real=3.73 secs] 
2926.167: [Full GC (Allocation Failure) 2926.167: [Tenured: 1398143K->1398143K(1398144K), 3.6986636 secs] 2027263K->2027176K(2027264K), [Metaspace: 29600K->29600K(1075200K)], 3.6987508 secs] [Times: user=3.69 sys=0.00, real=3.70 secs] 
2929.867: [Full GC (Allocation Failure) 2929.867: [Tenured: 1398143K->1398143K(1398144K), 3.6321871 secs] 2027263K->2027183K(2027264K), [Metaspace: 29600K->29600K(1075200K)], 3.6322753 secs] [Times: user=3.61 sys=0.01, real=3.63 secs] 
2933.501: [Full GC (Allocation Failure) 2933.501: [Tenured: 1398143K->1398143K(1398144K), 3.6251585 secs] 2027263K->2027105K(2027264K), [Metaspace: 29600K->29600K(1075200K)], 3.6252585 secs] [Times: user=3.61 sys=0.01, real=3.63 secs] 
2937.142: [Full GC (Allocation Failure) 2937.142: [Tenured: 1398143K->1398143K(1398144K), 3.6376748 secs] 2027263K->2027128K(2027264K), [Metaspace: 29600K->29600K(1075200K)], 3.6377671 secs] [Times: user=3.62 sys=0.00, real=3.64 secs] 
2940.782: [Full GC (Allocation Failure) 2940.782: [Tenured: 1398143K->1398143K(1398144K), 3.6271516 secs] 2027263K->2027168K(2027264K), [Metaspace: 29600K->29600K(1075200K)], 3.6272471 secs] [Times: user=3.62 sys=0.00, real=3.63 secs] 
2944.411: [Full GC (Allocation Failure) 2944.411: [Tenured: 1398143K->1398143K(1398144K), 3.6215409 secs] 2027263K->2027178K(2027264K), [Metaspace: 29600K->29600K(1075200K)], 3.6216242 secs] [Times: user=3.60 sys=0.01, real=3.62 secs] 
2948.033: [Full GC (Allocation Failure) 2948.033: [Tenured: 1398143K->1398143K(1398144K), 5.3213290 secs] 2027263K->2027184K(2027264K), [Metaspace: 29600K->29600K(1075200K)], 5.3214200 secs] [Times: user=3.60 sys=0.01, real=5.32 secs] 
2953.437: [Full GC (Allocation Failure) 2953.437: [Tenured: 1398143K->1398143K(1398144K), 4.8128015 secs] 2027263K->2027143K(2027264K), [Metaspace: 29600K->29600K(1075200K)], 4.8129039 secs] [Times: user=3.65 sys=0.00, real=4.82 secs] 
2958.251: [Full GC (Allocation Failure) 2958.251: [Tenured: 1398143K->1398143K(1398144K), 3.6367104 secs] 2027263K->2027185K(2027264K), [Metaspace: 29600K->29600K(1075200K)], 3.6368034 secs] [Times: user=3.63 sys=0.00, real=3.63 secs] 
2961.889: [Full GC (Allocation Failure) 2961.889: [Tenured: 1398143K->1398143K(1398144K), 3.6470794 secs] 2027263K->2027195K(2027264K), [Metaspace: 29600K->29600K(1075200K)], 3.6471622 secs] [Times: user=3.63 sys=0.01, real=3.65 secs] 
2965.537: [Full GC (Allocation Failure) 2965.537: [Tenured: 1398143K->1398143K(1398144K), 3.6279652 secs] 2027263K->2027201K(2027264K), [Metaspace: 29600K->29600K(1075200K)], 3.6280586 secs] [Times: user=3.62 sys=0.01, real=3.63 secs] 
2969.167: [Full GC (Allocation Failure) 2969.167: [Tenured: 1398143K->1398143K(1398144K), 3.6065399 secs] 2027263K->2027206K(2027264K), [Metaspace: 29600K->29600K(1075200K)], 3.6066225 secs] [Times: user=3.59 sys=0.00, real=3.61 secs] 
2972.774: [Full GC (Allocation Failure) 2972.774: [Tenured: 1398143K->1398143K(1398144K), 3.6846267 secs] 2027263K->2027148K(2027264K), [Metaspace: 29600K->29600K(1075200K)], 3.6847388 secs] [Times: user=3.62 sys=0.00, real=3.68 secs] 
2976.482: [Full GC (Allocation Failure) 2976.482: [Tenured: 1398143K->1398143K(1398144K), 3.6467741 secs] 2027263K->2027174K(2027264K), [Metaspace: 29600K->29600K(1075200K)], 3.6468745 secs] [Times: user=3.61 sys=0.01, real=3.64 secs] 
2980.130: [Full GC (Allocation Failure) 2980.130: [Tenured: 1398143K->1398143K(1398144K), 3.6229485 secs] 2027263K->2027207K(2027264K), [Metaspace: 29600K->29600K(1075200K)], 3.6230344 secs] [Times: user=3.61 sys=0.00, real=3.63 secs] 
2983.754: [Full GC (Allocation Failure) 2983.754: [Tenured: 1398143K->1398143K(1398144K), 3.6191579 secs] 2027263K->2027213K(2027264K), [Metaspace: 29600K->29600K(1075200K)], 3.6192385 secs] [Times: user=3.59 sys=0.01, real=3.62 secs] 
2987.374: [Full GC (Allocation Failure) 2987.374: [Tenured: 1398143K->1398143K(1398144K), 3.6376382 secs] 2027263K->2027217K(2027264K), [Metaspace: 29600K->29600K(1075200K)], 3.6377309 secs] [Times: user=3.63 sys=0.00, real=3.63 secs] 
2991.013: [Full GC (Allocation Failure) 2991.013: [Tenured: 1398143K->1398143K(1398144K), 3.7365156 secs] 2027263K->2027221K(2027264K), [Metaspace: 29600K->29600K(1075200K)], 3.7365994 secs] [Times: user=3.72 sys=0.01, real=3.74 secs] 
2994.750: [Full GC (Allocation Failure) 2994.750: [Tenured: 1398143K->1398143K(1398144K), 3.6172198 secs] 2027263K->2027226K(2027264K), [Metaspace: 29600K->29600K(1075200K)], 3.6173097 secs] [Times: user=3.60 sys=0.00, real=3.62 secs] 
2998.368: [Full GC (Allocation Failure) 2998.368: [Tenured: 1398143K->1398143K(1398144K), 3.6630024 secs] 2027263K->2027231K(2027264K), [Metaspace: 29600K->29600K(1075200K)], 3.6631012 secs] [Times: user=3.64 sys=0.00, real=3.66 secs] 
3002.032: [Full GC (Allocation Failure) 3002.032: [Tenured: 1398143K->1398143K(1398144K), 3.6201216 secs] 2027263K->2027233K(2027264K), [Metaspace: 29600K->29600K(1075200K)], 3.6202075 secs] [Times: user=3.61 sys=0.01, real=3.62 secs] 
3005.653: [Full GC (Allocation Failure) 3005.653: [Tenured: 1398143K->1398143K(1398144K), 3.6243659 secs] 2027263K->2027235K(2027264K), [Metaspace: 29600K->29600K(1075200K)], 3.6244511 secs] [Times: user=3.61 sys=0.00, real=3.63 secs] 
3009.278: [Full GC (Allocation Failure) 3009.278: [Tenured: 1398143K->1398143K(1398144K), 6.5209760 secs] 2027263K->2027237K(2027264K), [Metaspace: 29600K->29600K(1075200K)], 6.5210594 secs] [Times: user=3.67 sys=0.01, real=6.52 secs] 
3015.800: [Full GC (Allocation Failure) 3015.800: [Tenured: 1398143K->1398143K(1398144K), 3.7507911 secs] 2027263K->2027241K(2027264K), [Metaspace: 29600K->29600K(1075200K)], 3.7508799 secs] [Times: user=3.63 sys=0.00, real=3.75 secs] 
3019.551: [Full GC (Allocation Failure) 3019.551: [Tenured: 1398143K->1398143K(1398144K), 3.6053389 secs] 2027263K->2027241K(2027264K), [Metaspace: 29600K->29600K(1075200K)], 3.6054318 secs] [Times: user=3.59 sys=0.01, real=3.60 secs] 
3023.157: [Full GC (Allocation Failure) 3023.157: [Tenured: 1398143K->1398143K(1398144K), 3.6465117 secs] 2027263K->2027244K(2027264K), [Metaspace: 29600K->29600K(1075200K)], 3.6465973 secs] [Times: user=3.63 sys=0.00, real=3.65 secs] 
3026.804: [Full GC (Allocation Failure) 3026.804: [Tenured: 1398143K->1398143K(1398144K), 3.6447339 secs] 2027263K->2027245K(2027264K), [Metaspace: 29600K->29600K(1075200K)], 3.6448198 secs] [Times: user=3.63 sys=0.01, real=3.64 secs] 
3030.449: [Full GC (Allocation Failure) 3030.449: [Tenured: 1398143K->1398143K(1398144K), 3.6464729 secs] 2027263K->2027247K(2027264K), [Metaspace: 29600K->29600K(1075200K)], 3.6465539 secs] [Times: user=3.63 sys=0.00, real=3.65 secs] 
3034.096: [Full GC (Allocation Failure) 3034.096: [Tenured: 1398143K->1398143K(1398144K), 3.6543984 secs] 2027263K->2027248K(2027264K), [Metaspace: 29600K->29600K(1075200K)], 3.6544834 secs] [Times: user=3.64 sys=0.01, real=3.66 secs] 
3037.751: [Full GC (Allocation Failure) 3037.751: [Tenured: 1398143K->1398143K(1398144K), 3.6401307 secs] 2027263K->2027248K(2027264K), [Metaspace: 29600K->29600K(1075200K)], 3.6402221 secs] [Times: user=3.62 sys=0.00, real=3.63 secs] 
3041.392: [Full GC (Allocation Failure) 3041.392: [Tenured: 1398143K->1398143K(1398144K), 3.6321110 secs] 2027263K->2027252K(2027264K), [Metaspace: 29600K->29600K(1075200K)], 3.6321977 secs] [Times: user=3.62 sys=0.01, real=3.63 secs] 
3045.025: [Full GC (Allocation Failure) 3045.025: [Tenured: 1398143K->1398143K(1398144K), 3.7533980 secs] 2027263K->2027252K(2027264K), [Metaspace: 29600K->29600K(1075200K)], 3.7534874 secs] [Times: user=3.74 sys=0.00, real=3.75 secs] 
3048.779: [Full GC (Allocation Failure) 3048.779: [Tenured: 1398143K->1398143K(1398144K), 4.5110165 secs] 2027263K->2027252K(2027264K), [Metaspace: 29596K->29596K(1075200K)], 4.5111068 secs] [Times: user=4.49 sys=0.01, real=4.51 secs] 
3053.290: [Full GC (Allocation Failure) 3053.290: [Tenured: 1398144K->1398144K(1398144K), 3.6278927 secs] 2027263K->2027252K(2027264K), [Metaspace: 29596K->29596K(1075200K)], 3.6279830 secs] [Times: user=3.61 sys=0.01, real=3.63 secs] 
3056.918: [Full GC (Allocation Failure) 3056.919: [Tenured: 1398144K->1398144K(1398144K), 3.6405227 secs] 2027263K->2027252K(2027264K), [Metaspace: 29596K->29596K(1075200K)], 3.6406191 secs] [Times: user=3.62 sys=0.00, real=3.64 secs] 
3060.560: [Full GC (Allocation Failure) 3060.560: [Tenured: 1398144K->1398144K(1398144K), 3.6333115 secs] 2027263K->2027253K(2027264K), [Metaspace: 29596K->29596K(1075200K)], 3.6333887 secs] [Times: user=3.62 sys=0.01, real=3.63 secs] 
3064.193: [Full GC (Allocation Failure) 3064.193: [Tenured: 1398144K->1398143K(1398144K), 3.6685782 secs] 2027263K->2027254K(2027264K), [Metaspace: 29596K->29596K(1075200K)], 3.6686666 secs] [Times: user=3.65 sys=0.00, real=3.67 secs] 
3067.862: [Full GC (Allocation Failure) 3067.862: [Tenured: 1398143K->1398143K(1398144K), 5.0821832 secs] 2027263K->2027254K(2027264K), [Metaspace: 29596K->29596K(1075200K)], 5.0865792 secs] [Times: user=3.62 sys=0.01, real=5.09 secs] 
3072.949: [Full GC (Allocation Failure) 3072.949: [Tenured: 1398143K->1398143K(1398144K), 5.0903219 secs] 2027263K->2027255K(2027264K), [Metaspace: 29596K->29596K(1075200K)], 5.0912944 secs] [Times: user=3.65 sys=0.00, real=5.09 secs] 
3078.041: [Full GC (Allocation Failure) 3078.041: [Tenured: 1398143K->1398143K(1398144K), 3.6188978 secs] 2027263K->2027256K(2027264K), [Metaspace: 29596K->29596K(1075200K)], 3.6189711 secs] [Times: user=3.60 sys=0.01, real=3.62 secs] 
3081.660: [Full GC (Allocation Failure) 3081.660: [Tenured: 1398143K->1398143K(1398144K), 3.6368486 secs] 2027263K->2027256K(2027264K), [Metaspace: 29596K->29596K(1075200K)], 3.6369272 secs] [Times: user=3.62 sys=0.00, real=3.63 secs] 
3085.298: [Full GC (Allocation Failure) 3085.298: [Tenured: 1398143K->1398143K(1398144K), 3.6255693 secs] 2027263K->2027258K(2027264K), [Metaspace: 29596K->29596K(1075200K)], 3.6256556 secs] [Times: user=3.61 sys=0.01, real=3.63 secs] 
3088.924: [Full GC (Allocation Failure) 3088.924: [Tenured: 1398143K->1398143K(1398144K), 3.6231259 secs] 2027263K->2027258K(2027264K), [Metaspace: 29596K->29596K(1075200K)], 3.6232163 secs] [Times: user=3.60 sys=0.00, real=3.62 secs] 
3092.547: [Full GC (Allocation Failure) 3092.547: [Tenured: 1398143K->1398143K(1398144K), 3.6236995 secs] 2027263K->2027257K(2027264K), [Metaspace: 29596K->29596K(1075200K)], 3.6237814 secs] [Times: user=3.60 sys=0.01, real=3.63 secs] 
3096.171: [Full GC (Allocation Failure) 3096.171: [Tenured: 1398143K->1398143K(1398144K), 3.6310363 secs] 2027263K->2027258K(2027264K), [Metaspace: 29596K->29596K(1075200K)], 3.6311241 secs] [Times: user=3.61 sys=0.00, real=3.63 secs] 
3099.803: [Full GC (Allocation Failure) 3099.803: [Tenured: 1398143K->1398143K(1398144K), 3.6160966 secs] 2027263K->2027258K(2027264K), [Metaspace: 29596K->29596K(1075200K)], 3.6161739 secs] [Times: user=3.61 sys=0.01, real=3.61 secs] 
3103.419: [Full GC (Allocation Failure) 3103.419: [Tenured: 1398144K->1398144K(1398144K), 3.6142049 secs] 2027263K->2027258K(2027264K), [Metaspace: 29596K->29596K(1075200K)], 3.6142990 secs] [Times: user=3.59 sys=0.00, real=3.62 secs] 
3107.034: [Full GC (Allocation Failure) 3107.034: [Tenured: 1398144K->1398144K(1398144K), 3.6177194 secs] 2027263K->2027258K(2027264K), [Metaspace: 29596K->29596K(1075200K)], 3.6178077 secs] [Times: user=3.60 sys=0.00, real=3.62 secs] 
3110.652: [Full GC (Allocation Failure) 3110.652: [Tenured: 1398144K->1398143K(1398144K), 3.6183377 secs] 2027263K->2027260K(2027264K), [Metaspace: 29596K->29596K(1075200K)], 3.6184267 secs] [Times: user=3.60 sys=0.01, real=3.61 secs] 
3114.271: [Full GC (Allocation Failure) 3114.271: [Tenured: 1398143K->1398143K(1398144K), 3.6049240 secs] 2027263K->2027261K(2027264K), [Metaspace: 29596K->29596K(1075200K)], 3.6050042 secs] [Times: user=3.59 sys=0.00, real=3.61 secs] 
3117.876: [Full GC (Allocation Failure) 3117.876: [Tenured: 1398143K->1398143K(1398144K), 3.6458566 secs] 2027263K->2027261K(2027264K), [Metaspace: 29596K->29596K(1075200K)], 3.6459361 secs] [Times: user=3.62 sys=0.01, real=3.64 secs] 
3121.522: [Full GC (Allocation Failure) 3121.522: [Tenured: 1398143K->1398143K(1398144K), 3.6037635 secs] 2027263K->2027262K(2027264K), [Metaspace: 29596K->29596K(1075200K)], 3.6038388 secs] [Times: user=3.60 sys=0.00, real=3.61 secs] 
3125.126: [Full GC (Allocation Failure) 3125.126: [Tenured: 1398143K->1398143K(1398144K), 3.7288714 secs] 2027263K->2027262K(2027264K), [Metaspace: 29596K->29596K(1075200K)], 3.7289576 secs] [Times: user=3.71 sys=0.01, real=3.73 secs] 
3128.855: [Full GC (Allocation Failure) 3128.855: [Tenured: 1398143K->1398143K(1398144K), 6.2159460 secs] 2027263K->2027262K(2027264K), [Metaspace: 29596K->29596K(1075200K)], 6.2160220 secs] [Times: user=3.61 sys=0.00, real=6.21 secs] 
3135.075: [Full GC (Allocation Failure) 3135.075: [Tenured: 1398143K->1398143K(1398144K), 3.9382428 secs] 2027263K->2027262K(2027264K), [Metaspace: 29596K->29596K(1075200K)], 3.9383275 secs] [Times: user=3.64 sys=0.01, real=3.94 secs] 
3139.013: [Full GC (Allocation Failure) 3139.013: [Tenured: 1398143K->1398143K(1398144K), 3.6072604 secs] 2027263K->2027262K(2027264K), [Metaspace: 29596K->29596K(1075200K)], 3.6073515 secs] [Times: user=3.59 sys=0.00, real=3.61 secs] 
3142.621: [Full GC (Allocation Failure) 3142.621: [Tenured: 1398143K->1398143K(1398144K), 3.6271494 secs] 2027263K->2027262K(2027264K), [Metaspace: 29596K->29596K(1075200K)], 3.6272357 secs] [Times: user=3.62 sys=0.01, real=3.63 secs] 
3146.248: [Full GC (Allocation Failure) 3146.248: [Tenured: 1398143K->1398143K(1398144K), 3.6086902 secs] 2027263K->2027262K(2027264K), [Metaspace: 29596K->29596K(1075200K)], 3.6087775 secs] [Times: user=3.58 sys=0.00, real=3.60 secs] 
3149.857: [Full GC (Allocation Failure) 3149.857: [Tenured: 1398143K->1398143K(1398144K), 3.6145288 secs] 2027263K->2027262K(2027264K), [Metaspace: 29596K->29596K(1075200K)], 3.6146110 secs] [Times: user=3.60 sys=0.00, real=3.62 secs] 
3153.472: [Full GC (Allocation Failure) 3153.472: [Tenured: 1398143K->1398143K(1398144K), 3.6037437 secs] 2027263K->2027261K(2027264K), [Metaspace: 29596K->29596K(1075200K)], 3.6038351 secs] [Times: user=3.59 sys=0.01, real=3.60 secs] 
3157.076: [Full GC (Allocation Failure) 3157.076: [Tenured: 1398143K->1398143K(1398144K), 3.7518222 secs] 2027263K->2027262K(2027264K), [Metaspace: 29596K->29596K(1075200K)], 3.7519161 secs] [Times: user=3.74 sys=0.00, real=3.75 secs] 
3160.829: [Full GC (Allocation Failure) 3160.829: [Tenured: 1398143K->1398143K(1398144K), 3.6098755 secs] 2027263K->2027262K(2027264K), [Metaspace: 29596K->29596K(1075200K)], 3.6099683 secs] [Times: user=3.59 sys=0.01, real=3.61 secs] 
3164.439: [Full GC (Allocation Failure) 3164.439: [Tenured: 1398143K->1398143K(1398144K), 3.6349516 secs] 2027263K->2027262K(2027264K), [Metaspace: 29596K->29596K(1075200K)], 3.6353957 secs] [Times: user=3.63 sys=0.00, real=3.64 secs] 
3168.074: [Full GC (Allocation Failure) 3168.074: [Tenured: 1398143K->1398143K(1398144K), 3.5995637 secs] 2027263K->2027263K(2027264K), [Metaspace: 29596K->29596K(1075200K)], 3.5996489 secs] [Times: user=3.59 sys=0.00, real=3.60 secs] 
3171.674: [Full GC (Allocation Failure) 3171.674: [Tenured: 1398143K->1398143K(1398144K), 3.6165969 secs] 2027263K->2027263K(2027264K), [Metaspace: 29596K->29596K(1075200K)], 3.6166987 secs] [Times: user=3.60 sys=0.01, real=3.61 secs] 
3175.291: [Full GC (Allocation Failure) 3175.291: [Tenured: 1398143K->1398143K(1398144K), 3.6100228 secs] 2027263K->2027262K(2027264K), [Metaspace: 29596K->29596K(1075200K)], 3.6101076 secs] [Times: user=3.60 sys=0.00, real=3.61 secs] 
3178.902: [Full GC (Allocation Failure) 3178.902: [Tenured: 1398143K->1398143K(1398144K), 3.6610673 secs] 2027263K->2027262K(2027264K), [Metaspace: 29596K->29596K(1075200K)], 3.6611837 secs] [Times: user=3.64 sys=0.00, real=3.67 secs] 
3182.563: [Full GC (Allocation Failure) 3182.563: [Tenured: 1398143K->1398143K(1398144K), 3.6021217 secs] 2027263K->2027262K(2027264K), [Metaspace: 29596K->29596K(1075200K)], 3.6022196 secs] [Times: user=3.59 sys=0.01, real=3.60 secs] 
3186.165: [Full GC (Allocation Failure) 3186.166: [Tenured: 1398143K->1398143K(1398144K), 3.6385922 secs] 2027263K->2027262K(2027264K), [Metaspace: 29596K->29596K(1075200K)], 3.6386822 secs] [Times: user=3.62 sys=0.01, real=3.64 secs] 
3189.804: [Full GC (Allocation Failure) 3189.804: [Tenured: 1398143K->1398143K(1398144K), 6.5268720 secs] 2027263K->2027262K(2027264K), [Metaspace: 29596K->29596K(1075200K)], 6.5269742 secs] [Times: user=3.62 sys=0.01, real=6.52 secs] 
3196.332: [Full GC (Allocation Failure) 3196.332: [Tenured: 1398143K->1398143K(1398144K), 3.6485104 secs] 2027263K->2027262K(2027264K), [Metaspace: 29596K->29596K(1075200K)], 3.6486126 secs] [Times: user=3.63 sys=0.00, real=3.65 secs] 
3199.980: [Full GC (Allocation Failure) 3199.981: [Tenured: 1398143K->1398143K(1398144K), 3.6971065 secs] 2027263K->2027263K(2027264K), [Metaspace: 29596K->29596K(1075200K)], 3.6971973 secs] [Times: user=3.68 sys=0.01, real=3.70 secs] 
3203.678: [Full GC (Allocation Failure) 3203.678: [Tenured: 1398143K->1398143K(1398144K), 3.6109175 secs] 2027263K->2027263K(2027264K), [Metaspace: 29596K->29596K(1075200K)], 3.6110077 secs] [Times: user=3.59 sys=0.00, real=3.61 secs] 
3207.289: [Full GC (Allocation Failure) 3207.289: [Tenured: 1398143K->1398143K(1398144K), 3.5836419 secs] 2027263K->2027262K(2027264K), [Metaspace: 29596K->29596K(1075200K)], 3.5837410 secs] [Times: user=3.56 sys=0.01, real=3.58 secs] 
3210.873: [Full GC (Allocation Failure) 3210.873: [Tenured: 1398143K->1398143K(1398144K), 3.5934869 secs] 2027263K->2027263K(2027264K), [Metaspace: 29596K->29596K(1075200K)], 3.5935811 secs] [Times: user=3.58 sys=0.00, real=3.59 secs] 
3214.467: [Full GC (Allocation Failure) 3214.467: [Tenured: 1398143K->1398143K(1398144K), 3.5903979 secs] 2027263K->2027263K(2027264K), [Metaspace: 29596K->29596K(1075200K)], 3.5904938 secs] [Times: user=3.58 sys=0.01, real=3.59 secs] 
3218.058: [Full GC (Allocation Failure) 3218.058: [Tenured: 1398143K->1398143K(1398144K), 3.6331352 secs] 2027263K->2027263K(2027264K), [Metaspace: 29596K->29596K(1075200K)], 3.6332304 secs] [Times: user=3.62 sys=0.00, real=3.63 secs] 
3221.691: [Full GC (Allocation Failure) 3221.691: [Tenured: 1398143K->1398143K(1398144K), 3.5920060 secs] 2027263K->2027263K(2027264K), [Metaspace: 29596K->29596K(1075200K)], 3.5921044 secs] [Times: user=3.58 sys=0.01, real=3.59 secs] 
3225.283: [Full GC (Allocation Failure) 3225.283: [Tenured: 1398144K->1398144K(1398144K), 3.6044960 secs] 2027263K->2027263K(2027264K), [Metaspace: 29596K->29596K(1075200K)], 3.6045897 secs] [Times: user=3.59 sys=0.00, real=3.60 secs] 
3228.888: [Full GC (Allocation Failure) 3228.888: [Tenured: 1398144K->1398144K(1398144K), 3.6192668 secs] 2027263K->2027263K(2027264K), [Metaspace: 29596K->29596K(1075200K)], 3.6193594 secs] [Times: user=3.60 sys=0.01, real=3.62 secs] 
3232.508: [Full GC (Allocation Failure) 3232.508: [Tenured: 1398144K->1398143K(1398144K), 3.6244530 secs] 2027263K->2027263K(2027264K), [Metaspace: 29596K->29596K(1075200K)], 3.6245450 secs] [Times: user=3.61 sys=0.00, real=3.63 secs] 
3236.132: [Full GC (Allocation Failure) 3236.132: [Tenured: 1398143K->1398143K(1398144K), 3.6266174 secs] 2027263K->2027263K(2027264K), [Metaspace: 29596K->29596K(1075200K)], 3.6267056 secs] [Times: user=3.61 sys=0.01, real=3.62 secs] 
3239.760: [Full GC (Allocation Failure) 3239.760: [Tenured: 1398143K->1398143K(1398144K), 3.6865231 secs] 2027263K->2027263K(2027264K), [Metaspace: 29596K->29596K(1075200K)], 3.6865993 secs] [Times: user=3.67 sys=0.01, real=3.69 secs] 
3243.446: [Full GC (Allocation Failure) 3243.446: [Tenured: 1398143K->1398143K(1398144K), 3.5979044 secs] 2027263K->2027263K(2027264K), [Metaspace: 29596K->29596K(1075200K)], 3.5979900 secs] [Times: user=3.58 sys=0.00, real=3.60 secs] 
3247.046: [Full GC (Allocation Failure) 3247.046: [Tenured: 1398143K->1398143K(1398144K), 6.0709996 secs] 2027263K->2026756K(2027264K), [Metaspace: 29599K->29599K(1075200K)], 6.0741093 secs] [Times: user=4.50 sys=0.01, real=6.07 secs] 
Heap
 def new generation   total 629120K, used 628882K [0x0000000080000000, 0x00000000aaaa0000, 0x00000000aaaa0000)
  eden space 559232K, 100% used [0x0000000080000000, 0x00000000a2220000, 0x00000000a2220000)
  from space 69888K,  99% used [0x00000000a2220000, 0x00000000a6624810, 0x00000000a6660000)
  to   space 69888K,   0% used [0x00000000a6660000, 0x00000000a6660000, 0x00000000aaaa0000)
 tenured generation   total 1398144K, used 1398143K [0x00000000aaaa0000, 0x0000000100000000, 0x0000000100000000)
   the space 1398144K,  99% used [0x00000000aaaa0000, 0x00000000ffffffe8, 0x0000000100000000, 0x0000000100000000)
 Metaspace       used 29679K, capacity 29978K, committed 30336K, reserved 1075200K
  class space    used 3504K, capacity 3598K, committed 3712K, reserved 1048576K
