Apr 25, 2016 2:19:35 PM org.apache.catalina.loader.WebappClassLoader clearReferencesJdbc
SEVERE: The web application [/fcrepo] registered the JDBC driver [com.mysql.jdbc.Driver] but failed to unregister it when the web application was stopped. To prevent a memory leak, the JDBC Driver has been forcibly unregistered.
Apr 25, 2016 2:19:35 PM org.apache.catalina.loader.WebappClassLoader clearReferencesThreads
SEVERE: The web application [/fcrepo] appears to have started a thread named [Abandoned connection cleanup thread] but has failed to stop it. This is very likely to create a memory leak.
Apr 25, 2016 2:19:35 PM org.apache.catalina.loader.WebappClassLoader clearReferencesThreads
SEVERE: The web application [/fcrepo] appears to have started a thread named [C3P0PooledConnectionPoolManager[identityToken->2x9sva9gg99hr7wavzqx|7e39799b]-AdminTaskTimer] but has failed to stop it. This is very likely to create a memory leak.
Apr 25, 2016 2:19:35 PM org.apache.catalina.loader.WebappClassLoader clearReferencesThreads
SEVERE: The web application [/fcrepo] appears to have started a thread named [C3P0PooledConnectionPoolManager[identityToken->2x9sva9gg99hr7wavzqx|7e39799b]-HelperThread-#0] but has failed to stop it. This is very likely to create a memory leak.
Apr 25, 2016 2:19:35 PM org.apache.catalina.loader.WebappClassLoader clearReferencesThreads
SEVERE: The web application [/fcrepo] appears to have started a thread named [C3P0PooledConnectionPoolManager[identityToken->2x9sva9gg99hr7wavzqx|7e39799b]-HelperThread-#1] but has failed to stop it. This is very likely to create a memory leak.
Apr 25, 2016 2:19:35 PM org.apache.catalina.loader.WebappClassLoader clearReferencesThreads
SEVERE: The web application [/fcrepo] appears to have started a thread named [C3P0PooledConnectionPoolManager[identityToken->2x9sva9gg99hr7wavzqx|7e39799b]-HelperThread-#2] but has failed to stop it. This is very likely to create a memory leak.
Apr 25, 2016 2:19:35 PM org.apache.catalina.loader.WebappClassLoader clearReferencesThreads
SEVERE: The web application [/fcrepo] appears to have started a thread named [Listener:36689] but has failed to stop it. This is very likely to create a memory leak.
Apr 25, 2016 2:19:35 PM org.apache.catalina.loader.WebappClassLoader clearReferencesThreads
SEVERE: The web application [/fcrepo] appears to have started a thread named [Transaction Reaper] but has failed to stop it. This is very likely to create a memory leak.
Apr 25, 2016 2:19:35 PM org.apache.catalina.loader.WebappClassLoader clearReferencesThreads
SEVERE: The web application [/fcrepo] appears to have started a thread named [Transaction Reaper Worker 0] but has failed to stop it. This is very likely to create a memory leak.
Apr 25, 2016 2:19:35 PM org.apache.catalina.loader.WebappClassLoader clearReferencesThreads
SEVERE: The web application [/fcrepo] appears to have started a thread named [ActiveMQ Transport Server Thread Handler: tcp://0.0.0.0:61616?maximumConnections=1000&wireformat.maxFrameSize=104857600] but has failed to stop it. This is very likely to create a memory leak.
Apr 25, 2016 2:19:35 PM org.apache.catalina.loader.WebappClassLoader clearReferencesThreads
SEVERE: The web application [/fcrepo] appears to have started a thread named [ActiveMQ Transport Server Thread Handler: stomp://0.0.0.0:61613] but has failed to stop it. This is very likely to create a memory leak.
Apr 25, 2016 2:19:35 PM org.apache.catalina.loader.WebappClassLoader checkThreadLocalMapForLeaks
SEVERE: The web application [/fcrepo] created a ThreadLocal with key of type [org.jboss.marshalling.UTFUtils.BytesHolder] (value [org.jboss.marshalling.UTFUtils$BytesHolder@21f92cd5]) and a value of type [byte[]] (value [[B@49766026]) but failed to remove it when the web application was stopped. Threads are going to be renewed over time to try and avoid a probable memory leak.
Apr 25, 2016 2:19:35 PM org.apache.catalina.loader.WebappClassLoader checkThreadLocalMapForLeaks
SEVERE: The web application [/fcrepo] created a ThreadLocal with key of type [com.codahale.metrics.ThreadLocalRandom$1] (value [com.codahale.metrics.ThreadLocalRandom$1@3d070eef]) and a value of type [com.codahale.metrics.ThreadLocalRandom] (value [com.codahale.metrics.ThreadLocalRandom@2058f78e]) but failed to remove it when the web application was stopped. Threads are going to be renewed over time to try and avoid a probable memory leak.
Apr 25, 2016 2:19:35 PM org.apache.catalina.loader.WebappClassLoader checkThreadLocalMapForLeaks
SEVERE: The web application [/fcrepo] created a ThreadLocal with key of type [org.infinispan.commons.util.concurrent.jdk8backported.Striped64.ThreadHashCode] (value [org.infinispan.commons.util.concurrent.jdk8backported.Striped64$ThreadHashCode@482ff8d4]) and a value of type [org.infinispan.commons.util.concurrent.jdk8backported.Striped64.HashCode] (value [org.infinispan.commons.util.concurrent.jdk8backported.Striped64$HashCode@3222d6a7]) but failed to remove it when the web application was stopped. Threads are going to be renewed over time to try and avoid a probable memory leak.
Apr 25, 2016 2:19:35 PM org.apache.catalina.loader.WebappClassLoader checkThreadLocalMapForLeaks
SEVERE: The web application [/fcrepo] created a ThreadLocal with key of type [org.glassfish.jersey.message.internal.HttpDateFormat$1] (value [org.glassfish.jersey.message.internal.HttpDateFormat$1@37d7d67a]) and a value of type [java.util.Collections.UnmodifiableRandomAccessList] (value [[java.text.SimpleDateFormat@c4dc9900, java.text.SimpleDateFormat@b831d961, java.text.SimpleDateFormat@937457b6]]) but failed to remove it when the web application was stopped. Threads are going to be renewed over time to try and avoid a probable memory leak.
Apr 25, 2016 2:19:35 PM org.apache.catalina.loader.WebappClassLoader checkThreadLocalMapForLeaks
SEVERE: The web application [/fcrepo] created a ThreadLocal with key of type [com.codahale.metrics.Striped64.ThreadHashCode] (value [com.codahale.metrics.Striped64$ThreadHashCode@5054a389]) and a value of type [com.codahale.metrics.Striped64.HashCode] (value [com.codahale.metrics.Striped64$HashCode@678a080f]) but failed to remove it when the web application was stopped. Threads are going to be renewed over time to try and avoid a probable memory leak.
Apr 25, 2016 2:19:35 PM org.apache.catalina.loader.WebappClassLoader checkThreadLocalMapForLeaks
SEVERE: The web application [/fcrepo] created a ThreadLocal with key of type [java.lang.ThreadLocal] (value [java.lang.ThreadLocal@43396db7]) and a value of type [org.infinispan.commons.util.concurrent.jdk8backported.EquivalentConcurrentHashMapV8.CounterHashCode] (value [org.infinispan.commons.util.concurrent.jdk8backported.EquivalentConcurrentHashMapV8$CounterHashCode@4a5417ac]) but failed to remove it when the web application was stopped. Threads are going to be renewed over time to try and avoid a probable memory leak.
Apr 25, 2016 2:19:35 PM org.apache.catalina.loader.WebappClassLoader checkThreadLocalMapForLeaks
SEVERE: The web application [/fcrepo] created a ThreadLocal with key of type [org.modeshape.jcr.NodeTypes$1] (value [org.modeshape.jcr.NodeTypes$1@3f69ad84]) and a value of type [org.modeshape.jcr.NodeTypes.SingleNodeDefinitionSet] (value [org.modeshape.jcr.NodeTypes$SingleNodeDefinitionSet@6acb1ea4]) but failed to remove it when the web application was stopped. Threads are going to be renewed over time to try and avoid a probable memory leak.
Apr 25, 2016 2:19:35 PM org.apache.catalina.loader.WebappClassLoader checkThreadLocalMapForLeaks
SEVERE: The web application [/fcrepo] created a ThreadLocal with key of type [java.lang.ThreadLocal] (value [java.lang.ThreadLocal@183c9bf4]) and a value of type [org.infinispan.commons.util.concurrent.jdk8backported.BoundedEquivalentConcurrentHashMapV8.CounterHashCode] (value [org.infinispan.commons.util.concurrent.jdk8backported.BoundedEquivalentConcurrentHashMapV8$CounterHashCode@30802c55]) but failed to remove it when the web application was stopped. Threads are going to be renewed over time to try and avoid a probable memory leak.
Apr 25, 2016 2:19:35 PM org.apache.catalina.loader.WebappClassLoader checkThreadLocalMapForLeaks
SEVERE: The web application [/fcrepo] created a ThreadLocal with key of type [org.jboss.marshalling.UTFUtils.BytesHolder] (value [org.jboss.marshalling.UTFUtils$BytesHolder@21f92cd5]) and a value of type [byte[]] (value [[B@748f5103]) but failed to remove it when the web application was stopped. Threads are going to be renewed over time to try and avoid a probable memory leak.
Apr 25, 2016 2:19:35 PM org.apache.catalina.loader.WebappClassLoader checkThreadLocalMapForLeaks
SEVERE: The web application [/fcrepo] created a ThreadLocal with key of type [com.codahale.metrics.ThreadLocalRandom$1] (value [com.codahale.metrics.ThreadLocalRandom$1@3d070eef]) and a value of type [com.codahale.metrics.ThreadLocalRandom] (value [com.codahale.metrics.ThreadLocalRandom@46835f08]) but failed to remove it when the web application was stopped. Threads are going to be renewed over time to try and avoid a probable memory leak.
Apr 25, 2016 2:19:35 PM org.apache.catalina.loader.WebappClassLoader checkThreadLocalMapForLeaks
SEVERE: The web application [/fcrepo] created a ThreadLocal with key of type [org.infinispan.commons.util.concurrent.jdk8backported.Striped64.ThreadHashCode] (value [org.infinispan.commons.util.concurrent.jdk8backported.Striped64$ThreadHashCode@482ff8d4]) and a value of type [org.infinispan.commons.util.concurrent.jdk8backported.Striped64.HashCode] (value [org.infinispan.commons.util.concurrent.jdk8backported.Striped64$HashCode@3a1c8f17]) but failed to remove it when the web application was stopped. Threads are going to be renewed over time to try and avoid a probable memory leak.
Apr 25, 2016 2:19:35 PM org.apache.catalina.loader.WebappClassLoader checkThreadLocalMapForLeaks
SEVERE: The web application [/fcrepo] created a ThreadLocal with key of type [org.glassfish.jersey.message.internal.HttpDateFormat$1] (value [org.glassfish.jersey.message.internal.HttpDateFormat$1@37d7d67a]) and a value of type [java.util.Collections.UnmodifiableRandomAccessList] (value [[java.text.SimpleDateFormat@c4dc9900, java.text.SimpleDateFormat@b831d961, java.text.SimpleDateFormat@937457b6]]) but failed to remove it when the web application was stopped. Threads are going to be renewed over time to try and avoid a probable memory leak.
Apr 25, 2016 2:19:35 PM org.apache.catalina.loader.WebappClassLoader checkThreadLocalMapForLeaks
SEVERE: The web application [/fcrepo] created a ThreadLocal with key of type [com.codahale.metrics.Striped64.ThreadHashCode] (value [com.codahale.metrics.Striped64$ThreadHashCode@5054a389]) and a value of type [com.codahale.metrics.Striped64.HashCode] (value [com.codahale.metrics.Striped64$HashCode@bcfee85]) but failed to remove it when the web application was stopped. Threads are going to be renewed over time to try and avoid a probable memory leak.
Apr 25, 2016 2:19:35 PM org.apache.catalina.loader.WebappClassLoader checkThreadLocalMapForLeaks
SEVERE: The web application [/fcrepo] created a ThreadLocal with key of type [java.lang.ThreadLocal] (value [java.lang.ThreadLocal@43396db7]) and a value of type [org.infinispan.commons.util.concurrent.jdk8backported.EquivalentConcurrentHashMapV8.CounterHashCode] (value [org.infinispan.commons.util.concurrent.jdk8backported.EquivalentConcurrentHashMapV8$CounterHashCode@5c6a1b6]) but failed to remove it when the web application was stopped. Threads are going to be renewed over time to try and avoid a probable memory leak.
Apr 25, 2016 2:19:35 PM org.apache.catalina.loader.WebappClassLoader checkThreadLocalMapForLeaks
SEVERE: The web application [/fcrepo] created a ThreadLocal with key of type [org.modeshape.jcr.NodeTypes$1] (value [org.modeshape.jcr.NodeTypes$1@3f69ad84]) and a value of type [org.modeshape.jcr.NodeTypes.SingleNodeDefinitionSet] (value [org.modeshape.jcr.NodeTypes$SingleNodeDefinitionSet@6acb1ea4]) but failed to remove it when the web application was stopped. Threads are going to be renewed over time to try and avoid a probable memory leak.
Apr 25, 2016 2:19:35 PM org.apache.catalina.loader.WebappClassLoader checkThreadLocalMapForLeaks
SEVERE: The web application [/fcrepo] created a ThreadLocal with key of type [java.lang.ThreadLocal] (value [java.lang.ThreadLocal@183c9bf4]) and a value of type [org.infinispan.commons.util.concurrent.jdk8backported.BoundedEquivalentConcurrentHashMapV8.CounterHashCode] (value [org.infinispan.commons.util.concurrent.jdk8backported.BoundedEquivalentConcurrentHashMapV8$CounterHashCode@59e1c519]) but failed to remove it when the web application was stopped. Threads are going to be renewed over time to try and avoid a probable memory leak.
Apr 25, 2016 2:19:35 PM org.apache.catalina.loader.WebappClassLoader checkThreadLocalMapForLeaks
SEVERE: The web application [/fcrepo] created a ThreadLocal with key of type [org.jboss.marshalling.UTFUtils.BytesHolder] (value [org.jboss.marshalling.UTFUtils$BytesHolder@21f92cd5]) and a value of type [byte[]] (value [[B@75b9d05]) but failed to remove it when the web application was stopped. Threads are going to be renewed over time to try and avoid a probable memory leak.
Apr 25, 2016 2:19:35 PM org.apache.catalina.loader.WebappClassLoader checkThreadLocalMapForLeaks
SEVERE: The web application [/fcrepo] created a ThreadLocal with key of type [com.codahale.metrics.ThreadLocalRandom$1] (value [com.codahale.metrics.ThreadLocalRandom$1@3d070eef]) and a value of type [com.codahale.metrics.ThreadLocalRandom] (value [com.codahale.metrics.ThreadLocalRandom@7394f0ad]) but failed to remove it when the web application was stopped. Threads are going to be renewed over time to try and avoid a probable memory leak.
Apr 25, 2016 2:19:35 PM org.apache.catalina.loader.WebappClassLoader checkThreadLocalMapForLeaks
SEVERE: The web application [/fcrepo] created a ThreadLocal with key of type [org.infinispan.commons.util.concurrent.jdk8backported.Striped64.ThreadHashCode] (value [org.infinispan.commons.util.concurrent.jdk8backported.Striped64$ThreadHashCode@482ff8d4]) and a value of type [org.infinispan.commons.util.concurrent.jdk8backported.Striped64.HashCode] (value [org.infinispan.commons.util.concurrent.jdk8backported.Striped64$HashCode@436f3478]) but failed to remove it when the web application was stopped. Threads are going to be renewed over time to try and avoid a probable memory leak.
Apr 25, 2016 2:19:35 PM org.apache.catalina.loader.WebappClassLoader checkThreadLocalMapForLeaks
SEVERE: The web application [/fcrepo] created a ThreadLocal with key of type [org.glassfish.jersey.message.internal.HttpDateFormat$1] (value [org.glassfish.jersey.message.internal.HttpDateFormat$1@37d7d67a]) and a value of type [java.util.Collections.UnmodifiableRandomAccessList] (value [[java.text.SimpleDateFormat@c4dc9900, java.text.SimpleDateFormat@b831d961, java.text.SimpleDateFormat@937457b6]]) but failed to remove it when the web application was stopped. Threads are going to be renewed over time to try and avoid a probable memory leak.
Apr 25, 2016 2:19:35 PM org.apache.catalina.loader.WebappClassLoader checkThreadLocalMapForLeaks
SEVERE: The web application [/fcrepo] created a ThreadLocal with key of type [com.codahale.metrics.Striped64.ThreadHashCode] (value [com.codahale.metrics.Striped64$ThreadHashCode@5054a389]) and a value of type [com.codahale.metrics.Striped64.HashCode] (value [com.codahale.metrics.Striped64$HashCode@14f1e801]) but failed to remove it when the web application was stopped. Threads are going to be renewed over time to try and avoid a probable memory leak.
Apr 25, 2016 2:19:35 PM org.apache.catalina.loader.WebappClassLoader checkThreadLocalMapForLeaks
SEVERE: The web application [/fcrepo] created a ThreadLocal with key of type [java.lang.ThreadLocal] (value [java.lang.ThreadLocal@43396db7]) and a value of type [org.infinispan.commons.util.concurrent.jdk8backported.EquivalentConcurrentHashMapV8.CounterHashCode] (value [org.infinispan.commons.util.concurrent.jdk8backported.EquivalentConcurrentHashMapV8$CounterHashCode@4f19fc2f]) but failed to remove it when the web application was stopped. Threads are going to be renewed over time to try and avoid a probable memory leak.
Apr 25, 2016 2:19:35 PM org.apache.catalina.loader.WebappClassLoader checkThreadLocalMapForLeaks
SEVERE: The web application [/fcrepo] created a ThreadLocal with key of type [org.modeshape.jcr.NodeTypes$1] (value [org.modeshape.jcr.NodeTypes$1@3f69ad84]) and a value of type [org.modeshape.jcr.NodeTypes.SingleNodeDefinitionSet] (value [org.modeshape.jcr.NodeTypes$SingleNodeDefinitionSet@6acb1ea4]) but failed to remove it when the web application was stopped. Threads are going to be renewed over time to try and avoid a probable memory leak.
Apr 25, 2016 2:19:35 PM org.apache.catalina.loader.WebappClassLoader checkThreadLocalMapForLeaks
SEVERE: The web application [/fcrepo] created a ThreadLocal with key of type [java.lang.ThreadLocal] (value [java.lang.ThreadLocal@183c9bf4]) and a value of type [org.infinispan.commons.util.concurrent.jdk8backported.BoundedEquivalentConcurrentHashMapV8.CounterHashCode] (value [org.infinispan.commons.util.concurrent.jdk8backported.BoundedEquivalentConcurrentHashMapV8$CounterHashCode@1b5c6cf9]) but failed to remove it when the web application was stopped. Threads are going to be renewed over time to try and avoid a probable memory leak.
Apr 25, 2016 2:19:35 PM org.apache.catalina.loader.WebappClassLoader checkThreadLocalMapForLeaks
SEVERE: The web application [/fcrepo] created a ThreadLocal with key of type [org.jboss.marshalling.UTFUtils.BytesHolder] (value [org.jboss.marshalling.UTFUtils$BytesHolder@21f92cd5]) and a value of type [byte[]] (value [[B@212a471e]) but failed to remove it when the web application was stopped. Threads are going to be renewed over time to try and avoid a probable memory leak.
Apr 25, 2016 2:19:35 PM org.apache.catalina.loader.WebappClassLoader checkThreadLocalMapForLeaks
SEVERE: The web application [/fcrepo] created a ThreadLocal with key of type [com.codahale.metrics.ThreadLocalRandom$1] (value [com.codahale.metrics.ThreadLocalRandom$1@3d070eef]) and a value of type [com.codahale.metrics.ThreadLocalRandom] (value [com.codahale.metrics.ThreadLocalRandom@3a8012da]) but failed to remove it when the web application was stopped. Threads are going to be renewed over time to try and avoid a probable memory leak.
Apr 25, 2016 2:19:35 PM org.apache.catalina.loader.WebappClassLoader checkThreadLocalMapForLeaks
SEVERE: The web application [/fcrepo] created a ThreadLocal with key of type [org.infinispan.commons.util.concurrent.jdk8backported.Striped64.ThreadHashCode] (value [org.infinispan.commons.util.concurrent.jdk8backported.Striped64$ThreadHashCode@482ff8d4]) and a value of type [org.infinispan.commons.util.concurrent.jdk8backported.Striped64.HashCode] (value [org.infinispan.commons.util.concurrent.jdk8backported.Striped64$HashCode@3a786921]) but failed to remove it when the web application was stopped. Threads are going to be renewed over time to try and avoid a probable memory leak.
Apr 25, 2016 2:19:35 PM org.apache.catalina.loader.WebappClassLoader checkThreadLocalMapForLeaks
SEVERE: The web application [/fcrepo] created a ThreadLocal with key of type [org.glassfish.jersey.message.internal.HttpDateFormat$1] (value [org.glassfish.jersey.message.internal.HttpDateFormat$1@37d7d67a]) and a value of type [java.util.Collections.UnmodifiableRandomAccessList] (value [[java.text.SimpleDateFormat@c4dc9900, java.text.SimpleDateFormat@b831d961, java.text.SimpleDateFormat@937457b6]]) but failed to remove it when the web application was stopped. Threads are going to be renewed over time to try and avoid a probable memory leak.
Apr 25, 2016 2:19:35 PM org.apache.catalina.loader.WebappClassLoader checkThreadLocalMapForLeaks
SEVERE: The web application [/fcrepo] created a ThreadLocal with key of type [com.codahale.metrics.Striped64.ThreadHashCode] (value [com.codahale.metrics.Striped64$ThreadHashCode@5054a389]) and a value of type [com.codahale.metrics.Striped64.HashCode] (value [com.codahale.metrics.Striped64$HashCode@423bf133]) but failed to remove it when the web application was stopped. Threads are going to be renewed over time to try and avoid a probable memory leak.
Apr 25, 2016 2:19:35 PM org.apache.catalina.loader.WebappClassLoader checkThreadLocalMapForLeaks
SEVERE: The web application [/fcrepo] created a ThreadLocal with key of type [java.lang.ThreadLocal] (value [java.lang.ThreadLocal@43396db7]) and a value of type [org.infinispan.commons.util.concurrent.jdk8backported.EquivalentConcurrentHashMapV8.CounterHashCode] (value [org.infinispan.commons.util.concurrent.jdk8backported.EquivalentConcurrentHashMapV8$CounterHashCode@315a5cdd]) but failed to remove it when the web application was stopped. Threads are going to be renewed over time to try and avoid a probable memory leak.
Apr 25, 2016 2:19:35 PM org.apache.catalina.loader.WebappClassLoader checkThreadLocalMapForLeaks
SEVERE: The web application [/fcrepo] created a ThreadLocal with key of type [org.modeshape.jcr.NodeTypes$1] (value [org.modeshape.jcr.NodeTypes$1@3f69ad84]) and a value of type [org.modeshape.jcr.NodeTypes.SingleNodeDefinitionSet] (value [org.modeshape.jcr.NodeTypes$SingleNodeDefinitionSet@6acb1ea4]) but failed to remove it when the web application was stopped. Threads are going to be renewed over time to try and avoid a probable memory leak.
Apr 25, 2016 2:19:35 PM org.apache.catalina.loader.WebappClassLoader checkThreadLocalMapForLeaks
SEVERE: The web application [/fcrepo] created a ThreadLocal with key of type [java.lang.ThreadLocal] (value [java.lang.ThreadLocal@183c9bf4]) and a value of type [org.infinispan.commons.util.concurrent.jdk8backported.BoundedEquivalentConcurrentHashMapV8.CounterHashCode] (value [org.infinispan.commons.util.concurrent.jdk8backported.BoundedEquivalentConcurrentHashMapV8$CounterHashCode@b768eee]) but failed to remove it when the web application was stopped. Threads are going to be renewed over time to try and avoid a probable memory leak.
Apr 25, 2016 2:19:35 PM org.apache.catalina.loader.WebappClassLoader checkThreadLocalMapForLeaks
SEVERE: The web application [/fcrepo] created a ThreadLocal with key of type [org.jboss.marshalling.UTFUtils.BytesHolder] (value [org.jboss.marshalling.UTFUtils$BytesHolder@21f92cd5]) and a value of type [byte[]] (value [[B@72bedfc0]) but failed to remove it when the web application was stopped. Threads are going to be renewed over time to try and avoid a probable memory leak.
Apr 25, 2016 2:19:35 PM org.apache.catalina.loader.WebappClassLoader checkThreadLocalMapForLeaks
SEVERE: The web application [/fcrepo] created a ThreadLocal with key of type [com.codahale.metrics.ThreadLocalRandom$1] (value [com.codahale.metrics.ThreadLocalRandom$1@3d070eef]) and a value of type [com.codahale.metrics.ThreadLocalRandom] (value [com.codahale.metrics.ThreadLocalRandom@6f911acd]) but failed to remove it when the web application was stopped. Threads are going to be renewed over time to try and avoid a probable memory leak.
Apr 25, 2016 2:19:35 PM org.apache.catalina.loader.WebappClassLoader checkThreadLocalMapForLeaks
SEVERE: The web application [/fcrepo] created a ThreadLocal with key of type [org.infinispan.commons.util.concurrent.jdk8backported.Striped64.ThreadHashCode] (value [org.infinispan.commons.util.concurrent.jdk8backported.Striped64$ThreadHashCode@482ff8d4]) and a value of type [org.infinispan.commons.util.concurrent.jdk8backported.Striped64.HashCode] (value [org.infinispan.commons.util.concurrent.jdk8backported.Striped64$HashCode@cce1f56]) but failed to remove it when the web application was stopped. Threads are going to be renewed over time to try and avoid a probable memory leak.
Apr 25, 2016 2:19:35 PM org.apache.catalina.loader.WebappClassLoader checkThreadLocalMapForLeaks
SEVERE: The web application [/fcrepo] created a ThreadLocal with key of type [org.glassfish.jersey.message.internal.HttpDateFormat$1] (value [org.glassfish.jersey.message.internal.HttpDateFormat$1@37d7d67a]) and a value of type [java.util.Collections.UnmodifiableRandomAccessList] (value [[java.text.SimpleDateFormat@c4dc9900, java.text.SimpleDateFormat@b831d961, java.text.SimpleDateFormat@937457b6]]) but failed to remove it when the web application was stopped. Threads are going to be renewed over time to try and avoid a probable memory leak.
Apr 25, 2016 2:19:35 PM org.apache.catalina.loader.WebappClassLoader checkThreadLocalMapForLeaks
SEVERE: The web application [/fcrepo] created a ThreadLocal with key of type [com.codahale.metrics.Striped64.ThreadHashCode] (value [com.codahale.metrics.Striped64$ThreadHashCode@5054a389]) and a value of type [com.codahale.metrics.Striped64.HashCode] (value [com.codahale.metrics.Striped64$HashCode@3370f1df]) but failed to remove it when the web application was stopped. Threads are going to be renewed over time to try and avoid a probable memory leak.
Apr 25, 2016 2:19:35 PM org.apache.catalina.loader.WebappClassLoader checkThreadLocalMapForLeaks
SEVERE: The web application [/fcrepo] created a ThreadLocal with key of type [java.lang.ThreadLocal] (value [java.lang.ThreadLocal@43396db7]) and a value of type [org.infinispan.commons.util.concurrent.jdk8backported.EquivalentConcurrentHashMapV8.CounterHashCode] (value [org.infinispan.commons.util.concurrent.jdk8backported.EquivalentConcurrentHashMapV8$CounterHashCode@373468ae]) but failed to remove it when the web application was stopped. Threads are going to be renewed over time to try and avoid a probable memory leak.
Apr 25, 2016 2:19:35 PM org.apache.catalina.loader.WebappClassLoader checkThreadLocalMapForLeaks
SEVERE: The web application [/fcrepo] created a ThreadLocal with key of type [org.modeshape.jcr.NodeTypes$1] (value [org.modeshape.jcr.NodeTypes$1@3f69ad84]) and a value of type [org.modeshape.jcr.NodeTypes.SingleNodeDefinitionSet] (value [org.modeshape.jcr.NodeTypes$SingleNodeDefinitionSet@6acb1ea4]) but failed to remove it when the web application was stopped. Threads are going to be renewed over time to try and avoid a probable memory leak.
Apr 25, 2016 2:19:35 PM org.apache.catalina.loader.WebappClassLoader checkThreadLocalMapForLeaks
SEVERE: The web application [/fcrepo] created a ThreadLocal with key of type [java.lang.ThreadLocal] (value [java.lang.ThreadLocal@183c9bf4]) and a value of type [org.infinispan.commons.util.concurrent.jdk8backported.BoundedEquivalentConcurrentHashMapV8.CounterHashCode] (value [org.infinispan.commons.util.concurrent.jdk8backported.BoundedEquivalentConcurrentHashMapV8$CounterHashCode@50945bf7]) but failed to remove it when the web application was stopped. Threads are going to be renewed over time to try and avoid a probable memory leak.
Apr 25, 2016 2:19:35 PM org.apache.catalina.loader.WebappClassLoader checkThreadLocalMapForLeaks
SEVERE: The web application [/fcrepo] created a ThreadLocal with key of type [org.jboss.marshalling.UTFUtils.BytesHolder] (value [org.jboss.marshalling.UTFUtils$BytesHolder@21f92cd5]) and a value of type [byte[]] (value [[B@2c5cda1c]) but failed to remove it when the web application was stopped. Threads are going to be renewed over time to try and avoid a probable memory leak.
Apr 25, 2016 2:19:35 PM org.apache.catalina.loader.WebappClassLoader checkThreadLocalMapForLeaks
SEVERE: The web application [/fcrepo] created a ThreadLocal with key of type [com.codahale.metrics.ThreadLocalRandom$1] (value [com.codahale.metrics.ThreadLocalRandom$1@3d070eef]) and a value of type [com.codahale.metrics.ThreadLocalRandom] (value [com.codahale.metrics.ThreadLocalRandom@18162841]) but failed to remove it when the web application was stopped. Threads are going to be renewed over time to try and avoid a probable memory leak.
Apr 25, 2016 2:19:35 PM org.apache.catalina.loader.WebappClassLoader checkThreadLocalMapForLeaks
SEVERE: The web application [/fcrepo] created a ThreadLocal with key of type [org.infinispan.commons.util.concurrent.jdk8backported.Striped64.ThreadHashCode] (value [org.infinispan.commons.util.concurrent.jdk8backported.Striped64$ThreadHashCode@482ff8d4]) and a value of type [org.infinispan.commons.util.concurrent.jdk8backported.Striped64.HashCode] (value [org.infinispan.commons.util.concurrent.jdk8backported.Striped64$HashCode@cf352f5]) but failed to remove it when the web application was stopped. Threads are going to be renewed over time to try and avoid a probable memory leak.
Apr 25, 2016 2:19:35 PM org.apache.catalina.loader.WebappClassLoader checkThreadLocalMapForLeaks
SEVERE: The web application [/fcrepo] created a ThreadLocal with key of type [org.glassfish.jersey.message.internal.HttpDateFormat$1] (value [org.glassfish.jersey.message.internal.HttpDateFormat$1@37d7d67a]) and a value of type [java.util.Collections.UnmodifiableRandomAccessList] (value [[java.text.SimpleDateFormat@c4dc9900, java.text.SimpleDateFormat@b831d961, java.text.SimpleDateFormat@937457b6]]) but failed to remove it when the web application was stopped. Threads are going to be renewed over time to try and avoid a probable memory leak.
Apr 25, 2016 2:19:35 PM org.apache.catalina.loader.WebappClassLoader checkThreadLocalMapForLeaks
SEVERE: The web application [/fcrepo] created a ThreadLocal with key of type [com.codahale.metrics.Striped64.ThreadHashCode] (value [com.codahale.metrics.Striped64$ThreadHashCode@5054a389]) and a value of type [com.codahale.metrics.Striped64.HashCode] (value [com.codahale.metrics.Striped64$HashCode@7ecafb7f]) but failed to remove it when the web application was stopped. Threads are going to be renewed over time to try and avoid a probable memory leak.
Apr 25, 2016 2:19:35 PM org.apache.catalina.loader.WebappClassLoader checkThreadLocalMapForLeaks
SEVERE: The web application [/fcrepo] created a ThreadLocal with key of type [java.lang.ThreadLocal] (value [java.lang.ThreadLocal@43396db7]) and a value of type [org.infinispan.commons.util.concurrent.jdk8backported.EquivalentConcurrentHashMapV8.CounterHashCode] (value [org.infinispan.commons.util.concurrent.jdk8backported.EquivalentConcurrentHashMapV8$CounterHashCode@348c4280]) but failed to remove it when the web application was stopped. Threads are going to be renewed over time to try and avoid a probable memory leak.
Apr 25, 2016 2:19:35 PM org.apache.catalina.loader.WebappClassLoader checkThreadLocalMapForLeaks
SEVERE: The web application [/fcrepo] created a ThreadLocal with key of type [org.modeshape.jcr.NodeTypes$1] (value [org.modeshape.jcr.NodeTypes$1@3f69ad84]) and a value of type [org.modeshape.jcr.NodeTypes.SingleNodeDefinitionSet] (value [org.modeshape.jcr.NodeTypes$SingleNodeDefinitionSet@6acb1ea4]) but failed to remove it when the web application was stopped. Threads are going to be renewed over time to try and avoid a probable memory leak.
Apr 25, 2016 2:19:35 PM org.apache.catalina.loader.WebappClassLoader checkThreadLocalMapForLeaks
SEVERE: The web application [/fcrepo] created a ThreadLocal with key of type [java.lang.ThreadLocal] (value [java.lang.ThreadLocal@183c9bf4]) and a value of type [org.infinispan.commons.util.concurrent.jdk8backported.BoundedEquivalentConcurrentHashMapV8.CounterHashCode] (value [org.infinispan.commons.util.concurrent.jdk8backported.BoundedEquivalentConcurrentHashMapV8$CounterHashCode@1df12070]) but failed to remove it when the web application was stopped. Threads are going to be renewed over time to try and avoid a probable memory leak.
Apr 25, 2016 2:19:35 PM org.apache.catalina.loader.WebappClassLoader checkThreadLocalMapForLeaks
SEVERE: The web application [/fcrepo] created a ThreadLocal with key of type [org.jboss.marshalling.UTFUtils.BytesHolder] (value [org.jboss.marshalling.UTFUtils$BytesHolder@21f92cd5]) and a value of type [byte[]] (value [[B@b03adc1]) but failed to remove it when the web application was stopped. Threads are going to be renewed over time to try and avoid a probable memory leak.
Apr 25, 2016 2:19:35 PM org.apache.catalina.loader.WebappClassLoader checkThreadLocalMapForLeaks
SEVERE: The web application [/fcrepo] created a ThreadLocal with key of type [com.codahale.metrics.ThreadLocalRandom$1] (value [com.codahale.metrics.ThreadLocalRandom$1@3d070eef]) and a value of type [com.codahale.metrics.ThreadLocalRandom] (value [com.codahale.metrics.ThreadLocalRandom@223bbedd]) but failed to remove it when the web application was stopped. Threads are going to be renewed over time to try and avoid a probable memory leak.
Apr 25, 2016 2:19:35 PM org.apache.catalina.loader.WebappClassLoader checkThreadLocalMapForLeaks
SEVERE: The web application [/fcrepo] created a ThreadLocal with key of type [org.infinispan.commons.util.concurrent.jdk8backported.Striped64.ThreadHashCode] (value [org.infinispan.commons.util.concurrent.jdk8backported.Striped64$ThreadHashCode@482ff8d4]) and a value of type [org.infinispan.commons.util.concurrent.jdk8backported.Striped64.HashCode] (value [org.infinispan.commons.util.concurrent.jdk8backported.Striped64$HashCode@74756058]) but failed to remove it when the web application was stopped. Threads are going to be renewed over time to try and avoid a probable memory leak.
Apr 25, 2016 2:19:35 PM org.apache.catalina.loader.WebappClassLoader checkThreadLocalMapForLeaks
SEVERE: The web application [/fcrepo] created a ThreadLocal with key of type [org.glassfish.jersey.message.internal.HttpDateFormat$1] (value [org.glassfish.jersey.message.internal.HttpDateFormat$1@37d7d67a]) and a value of type [java.util.Collections.UnmodifiableRandomAccessList] (value [[java.text.SimpleDateFormat@c4dc9900, java.text.SimpleDateFormat@b831d961, java.text.SimpleDateFormat@937457b6]]) but failed to remove it when the web application was stopped. Threads are going to be renewed over time to try and avoid a probable memory leak.
Apr 25, 2016 2:19:35 PM org.apache.catalina.loader.WebappClassLoader checkThreadLocalMapForLeaks
SEVERE: The web application [/fcrepo] created a ThreadLocal with key of type [com.codahale.metrics.Striped64.ThreadHashCode] (value [com.codahale.metrics.Striped64$ThreadHashCode@5054a389]) and a value of type [com.codahale.metrics.Striped64.HashCode] (value [com.codahale.metrics.Striped64$HashCode@60932c06]) but failed to remove it when the web application was stopped. Threads are going to be renewed over time to try and avoid a probable memory leak.
Apr 25, 2016 2:19:35 PM org.apache.catalina.loader.WebappClassLoader checkThreadLocalMapForLeaks
SEVERE: The web application [/fcrepo] created a ThreadLocal with key of type [java.lang.ThreadLocal] (value [java.lang.ThreadLocal@43396db7]) and a value of type [org.infinispan.commons.util.concurrent.jdk8backported.EquivalentConcurrentHashMapV8.CounterHashCode] (value [org.infinispan.commons.util.concurrent.jdk8backported.EquivalentConcurrentHashMapV8$CounterHashCode@76e8f870]) but failed to remove it when the web application was stopped. Threads are going to be renewed over time to try and avoid a probable memory leak.
Apr 25, 2016 2:19:35 PM org.apache.catalina.loader.WebappClassLoader checkThreadLocalMapForLeaks
SEVERE: The web application [/fcrepo] created a ThreadLocal with key of type [org.modeshape.jcr.NodeTypes$1] (value [org.modeshape.jcr.NodeTypes$1@3f69ad84]) and a value of type [org.modeshape.jcr.NodeTypes.SingleNodeDefinitionSet] (value [org.modeshape.jcr.NodeTypes$SingleNodeDefinitionSet@6acb1ea4]) but failed to remove it when the web application was stopped. Threads are going to be renewed over time to try and avoid a probable memory leak.
Apr 25, 2016 2:19:35 PM org.apache.catalina.loader.WebappClassLoader checkThreadLocalMapForLeaks
SEVERE: The web application [/fcrepo] created a ThreadLocal with key of type [java.lang.ThreadLocal] (value [java.lang.ThreadLocal@183c9bf4]) and a value of type [org.infinispan.commons.util.concurrent.jdk8backported.BoundedEquivalentConcurrentHashMapV8.CounterHashCode] (value [org.infinispan.commons.util.concurrent.jdk8backported.BoundedEquivalentConcurrentHashMapV8$CounterHashCode@9da7d26]) but failed to remove it when the web application was stopped. Threads are going to be renewed over time to try and avoid a probable memory leak.
Apr 25, 2016 2:19:35 PM org.apache.catalina.loader.WebappClassLoader checkThreadLocalMapForLeaks
SEVERE: The web application [/fcrepo] created a ThreadLocal with key of type [org.jboss.marshalling.UTFUtils.BytesHolder] (value [org.jboss.marshalling.UTFUtils$BytesHolder@21f92cd5]) and a value of type [byte[]] (value [[B@56f2abe5]) but failed to remove it when the web application was stopped. Threads are going to be renewed over time to try and avoid a probable memory leak.
Apr 25, 2016 2:19:35 PM org.apache.catalina.loader.WebappClassLoader checkThreadLocalMapForLeaks
SEVERE: The web application [/fcrepo] created a ThreadLocal with key of type [com.codahale.metrics.ThreadLocalRandom$1] (value [com.codahale.metrics.ThreadLocalRandom$1@3d070eef]) and a value of type [com.codahale.metrics.ThreadLocalRandom] (value [com.codahale.metrics.ThreadLocalRandom@2f784e21]) but failed to remove it when the web application was stopped. Threads are going to be renewed over time to try and avoid a probable memory leak.
Apr 25, 2016 2:19:35 PM org.apache.catalina.loader.WebappClassLoader checkThreadLocalMapForLeaks
SEVERE: The web application [/fcrepo] created a ThreadLocal with key of type [org.infinispan.commons.util.concurrent.jdk8backported.Striped64.ThreadHashCode] (value [org.infinispan.commons.util.concurrent.jdk8backported.Striped64$ThreadHashCode@482ff8d4]) and a value of type [org.infinispan.commons.util.concurrent.jdk8backported.Striped64.HashCode] (value [org.infinispan.commons.util.concurrent.jdk8backported.Striped64$HashCode@1ee218c6]) but failed to remove it when the web application was stopped. Threads are going to be renewed over time to try and avoid a probable memory leak.
Apr 25, 2016 2:19:35 PM org.apache.catalina.loader.WebappClassLoader checkThreadLocalMapForLeaks
SEVERE: The web application [/fcrepo] created a ThreadLocal with key of type [org.glassfish.jersey.message.internal.HttpDateFormat$1] (value [org.glassfish.jersey.message.internal.HttpDateFormat$1@37d7d67a]) and a value of type [java.util.Collections.UnmodifiableRandomAccessList] (value [[java.text.SimpleDateFormat@c4dc9900, java.text.SimpleDateFormat@b831d961, java.text.SimpleDateFormat@937457b6]]) but failed to remove it when the web application was stopped. Threads are going to be renewed over time to try and avoid a probable memory leak.
Apr 25, 2016 2:19:35 PM org.apache.catalina.loader.WebappClassLoader checkThreadLocalMapForLeaks
SEVERE: The web application [/fcrepo] created a ThreadLocal with key of type [com.codahale.metrics.Striped64.ThreadHashCode] (value [com.codahale.metrics.Striped64$ThreadHashCode@5054a389]) and a value of type [com.codahale.metrics.Striped64.HashCode] (value [com.codahale.metrics.Striped64$HashCode@440b7571]) but failed to remove it when the web application was stopped. Threads are going to be renewed over time to try and avoid a probable memory leak.
Apr 25, 2016 2:19:35 PM org.apache.catalina.loader.WebappClassLoader checkThreadLocalMapForLeaks
SEVERE: The web application [/fcrepo] created a ThreadLocal with key of type [java.lang.ThreadLocal] (value [java.lang.ThreadLocal@43396db7]) and a value of type [org.infinispan.commons.util.concurrent.jdk8backported.EquivalentConcurrentHashMapV8.CounterHashCode] (value [org.infinispan.commons.util.concurrent.jdk8backported.EquivalentConcurrentHashMapV8$CounterHashCode@7655396]) but failed to remove it when the web application was stopped. Threads are going to be renewed over time to try and avoid a probable memory leak.
Apr 25, 2016 2:19:35 PM org.apache.catalina.loader.WebappClassLoader checkThreadLocalMapForLeaks
SEVERE: The web application [/fcrepo] created a ThreadLocal with key of type [org.modeshape.jcr.NodeTypes$1] (value [org.modeshape.jcr.NodeTypes$1@3f69ad84]) and a value of type [org.modeshape.jcr.NodeTypes.SingleNodeDefinitionSet] (value [org.modeshape.jcr.NodeTypes$SingleNodeDefinitionSet@6acb1ea4]) but failed to remove it when the web application was stopped. Threads are going to be renewed over time to try and avoid a probable memory leak.
Apr 25, 2016 2:19:35 PM org.apache.catalina.loader.WebappClassLoader checkThreadLocalMapForLeaks
SEVERE: The web application [/fcrepo] created a ThreadLocal with key of type [java.lang.ThreadLocal] (value [java.lang.ThreadLocal@183c9bf4]) and a value of type [org.infinispan.commons.util.concurrent.jdk8backported.BoundedEquivalentConcurrentHashMapV8.CounterHashCode] (value [org.infinispan.commons.util.concurrent.jdk8backported.BoundedEquivalentConcurrentHashMapV8$CounterHashCode@6a810c1d]) but failed to remove it when the web application was stopped. Threads are going to be renewed over time to try and avoid a probable memory leak.
Apr 25, 2016 2:19:35 PM org.apache.catalina.loader.WebappClassLoader checkThreadLocalMapForLeaks
SEVERE: The web application [/fcrepo] created a ThreadLocal with key of type [org.jboss.marshalling.UTFUtils.BytesHolder] (value [org.jboss.marshalling.UTFUtils$BytesHolder@21f92cd5]) and a value of type [byte[]] (value [[B@642b0da3]) but failed to remove it when the web application was stopped. Threads are going to be renewed over time to try and avoid a probable memory leak.
Apr 25, 2016 2:19:35 PM org.apache.catalina.loader.WebappClassLoader checkThreadLocalMapForLeaks
SEVERE: The web application [/fcrepo] created a ThreadLocal with key of type [com.codahale.metrics.ThreadLocalRandom$1] (value [com.codahale.metrics.ThreadLocalRandom$1@3d070eef]) and a value of type [com.codahale.metrics.ThreadLocalRandom] (value [com.codahale.metrics.ThreadLocalRandom@7b944caa]) but failed to remove it when the web application was stopped. Threads are going to be renewed over time to try and avoid a probable memory leak.
Apr 25, 2016 2:19:35 PM org.apache.catalina.loader.WebappClassLoader checkThreadLocalMapForLeaks
SEVERE: The web application [/fcrepo] created a ThreadLocal with key of type [org.infinispan.commons.util.concurrent.jdk8backported.Striped64.ThreadHashCode] (value [org.infinispan.commons.util.concurrent.jdk8backported.Striped64$ThreadHashCode@482ff8d4]) and a value of type [org.infinispan.commons.util.concurrent.jdk8backported.Striped64.HashCode] (value [org.infinispan.commons.util.concurrent.jdk8backported.Striped64$HashCode@56c049ad]) but failed to remove it when the web application was stopped. Threads are going to be renewed over time to try and avoid a probable memory leak.
Apr 25, 2016 2:19:35 PM org.apache.catalina.loader.WebappClassLoader checkThreadLocalMapForLeaks
SEVERE: The web application [/fcrepo] created a ThreadLocal with key of type [org.glassfish.jersey.message.internal.HttpDateFormat$1] (value [org.glassfish.jersey.message.internal.HttpDateFormat$1@37d7d67a]) and a value of type [java.util.Collections.UnmodifiableRandomAccessList] (value [[java.text.SimpleDateFormat@c4dc9900, java.text.SimpleDateFormat@b831d961, java.text.SimpleDateFormat@937457b6]]) but failed to remove it when the web application was stopped. Threads are going to be renewed over time to try and avoid a probable memory leak.
Apr 25, 2016 2:19:35 PM org.apache.catalina.loader.WebappClassLoader checkThreadLocalMapForLeaks
SEVERE: The web application [/fcrepo] created a ThreadLocal with key of type [com.codahale.metrics.Striped64.ThreadHashCode] (value [com.codahale.metrics.Striped64$ThreadHashCode@5054a389]) and a value of type [com.codahale.metrics.Striped64.HashCode] (value [com.codahale.metrics.Striped64$HashCode@3443468c]) but failed to remove it when the web application was stopped. Threads are going to be renewed over time to try and avoid a probable memory leak.
Apr 25, 2016 2:19:35 PM org.apache.catalina.loader.WebappClassLoader checkThreadLocalMapForLeaks
SEVERE: The web application [/fcrepo] created a ThreadLocal with key of type [java.lang.ThreadLocal] (value [java.lang.ThreadLocal@43396db7]) and a value of type [org.infinispan.commons.util.concurrent.jdk8backported.EquivalentConcurrentHashMapV8.CounterHashCode] (value [org.infinispan.commons.util.concurrent.jdk8backported.EquivalentConcurrentHashMapV8$CounterHashCode@8b913b2]) but failed to remove it when the web application was stopped. Threads are going to be renewed over time to try and avoid a probable memory leak.
Apr 25, 2016 2:19:35 PM org.apache.catalina.loader.WebappClassLoader checkThreadLocalMapForLeaks
SEVERE: The web application [/fcrepo] created a ThreadLocal with key of type [org.modeshape.jcr.NodeTypes$1] (value [org.modeshape.jcr.NodeTypes$1@3f69ad84]) and a value of type [org.modeshape.jcr.NodeTypes.SingleNodeDefinitionSet] (value [org.modeshape.jcr.NodeTypes$SingleNodeDefinitionSet@6acb1ea4]) but failed to remove it when the web application was stopped. Threads are going to be renewed over time to try and avoid a probable memory leak.
Apr 25, 2016 2:19:35 PM org.apache.catalina.loader.WebappClassLoader checkThreadLocalMapForLeaks
SEVERE: The web application [/fcrepo] created a ThreadLocal with key of type [java.lang.ThreadLocal] (value [java.lang.ThreadLocal@183c9bf4]) and a value of type [org.infinispan.commons.util.concurrent.jdk8backported.BoundedEquivalentConcurrentHashMapV8.CounterHashCode] (value [org.infinispan.commons.util.concurrent.jdk8backported.BoundedEquivalentConcurrentHashMapV8$CounterHashCode@5111ef13]) but failed to remove it when the web application was stopped. Threads are going to be renewed over time to try and avoid a probable memory leak.
Apr 25, 2016 2:19:35 PM org.apache.catalina.loader.WebappClassLoader checkThreadLocalMapForLeaks
SEVERE: The web application [/fcrepo] created a ThreadLocal with key of type [org.jboss.marshalling.UTFUtils.BytesHolder] (value [org.jboss.marshalling.UTFUtils$BytesHolder@21f92cd5]) and a value of type [byte[]] (value [[B@5c859bd]) but failed to remove it when the web application was stopped. Threads are going to be renewed over time to try and avoid a probable memory leak.
Apr 25, 2016 2:19:35 PM org.apache.catalina.loader.WebappClassLoader checkThreadLocalMapForLeaks
SEVERE: The web application [/fcrepo] created a ThreadLocal with key of type [com.codahale.metrics.ThreadLocalRandom$1] (value [com.codahale.metrics.ThreadLocalRandom$1@3d070eef]) and a value of type [com.codahale.metrics.ThreadLocalRandom] (value [com.codahale.metrics.ThreadLocalRandom@2b9118ae]) but failed to remove it when the web application was stopped. Threads are going to be renewed over time to try and avoid a probable memory leak.
Apr 25, 2016 2:19:35 PM org.apache.catalina.loader.WebappClassLoader checkThreadLocalMapForLeaks
SEVERE: The web application [/fcrepo] created a ThreadLocal with key of type [org.infinispan.commons.util.concurrent.jdk8backported.Striped64.ThreadHashCode] (value [org.infinispan.commons.util.concurrent.jdk8backported.Striped64$ThreadHashCode@482ff8d4]) and a value of type [org.infinispan.commons.util.concurrent.jdk8backported.Striped64.HashCode] (value [org.infinispan.commons.util.concurrent.jdk8backported.Striped64$HashCode@6bf5aaed]) but failed to remove it when the web application was stopped. Threads are going to be renewed over time to try and avoid a probable memory leak.
Apr 25, 2016 2:19:35 PM org.apache.catalina.loader.WebappClassLoader checkThreadLocalMapForLeaks
SEVERE: The web application [/fcrepo] created a ThreadLocal with key of type [org.glassfish.jersey.message.internal.HttpDateFormat$1] (value [org.glassfish.jersey.message.internal.HttpDateFormat$1@37d7d67a]) and a value of type [java.util.Collections.UnmodifiableRandomAccessList] (value [[java.text.SimpleDateFormat@c4dc9900, java.text.SimpleDateFormat@b831d961, java.text.SimpleDateFormat@937457b6]]) but failed to remove it when the web application was stopped. Threads are going to be renewed over time to try and avoid a probable memory leak.
Apr 25, 2016 2:19:35 PM org.apache.catalina.loader.WebappClassLoader checkThreadLocalMapForLeaks
SEVERE: The web application [/fcrepo] created a ThreadLocal with key of type [com.codahale.metrics.Striped64.ThreadHashCode] (value [com.codahale.metrics.Striped64$ThreadHashCode@5054a389]) and a value of type [com.codahale.metrics.Striped64.HashCode] (value [com.codahale.metrics.Striped64$HashCode@35c2a9f7]) but failed to remove it when the web application was stopped. Threads are going to be renewed over time to try and avoid a probable memory leak.
Apr 25, 2016 2:19:35 PM org.apache.catalina.loader.WebappClassLoader checkThreadLocalMapForLeaks
SEVERE: The web application [/fcrepo] created a ThreadLocal with key of type [java.lang.ThreadLocal] (value [java.lang.ThreadLocal@43396db7]) and a value of type [org.infinispan.commons.util.concurrent.jdk8backported.EquivalentConcurrentHashMapV8.CounterHashCode] (value [org.infinispan.commons.util.concurrent.jdk8backported.EquivalentConcurrentHashMapV8$CounterHashCode@72000b43]) but failed to remove it when the web application was stopped. Threads are going to be renewed over time to try and avoid a probable memory leak.
Apr 25, 2016 2:19:35 PM org.apache.catalina.loader.WebappClassLoader checkThreadLocalMapForLeaks
SEVERE: The web application [/fcrepo] created a ThreadLocal with key of type [org.modeshape.jcr.NodeTypes$1] (value [org.modeshape.jcr.NodeTypes$1@3f69ad84]) and a value of type [org.modeshape.jcr.NodeTypes.SingleNodeDefinitionSet] (value [org.modeshape.jcr.NodeTypes$SingleNodeDefinitionSet@6acb1ea4]) but failed to remove it when the web application was stopped. Threads are going to be renewed over time to try and avoid a probable memory leak.
Apr 25, 2016 2:19:35 PM org.apache.catalina.loader.WebappClassLoader checkThreadLocalMapForLeaks
SEVERE: The web application [/fcrepo] created a ThreadLocal with key of type [java.lang.ThreadLocal] (value [java.lang.ThreadLocal@183c9bf4]) and a value of type [org.infinispan.commons.util.concurrent.jdk8backported.BoundedEquivalentConcurrentHashMapV8.CounterHashCode] (value [org.infinispan.commons.util.concurrent.jdk8backported.BoundedEquivalentConcurrentHashMapV8$CounterHashCode@517739c5]) but failed to remove it when the web application was stopped. Threads are going to be renewed over time to try and avoid a probable memory leak.
