
Starting verification: 2016-12-21 13:07:13.711993

Loading configuration options from import/export config file: 
  'importexport.yml'

Running verification on Fedora 4 export

WARN: Resource Mismatch '/SSstagingFedora4/rest/prod/28/01/pg/41/2801pg41b/thumbnail'
RESOURCE 4: fcrepo binary
  rel  => /SSstagingFedora4/rest/prod/28/01/pg/41/2801pg41b/thumbnail
  orig => http://localhost:8080/SSstagingFedora4/rest/prod/28/01/pg/41/2801pg41b/thumbnail
  dest => /dlt/scholarsphere/ssrepo1stage/fedora/export/SSstagingFedora4/rest/prod/28/01/pg/41/2801pg41b/thumbnail.binary
  Verifying original to copy... False --  != c9326ccb927bb2dfd350854e3026b7f6b1607025

WARN: Resource Mismatch '/SSstagingFedora4/rest/prod/28/01/pg/41/2801pg41b/full_text'
RESOURCE 6: fcrepo binary
  rel  => /SSstagingFedora4/rest/prod/28/01/pg/41/2801pg41b/full_text
  orig => http://localhost:8080/SSstagingFedora4/rest/prod/28/01/pg/41/2801pg41b/full_text
  dest => /dlt/scholarsphere/ssrepo1stage/fedora/export/SSstagingFedora4/rest/prod/28/01/pg/41/2801pg41b/full_text.binary
  Verifying original to copy... False --  != a0749ea2cd2950f7dc2ac2bcd65b3eea77e443e5

WARN: Resource Mismatch '/SSstagingFedora4/rest/prod/28/01/pg/41/2801pg41b/characterization'
RESOURCE 8: fcrepo binary
  rel  => /SSstagingFedora4/rest/prod/28/01/pg/41/2801pg41b/characterization
  orig => http://localhost:8080/SSstagingFedora4/rest/prod/28/01/pg/41/2801pg41b/characterization
  dest => /dlt/scholarsphere/ssrepo1stage/fedora/export/SSstagingFedora4/rest/prod/28/01/pg/41/2801pg41b/characterization.binary
  Verifying original to copy... False --  != c823dd4c568d1e63e73a0ca9b579ee69bced34cf

WARN: Resource Mismatch '/SSstagingFedora4/rest/prod/28/01/pg/41/2801pg41b/content'
RESOURCE 10: fcrepo binary
  rel  => /SSstagingFedora4/rest/prod/28/01/pg/41/2801pg41b/content
  orig => http://localhost:8080/SSstagingFedora4/rest/prod/28/01/pg/41/2801pg41b/content
  dest => /dlt/scholarsphere/ssrepo1stage/fedora/export/SSstagingFedora4/rest/prod/28/01/pg/41/2801pg41b/content.binary
  Verifying original to copy... False --  != 4f15235b53155f9285a3fec309a8611bd1088a5f

WARN: Resource Mismatch '/SSstagingFedora4/rest/prod/7d/27/8w/66/7d278w663/characterization'
RESOURCE 13: fcrepo binary
  rel  => /SSstagingFedora4/rest/prod/7d/27/8w/66/7d278w663/characterization
  orig => http://localhost:8080/SSstagingFedora4/rest/prod/7d/27/8w/66/7d278w663/characterization
  dest => /dlt/scholarsphere/ssrepo1stage/fedora/export/SSstagingFedora4/rest/prod/7d/27/8w/66/7d278w663/characterization.binary
  Verifying original to copy... False --  != 5c2e4b3e2ac98d8d049b107f533082490bed0507

WARN: Resource Mismatch '/SSstagingFedora4/rest/prod/7d/27/8w/66/7d278w663/thumbnail'
RESOURCE 15: fcrepo binary
  rel  => /SSstagingFedora4/rest/prod/7d/27/8w/66/7d278w663/thumbnail
  orig => http://localhost:8080/SSstagingFedora4/rest/prod/7d/27/8w/66/7d278w663/thumbnail
  dest => /dlt/scholarsphere/ssrepo1stage/fedora/export/SSstagingFedora4/rest/prod/7d/27/8w/66/7d278w663/thumbnail.binary
  Verifying original to copy... False --  != 2f3a9b874c8190379aeb7a6bf38d17c1bb61f8f1

WARN: Resource Mismatch '/SSstagingFedora4/rest/prod/7d/27/8w/66/7d278w663/content'
RESOURCE 17: fcrepo binary
  rel  => /SSstagingFedora4/rest/prod/7d/27/8w/66/7d278w663/content
  orig => http://localhost:8080/SSstagingFedora4/rest/prod/7d/27/8w/66/7d278w663/content
  dest => /dlt/scholarsphere/ssrepo1stage/fedora/export/SSstagingFedora4/rest/prod/7d/27/8w/66/7d278w663/content.binary
  Verifying original to copy... False --  != 46233410434ef641a42ecb35f6a8bd01a09a47d9

WARN: Resource Mismatch '/SSstagingFedora4/rest/prod/28/01/pg/50/2801pg509/full_text'
RESOURCE 22: fcrepo binary
  rel  => /SSstagingFedora4/rest/prod/28/01/pg/50/2801pg509/full_text
  orig => http://localhost:8080/SSstagingFedora4/rest/prod/28/01/pg/50/2801pg509/full_text
  dest => /dlt/scholarsphere/ssrepo1stage/fedora/export/SSstagingFedora4/rest/prod/28/01/pg/50/2801pg509/full_text.binary
  Verifying original to copy... False --  != 8a9051a6b8bb81584b2f96103786f8ecdea9d885

WARN: Resource Mismatch '/SSstagingFedora4/rest/prod/28/01/pg/50/2801pg509/characterization'
RESOURCE 24: fcrepo binary
  rel  => /SSstagingFedora4/rest/prod/28/01/pg/50/2801pg509/characterization
  orig => http://localhost:8080/SSstagingFedora4/rest/prod/28/01/pg/50/2801pg509/characterization
  dest => /dlt/scholarsphere/ssrepo1stage/fedora/export/SSstagingFedora4/rest/prod/28/01/pg/50/2801pg509/characterization.binary
  Verifying original to copy... False --  != c4ec7df8c0a20c7115df265efe99aec3ea0045c6

WARN: Resource Mismatch '/SSstagingFedora4/rest/prod/28/01/pg/50/2801pg509/thumbnail'
RESOURCE 26: fcrepo binary
  rel  => /SSstagingFedora4/rest/prod/28/01/pg/50/2801pg509/thumbnail
  orig => http://localhost:8080/SSstagingFedora4/rest/prod/28/01/pg/50/2801pg509/thumbnail
  dest => /dlt/scholarsphere/ssrepo1stage/fedora/export/SSstagingFedora4/rest/prod/28/01/pg/50/2801pg509/thumbnail.binary
  Verifying original to copy... False --  != 087cf7e56fca9c1bc35da9786498a52b448cd471

WARN: Resource Mismatch '/SSstagingFedora4/rest/prod/28/01/pg/50/2801pg509/content'
RESOURCE 28: fcrepo binary
  rel  => /SSstagingFedora4/rest/prod/28/01/pg/50/2801pg509/content
  orig => http://localhost:8080/SSstagingFedora4/rest/prod/28/01/pg/50/2801pg509/content
  dest => /dlt/scholarsphere/ssrepo1stage/fedora/export/SSstagingFedora4/rest/prod/28/01/pg/50/2801pg509/content.binary
  Verifying original to copy... False --  != 71e349ba6377f92eaff466c1e6b6d42e78b4bda0

WARN: Resource Mismatch '/SSstagingFedora4/rest/prod/7d/27/90/86/7d279086c/full_text'
RESOURCE 31: fcrepo binary
  rel  => /SSstagingFedora4/rest/prod/7d/27/90/86/7d279086c/full_text
  orig => http://localhost:8080/SSstagingFedora4/rest/prod/7d/27/90/86/7d279086c/full_text
  dest => /dlt/scholarsphere/ssrepo1stage/fedora/export/SSstagingFedora4/rest/prod/7d/27/90/86/7d279086c/full_text.binary
  Verifying original to copy... False --  != 13245f2d10bd38517315ff0fd1d1f3a0b71caa28

WARN: Resource Mismatch '/SSstagingFedora4/rest/prod/7d/27/90/86/7d279086c/characterization'
RESOURCE 33: fcrepo binary
  rel  => /SSstagingFedora4/rest/prod/7d/27/90/86/7d279086c/characterization
  orig => http://localhost:8080/SSstagingFedora4/rest/prod/7d/27/90/86/7d279086c/characterization
  dest => /dlt/scholarsphere/ssrepo1stage/fedora/export/SSstagingFedora4/rest/prod/7d/27/90/86/7d279086c/characterization.binary
  Verifying original to copy... False --  != 2c6a54a7a91806f86cf85cc70b4757fb371cf095

WARN: Resource Mismatch '/SSstagingFedora4/rest/prod/7d/27/90/86/7d279086c/content'
RESOURCE 35: fcrepo binary
  rel  => /SSstagingFedora4/rest/prod/7d/27/90/86/7d279086c/content
  orig => http://localhost:8080/SSstagingFedora4/rest/prod/7d/27/90/86/7d279086c/content
  dest => /dlt/scholarsphere/ssrepo1stage/fedora/export/SSstagingFedora4/rest/prod/7d/27/90/86/7d279086c/content.binary
  Verifying original to copy... False --  != 2163f0411472026486bbc3e70a3a4544391ac42e

WARN: Resource Mismatch '/SSstagingFedora4/rest/prod/57/12/mq/28/5712mq285'
RESOURCE 45: fcrepo rdf
  rel  => /SSstagingFedora4/rest/prod/57/12/mq/28/5712mq285
  orig => http://localhost:8080/SSstagingFedora4/rest/prod/57/12/mq/28/5712mq285
  dest => /dlt/scholarsphere/ssrepo1stage/fedora/export/SSstagingFedora4/rest/prod/57/12/mq/28/5712mq285.ttl
  Verifying original to copy... False -- 46+46 triples - mismatch

WARN: Resource Mismatch '/SSstagingFedora4/rest/prod/57/12/mq/28/5712mq285/full_text'
RESOURCE 46: fcrepo binary
  rel  => /SSstagingFedora4/rest/prod/57/12/mq/28/5712mq285/full_text
  orig => http://localhost:8080/SSstagingFedora4/rest/prod/57/12/mq/28/5712mq285/full_text
  dest => /dlt/scholarsphere/ssrepo1stage/fedora/export/SSstagingFedora4/rest/prod/57/12/mq/28/5712mq285/full_text.binary
  Verifying original to copy... False --  != fcbdae13b74a858f483a1482d124034bcebe7142

WARN: Resource Mismatch '/SSstagingFedora4/rest/prod/57/12/mq/28/5712mq285/content'
RESOURCE 48: fcrepo binary
  rel  => /SSstagingFedora4/rest/prod/57/12/mq/28/5712mq285/content
  orig => http://localhost:8080/SSstagingFedora4/rest/prod/57/12/mq/28/5712mq285/content
  dest => /dlt/scholarsphere/ssrepo1stage/fedora/export/SSstagingFedora4/rest/prod/57/12/mq/28/5712mq285/content.binary
  Verifying original to copy... False --  != ffe68160a0ec487a154d68ccc1b743a6b4057d71

WARN: Resource Mismatch '/SSstagingFedora4/rest/prod/57/12/mq/28/5712mq285/thumbnail'
RESOURCE 50: fcrepo binary
  rel  => /SSstagingFedora4/rest/prod/57/12/mq/28/5712mq285/thumbnail
  orig => http://localhost:8080/SSstagingFedora4/rest/prod/57/12/mq/28/5712mq285/thumbnail
  dest => /dlt/scholarsphere/ssrepo1stage/fedora/export/SSstagingFedora4/rest/prod/57/12/mq/28/5712mq285/thumbnail.binary
  Verifying original to copy... False --  != 27c04c02d63bad959daac76353644bcf4ac1da50

WARN: Resource Mismatch '/SSstagingFedora4/rest/prod/57/12/mq/28/5712mq285/characterization'
RESOURCE 52: fcrepo binary
  rel  => /SSstagingFedora4/rest/prod/57/12/mq/28/5712mq285/characterization
  orig => http://localhost:8080/SSstagingFedora4/rest/prod/57/12/mq/28/5712mq285/characterization
  dest => /dlt/scholarsphere/ssrepo1stage/fedora/export/SSstagingFedora4/rest/prod/57/12/mq/28/5712mq285/characterization.binary
  Verifying original to copy... False --  != 3f4e2d9406210af0d4cefb6e50dbe3bf68fc0629

WARN: Resource Mismatch '/SSstagingFedora4/rest/prod/3x/81/6m/67/3x816m672/content'
RESOURCE 59: fcrepo binary
  rel  => /SSstagingFedora4/rest/prod/3x/81/6m/67/3x816m672/content
  orig => http://localhost:8080/SSstagingFedora4/rest/prod/3x/81/6m/67/3x816m672/content
  dest => /dlt/scholarsphere/ssrepo1stage/fedora/export/SSstagingFedora4/rest/prod/3x/81/6m/67/3x816m672/content.binary
  Verifying original to copy... False --  != b3114d4a762a241dc46a7ae92f5c9d7dd4ea65d1

WARN: Resource Mismatch '/SSstagingFedora4/rest/prod/3x/81/6m/67/3x816m672/full_text'
RESOURCE 61: fcrepo binary
  rel  => /SSstagingFedora4/rest/prod/3x/81/6m/67/3x816m672/full_text
  orig => http://localhost:8080/SSstagingFedora4/rest/prod/3x/81/6m/67/3x816m672/full_text
  dest => /dlt/scholarsphere/ssrepo1stage/fedora/export/SSstagingFedora4/rest/prod/3x/81/6m/67/3x816m672/full_text.binary
  Verifying original to copy... False --  != d08f88df745fa7950b104e4a707a31cfce7b5841

WARN: Resource Mismatch '/SSstagingFedora4/rest/prod/3x/81/6m/67/3x816m672/characterization'
RESOURCE 63: fcrepo binary
  rel  => /SSstagingFedora4/rest/prod/3x/81/6m/67/3x816m672/characterization
  orig => http://localhost:8080/SSstagingFedora4/rest/prod/3x/81/6m/67/3x816m672/characterization
  dest => /dlt/scholarsphere/ssrepo1stage/fedora/export/SSstagingFedora4/rest/prod/3x/81/6m/67/3x816m672/characterization.binary
  Verifying original to copy... False --  != 4275208543ae8db5de181a0563ace72465baa6d8

WARN: Resource Mismatch '/SSstagingFedora4/rest/prod/4j/03/cz/84/4j03cz84c/characterization'
RESOURCE 66: fcrepo binary
  rel  => /SSstagingFedora4/rest/prod/4j/03/cz/84/4j03cz84c/characterization
  orig => http://localhost:8080/SSstagingFedora4/rest/prod/4j/03/cz/84/4j03cz84c/characterization
  dest => /dlt/scholarsphere/ssrepo1stage/fedora/export/SSstagingFedora4/rest/prod/4j/03/cz/84/4j03cz84c/characterization.binary
  Verifying original to copy... False --  != 69d3445baebfc87ee23b41a33b0d1ab14702a42a

WARN: Resource Mismatch '/SSstagingFedora4/rest/prod/4j/03/cz/84/4j03cz84c/content'
RESOURCE 68: fcrepo binary
  rel  => /SSstagingFedora4/rest/prod/4j/03/cz/84/4j03cz84c/content
  orig => http://localhost:8080/SSstagingFedora4/rest/prod/4j/03/cz/84/4j03cz84c/content
  dest => /dlt/scholarsphere/ssrepo1stage/fedora/export/SSstagingFedora4/rest/prod/4j/03/cz/84/4j03cz84c/content.binary
  Verifying original to copy... False --  != 05ebcada575f94bd8dffa0b670c3c41063bbc8e7

WARN: Resource Mismatch '/SSstagingFedora4/rest/prod/br/86/b3/71/br86b371t/content'
RESOURCE 71: fcrepo binary
  rel  => /SSstagingFedora4/rest/prod/br/86/b3/71/br86b371t/content
  orig => http://localhost:8080/SSstagingFedora4/rest/prod/br/86/b3/71/br86b371t/content
  dest => /dlt/scholarsphere/ssrepo1stage/fedora/export/SSstagingFedora4/rest/prod/br/86/b3/71/br86b371t/content.binary
  Verifying original to copy... False --  != 0bf412d70e6b58298615d1d6607507e06884e39b

WARN: Resource Mismatch '/SSstagingFedora4/rest/prod/br/86/b3/71/br86b371t/thumbnail'
RESOURCE 73: fcrepo binary
  rel  => /SSstagingFedora4/rest/prod/br/86/b3/71/br86b371t/thumbnail
  orig => http://localhost:8080/SSstagingFedora4/rest/prod/br/86/b3/71/br86b371t/thumbnail
  dest => /dlt/scholarsphere/ssrepo1stage/fedora/export/SSstagingFedora4/rest/prod/br/86/b3/71/br86b371t/thumbnail.binary
  Verifying original to copy... False --  != ba820eb6d473f8cbfc9caf63bcc439d5ac9c35f0

WARN: Resource Mismatch '/SSstagingFedora4/rest/prod/br/86/b3/71/br86b371t/characterization'
RESOURCE 75: fcrepo binary
  rel  => /SSstagingFedora4/rest/prod/br/86/b3/71/br86b371t/characterization
  orig => http://localhost:8080/SSstagingFedora4/rest/prod/br/86/b3/71/br86b371t/characterization
  dest => /dlt/scholarsphere/ssrepo1stage/fedora/export/SSstagingFedora4/rest/prod/br/86/b3/71/br86b371t/characterization.binary
  Verifying original to copy... False --  != 6859b3bbcf13af1f6b4c75b952b25044fdeebc2e

WARN: Resource Mismatch '/SSstagingFedora4/rest/prod/jd/47/2w/44/jd472w44j/content'
RESOURCE 79: fcrepo binary
  rel  => /SSstagingFedora4/rest/prod/jd/47/2w/44/jd472w44j/content
  orig => http://localhost:8080/SSstagingFedora4/rest/prod/jd/47/2w/44/jd472w44j/content
  dest => /dlt/scholarsphere/ssrepo1stage/fedora/export/SSstagingFedora4/rest/prod/jd/47/2w/44/jd472w44j/content.binary
  Verifying original to copy... False --  != a9eac73eccb0cf633ee61e6602b27c2b14094e37

WARN: Resource Mismatch '/SSstagingFedora4/rest/prod/jd/47/2w/44/jd472w44j/full_text'
RESOURCE 81: fcrepo binary
  rel  => /SSstagingFedora4/rest/prod/jd/47/2w/44/jd472w44j/full_text
  orig => http://localhost:8080/SSstagingFedora4/rest/prod/jd/47/2w/44/jd472w44j/full_text
  dest => /dlt/scholarsphere/ssrepo1stage/fedora/export/SSstagingFedora4/rest/prod/jd/47/2w/44/jd472w44j/full_text.binary
  Verifying original to copy... False --  != 7672fbd2631e3dcabda9cdd1203905c66c5733f2

WARN: Resource Mismatch '/SSstagingFedora4/rest/prod/jd/47/2w/44/jd472w44j/characterization'
RESOURCE 83: fcrepo binary
  rel  => /SSstagingFedora4/rest/prod/jd/47/2w/44/jd472w44j/characterization
  orig => http://localhost:8080/SSstagingFedora4/rest/prod/jd/47/2w/44/jd472w44j/characterization
  dest => /dlt/scholarsphere/ssrepo1stage/fedora/export/SSstagingFedora4/rest/prod/jd/47/2w/44/jd472w44j/characterization.binary
  Verifying original to copy... False --  != 7b9d75afe2902dd44f7215a3be9b1d79ca99b8af

WARN: Resource Mismatch '/SSstagingFedora4/rest/prod/dr/26/xx/43/dr26xx430/characterization'
RESOURCE 86: fcrepo binary
  rel  => /SSstagingFedora4/rest/prod/dr/26/xx/43/dr26xx430/characterization
  orig => http://localhost:8080/SSstagingFedora4/rest/prod/dr/26/xx/43/dr26xx430/characterization
  dest => /dlt/scholarsphere/ssrepo1stage/fedora/export/SSstagingFedora4/rest/prod/dr/26/xx/43/dr26xx430/characterization.binary
  Verifying original to copy... False --  != 1b3c0597e8dcd63793d1e7491f9f63c7488a52d9

WARN: Resource Mismatch '/SSstagingFedora4/rest/prod/dr/26/xx/43/dr26xx430/content'
RESOURCE 88: fcrepo binary
  rel  => /SSstagingFedora4/rest/prod/dr/26/xx/43/dr26xx430/content
  orig => http://localhost:8080/SSstagingFedora4/rest/prod/dr/26/xx/43/dr26xx430/content
  dest => /dlt/scholarsphere/ssrepo1stage/fedora/export/SSstagingFedora4/rest/prod/dr/26/xx/43/dr26xx430/content.binary
  Verifying original to copy... False --  != 8e7ef77007b69a1d58d45cfc522f4f0302093378

WARN: Resource Mismatch '/SSstagingFedora4/rest/prod/w0/89/2b/55/w0892b55z/content'
RESOURCE 92: fcrepo binary
  rel  => /SSstagingFedora4/rest/prod/w0/89/2b/55/w0892b55z/content
  orig => http://localhost:8080/SSstagingFedora4/rest/prod/w0/89/2b/55/w0892b55z/content
  dest => /dlt/scholarsphere/ssrepo1stage/fedora/export/SSstagingFedora4/rest/prod/w0/89/2b/55/w0892b55z/content.binary
  Verifying original to copy... False --  != 4cad47155a2f61603d0c041c558fea78b71600d0

WARN: Resource Mismatch '/SSstagingFedora4/rest/prod/w0/89/2b/55/w0892b55z/full_text'
RESOURCE 94: fcrepo binary
  rel  => /SSstagingFedora4/rest/prod/w0/89/2b/55/w0892b55z/full_text
  orig => http://localhost:8080/SSstagingFedora4/rest/prod/w0/89/2b/55/w0892b55z/full_text
  dest => /dlt/scholarsphere/ssrepo1stage/fedora/export/SSstagingFedora4/rest/prod/w0/89/2b/55/w0892b55z/full_text.binary
  Verifying original to copy... False --  != 29833bdb98058dc9ff63eaab308ff65b18bded91

WARN: Resource Mismatch '/SSstagingFedora4/rest/prod/w0/89/2b/55/w0892b55z/characterization'
RESOURCE 96: fcrepo binary
  rel  => /SSstagingFedora4/rest/prod/w0/89/2b/55/w0892b55z/characterization
  orig => http://localhost:8080/SSstagingFedora4/rest/prod/w0/89/2b/55/w0892b55z/characterization
  dest => /dlt/scholarsphere/ssrepo1stage/fedora/export/SSstagingFedora4/rest/prod/w0/89/2b/55/w0892b55z/characterization.binary
  Verifying original to copy... False --  != 9cda2a8cdc8f1c8cbfdea4d6280b34cf16a358c6

WARN: Resource Mismatch '/SSstagingFedora4/rest/prod/57/12/ms/34/5712ms34q/thumbnail'
RESOURCE 100: fcrepo binary
  rel  => /SSstagingFedora4/rest/prod/57/12/ms/34/5712ms34q/thumbnail
  orig => http://localhost:8080/SSstagingFedora4/rest/prod/57/12/ms/34/5712ms34q/thumbnail
  dest => /dlt/scholarsphere/ssrepo1stage/fedora/export/SSstagingFedora4/rest/prod/57/12/ms/34/5712ms34q/thumbnail.binary
  Verifying original to copy... False --  != 0bdb3ce5f2e366eabb52aab750480e68650b39b7

WARN: Resource Mismatch '/SSstagingFedora4/rest/prod/57/12/ms/34/5712ms34q/content'
RESOURCE 102: fcrepo binary
  rel  => /SSstagingFedora4/rest/prod/57/12/ms/34/5712ms34q/content
  orig => http://localhost:8080/SSstagingFedora4/rest/prod/57/12/ms/34/5712ms34q/content
  dest => /dlt/scholarsphere/ssrepo1stage/fedora/export/SSstagingFedora4/rest/prod/57/12/ms/34/5712ms34q/content.binary
  Verifying original to copy... False --  != 97a7b9a9bb0bffe20bb06ec874ccf61873153209

WARN: Resource Mismatch '/SSstagingFedora4/rest/prod/57/12/ms/34/5712ms34q/full_text'
RESOURCE 104: fcrepo binary
  rel  => /SSstagingFedora4/rest/prod/57/12/ms/34/5712ms34q/full_text
  orig => http://localhost:8080/SSstagingFedora4/rest/prod/57/12/ms/34/5712ms34q/full_text
  dest => /dlt/scholarsphere/ssrepo1stage/fedora/export/SSstagingFedora4/rest/prod/57/12/ms/34/5712ms34q/full_text.binary
  Verifying original to copy... False --  != 8d9a69f7c2daa679ce4b775afdd6971632f8702b

WARN: Resource Mismatch '/SSstagingFedora4/rest/prod/57/12/ms/34/5712ms34q/characterization'
RESOURCE 106: fcrepo binary
  rel  => /SSstagingFedora4/rest/prod/57/12/ms/34/5712ms34q/characterization
  orig => http://localhost:8080/SSstagingFedora4/rest/prod/57/12/ms/34/5712ms34q/characterization
  dest => /dlt/scholarsphere/ssrepo1stage/fedora/export/SSstagingFedora4/rest/prod/57/12/ms/34/5712ms34q/characterization.binary
  Verifying original to copy... False --  != 4d12ce50f7404b963c0ecc3408d9c72c8b934130

WARN: Resource Mismatch '/SSstagingFedora4/rest/prod/4b/29/b6/02/4b29b602s/characterization'
RESOURCE 118: fcrepo binary
  rel  => /SSstagingFedora4/rest/prod/4b/29/b6/02/4b29b602s/characterization
  orig => http://localhost:8080/SSstagingFedora4/rest/prod/4b/29/b6/02/4b29b602s/characterization
  dest => /dlt/scholarsphere/ssrepo1stage/fedora/export/SSstagingFedora4/rest/prod/4b/29/b6/02/4b29b602s/characterization.binary
  Verifying original to copy... False --  != ec794482dfd75363b21f52373ebcc4244139462e

WARN: Resource Mismatch '/SSstagingFedora4/rest/prod/4b/29/b6/02/4b29b602s/full_text'
RESOURCE 120: fcrepo binary
  rel  => /SSstagingFedora4/rest/prod/4b/29/b6/02/4b29b602s/full_text
  orig => http://localhost:8080/SSstagingFedora4/rest/prod/4b/29/b6/02/4b29b602s/full_text
  dest => /dlt/scholarsphere/ssrepo1stage/fedora/export/SSstagingFedora4/rest/prod/4b/29/b6/02/4b29b602s/full_text.binary
  Verifying original to copy... False --  != 62831c147f7817e22b34bc15493199df8d1b308f

WARN: Resource Mismatch '/SSstagingFedora4/rest/prod/4b/29/b6/02/4b29b602s/content'
RESOURCE 122: fcrepo binary
  rel  => /SSstagingFedora4/rest/prod/4b/29/b6/02/4b29b602s/content
  orig => http://localhost:8080/SSstagingFedora4/rest/prod/4b/29/b6/02/4b29b602s/content
  dest => /dlt/scholarsphere/ssrepo1stage/fedora/export/SSstagingFedora4/rest/prod/4b/29/b6/02/4b29b602s/content.binary
  Verifying original to copy... False --  != df6543ea0e744b7abe42453c0f6ab5f6b0479079

WARN: Resource Mismatch '/SSstagingFedora4/rest/prod/dj/52/w4/79/dj52w479s/characterization'
RESOURCE 134: fcrepo binary
  rel  => /SSstagingFedora4/rest/prod/dj/52/w4/79/dj52w479s/characterization
  orig => http://localhost:8080/SSstagingFedora4/rest/prod/dj/52/w4/79/dj52w479s/characterization
  dest => /dlt/scholarsphere/ssrepo1stage/fedora/export/SSstagingFedora4/rest/prod/dj/52/w4/79/dj52w479s/characterization.binary
  Verifying original to copy... False --  != 106bde79c0ff4e20008576743e2246deebca64dd

WARN: Resource Mismatch '/SSstagingFedora4/rest/prod/dj/52/w4/79/dj52w479s/thumbnail'
RESOURCE 136: fcrepo binary
  rel  => /SSstagingFedora4/rest/prod/dj/52/w4/79/dj52w479s/thumbnail
  orig => http://localhost:8080/SSstagingFedora4/rest/prod/dj/52/w4/79/dj52w479s/thumbnail
  dest => /dlt/scholarsphere/ssrepo1stage/fedora/export/SSstagingFedora4/rest/prod/dj/52/w4/79/dj52w479s/thumbnail.binary
  Verifying original to copy... False --  != 838eb090beae92ca9282edbfbfb86854e8a69b76

WARN: Resource Mismatch '/SSstagingFedora4/rest/prod/dj/52/w4/79/dj52w479s/content'
RESOURCE 138: fcrepo binary
  rel  => /SSstagingFedora4/rest/prod/dj/52/w4/79/dj52w479s/content
  orig => http://localhost:8080/SSstagingFedora4/rest/prod/dj/52/w4/79/dj52w479s/content
  dest => /dlt/scholarsphere/ssrepo1stage/fedora/export/SSstagingFedora4/rest/prod/dj/52/w4/79/dj52w479s/content.binary
  Verifying original to copy... False --  != a89746f97977af0e825e7910e741e52b706f31f6

WARN: Resource Mismatch '/SSstagingFedora4/rest/prod/57/12/mv/89/5712mv89q/content'
RESOURCE 144: fcrepo binary
  rel  => /SSstagingFedora4/rest/prod/57/12/mv/89/5712mv89q/content
  orig => http://localhost:8080/SSstagingFedora4/rest/prod/57/12/mv/89/5712mv89q/content
  dest => /dlt/scholarsphere/ssrepo1stage/fedora/export/SSstagingFedora4/rest/prod/57/12/mv/89/5712mv89q/content.binary
  Verifying original to copy... False --  != 3299c239a020d1a0c58e95cf7868093e13e5df0d

WARN: Resource Mismatch '/SSstagingFedora4/rest/prod/57/12/mv/89/5712mv89q/thumbnail'
RESOURCE 146: fcrepo binary
  rel  => /SSstagingFedora4/rest/prod/57/12/mv/89/5712mv89q/thumbnail
  orig => http://localhost:8080/SSstagingFedora4/rest/prod/57/12/mv/89/5712mv89q/thumbnail
  dest => /dlt/scholarsphere/ssrepo1stage/fedora/export/SSstagingFedora4/rest/prod/57/12/mv/89/5712mv89q/thumbnail.binary
  Verifying original to copy... False --  != e2dc9dd8ac6c4cc8d21994b07a149db07b2917d2

WARN: Resource Mismatch '/SSstagingFedora4/rest/prod/57/12/mv/89/5712mv89q/characterization'
RESOURCE 148: fcrepo binary
  rel  => /SSstagingFedora4/rest/prod/57/12/mv/89/5712mv89q/characterization
  orig => http://localhost:8080/SSstagingFedora4/rest/prod/57/12/mv/89/5712mv89q/characterization
  dest => /dlt/scholarsphere/ssrepo1stage/fedora/export/SSstagingFedora4/rest/prod/57/12/mv/89/5712mv89q/characterization.binary
  Verifying original to copy... False --  != 1ee6f3618061a45290a7b1cf5f78da92c1469edb

WARN: Resource Mismatch '/SSstagingFedora4/rest/prod/57/12/mv/89/5712mv89q/full_text'
RESOURCE 150: fcrepo binary
  rel  => /SSstagingFedora4/rest/prod/57/12/mv/89/5712mv89q/full_text
  orig => http://localhost:8080/SSstagingFedora4/rest/prod/57/12/mv/89/5712mv89q/full_text
  dest => /dlt/scholarsphere/ssrepo1stage/fedora/export/SSstagingFedora4/rest/prod/57/12/mv/89/5712mv89q/full_text.binary
  Verifying original to copy... False --  != b6f776d36d0be7be8a77b1acd3b04c09ba6ccb0e

WARN: Resource Mismatch '/SSstagingFedora4/rest/prod/sf/26/8d/90/sf268d90r/characterization'
RESOURCE 154: fcrepo binary
  rel  => /SSstagingFedora4/rest/prod/sf/26/8d/90/sf268d90r/characterization
  orig => http://localhost:8080/SSstagingFedora4/rest/prod/sf/26/8d/90/sf268d90r/characterization
  dest => /dlt/scholarsphere/ssrepo1stage/fedora/export/SSstagingFedora4/rest/prod/sf/26/8d/90/sf268d90r/characterization.binary
  Verifying original to copy... False --  != c329020698d50feacd161be803f1913902250d8e

WARN: Resource Mismatch '/SSstagingFedora4/rest/prod/sf/26/8d/90/sf268d90r/thumbnail'
RESOURCE 156: fcrepo binary
  rel  => /SSstagingFedora4/rest/prod/sf/26/8d/90/sf268d90r/thumbnail
  orig => http://localhost:8080/SSstagingFedora4/rest/prod/sf/26/8d/90/sf268d90r/thumbnail
  dest => /dlt/scholarsphere/ssrepo1stage/fedora/export/SSstagingFedora4/rest/prod/sf/26/8d/90/sf268d90r/thumbnail.binary
  Verifying original to copy... False --  != ca622435ac90ad69a497b31149ce64dd050b0fce

WARN: Resource Mismatch '/SSstagingFedora4/rest/prod/sf/26/8d/90/sf268d90r/full_text'
RESOURCE 158: fcrepo binary
  rel  => /SSstagingFedora4/rest/prod/sf/26/8d/90/sf268d90r/full_text
  orig => http://localhost:8080/SSstagingFedora4/rest/prod/sf/26/8d/90/sf268d90r/full_text
  dest => /dlt/scholarsphere/ssrepo1stage/fedora/export/SSstagingFedora4/rest/prod/sf/26/8d/90/sf268d90r/full_text.binary
  Verifying original to copy... False --  != e76cb4dc4093632f0f7e2a25fdba6b0f2fcb82b4

WARN: Resource Mismatch '/SSstagingFedora4/rest/prod/sf/26/8d/90/sf268d90r/content'
RESOURCE 160: fcrepo binary
  rel  => /SSstagingFedora4/rest/prod/sf/26/8d/90/sf268d90r/content
  orig => http://localhost:8080/SSstagingFedora4/rest/prod/sf/26/8d/90/sf268d90r/content
  dest => /dlt/scholarsphere/ssrepo1stage/fedora/export/SSstagingFedora4/rest/prod/sf/26/8d/90/sf268d90r/content.binary
  Verifying original to copy... False --  != f576b82298174c4b8ee18883222117ba82a6602c

WARN: Resource Mismatch '/SSstagingFedora4/rest/prod/pv/63/g1/62/pv63g1622/full_text'
RESOURCE 163: fcrepo binary
  rel  => /SSstagingFedora4/rest/prod/pv/63/g1/62/pv63g1622/full_text
  orig => http://localhost:8080/SSstagingFedora4/rest/prod/pv/63/g1/62/pv63g1622/full_text
  dest => /dlt/scholarsphere/ssrepo1stage/fedora/export/SSstagingFedora4/rest/prod/pv/63/g1/62/pv63g1622/full_text.binary
  Verifying original to copy... False --  != 669aa3183929affc2d3fadb0a482f1c0e7403059

WARN: Resource Mismatch '/SSstagingFedora4/rest/prod/pv/63/g1/62/pv63g1622/content'
RESOURCE 165: fcrepo binary
  rel  => /SSstagingFedora4/rest/prod/pv/63/g1/62/pv63g1622/content
  orig => http://localhost:8080/SSstagingFedora4/rest/prod/pv/63/g1/62/pv63g1622/content
  dest => /dlt/scholarsphere/ssrepo1stage/fedora/export/SSstagingFedora4/rest/prod/pv/63/g1/62/pv63g1622/content.binary
  Verifying original to copy... False --  != db23e4f5a0b704ab6c3ea07f0a4c114757931a1d

WARN: Resource Mismatch '/SSstagingFedora4/rest/prod/pv/63/g1/62/pv63g1622/characterization'
RESOURCE 167: fcrepo binary
  rel  => /SSstagingFedora4/rest/prod/pv/63/g1/62/pv63g1622/characterization
  orig => http://localhost:8080/SSstagingFedora4/rest/prod/pv/63/g1/62/pv63g1622/characterization
  dest => /dlt/scholarsphere/ssrepo1stage/fedora/export/SSstagingFedora4/rest/prod/pv/63/g1/62/pv63g1622/characterization.binary
  Verifying original to copy... False --  != d9161eddf28c8d882d5702f8bd69252bac551322
