
Starting verification: 2016-12-21 13:11:32.169564

Loading configuration options from config file:
  'importexport.yml'

Running verification on Fedora 4 export

WARN: Resource Mismatch '/SSstagingFedora4/rest/prod/r7/81/wn/14/r781wn14z/content'
RESOURCE 10: fedora binary
  rel  => /SSstagingFedora4/rest/prod/r7/81/wn/14/r781wn14z/content
  orig => http://localhost:8080/SSstagingFedora4/rest/prod/r7/81/wn/14/r781wn14z/content
  dest => /dlt/scholarsphere/ssrepo1stage/fedora/export/SSstagingFedora4/rest/prod/r7/81/wn/14/r781wn14z/content.binary
  Verifying original to copy... False --  != 61dc5fd90b999b6e3368fd4eec00998e3144e178

WARN: Resource Mismatch '/SSstagingFedora4/rest/prod/r7/81/wn/14/r781wn14z/characterization'
RESOURCE 12: fedora binary
  rel  => /SSstagingFedora4/rest/prod/r7/81/wn/14/r781wn14z/characterization
  orig => http://localhost:8080/SSstagingFedora4/rest/prod/r7/81/wn/14/r781wn14z/characterization
  dest => /dlt/scholarsphere/ssrepo1stage/fedora/export/SSstagingFedora4/rest/prod/r7/81/wn/14/r781wn14z/characterization.binary
  Verifying original to copy... False --  != 2fd1b194275214a8ad1e6a4cf719789ec58a74f3

WARN: Resource Mismatch '/SSstagingFedora4/rest/prod/r7/81/wn/14/r781wn14z/thumbnail'
RESOURCE 14: fedora binary
  rel  => /SSstagingFedora4/rest/prod/r7/81/wn/14/r781wn14z/thumbnail
  orig => http://localhost:8080/SSstagingFedora4/rest/prod/r7/81/wn/14/r781wn14z/thumbnail
  dest => /dlt/scholarsphere/ssrepo1stage/fedora/export/SSstagingFedora4/rest/prod/r7/81/wn/14/r781wn14z/thumbnail.binary
  Verifying original to copy... False --  != d21648ce87082b43af4f4323c232e7d988d95fae

WARN: Resource Mismatch '/SSstagingFedora4/rest/prod/r7/81/wn/14/r781wn14z/full_text'
RESOURCE 16: fedora binary
  rel  => /SSstagingFedora4/rest/prod/r7/81/wn/14/r781wn14z/full_text
  orig => http://localhost:8080/SSstagingFedora4/rest/prod/r7/81/wn/14/r781wn14z/full_text
  dest => /dlt/scholarsphere/ssrepo1stage/fedora/export/SSstagingFedora4/rest/prod/r7/81/wn/14/r781wn14z/full_text.binary
  Verifying original to copy... False --  != bb5a03e667896f6b48f9c0d758b27e48a85c953f

WARN: Resource Mismatch '/SSstagingFedora4/rest/prod/86/23/j4/59/8623j459k/thumbnail'
RESOURCE 21: fedora binary
  rel  => /SSstagingFedora4/rest/prod/86/23/j4/59/8623j459k/thumbnail
  orig => http://localhost:8080/SSstagingFedora4/rest/prod/86/23/j4/59/8623j459k/thumbnail
  dest => /dlt/scholarsphere/ssrepo1stage/fedora/export/SSstagingFedora4/rest/prod/86/23/j4/59/8623j459k/thumbnail.binary
  Verifying original to copy... False --  != 6905fe37f38da66e6dc0ac21dcf84713942a6bb2

WARN: Resource Mismatch '/SSstagingFedora4/rest/prod/86/23/j4/59/8623j459k/full_text'
RESOURCE 23: fedora binary
  rel  => /SSstagingFedora4/rest/prod/86/23/j4/59/8623j459k/full_text
  orig => http://localhost:8080/SSstagingFedora4/rest/prod/86/23/j4/59/8623j459k/full_text
  dest => /dlt/scholarsphere/ssrepo1stage/fedora/export/SSstagingFedora4/rest/prod/86/23/j4/59/8623j459k/full_text.binary
  Verifying original to copy... False --  != 41d7e9b0c9022eb7ba36927fd18dca6afcd3bb89

WARN: Resource Mismatch '/SSstagingFedora4/rest/prod/86/23/j4/59/8623j459k/content'
RESOURCE 25: fedora binary
  rel  => /SSstagingFedora4/rest/prod/86/23/j4/59/8623j459k/content
  orig => http://localhost:8080/SSstagingFedora4/rest/prod/86/23/j4/59/8623j459k/content
  dest => /dlt/scholarsphere/ssrepo1stage/fedora/export/SSstagingFedora4/rest/prod/86/23/j4/59/8623j459k/content.binary
  Verifying original to copy... False --  != c8c20c89be7a689daa1fda4120bca0a32d2b20ce

WARN: Resource Mismatch '/SSstagingFedora4/rest/prod/86/23/j4/59/8623j459k/characterization'
RESOURCE 27: fedora binary
  rel  => /SSstagingFedora4/rest/prod/86/23/j4/59/8623j459k/characterization
  orig => http://localhost:8080/SSstagingFedora4/rest/prod/86/23/j4/59/8623j459k/characterization
  dest => /dlt/scholarsphere/ssrepo1stage/fedora/export/SSstagingFedora4/rest/prod/86/23/j4/59/8623j459k/characterization.binary
  Verifying original to copy... False --  != bde3b5a203c6e19708b287c42281f17e57080b27

WARN: Resource Mismatch '/SSstagingFedora4/rest/prod/22/27/mp/72/2227mp72v/full_text'
RESOURCE 35: fedora binary
  rel  => /SSstagingFedora4/rest/prod/22/27/mp/72/2227mp72v/full_text
  orig => http://localhost:8080/SSstagingFedora4/rest/prod/22/27/mp/72/2227mp72v/full_text
  dest => /dlt/scholarsphere/ssrepo1stage/fedora/export/SSstagingFedora4/rest/prod/22/27/mp/72/2227mp72v/full_text.binary
  Verifying original to copy... False --  != 9aa2df154fd1a4a5df47520dba28cb8ed5059fd1

WARN: Resource Mismatch '/SSstagingFedora4/rest/prod/22/27/mp/72/2227mp72v/thumbnail'
RESOURCE 37: fedora binary
  rel  => /SSstagingFedora4/rest/prod/22/27/mp/72/2227mp72v/thumbnail
  orig => http://localhost:8080/SSstagingFedora4/rest/prod/22/27/mp/72/2227mp72v/thumbnail
  dest => /dlt/scholarsphere/ssrepo1stage/fedora/export/SSstagingFedora4/rest/prod/22/27/mp/72/2227mp72v/thumbnail.binary
  Verifying original to copy... False --  != 124bb4d774827c68968c57ec43303a16305b3c13

WARN: Resource Mismatch '/SSstagingFedora4/rest/prod/22/27/mp/72/2227mp72v/characterization'
RESOURCE 39: fedora binary
  rel  => /SSstagingFedora4/rest/prod/22/27/mp/72/2227mp72v/characterization
  orig => http://localhost:8080/SSstagingFedora4/rest/prod/22/27/mp/72/2227mp72v/characterization
  dest => /dlt/scholarsphere/ssrepo1stage/fedora/export/SSstagingFedora4/rest/prod/22/27/mp/72/2227mp72v/characterization.binary
  Verifying original to copy... False --  != 56601a4b5917f34b2a1abcb84d0414ebd8d09921

WARN: Resource Mismatch '/SSstagingFedora4/rest/prod/22/27/mp/72/2227mp72v/content'
RESOURCE 41: fedora binary
  rel  => /SSstagingFedora4/rest/prod/22/27/mp/72/2227mp72v/content
  orig => http://localhost:8080/SSstagingFedora4/rest/prod/22/27/mp/72/2227mp72v/content
  dest => /dlt/scholarsphere/ssrepo1stage/fedora/export/SSstagingFedora4/rest/prod/22/27/mp/72/2227mp72v/content.binary
  Verifying original to copy... False --  != 3581474af77af28f9b5654b836a26d28f5a6b839

WARN: Resource Mismatch '/SSstagingFedora4/rest/prod/w0/89/2b/00/w0892b00c/characterization'
RESOURCE 49: fedora binary
  rel  => /SSstagingFedora4/rest/prod/w0/89/2b/00/w0892b00c/characterization
  orig => http://localhost:8080/SSstagingFedora4/rest/prod/w0/89/2b/00/w0892b00c/characterization
  dest => /dlt/scholarsphere/ssrepo1stage/fedora/export/SSstagingFedora4/rest/prod/w0/89/2b/00/w0892b00c/characterization.binary
  Verifying original to copy... False --  != 0a501a25934727a2f135518928cbf2bd735d9bc8

WARN: Resource Mismatch '/SSstagingFedora4/rest/prod/w0/89/2b/00/w0892b00c/thumbnail'
RESOURCE 51: fedora binary
  rel  => /SSstagingFedora4/rest/prod/w0/89/2b/00/w0892b00c/thumbnail
  orig => http://localhost:8080/SSstagingFedora4/rest/prod/w0/89/2b/00/w0892b00c/thumbnail
  dest => /dlt/scholarsphere/ssrepo1stage/fedora/export/SSstagingFedora4/rest/prod/w0/89/2b/00/w0892b00c/thumbnail.binary
  Verifying original to copy... False --  != 53f1077e28f1d97503a15e6dd61a733f1342e830

WARN: Resource Mismatch '/SSstagingFedora4/rest/prod/w0/89/2b/00/w0892b00c/full_text'
RESOURCE 53: fedora binary
  rel  => /SSstagingFedora4/rest/prod/w0/89/2b/00/w0892b00c/full_text
  orig => http://localhost:8080/SSstagingFedora4/rest/prod/w0/89/2b/00/w0892b00c/full_text
  dest => /dlt/scholarsphere/ssrepo1stage/fedora/export/SSstagingFedora4/rest/prod/w0/89/2b/00/w0892b00c/full_text.binary
  Verifying original to copy... False --  != d08f88df745fa7950b104e4a707a31cfce7b5841

WARN: Resource Mismatch '/SSstagingFedora4/rest/prod/w0/89/2b/00/w0892b00c/content'
RESOURCE 55: fedora binary
  rel  => /SSstagingFedora4/rest/prod/w0/89/2b/00/w0892b00c/content
  orig => http://localhost:8080/SSstagingFedora4/rest/prod/w0/89/2b/00/w0892b00c/content
  dest => /dlt/scholarsphere/ssrepo1stage/fedora/export/SSstagingFedora4/rest/prod/w0/89/2b/00/w0892b00c/content.binary
  Verifying original to copy... False --  != 11c4a1d8628ef0c82596052b0e4be2c7dc76fe95

WARN: Resource Mismatch '/SSstagingFedora4/rest/prod/gb/19/f5/89/gb19f5896/thumbnail'
RESOURCE 59: fedora binary
  rel  => /SSstagingFedora4/rest/prod/gb/19/f5/89/gb19f5896/thumbnail
  orig => http://localhost:8080/SSstagingFedora4/rest/prod/gb/19/f5/89/gb19f5896/thumbnail
  dest => /dlt/scholarsphere/ssrepo1stage/fedora/export/SSstagingFedora4/rest/prod/gb/19/f5/89/gb19f5896/thumbnail.binary
  Verifying original to copy... False --  != 04688899b3900babe93635ddeff2658f04307866

WARN: Resource Mismatch '/SSstagingFedora4/rest/prod/gb/19/f5/89/gb19f5896/content'
RESOURCE 61: fedora binary
  rel  => /SSstagingFedora4/rest/prod/gb/19/f5/89/gb19f5896/content
  orig => http://localhost:8080/SSstagingFedora4/rest/prod/gb/19/f5/89/gb19f5896/content
  dest => /dlt/scholarsphere/ssrepo1stage/fedora/export/SSstagingFedora4/rest/prod/gb/19/f5/89/gb19f5896/content.binary
  Verifying original to copy... False --  != a8501c5064cafeef68dbd84a1cc69ada3c73de8b

WARN: Resource Mismatch '/SSstagingFedora4/rest/prod/gb/19/f5/89/gb19f5896/full_text'
RESOURCE 63: fedora binary
  rel  => /SSstagingFedora4/rest/prod/gb/19/f5/89/gb19f5896/full_text
  orig => http://localhost:8080/SSstagingFedora4/rest/prod/gb/19/f5/89/gb19f5896/full_text
  dest => /dlt/scholarsphere/ssrepo1stage/fedora/export/SSstagingFedora4/rest/prod/gb/19/f5/89/gb19f5896/full_text.binary
  Verifying original to copy... False --  != 5e18aaf11a61694dbcd601fa4b020c442eac2e73

WARN: Resource Mismatch '/SSstagingFedora4/rest/prod/gb/19/f5/89/gb19f5896/characterization'
RESOURCE 65: fedora binary
  rel  => /SSstagingFedora4/rest/prod/gb/19/f5/89/gb19f5896/characterization
  orig => http://localhost:8080/SSstagingFedora4/rest/prod/gb/19/f5/89/gb19f5896/characterization
  dest => /dlt/scholarsphere/ssrepo1stage/fedora/export/SSstagingFedora4/rest/prod/gb/19/f5/89/gb19f5896/characterization.binary
  Verifying original to copy... False --  != 691d84892ea1c929cf62b4989ce94054075d40a4

WARN: Resource Mismatch '/SSstagingFedora4/rest/prod/g1/58/bh/29/g158bh29z/content'
RESOURCE 68: fedora binary
  rel  => /SSstagingFedora4/rest/prod/g1/58/bh/29/g158bh29z/content
  orig => http://localhost:8080/SSstagingFedora4/rest/prod/g1/58/bh/29/g158bh29z/content
  dest => /dlt/scholarsphere/ssrepo1stage/fedora/export/SSstagingFedora4/rest/prod/g1/58/bh/29/g158bh29z/content.binary
  Verifying original to copy... False --  != 8527973865f9c3d01300f2bc29a0b1ced809648c

WARN: Resource Mismatch '/SSstagingFedora4/rest/prod/g1/58/bh/29/g158bh29z/thumbnail'
RESOURCE 70: fedora binary
  rel  => /SSstagingFedora4/rest/prod/g1/58/bh/29/g158bh29z/thumbnail
  orig => http://localhost:8080/SSstagingFedora4/rest/prod/g1/58/bh/29/g158bh29z/thumbnail
  dest => /dlt/scholarsphere/ssrepo1stage/fedora/export/SSstagingFedora4/rest/prod/g1/58/bh/29/g158bh29z/thumbnail.binary
  Verifying original to copy... False --  != 4a8073e92f95c22555b28d71343bc347ac37d71b

WARN: Resource Mismatch '/SSstagingFedora4/rest/prod/g1/58/bh/29/g158bh29z/characterization'
RESOURCE 72: fedora binary
  rel  => /SSstagingFedora4/rest/prod/g1/58/bh/29/g158bh29z/characterization
  orig => http://localhost:8080/SSstagingFedora4/rest/prod/g1/58/bh/29/g158bh29z/characterization
  dest => /dlt/scholarsphere/ssrepo1stage/fedora/export/SSstagingFedora4/rest/prod/g1/58/bh/29/g158bh29z/characterization.binary
  Verifying original to copy... False --  != 75823e48bbe5f24bab25af17ce19c61b7a79fd4b

WARN: Resource Mismatch '/SSstagingFedora4/rest/prod/g1/58/bh/29/g158bh29z/full_text'
RESOURCE 74: fedora binary
  rel  => /SSstagingFedora4/rest/prod/g1/58/bh/29/g158bh29z/full_text
  orig => http://localhost:8080/SSstagingFedora4/rest/prod/g1/58/bh/29/g158bh29z/full_text
  dest => /dlt/scholarsphere/ssrepo1stage/fedora/export/SSstagingFedora4/rest/prod/g1/58/bh/29/g158bh29z/full_text.binary
  Verifying original to copy... False --  != 0457cb99498f428eb94587b7ba7a038ab3a233b0

WARN: Resource Mismatch '/SSstagingFedora4/rest/prod/4f/16/c2/86/4f16c286v/content'
RESOURCE 78: fedora binary
  rel  => /SSstagingFedora4/rest/prod/4f/16/c2/86/4f16c286v/content
  orig => http://localhost:8080/SSstagingFedora4/rest/prod/4f/16/c2/86/4f16c286v/content
  dest => /dlt/scholarsphere/ssrepo1stage/fedora/export/SSstagingFedora4/rest/prod/4f/16/c2/86/4f16c286v/content.binary
  Verifying original to copy... False --  != 08bdbbb74097397751ae1d6229e50fa3585474c8

WARN: Resource Mismatch '/SSstagingFedora4/rest/prod/4f/16/c2/86/4f16c286v/characterization'
RESOURCE 80: fedora binary
  rel  => /SSstagingFedora4/rest/prod/4f/16/c2/86/4f16c286v/characterization
  orig => http://localhost:8080/SSstagingFedora4/rest/prod/4f/16/c2/86/4f16c286v/characterization
  dest => /dlt/scholarsphere/ssrepo1stage/fedora/export/SSstagingFedora4/rest/prod/4f/16/c2/86/4f16c286v/characterization.binary
  Verifying original to copy... False --  != 481e3d8d6ca075274e6b1e1b35eb2c80d1a91fee

WARN: Resource Mismatch '/SSstagingFedora4/rest/prod/4f/16/c2/86/4f16c286v/thumbnail'
RESOURCE 82: fedora binary
  rel  => /SSstagingFedora4/rest/prod/4f/16/c2/86/4f16c286v/thumbnail
  orig => http://localhost:8080/SSstagingFedora4/rest/prod/4f/16/c2/86/4f16c286v/thumbnail
  dest => /dlt/scholarsphere/ssrepo1stage/fedora/export/SSstagingFedora4/rest/prod/4f/16/c2/86/4f16c286v/thumbnail.binary
  Verifying original to copy... False --  != ab1160139bf89584869655a29043a43deb0ad433

WARN: Resource Mismatch '/SSstagingFedora4/rest/prod/4f/16/c2/86/4f16c286v/full_text'
RESOURCE 84: fedora binary
  rel  => /SSstagingFedora4/rest/prod/4f/16/c2/86/4f16c286v/full_text
  orig => http://localhost:8080/SSstagingFedora4/rest/prod/4f/16/c2/86/4f16c286v/full_text
  dest => /dlt/scholarsphere/ssrepo1stage/fedora/export/SSstagingFedora4/rest/prod/4f/16/c2/86/4f16c286v/full_text.binary
  Verifying original to copy... False --  != c396482bad6bec389a2e938edc5b8db88e76083c

WARN: Resource Mismatch '/SSstagingFedora4/rest/prod/sf/26/88/53/sf268853s/thumbnail'
RESOURCE 90: fedora binary
  rel  => /SSstagingFedora4/rest/prod/sf/26/88/53/sf268853s/thumbnail
  orig => http://localhost:8080/SSstagingFedora4/rest/prod/sf/26/88/53/sf268853s/thumbnail
  dest => /dlt/scholarsphere/ssrepo1stage/fedora/export/SSstagingFedora4/rest/prod/sf/26/88/53/sf268853s/thumbnail.binary
  Verifying original to copy... False --  != 6b40329265923faa314ad8cb2ab05106a1bd6e26

WARN: Resource Mismatch '/SSstagingFedora4/rest/prod/sf/26/88/53/sf268853s/characterization'
RESOURCE 92: fedora binary
  rel  => /SSstagingFedora4/rest/prod/sf/26/88/53/sf268853s/characterization
  orig => http://localhost:8080/SSstagingFedora4/rest/prod/sf/26/88/53/sf268853s/characterization
  dest => /dlt/scholarsphere/ssrepo1stage/fedora/export/SSstagingFedora4/rest/prod/sf/26/88/53/sf268853s/characterization.binary
  Verifying original to copy... False --  != de5de92a92784b001be32d1ab27da08c3677412f

WARN: Resource Mismatch '/SSstagingFedora4/rest/prod/sf/26/88/53/sf268853s/content'
RESOURCE 94: fedora binary
  rel  => /SSstagingFedora4/rest/prod/sf/26/88/53/sf268853s/content
  orig => http://localhost:8080/SSstagingFedora4/rest/prod/sf/26/88/53/sf268853s/content
  dest => /dlt/scholarsphere/ssrepo1stage/fedora/export/SSstagingFedora4/rest/prod/sf/26/88/53/sf268853s/content.binary
  Verifying original to copy... False --  != bb7d52984a181b46200756184a207ca49e2d8b07

WARN: Resource Mismatch '/SSstagingFedora4/rest/prod/7w/62/f8/26/7w62f826z/full_text'
RESOURCE 97: fedora binary
  rel  => /SSstagingFedora4/rest/prod/7w/62/f8/26/7w62f826z/full_text
  orig => http://localhost:8080/SSstagingFedora4/rest/prod/7w/62/f8/26/7w62f826z/full_text
  dest => /dlt/scholarsphere/ssrepo1stage/fedora/export/SSstagingFedora4/rest/prod/7w/62/f8/26/7w62f826z/full_text.binary
  Verifying original to copy... False --  != 8984f780190a92d707506191fdba01e4f9f7b1cc

WARN: Resource Mismatch '/SSstagingFedora4/rest/prod/7w/62/f8/26/7w62f826z/characterization'
RESOURCE 99: fedora binary
  rel  => /SSstagingFedora4/rest/prod/7w/62/f8/26/7w62f826z/characterization
  orig => http://localhost:8080/SSstagingFedora4/rest/prod/7w/62/f8/26/7w62f826z/characterization
  dest => /dlt/scholarsphere/ssrepo1stage/fedora/export/SSstagingFedora4/rest/prod/7w/62/f8/26/7w62f826z/characterization.binary
  Verifying original to copy... False --  != 40e691ebfa182a041121a75b468f5b3bd9e4756b

WARN: Resource Mismatch '/SSstagingFedora4/rest/prod/7w/62/f8/26/7w62f826z/content'
RESOURCE 101: fedora binary
  rel  => /SSstagingFedora4/rest/prod/7w/62/f8/26/7w62f826z/content
  orig => http://localhost:8080/SSstagingFedora4/rest/prod/7w/62/f8/26/7w62f826z/content
  dest => /dlt/scholarsphere/ssrepo1stage/fedora/export/SSstagingFedora4/rest/prod/7w/62/f8/26/7w62f826z/content.binary
  Verifying original to copy... False --  != 742a89203a8892e486552ff1fae90d7dcf1c3bd1

WARN: Resource Mismatch '/SSstagingFedora4/rest/prod/c2/47/ds/16/c247ds16m'
RESOURCE 104: fedora rdf
  rel  => /SSstagingFedora4/rest/prod/c2/47/ds/16/c247ds16m
  orig => http://localhost:8080/SSstagingFedora4/rest/prod/c2/47/ds/16/c247ds16m
  dest => /dlt/scholarsphere/ssrepo1stage/fedora/export/SSstagingFedora4/rest/prod/c2/47/ds/16/c247ds16m.ttl
  Verifying original to copy... False -- 45+45 triples - mismatch

WARN: Resource Mismatch '/SSstagingFedora4/rest/prod/c2/47/ds/16/c247ds16m/characterization'
RESOURCE 105: fedora binary
  rel  => /SSstagingFedora4/rest/prod/c2/47/ds/16/c247ds16m/characterization
  orig => http://localhost:8080/SSstagingFedora4/rest/prod/c2/47/ds/16/c247ds16m/characterization
  dest => /dlt/scholarsphere/ssrepo1stage/fedora/export/SSstagingFedora4/rest/prod/c2/47/ds/16/c247ds16m/characterization.binary
  Verifying original to copy... False --  != 466ad1613c8cc05e4c1f0b1ad06bbdb33fceb0ed

WARN: Resource Mismatch '/SSstagingFedora4/rest/prod/c2/47/ds/16/c247ds16m/full_text'
RESOURCE 107: fedora binary
  rel  => /SSstagingFedora4/rest/prod/c2/47/ds/16/c247ds16m/full_text
  orig => http://localhost:8080/SSstagingFedora4/rest/prod/c2/47/ds/16/c247ds16m/full_text
  dest => /dlt/scholarsphere/ssrepo1stage/fedora/export/SSstagingFedora4/rest/prod/c2/47/ds/16/c247ds16m/full_text.binary
  Verifying original to copy... False --  != d0f448c22a9fdcfdf9f52b726075ec4c28abe575

WARN: Resource Mismatch '/SSstagingFedora4/rest/prod/c2/47/ds/16/c247ds16m/content'
RESOURCE 109: fedora binary
  rel  => /SSstagingFedora4/rest/prod/c2/47/ds/16/c247ds16m/content
  orig => http://localhost:8080/SSstagingFedora4/rest/prod/c2/47/ds/16/c247ds16m/content
  dest => /dlt/scholarsphere/ssrepo1stage/fedora/export/SSstagingFedora4/rest/prod/c2/47/ds/16/c247ds16m/content.binary
  Verifying original to copy... False --  != 0cf63557e4b1a80c7de3c4e55a92e4e9d6241f20

WARN: Resource Mismatch '/SSstagingFedora4/rest/prod/c2/47/ds/16/c247ds16m/thumbnail'
RESOURCE 111: fedora binary
  rel  => /SSstagingFedora4/rest/prod/c2/47/ds/16/c247ds16m/thumbnail
  orig => http://localhost:8080/SSstagingFedora4/rest/prod/c2/47/ds/16/c247ds16m/thumbnail
  dest => /dlt/scholarsphere/ssrepo1stage/fedora/export/SSstagingFedora4/rest/prod/c2/47/ds/16/c247ds16m/thumbnail.binary
  Verifying original to copy... False --  != 833526ed64166703ba7a5b82b9ba710a11434cc5

WARN: Resource Mismatch '/SSstagingFedora4/rest/prod/63/95/wc/22/6395wc22t/characterization'
RESOURCE 115: fedora binary
  rel  => /SSstagingFedora4/rest/prod/63/95/wc/22/6395wc22t/characterization
  orig => http://localhost:8080/SSstagingFedora4/rest/prod/63/95/wc/22/6395wc22t/characterization
  dest => /dlt/scholarsphere/ssrepo1stage/fedora/export/SSstagingFedora4/rest/prod/63/95/wc/22/6395wc22t/characterization.binary
  Verifying original to copy... False --  != 8106756638453fe7b5d2d26a9785238747c78e99

WARN: Resource Mismatch '/SSstagingFedora4/rest/prod/63/95/wc/22/6395wc22t/thumbnail'
RESOURCE 117: fedora binary
  rel  => /SSstagingFedora4/rest/prod/63/95/wc/22/6395wc22t/thumbnail
  orig => http://localhost:8080/SSstagingFedora4/rest/prod/63/95/wc/22/6395wc22t/thumbnail
  dest => /dlt/scholarsphere/ssrepo1stage/fedora/export/SSstagingFedora4/rest/prod/63/95/wc/22/6395wc22t/thumbnail.binary
  Verifying original to copy... False --  != f536bccda631b100fe4b012d6fc371192ea88155

WARN: Resource Mismatch '/SSstagingFedora4/rest/prod/63/95/wc/22/6395wc22t/content'
RESOURCE 119: fedora binary
  rel  => /SSstagingFedora4/rest/prod/63/95/wc/22/6395wc22t/content
  orig => http://localhost:8080/SSstagingFedora4/rest/prod/63/95/wc/22/6395wc22t/content
  dest => /dlt/scholarsphere/ssrepo1stage/fedora/export/SSstagingFedora4/rest/prod/63/95/wc/22/6395wc22t/content.binary
  Verifying original to copy... False --  != 05489381d13b78044e1f83caedaf75dbb3d57db1

WARN: Resource Mismatch '/SSstagingFedora4/rest/prod/x3/46/dm/94/x346dm94f/thumbnail'
RESOURCE 129: fedora binary
  rel  => /SSstagingFedora4/rest/prod/x3/46/dm/94/x346dm94f/thumbnail
  orig => http://localhost:8080/SSstagingFedora4/rest/prod/x3/46/dm/94/x346dm94f/thumbnail
  dest => /dlt/scholarsphere/ssrepo1stage/fedora/export/SSstagingFedora4/rest/prod/x3/46/dm/94/x346dm94f/thumbnail.binary
  Verifying original to copy... False --  != 77c9920bcda9cd723985bcf6df216f1bb273db78

WARN: Resource Mismatch '/SSstagingFedora4/rest/prod/x3/46/dm/94/x346dm94f/content'
RESOURCE 131: fedora binary
  rel  => /SSstagingFedora4/rest/prod/x3/46/dm/94/x346dm94f/content
  orig => http://localhost:8080/SSstagingFedora4/rest/prod/x3/46/dm/94/x346dm94f/content
  dest => /dlt/scholarsphere/ssrepo1stage/fedora/export/SSstagingFedora4/rest/prod/x3/46/dm/94/x346dm94f/content.binary
  Verifying original to copy... False --  != 67740b282ee3ddde7d65931b9f9442e7d36dbc4d

WARN: Resource Mismatch '/SSstagingFedora4/rest/prod/x3/46/dm/94/x346dm94f/characterization'
RESOURCE 133: fedora binary
  rel  => /SSstagingFedora4/rest/prod/x3/46/dm/94/x346dm94f/characterization
  orig => http://localhost:8080/SSstagingFedora4/rest/prod/x3/46/dm/94/x346dm94f/characterization
  dest => /dlt/scholarsphere/ssrepo1stage/fedora/export/SSstagingFedora4/rest/prod/x3/46/dm/94/x346dm94f/characterization.binary
  Verifying original to copy... False --  != b22d59398ee96a7c35c8398f5e2a1b39eaec22e1

WARN: Resource Mismatch '/SSstagingFedora4/rest/prod/x3/46/dm/94/x346dm94f/full_text'
RESOURCE 135: fedora binary
  rel  => /SSstagingFedora4/rest/prod/x3/46/dm/94/x346dm94f/full_text
  orig => http://localhost:8080/SSstagingFedora4/rest/prod/x3/46/dm/94/x346dm94f/full_text
  dest => /dlt/scholarsphere/ssrepo1stage/fedora/export/SSstagingFedora4/rest/prod/x3/46/dm/94/x346dm94f/full_text.binary
  Verifying original to copy... False --  != e57e15478f9481f5d44403e8b5aad154648659b5

WARN: Resource Mismatch '/SSstagingFedora4/rest/prod/sf/26/8j/05/sf268j05s/content'
RESOURCE 139: fedora binary
  rel  => /SSstagingFedora4/rest/prod/sf/26/8j/05/sf268j05s/content
  orig => http://localhost:8080/SSstagingFedora4/rest/prod/sf/26/8j/05/sf268j05s/content
  dest => /dlt/scholarsphere/ssrepo1stage/fedora/export/SSstagingFedora4/rest/prod/sf/26/8j/05/sf268j05s/content.binary
  Verifying original to copy... False --  != 040d5e18a1f5b3a343a131674cad588e6441bf1c

WARN: Resource Mismatch '/SSstagingFedora4/rest/prod/sf/26/8j/05/sf268j05s/thumbnail'
RESOURCE 141: fedora binary
  rel  => /SSstagingFedora4/rest/prod/sf/26/8j/05/sf268j05s/thumbnail
  orig => http://localhost:8080/SSstagingFedora4/rest/prod/sf/26/8j/05/sf268j05s/thumbnail
  dest => /dlt/scholarsphere/ssrepo1stage/fedora/export/SSstagingFedora4/rest/prod/sf/26/8j/05/sf268j05s/thumbnail.binary
  Verifying original to copy... False --  != 4ce920a56406f7e084c5d351ce4b1f7480939956

WARN: Resource Mismatch '/SSstagingFedora4/rest/prod/sf/26/8j/05/sf268j05s/characterization'
RESOURCE 143: fedora binary
  rel  => /SSstagingFedora4/rest/prod/sf/26/8j/05/sf268j05s/characterization
  orig => http://localhost:8080/SSstagingFedora4/rest/prod/sf/26/8j/05/sf268j05s/characterization
  dest => /dlt/scholarsphere/ssrepo1stage/fedora/export/SSstagingFedora4/rest/prod/sf/26/8j/05/sf268j05s/characterization.binary
  Verifying original to copy... False --  != 0aa75b58e60e38d6ee8e63dcc9763eee389f48e9

WARN: Resource Mismatch '/SSstagingFedora4/rest/prod/86/23/j3/60/8623j3604/full_text'
RESOURCE 146: fedora binary
  rel  => /SSstagingFedora4/rest/prod/86/23/j3/60/8623j3604/full_text
  orig => http://localhost:8080/SSstagingFedora4/rest/prod/86/23/j3/60/8623j3604/full_text
  dest => /dlt/scholarsphere/ssrepo1stage/fedora/export/SSstagingFedora4/rest/prod/86/23/j3/60/8623j3604/full_text.binary
  Verifying original to copy... False --  != 584128476edb5c5422e3099db3f76f711d9b4429

WARN: Resource Mismatch '/SSstagingFedora4/rest/prod/86/23/j3/60/8623j3604/content'
RESOURCE 148: fedora binary
  rel  => /SSstagingFedora4/rest/prod/86/23/j3/60/8623j3604/content
  orig => http://localhost:8080/SSstagingFedora4/rest/prod/86/23/j3/60/8623j3604/content
  dest => /dlt/scholarsphere/ssrepo1stage/fedora/export/SSstagingFedora4/rest/prod/86/23/j3/60/8623j3604/content.binary
  Verifying original to copy... False --  != dc40fdef40ab69c06e1c0279aa2f1c3f48e9571f

WARN: Resource Mismatch '/SSstagingFedora4/rest/prod/86/23/j3/60/8623j3604/characterization'
RESOURCE 150: fedora binary
  rel  => /SSstagingFedora4/rest/prod/86/23/j3/60/8623j3604/characterization
  orig => http://localhost:8080/SSstagingFedora4/rest/prod/86/23/j3/60/8623j3604/characterization
  dest => /dlt/scholarsphere/ssrepo1stage/fedora/export/SSstagingFedora4/rest/prod/86/23/j3/60/8623j3604/characterization.binary
  Verifying original to copy... False --  != 3fb076c640dc7bf666090d8f67bd0f53c670f8fc

WARN: Resource Mismatch '/SSstagingFedora4/rest/prod/qf/85/nb/41/qf85nb41q/content'
RESOURCE 157: fedora binary
  rel  => /SSstagingFedora4/rest/prod/qf/85/nb/41/qf85nb41q/content
  orig => http://localhost:8080/SSstagingFedora4/rest/prod/qf/85/nb/41/qf85nb41q/content
  dest => /dlt/scholarsphere/ssrepo1stage/fedora/export/SSstagingFedora4/rest/prod/qf/85/nb/41/qf85nb41q/content.binary
  Verifying original to copy... False --  != b382233d47dc9c6a18c925501f23a50ec7ad2af5

WARN: Resource Mismatch '/SSstagingFedora4/rest/prod/qf/85/nb/41/qf85nb41q/characterization'
RESOURCE 159: fedora binary
  rel  => /SSstagingFedora4/rest/prod/qf/85/nb/41/qf85nb41q/characterization
  orig => http://localhost:8080/SSstagingFedora4/rest/prod/qf/85/nb/41/qf85nb41q/characterization
  dest => /dlt/scholarsphere/ssrepo1stage/fedora/export/SSstagingFedora4/rest/prod/qf/85/nb/41/qf85nb41q/characterization.binary
  Verifying original to copy... False --  != d8ee4c88c755f7866e30423251c5f28d3b20d311

WARN: Resource Mismatch '/SSstagingFedora4/rest/prod/x3/46/dx/34/x346dx34v/content'
RESOURCE 167: fedora binary
  rel  => /SSstagingFedora4/rest/prod/x3/46/dx/34/x346dx34v/content
  orig => http://localhost:8080/SSstagingFedora4/rest/prod/x3/46/dx/34/x346dx34v/content
  dest => /dlt/scholarsphere/ssrepo1stage/fedora/export/SSstagingFedora4/rest/prod/x3/46/dx/34/x346dx34v/content.binary
  Verifying original to copy... False --  != d75272959714270da7114410411a7a11590b617a

WARN: Resource Mismatch '/SSstagingFedora4/rest/prod/x3/46/dx/34/x346dx34v/characterization'
RESOURCE 169: fedora binary
  rel  => /SSstagingFedora4/rest/prod/x3/46/dx/34/x346dx34v/characterization
  orig => http://localhost:8080/SSstagingFedora4/rest/prod/x3/46/dx/34/x346dx34v/characterization
  dest => /dlt/scholarsphere/ssrepo1stage/fedora/export/SSstagingFedora4/rest/prod/x3/46/dx/34/x346dx34v/characterization.binary
  Verifying original to copy... False --  != 75d717f52fa8e801ffd2d95234913a69cd86fc51

WARN: Resource Mismatch '/SSstagingFedora4/rest/prod/x3/46/dx/34/x346dx34v/thumbnail'
RESOURCE 171: fedora binary
  rel  => /SSstagingFedora4/rest/prod/x3/46/dx/34/x346dx34v/thumbnail
  orig => http://localhost:8080/SSstagingFedora4/rest/prod/x3/46/dx/34/x346dx34v/thumbnail
  dest => /dlt/scholarsphere/ssrepo1stage/fedora/export/SSstagingFedora4/rest/prod/x3/46/dx/34/x346dx34v/thumbnail.binary
  Verifying original to copy... False --  != 938157e5497b119826a3a4740123ec23132d8802

WARN: Resource Mismatch '/SSstagingFedora4/rest/prod/x3/46/dx/34/x346dx34v/full_text'
RESOURCE 173: fedora binary
  rel  => /SSstagingFedora4/rest/prod/x3/46/dx/34/x346dx34v/full_text
  orig => http://localhost:8080/SSstagingFedora4/rest/prod/x3/46/dx/34/x346dx34v/full_text
  dest => /dlt/scholarsphere/ssrepo1stage/fedora/export/SSstagingFedora4/rest/prod/x3/46/dx/34/x346dx34v/full_text.binary
  Verifying original to copy... False --  != f9700c7339a8277a46bc151bcf2d6bacabf15fd4
