TRACE 07:47:13.161 [http-nio-8080-exec-2] (HttpIdentifierConverter) Translating http URI http://sdvcmr-test-app01.slub-dresden.de:8082/fcrepo/rest/qucosa to Fedora ID with encoded set to false
TRACE 07:47:13.168 [http-nio-8080-exec-2] (TransactionProvider) Providing new transaction 4e075588-e6d6-4a3a-b18d-cfad856da226
INFO 07:47:13.173 [http-nio-8080-exec-2] (FedoraLdp) GET resource 'qucosa'
TRACE 07:47:13.177 [http-nio-8080-exec-2] (HttpIdentifierConverter) Translating Fedora ID info:fedora/qucosa to Http URI
TRACE 07:47:13.177 [http-nio-8080-exec-2] (HttpIdentifierConverter) Checking if fedora ID info:fedora/qucosa is in domain
TRACE 07:47:13.178 [http-nio-8080-exec-2] (HttpIdentifierConverter) Translating Fedora ID info:fedora/qucosa/fcr:versions to Http URI
TRACE 07:47:13.178 [http-nio-8080-exec-2] (HttpIdentifierConverter) Checking if fedora ID info:fedora/qucosa/fcr:versions is in domain
TRACE 07:47:13.180 [http-nio-8080-exec-2] (HttpIdentifierConverter) Translating Fedora ID info:fedora/qucosa to Http URI
TRACE 07:47:13.181 [http-nio-8080-exec-2] (HttpIdentifierConverter) Checking if fedora ID info:fedora/qucosa is in domain
TRACE 07:47:13.181 [http-nio-8080-exec-2] (HttpIdentifierConverter) Translating Fedora ID info:fedora/qucosa to Http URI
TRACE 07:47:13.181 [http-nio-8080-exec-2] (HttpIdentifierConverter) Checking if fedora ID info:fedora/qucosa is in domain
DEBUG 07:47:13.185 [http-nio-8080-exec-2] (HttpTripleUtil) Adding additional HTTP context triples to stream
TRACE 07:47:13.187 [http-nio-8080-exec-2] (HttpIdentifierConverter) Checking if fedora ID info:fedora/qucosa is in domain
TRACE 07:47:13.187 [http-nio-8080-exec-2] (HttpIdentifierConverter) Translating Fedora ID info:fedora/qucosa to Http URI
TRACE 07:47:13.187 [http-nio-8080-exec-2] (HttpIdentifierConverter) Checking if fedora ID info:fedora/qucosa is in domain
TRACE 07:47:13.188 [http-nio-8080-exec-2] (HttpIdentifierConverter) Checking if fedora ID info:fedora/qucosa is in domain
TRACE 07:47:13.191 [http-nio-8080-exec-2] (HttpIdentifierConverter) Translating Fedora ID info:fedora/qucosa to Http URI
TRACE 07:47:13.191 [http-nio-8080-exec-2] (HttpIdentifierConverter) Checking if fedora ID info:fedora/qucosa is in domain
TRACE 07:47:13.192 [http-nio-8080-exec-2] (HttpIdentifierConverter) Checking if fedora ID info:fedora/qucosa is in domain
TRACE 07:47:13.192 [http-nio-8080-exec-2] (HttpIdentifierConverter) Translating Fedora ID info:fedora/qucosa to Http URI
TRACE 07:47:13.192 [http-nio-8080-exec-2] (HttpIdentifierConverter) Checking if fedora ID info:fedora/qucosa is in domain
TRACE 07:47:13.192 [http-nio-8080-exec-2] (HttpIdentifierConverter) Checking if fedora ID info:fedora/qucosa is in domain
TRACE 07:47:13.192 [http-nio-8080-exec-2] (HttpIdentifierConverter) Translating Fedora ID info:fedora/qucosa to Http URI
TRACE 07:47:13.192 [http-nio-8080-exec-2] (HttpIdentifierConverter) Checking if fedora ID info:fedora/qucosa is in domain
TRACE 07:47:13.193 [http-nio-8080-exec-2] (HttpIdentifierConverter) Checking if fedora ID info:fedora/qucosa is in domain
TRACE 07:47:13.193 [http-nio-8080-exec-2] (HttpIdentifierConverter) Translating Fedora ID info:fedora/qucosa to Http URI
TRACE 07:47:13.193 [http-nio-8080-exec-2] (HttpIdentifierConverter) Checking if fedora ID info:fedora/qucosa is in domain
TRACE 07:47:13.193 [http-nio-8080-exec-2] (HttpIdentifierConverter) Checking if fedora ID http://www.w3.org/ns/ldp#BasicContainer is in domain
TRACE 07:47:13.193 [http-nio-8080-exec-2] (HttpIdentifierConverter) Checking if fedora ID info:fedora/qucosa is in domain
TRACE 07:47:13.193 [http-nio-8080-exec-2] (HttpIdentifierConverter) Translating Fedora ID info:fedora/qucosa to Http URI
TRACE 07:47:13.193 [http-nio-8080-exec-2] (HttpIdentifierConverter) Checking if fedora ID info:fedora/qucosa is in domain
TRACE 07:47:13.194 [http-nio-8080-exec-2] (HttpIdentifierConverter) Checking if fedora ID http://www.w3.org/ns/ldp#Resource is in domain
TRACE 07:47:13.194 [http-nio-8080-exec-2] (HttpIdentifierConverter) Checking if fedora ID info:fedora/qucosa is in domain
TRACE 07:47:13.194 [http-nio-8080-exec-2] (HttpIdentifierConverter) Translating Fedora ID info:fedora/qucosa to Http URI
TRACE 07:47:13.194 [http-nio-8080-exec-2] (HttpIdentifierConverter) Checking if fedora ID info:fedora/qucosa is in domain
TRACE 07:47:13.194 [http-nio-8080-exec-2] (HttpIdentifierConverter) Checking if fedora ID http://fedora.info/definitions/v4/repository#Resource is in domain
TRACE 07:47:13.194 [http-nio-8080-exec-2] (HttpIdentifierConverter) Checking if fedora ID info:fedora/qucosa is in domain
TRACE 07:47:13.194 [http-nio-8080-exec-2] (HttpIdentifierConverter) Translating Fedora ID info:fedora/qucosa to Http URI
TRACE 07:47:13.194 [http-nio-8080-exec-2] (HttpIdentifierConverter) Checking if fedora ID info:fedora/qucosa is in domain
TRACE 07:47:13.194 [http-nio-8080-exec-2] (HttpIdentifierConverter) Checking if fedora ID http://www.w3.org/ns/ldp#RDFSource is in domain
TRACE 07:47:13.195 [http-nio-8080-exec-2] (HttpIdentifierConverter) Checking if fedora ID info:fedora/qucosa is in domain
TRACE 07:47:13.195 [http-nio-8080-exec-2] (HttpIdentifierConverter) Translating Fedora ID info:fedora/qucosa to Http URI
TRACE 07:47:13.195 [http-nio-8080-exec-2] (HttpIdentifierConverter) Checking if fedora ID info:fedora/qucosa is in domain
TRACE 07:47:13.195 [http-nio-8080-exec-2] (HttpIdentifierConverter) Checking if fedora ID http://www.w3.org/ns/ldp#Container is in domain
TRACE 07:47:13.195 [http-nio-8080-exec-2] (HttpIdentifierConverter) Checking if fedora ID info:fedora/qucosa is in domain
TRACE 07:47:13.195 [http-nio-8080-exec-2] (HttpIdentifierConverter) Translating Fedora ID info:fedora/qucosa to Http URI
TRACE 07:47:13.195 [http-nio-8080-exec-2] (HttpIdentifierConverter) Checking if fedora ID info:fedora/qucosa is in domain
TRACE 07:47:13.196 [http-nio-8080-exec-2] (HttpIdentifierConverter) Checking if fedora ID http://fedora.info/definitions/v4/repository#Container is in domain
TRACE 07:47:13.197 [http-nio-8080-exec-2] (HttpIdentifierConverter) Checking if fedora ID info:fedora/qucosa is in domain
TRACE 07:47:13.197 [http-nio-8080-exec-2] (HttpIdentifierConverter) Translating Fedora ID info:fedora/qucosa to Http URI
TRACE 07:47:13.197 [http-nio-8080-exec-2] (HttpIdentifierConverter) Checking if fedora ID info:fedora/qucosa is in domain
TRACE 07:47:13.198 [http-nio-8080-exec-2] (HttpIdentifierConverter) Checking if fedora ID info:fedora/qucosa/qucosa-100 is in domain
TRACE 07:47:13.198 [http-nio-8080-exec-2] (HttpIdentifierConverter) Translating Fedora ID info:fedora/qucosa/qucosa-100 to Http URI
TRACE 07:47:13.198 [http-nio-8080-exec-2] (HttpIdentifierConverter) Checking if fedora ID info:fedora/qucosa/qucosa-100 is in domain
TRACE 07:47:13.198 [http-nio-8080-exec-2] (HttpIdentifierConverter) Checking if fedora ID info:fedora/qucosa is in domain
TRACE 07:47:13.198 [http-nio-8080-exec-2] (HttpIdentifierConverter) Translating Fedora ID info:fedora/qucosa to Http URI
TRACE 07:47:13.199 [http-nio-8080-exec-2] (HttpIdentifierConverter) Checking if fedora ID info:fedora/qucosa is in domain
TRACE 07:47:13.199 [http-nio-8080-exec-2] (HttpIdentifierConverter) Checking if fedora ID info:fedora/qucosa/qucosa-10563 is in domain
TRACE 07:47:13.199 [http-nio-8080-exec-2] (HttpIdentifierConverter) Translating Fedora ID info:fedora/qucosa/qucosa-10563 to Http URI
TRACE 07:47:13.199 [http-nio-8080-exec-2] (HttpIdentifierConverter) Checking if fedora ID info:fedora/qucosa/qucosa-10563 is in domain
TRACE 07:47:13.199 [http-nio-8080-exec-2] (HttpIdentifierConverter) Checking if fedora ID info:fedora/qucosa is in domain
TRACE 07:47:13.199 [http-nio-8080-exec-2] (HttpIdentifierConverter) Translating Fedora ID info:fedora/qucosa to Http URI
TRACE 07:47:13.200 [http-nio-8080-exec-2] (HttpIdentifierConverter) Checking if fedora ID info:fedora/qucosa is in domain
TRACE 07:47:13.200 [http-nio-8080-exec-2] (HttpIdentifierConverter) Checking if fedora ID info:fedora/qucosa/qucosa-10581 is in domain
TRACE 07:47:13.200 [http-nio-8080-exec-2] (HttpIdentifierConverter) Translating Fedora ID info:fedora/qucosa/qucosa-10581 to Http URI
TRACE 07:47:13.200 [http-nio-8080-exec-2] (HttpIdentifierConverter) Checking if fedora ID info:fedora/qucosa/qucosa-10581 is in domain
TRACE 07:47:13.200 [http-nio-8080-exec-2] (HttpIdentifierConverter) Checking if fedora ID info:fedora/qucosa is in domain
TRACE 07:47:13.200 [http-nio-8080-exec-2] (HttpIdentifierConverter) Translating Fedora ID info:fedora/qucosa to Http URI
TRACE 07:47:13.201 [http-nio-8080-exec-2] (HttpIdentifierConverter) Checking if fedora ID info:fedora/qucosa is in domain
TRACE 07:47:13.201 [http-nio-8080-exec-2] (HttpIdentifierConverter) Checking if fedora ID info:fedora/qucosa/qucosa-10589 is in domain
TRACE 07:47:13.201 [http-nio-8080-exec-2] (HttpIdentifierConverter) Translating Fedora ID info:fedora/qucosa/qucosa-10589 to Http URI
TRACE 07:47:13.201 [http-nio-8080-exec-2] (HttpIdentifierConverter) Checking if fedora ID info:fedora/qucosa/qucosa-10589 is in domain
TRACE 07:47:13.201 [http-nio-8080-exec-2] (HttpIdentifierConverter) Checking if fedora ID info:fedora/qucosa is in domain
TRACE 07:47:13.202 [http-nio-8080-exec-2] (HttpIdentifierConverter) Translating Fedora ID info:fedora/qucosa to Http URI
TRACE 07:47:13.202 [http-nio-8080-exec-2] (HttpIdentifierConverter) Checking if fedora ID info:fedora/qucosa is in domain
TRACE 07:47:13.204 [http-nio-8080-exec-2] (HttpIdentifierConverter) Checking if fedora ID info:fedora/qucosa/qucosa-10591 is in domain
TRACE 07:47:13.204 [http-nio-8080-exec-2] (HttpIdentifierConverter) Translating Fedora ID info:fedora/qucosa/qucosa-10591 to Http URI
TRACE 07:47:13.204 [http-nio-8080-exec-2] (HttpIdentifierConverter) Checking if fedora ID info:fedora/qucosa/qucosa-10591 is in domain
TRACE 07:47:13.205 [http-nio-8080-exec-2] (HttpIdentifierConverter) Checking if fedora ID info:fedora/qucosa is in domain
TRACE 07:47:13.205 [http-nio-8080-exec-2] (HttpIdentifierConverter) Translating Fedora ID info:fedora/qucosa to Http URI
TRACE 07:47:13.205 [http-nio-8080-exec-2] (HttpIdentifierConverter) Checking if fedora ID info:fedora/qucosa is in domain
TRACE 07:47:13.205 [http-nio-8080-exec-2] (HttpIdentifierConverter) Checking if fedora ID info:fedora/qucosa/qucosa-10592 is in domain
TRACE 07:47:13.205 [http-nio-8080-exec-2] (HttpIdentifierConverter) Translating Fedora ID info:fedora/qucosa/qucosa-10592 to Http URI
TRACE 07:47:13.206 [http-nio-8080-exec-2] (HttpIdentifierConverter) Checking if fedora ID info:fedora/qucosa/qucosa-10592 is in domain
TRACE 07:47:13.206 [http-nio-8080-exec-2] (HttpIdentifierConverter) Checking if fedora ID info:fedora/qucosa is in domain
TRACE 07:47:13.206 [http-nio-8080-exec-2] (HttpIdentifierConverter) Translating Fedora ID info:fedora/qucosa to Http URI
TRACE 07:47:13.206 [http-nio-8080-exec-2] (HttpIdentifierConverter) Checking if fedora ID info:fedora/qucosa is in domain
TRACE 07:47:13.206 [http-nio-8080-exec-2] (HttpIdentifierConverter) Checking if fedora ID info:fedora/qucosa/qucosa-10593 is in domain
TRACE 07:47:13.206 [http-nio-8080-exec-2] (HttpIdentifierConverter) Translating Fedora ID info:fedora/qucosa/qucosa-10593 to Http URI
TRACE 07:47:13.207 [http-nio-8080-exec-2] (HttpIdentifierConverter) Checking if fedora ID info:fedora/qucosa/qucosa-10593 is in domain
TRACE 07:47:13.207 [http-nio-8080-exec-2] (HttpIdentifierConverter) Checking if fedora ID info:fedora/qucosa is in domain
TRACE 07:47:13.207 [http-nio-8080-exec-2] (HttpIdentifierConverter) Translating Fedora ID info:fedora/qucosa to Http URI
TRACE 07:47:13.207 [http-nio-8080-exec-2] (HttpIdentifierConverter) Checking if fedora ID info:fedora/qucosa is in domain
TRACE 07:47:13.207 [http-nio-8080-exec-2] (HttpIdentifierConverter) Checking if fedora ID info:fedora/qucosa/qucosa-10645 is in domain
TRACE 07:47:13.207 [http-nio-8080-exec-2] (HttpIdentifierConverter) Translating Fedora ID info:fedora/qucosa/qucosa-10645 to Http URI
TRACE 07:47:13.208 [http-nio-8080-exec-2] (HttpIdentifierConverter) Checking if fedora ID info:fedora/qucosa/qucosa-10645 is in domain
TRACE 07:47:13.208 [http-nio-8080-exec-2] (HttpIdentifierConverter) Checking if fedora ID info:fedora/qucosa is in domain
TRACE 07:47:13.208 [http-nio-8080-exec-2] (HttpIdentifierConverter) Translating Fedora ID info:fedora/qucosa to Http URI
TRACE 07:47:13.208 [http-nio-8080-exec-2] (HttpIdentifierConverter) Checking if fedora ID info:fedora/qucosa is in domain
TRACE 07:47:13.208 [http-nio-8080-exec-2] (HttpIdentifierConverter) Checking if fedora ID info:fedora/qucosa/qucosa-10659 is in domain
TRACE 07:47:13.209 [http-nio-8080-exec-2] (HttpIdentifierConverter) Translating Fedora ID info:fedora/qucosa/qucosa-10659 to Http URI
TRACE 07:47:13.209 [http-nio-8080-exec-2] (HttpIdentifierConverter) Checking if fedora ID info:fedora/qucosa/qucosa-10659 is in domain
TRACE 07:47:13.209 [http-nio-8080-exec-2] (HttpIdentifierConverter) Checking if fedora ID info:fedora/qucosa is in domain
TRACE 07:47:13.209 [http-nio-8080-exec-2] (HttpIdentifierConverter) Translating Fedora ID info:fedora/qucosa to Http URI
TRACE 07:47:13.209 [http-nio-8080-exec-2] (HttpIdentifierConverter) Checking if fedora ID info:fedora/qucosa is in domain
TRACE 07:47:13.209 [http-nio-8080-exec-2] (HttpIdentifierConverter) Checking if fedora ID info:fedora/qucosa/qucosa-10662 is in domain
TRACE 07:47:13.210 [http-nio-8080-exec-2] (HttpIdentifierConverter) Translating Fedora ID info:fedora/qucosa/qucosa-10662 to Http URI
TRACE 07:47:13.210 [http-nio-8080-exec-2] (HttpIdentifierConverter) Checking if fedora ID info:fedora/qucosa/qucosa-10662 is in domain
TRACE 07:47:13.211 [http-nio-8080-exec-2] (HttpIdentifierConverter) Checking if fedora ID info:fedora/qucosa is in domain
TRACE 07:47:13.211 [http-nio-8080-exec-2] (HttpIdentifierConverter) Translating Fedora ID info:fedora/qucosa to Http URI
TRACE 07:47:13.212 [http-nio-8080-exec-2] (HttpIdentifierConverter) Checking if fedora ID info:fedora/qucosa is in domain
TRACE 07:47:13.212 [http-nio-8080-exec-2] (HttpIdentifierConverter) Checking if fedora ID info:fedora/qucosa/qucosa-10667 is in domain
TRACE 07:47:13.212 [http-nio-8080-exec-2] (HttpIdentifierConverter) Translating Fedora ID info:fedora/qucosa/qucosa-10667 to Http URI
TRACE 07:47:13.212 [http-nio-8080-exec-2] (HttpIdentifierConverter) Checking if fedora ID info:fedora/qucosa/qucosa-10667 is in domain
TRACE 07:47:13.212 [http-nio-8080-exec-2] (HttpIdentifierConverter) Checking if fedora ID info:fedora/qucosa is in domain
TRACE 07:47:13.213 [http-nio-8080-exec-2] (HttpIdentifierConverter) Translating Fedora ID info:fedora/qucosa to Http URI
TRACE 07:47:13.213 [http-nio-8080-exec-2] (HttpIdentifierConverter) Checking if fedora ID info:fedora/qucosa is in domain
TRACE 07:47:13.213 [http-nio-8080-exec-2] (HttpIdentifierConverter) Checking if fedora ID info:fedora/qucosa/qucosa-10673 is in domain
TRACE 07:47:13.213 [http-nio-8080-exec-2] (HttpIdentifierConverter) Translating Fedora ID info:fedora/qucosa/qucosa-10673 to Http URI
TRACE 07:47:13.213 [http-nio-8080-exec-2] (HttpIdentifierConverter) Checking if fedora ID info:fedora/qucosa/qucosa-10673 is in domain
TRACE 07:47:13.214 [http-nio-8080-exec-2] (HttpIdentifierConverter) Checking if fedora ID info:fedora/qucosa is in domain
TRACE 07:47:13.214 [http-nio-8080-exec-2] (HttpIdentifierConverter) Translating Fedora ID info:fedora/qucosa to Http URI
TRACE 07:47:13.214 [http-nio-8080-exec-2] (HttpIdentifierConverter) Checking if fedora ID info:fedora/qucosa is in domain
TRACE 07:47:13.214 [http-nio-8080-exec-2] (HttpIdentifierConverter) Checking if fedora ID info:fedora/qucosa/qucosa-10683 is in domain
TRACE 07:47:13.214 [http-nio-8080-exec-2] (HttpIdentifierConverter) Translating Fedora ID info:fedora/qucosa/qucosa-10683 to Http URI
TRACE 07:47:13.214 [http-nio-8080-exec-2] (HttpIdentifierConverter) Checking if fedora ID info:fedora/qucosa/qucosa-10683 is in domain
TRACE 07:47:13.215 [http-nio-8080-exec-2] (HttpIdentifierConverter) Checking if fedora ID info:fedora/qucosa is in domain
TRACE 07:47:13.215 [http-nio-8080-exec-2] (HttpIdentifierConverter) Translating Fedora ID info:fedora/qucosa to Http URI
TRACE 07:47:13.215 [http-nio-8080-exec-2] (HttpIdentifierConverter) Checking if fedora ID info:fedora/qucosa is in domain
TRACE 07:47:13.215 [http-nio-8080-exec-2] (HttpIdentifierConverter) Checking if fedora ID info:fedora/qucosa/qucosa-10687 is in domain
TRACE 07:47:13.215 [http-nio-8080-exec-2] (HttpIdentifierConverter) Translating Fedora ID info:fedora/qucosa/qucosa-10687 to Http URI
TRACE 07:47:13.216 [http-nio-8080-exec-2] (HttpIdentifierConverter) Checking if fedora ID info:fedora/qucosa/qucosa-10687 is in domain
TRACE 07:47:13.216 [http-nio-8080-exec-2] (HttpIdentifierConverter) Checking if fedora ID info:fedora/qucosa is in domain
TRACE 07:47:13.216 [http-nio-8080-exec-2] (HttpIdentifierConverter) Translating Fedora ID info:fedora/qucosa to Http URI
TRACE 07:47:13.216 [http-nio-8080-exec-2] (HttpIdentifierConverter) Checking if fedora ID info:fedora/qucosa is in domain
TRACE 07:47:13.216 [http-nio-8080-exec-2] (HttpIdentifierConverter) Checking if fedora ID info:fedora/qucosa/qucosa-10688 is in domain
TRACE 07:47:13.216 [http-nio-8080-exec-2] (HttpIdentifierConverter) Translating Fedora ID info:fedora/qucosa/qucosa-10688 to Http URI
TRACE 07:47:13.216 [http-nio-8080-exec-2] (HttpIdentifierConverter) Checking if fedora ID info:fedora/qucosa/qucosa-10688 is in domain
TRACE 07:47:13.219 [http-nio-8080-exec-2] (HttpIdentifierConverter) Checking if fedora ID info:fedora/qucosa is in domain
TRACE 07:47:13.220 [http-nio-8080-exec-2] (HttpIdentifierConverter) Translating Fedora ID info:fedora/qucosa to Http URI
TRACE 07:47:13.220 [http-nio-8080-exec-2] (HttpIdentifierConverter) Checking if fedora ID info:fedora/qucosa is in domain
TRACE 07:47:13.220 [http-nio-8080-exec-2] (HttpIdentifierConverter) Checking if fedora ID info:fedora/qucosa/qucosa-10700 is in domain
TRACE 07:47:13.220 [http-nio-8080-exec-2] (HttpIdentifierConverter) Translating Fedora ID info:fedora/qucosa/qucosa-10700 to Http URI
TRACE 07:47:13.220 [http-nio-8080-exec-2] (HttpIdentifierConverter) Checking if fedora ID info:fedora/qucosa/qucosa-10700 is in domain
TRACE 07:47:13.221 [http-nio-8080-exec-2] (HttpIdentifierConverter) Checking if fedora ID info:fedora/qucosa is in domain
TRACE 07:47:13.221 [http-nio-8080-exec-2] (HttpIdentifierConverter) Translating Fedora ID info:fedora/qucosa to Http URI
TRACE 07:47:13.221 [http-nio-8080-exec-2] (HttpIdentifierConverter) Checking if fedora ID info:fedora/qucosa is in domain
TRACE 07:47:13.221 [http-nio-8080-exec-2] (HttpIdentifierConverter) Checking if fedora ID info:fedora/qucosa/qucosa-10707 is in domain
TRACE 07:47:13.221 [http-nio-8080-exec-2] (HttpIdentifierConverter) Translating Fedora ID info:fedora/qucosa/qucosa-10707 to Http URI
TRACE 07:47:13.221 [http-nio-8080-exec-2] (HttpIdentifierConverter) Checking if fedora ID info:fedora/qucosa/qucosa-10707 is in domain
TRACE 07:47:13.222 [http-nio-8080-exec-2] (HttpIdentifierConverter) Checking if fedora ID info:fedora/qucosa is in domain
TRACE 07:47:13.222 [http-nio-8080-exec-2] (HttpIdentifierConverter) Translating Fedora ID info:fedora/qucosa to Http URI
TRACE 07:47:13.222 [http-nio-8080-exec-2] (HttpIdentifierConverter) Checking if fedora ID info:fedora/qucosa is in domain
TRACE 07:47:13.222 [http-nio-8080-exec-2] (HttpIdentifierConverter) Checking if fedora ID info:fedora/qucosa/qucosa-10720 is in domain
TRACE 07:47:13.222 [http-nio-8080-exec-2] (HttpIdentifierConverter) Translating Fedora ID info:fedora/qucosa/qucosa-10720 to Http URI
TRACE 07:47:13.222 [http-nio-8080-exec-2] (HttpIdentifierConverter) Checking if fedora ID info:fedora/qucosa/qucosa-10720 is in domain
TRACE 07:47:13.223 [http-nio-8080-exec-2] (HttpIdentifierConverter) Checking if fedora ID info:fedora/qucosa is in domain
TRACE 07:47:13.223 [http-nio-8080-exec-2] (HttpIdentifierConverter) Translating Fedora ID info:fedora/qucosa to Http URI
TRACE 07:47:13.223 [http-nio-8080-exec-2] (HttpIdentifierConverter) Checking if fedora ID info:fedora/qucosa is in domain
TRACE 07:47:13.223 [http-nio-8080-exec-2] (HttpIdentifierConverter) Checking if fedora ID info:fedora/qucosa/qucosa-10722 is in domain
TRACE 07:47:13.223 [http-nio-8080-exec-2] (HttpIdentifierConverter) Translating Fedora ID info:fedora/qucosa/qucosa-10722 to Http URI
TRACE 07:47:13.223 [http-nio-8080-exec-2] (HttpIdentifierConverter) Checking if fedora ID info:fedora/qucosa/qucosa-10722 is in domain
TRACE 07:47:13.224 [http-nio-8080-exec-2] (HttpIdentifierConverter) Checking if fedora ID info:fedora/qucosa is in domain
TRACE 07:47:13.224 [http-nio-8080-exec-2] (HttpIdentifierConverter) Translating Fedora ID info:fedora/qucosa to Http URI
TRACE 07:47:13.224 [http-nio-8080-exec-2] (HttpIdentifierConverter) Checking if fedora ID info:fedora/qucosa is in domain
TRACE 07:47:13.224 [http-nio-8080-exec-2] (HttpIdentifierConverter) Checking if fedora ID info:fedora/qucosa/qucosa-10730 is in domain
TRACE 07:47:13.224 [http-nio-8080-exec-2] (HttpIdentifierConverter) Translating Fedora ID info:fedora/qucosa/qucosa-10730 to Http URI
TRACE 07:47:13.224 [http-nio-8080-exec-2] (HttpIdentifierConverter) Checking if fedora ID info:fedora/qucosa/qucosa-10730 is in domain
TRACE 07:47:13.225 [http-nio-8080-exec-2] (HttpIdentifierConverter) Checking if fedora ID info:fedora/qucosa is in domain
TRACE 07:47:13.225 [http-nio-8080-exec-2] (HttpIdentifierConverter) Translating Fedora ID info:fedora/qucosa to Http URI
TRACE 07:47:13.225 [http-nio-8080-exec-2] (HttpIdentifierConverter) Checking if fedora ID info:fedora/qucosa is in domain
TRACE 07:47:13.225 [http-nio-8080-exec-2] (HttpIdentifierConverter) Checking if fedora ID info:fedora/qucosa/qucosa-10743 is in domain
TRACE 07:47:13.225 [http-nio-8080-exec-2] (HttpIdentifierConverter) Translating Fedora ID info:fedora/qucosa/qucosa-10743 to Http URI
TRACE 07:47:13.225 [http-nio-8080-exec-2] (HttpIdentifierConverter) Checking if fedora ID info:fedora/qucosa/qucosa-10743 is in domain
TRACE 07:47:13.226 [http-nio-8080-exec-2] (HttpIdentifierConverter) Checking if fedora ID info:fedora/qucosa is in domain
TRACE 07:47:13.226 [http-nio-8080-exec-2] (HttpIdentifierConverter) Translating Fedora ID info:fedora/qucosa to Http URI
TRACE 07:47:13.226 [http-nio-8080-exec-2] (HttpIdentifierConverter) Checking if fedora ID info:fedora/qucosa is in domain
TRACE 07:47:13.226 [http-nio-8080-exec-2] (HttpIdentifierConverter) Checking if fedora ID info:fedora/qucosa/qucosa-10759 is in domain
TRACE 07:47:13.226 [http-nio-8080-exec-2] (HttpIdentifierConverter) Translating Fedora ID info:fedora/qucosa/qucosa-10759 to Http URI
TRACE 07:47:13.226 [http-nio-8080-exec-2] (HttpIdentifierConverter) Checking if fedora ID info:fedora/qucosa/qucosa-10759 is in domain
TRACE 07:47:13.226 [http-nio-8080-exec-2] (HttpIdentifierConverter) Checking if fedora ID info:fedora/qucosa is in domain
TRACE 07:47:13.226 [http-nio-8080-exec-2] (HttpIdentifierConverter) Translating Fedora ID info:fedora/qucosa to Http URI
TRACE 07:47:13.226 [http-nio-8080-exec-2] (HttpIdentifierConverter) Checking if fedora ID info:fedora/qucosa is in domain
TRACE 07:47:13.226 [http-nio-8080-exec-2] (HttpIdentifierConverter) Checking if fedora ID info:fedora/qucosa/qucosa-10764 is in domain
TRACE 07:47:13.226 [http-nio-8080-exec-2] (HttpIdentifierConverter) Translating Fedora ID info:fedora/qucosa/qucosa-10764 to Http URI
TRACE 07:47:13.226 [http-nio-8080-exec-2] (HttpIdentifierConverter) Checking if fedora ID info:fedora/qucosa/qucosa-10764 is in domain
TRACE 07:47:13.226 [http-nio-8080-exec-2] (HttpIdentifierConverter) Checking if fedora ID info:fedora/qucosa is in domain
TRACE 07:47:13.226 [http-nio-8080-exec-2] (HttpIdentifierConverter) Translating Fedora ID info:fedora/qucosa to Http URI
TRACE 07:47:13.226 [http-nio-8080-exec-2] (HttpIdentifierConverter) Checking if fedora ID info:fedora/qucosa is in domain
TRACE 07:47:13.226 [http-nio-8080-exec-2] (HttpIdentifierConverter) Checking if fedora ID info:fedora/qucosa/qucosa-10766 is in domain
TRACE 07:47:13.226 [http-nio-8080-exec-2] (HttpIdentifierConverter) Translating Fedora ID info:fedora/qucosa/qucosa-10766 to Http URI
TRACE 07:47:13.226 [http-nio-8080-exec-2] (HttpIdentifierConverter) Checking if fedora ID info:fedora/qucosa/qucosa-10766 is in domain
TRACE 07:47:13.226 [http-nio-8080-exec-2] (HttpIdentifierConverter) Checking if fedora ID info:fedora/qucosa is in domain
TRACE 07:47:13.226 [http-nio-8080-exec-2] (HttpIdentifierConverter) Translating Fedora ID info:fedora/qucosa to Http URI
TRACE 07:47:13.226 [http-nio-8080-exec-2] (HttpIdentifierConverter) Checking if fedora ID info:fedora/qucosa is in domain
TRACE 07:47:13.226 [http-nio-8080-exec-2] (HttpIdentifierConverter) Checking if fedora ID info:fedora/qucosa/qucosa-10774 is in domain
TRACE 07:47:13.226 [http-nio-8080-exec-2] (HttpIdentifierConverter) Translating Fedora ID info:fedora/qucosa/qucosa-10774 to Http URI
TRACE 07:47:13.226 [http-nio-8080-exec-2] (HttpIdentifierConverter) Checking if fedora ID info:fedora/qucosa/qucosa-10774 is in domain
TRACE 07:47:13.226 [http-nio-8080-exec-2] (HttpIdentifierConverter) Checking if fedora ID info:fedora/qucosa is in domain
TRACE 07:47:13.226 [http-nio-8080-exec-2] (HttpIdentifierConverter) Translating Fedora ID info:fedora/qucosa to Http URI
TRACE 07:47:13.226 [http-nio-8080-exec-2] (HttpIdentifierConverter) Checking if fedora ID info:fedora/qucosa is in domain
TRACE 07:47:13.226 [http-nio-8080-exec-2] (HttpIdentifierConverter) Checking if fedora ID info:fedora/qucosa/qucosa-10789 is in domain
TRACE 07:47:13.226 [http-nio-8080-exec-2] (HttpIdentifierConverter) Translating Fedora ID info:fedora/qucosa/qucosa-10789 to Http URI
TRACE 07:47:13.226 [http-nio-8080-exec-2] (HttpIdentifierConverter) Checking if fedora ID info:fedora/qucosa/qucosa-10789 is in domain
TRACE 07:47:13.226 [http-nio-8080-exec-2] (HttpIdentifierConverter) Checking if fedora ID info:fedora/qucosa is in domain
TRACE 07:47:13.226 [http-nio-8080-exec-2] (HttpIdentifierConverter) Translating Fedora ID info:fedora/qucosa to Http URI
TRACE 07:47:13.226 [http-nio-8080-exec-2] (HttpIdentifierConverter) Checking if fedora ID info:fedora/qucosa is in domain
TRACE 07:47:13.226 [http-nio-8080-exec-2] (HttpIdentifierConverter) Checking if fedora ID info:fedora/qucosa/qucosa-10795 is in domain
TRACE 07:47:13.226 [http-nio-8080-exec-2] (HttpIdentifierConverter) Translating Fedora ID info:fedora/qucosa/qucosa-10795 to Http URI
TRACE 07:47:13.226 [http-nio-8080-exec-2] (HttpIdentifierConverter) Checking if fedora ID info:fedora/qucosa/qucosa-10795 is in domain
TRACE 07:47:13.226 [http-nio-8080-exec-2] (HttpIdentifierConverter) Checking if fedora ID info:fedora/qucosa is in domain
TRACE 07:47:13.226 [http-nio-8080-exec-2] (HttpIdentifierConverter) Translating Fedora ID info:fedora/qucosa to Http URI
TRACE 07:47:13.226 [http-nio-8080-exec-2] (HttpIdentifierConverter) Checking if fedora ID info:fedora/qucosa is in domain
TRACE 07:47:13.226 [http-nio-8080-exec-2] (HttpIdentifierConverter) Checking if fedora ID info:fedora/qucosa/qucosa-10805 is in domain
TRACE 07:47:13.226 [http-nio-8080-exec-2] (HttpIdentifierConverter) Translating Fedora ID info:fedora/qucosa/qucosa-10805 to Http URI
TRACE 07:47:13.226 [http-nio-8080-exec-2] (HttpIdentifierConverter) Checking if fedora ID info:fedora/qucosa/qucosa-10805 is in domain
TRACE 07:47:13.226 [http-nio-8080-exec-2] (HttpIdentifierConverter) Checking if fedora ID info:fedora/qucosa is in domain
TRACE 07:47:13.226 [http-nio-8080-exec-2] (HttpIdentifierConverter) Translating Fedora ID info:fedora/qucosa to Http URI
TRACE 07:47:13.226 [http-nio-8080-exec-2] (HttpIdentifierConverter) Checking if fedora ID info:fedora/qucosa is in domain
TRACE 07:47:13.226 [http-nio-8080-exec-2] (HttpIdentifierConverter) Checking if fedora ID info:fedora/qucosa/qucosa-10816 is in domain
TRACE 07:47:13.226 [http-nio-8080-exec-2] (HttpIdentifierConverter) Translating Fedora ID info:fedora/qucosa/qucosa-10816 to Http URI
TRACE 07:47:13.226 [http-nio-8080-exec-2] (HttpIdentifierConverter) Checking if fedora ID info:fedora/qucosa/qucosa-10816 is in domain
TRACE 07:47:13.226 [http-nio-8080-exec-2] (HttpIdentifierConverter) Checking if fedora ID info:fedora/qucosa is in domain
TRACE 07:47:13.226 [http-nio-8080-exec-2] (HttpIdentifierConverter) Translating Fedora ID info:fedora/qucosa to Http URI
TRACE 07:47:13.226 [http-nio-8080-exec-2] (HttpIdentifierConverter) Checking if fedora ID info:fedora/qucosa is in domain
TRACE 07:47:13.226 [http-nio-8080-exec-2] (HttpIdentifierConverter) Checking if fedora ID info:fedora/qucosa/qucosa-10822 is in domain
TRACE 07:47:13.226 [http-nio-8080-exec-2] (HttpIdentifierConverter) Translating Fedora ID info:fedora/qucosa/qucosa-10822 to Http URI
TRACE 07:47:13.226 [http-nio-8080-exec-2] (HttpIdentifierConverter) Checking if fedora ID info:fedora/qucosa/qucosa-10822 is in domain
TRACE 07:47:13.226 [http-nio-8080-exec-2] (HttpIdentifierConverter) Checking if fedora ID info:fedora/qucosa is in domain
TRACE 07:47:13.226 [http-nio-8080-exec-2] (HttpIdentifierConverter) Translating Fedora ID info:fedora/qucosa to Http URI
TRACE 07:47:13.226 [http-nio-8080-exec-2] (HttpIdentifierConverter) Checking if fedora ID info:fedora/qucosa is in domain
TRACE 07:47:13.226 [http-nio-8080-exec-2] (HttpIdentifierConverter) Checking if fedora ID info:fedora/qucosa/qucosa-10836 is in domain
TRACE 07:47:13.226 [http-nio-8080-exec-2] (HttpIdentifierConverter) Translating Fedora ID info:fedora/qucosa/qucosa-10836 to Http URI
TRACE 07:47:13.226 [http-nio-8080-exec-2] (HttpIdentifierConverter) Checking if fedora ID info:fedora/qucosa/qucosa-10836 is in domain
TRACE 07:47:13.226 [http-nio-8080-exec-2] (HttpIdentifierConverter) Checking if fedora ID info:fedora/qucosa is in domain
TRACE 07:47:13.226 [http-nio-8080-exec-2] (HttpIdentifierConverter) Translating Fedora ID info:fedora/qucosa to Http URI
TRACE 07:47:13.226 [http-nio-8080-exec-2] (HttpIdentifierConverter) Checking if fedora ID info:fedora/qucosa is in domain
TRACE 07:47:13.226 [http-nio-8080-exec-2] (HttpIdentifierConverter) Checking if fedora ID info:fedora/qucosa/qucosa-10855 is in domain
TRACE 07:47:13.226 [http-nio-8080-exec-2] (HttpIdentifierConverter) Translating Fedora ID info:fedora/qucosa/qucosa-10855 to Http URI
TRACE 07:47:13.226 [http-nio-8080-exec-2] (HttpIdentifierConverter) Checking if fedora ID info:fedora/qucosa/qucosa-10855 is in domain
TRACE 07:47:13.226 [http-nio-8080-exec-2] (HttpIdentifierConverter) Checking if fedora ID info:fedora/qucosa is in domain
TRACE 07:47:13.226 [http-nio-8080-exec-2] (HttpIdentifierConverter) Translating Fedora ID info:fedora/qucosa to Http URI
TRACE 07:47:13.226 [http-nio-8080-exec-2] (HttpIdentifierConverter) Checking if fedora ID info:fedora/qucosa is in domain
TRACE 07:47:13.226 [http-nio-8080-exec-2] (HttpIdentifierConverter) Checking if fedora ID info:fedora/qucosa/qucosa-10866 is in domain
TRACE 07:47:13.226 [http-nio-8080-exec-2] (HttpIdentifierConverter) Translating Fedora ID info:fedora/qucosa/qucosa-10866 to Http URI
TRACE 07:47:13.226 [http-nio-8080-exec-2] (HttpIdentifierConverter) Checking if fedora ID info:fedora/qucosa/qucosa-10866 is in domain
TRACE 07:47:13.226 [http-nio-8080-exec-2] (HttpIdentifierConverter) Checking if fedora ID info:fedora/qucosa is in domain
TRACE 07:47:13.226 [http-nio-8080-exec-2] (HttpIdentifierConverter) Translating Fedora ID info:fedora/qucosa to Http URI
TRACE 07:47:13.226 [http-nio-8080-exec-2] (HttpIdentifierConverter) Checking if fedora ID info:fedora/qucosa is in domain
TRACE 07:47:13.226 [http-nio-8080-exec-2] (HttpIdentifierConverter) Checking if fedora ID info:fedora/qucosa/qucosa-10868 is in domain
TRACE 07:47:13.226 [http-nio-8080-exec-2] (HttpIdentifierConverter) Translating Fedora ID info:fedora/qucosa/qucosa-10868 to Http URI
TRACE 07:47:13.226 [http-nio-8080-exec-2] (HttpIdentifierConverter) Checking if fedora ID info:fedora/qucosa/qucosa-10868 is in domain
TRACE 07:47:13.227 [http-nio-8080-exec-2] (HttpIdentifierConverter) Checking if fedora ID info:fedora/qucosa is in domain
TRACE 07:47:13.227 [http-nio-8080-exec-2] (HttpIdentifierConverter) Translating Fedora ID info:fedora/qucosa to Http URI
TRACE 07:47:13.227 [http-nio-8080-exec-2] (HttpIdentifierConverter) Checking if fedora ID info:fedora/qucosa is in domain
TRACE 07:47:13.227 [http-nio-8080-exec-2] (HttpIdentifierConverter) Checking if fedora ID info:fedora/qucosa/qucosa-10871 is in domain
TRACE 07:47:13.227 [http-nio-8080-exec-2] (HttpIdentifierConverter) Translating Fedora ID info:fedora/qucosa/qucosa-10871 to Http URI
TRACE 07:47:13.227 [http-nio-8080-exec-2] (HttpIdentifierConverter) Checking if fedora ID info:fedora/qucosa/qucosa-10871 is in domain
TRACE 07:47:13.227 [http-nio-8080-exec-2] (HttpIdentifierConverter) Checking if fedora ID info:fedora/qucosa is in domain
TRACE 07:47:13.227 [http-nio-8080-exec-2] (HttpIdentifierConverter) Translating Fedora ID info:fedora/qucosa to Http URI
TRACE 07:47:13.227 [http-nio-8080-exec-2] (HttpIdentifierConverter) Checking if fedora ID info:fedora/qucosa is in domain
TRACE 07:47:13.227 [http-nio-8080-exec-2] (HttpIdentifierConverter) Checking if fedora ID info:fedora/qucosa/qucosa-10916 is in domain
TRACE 07:47:13.227 [http-nio-8080-exec-2] (HttpIdentifierConverter) Translating Fedora ID info:fedora/qucosa/qucosa-10916 to Http URI
TRACE 07:47:13.227 [http-nio-8080-exec-2] (HttpIdentifierConverter) Checking if fedora ID info:fedora/qucosa/qucosa-10916 is in domain
TRACE 07:47:13.227 [http-nio-8080-exec-2] (HttpIdentifierConverter) Checking if fedora ID info:fedora/qucosa is in domain
TRACE 07:47:13.227 [http-nio-8080-exec-2] (HttpIdentifierConverter) Translating Fedora ID info:fedora/qucosa to Http URI
TRACE 07:47:13.227 [http-nio-8080-exec-2] (HttpIdentifierConverter) Checking if fedora ID info:fedora/qucosa is in domain
TRACE 07:47:13.227 [http-nio-8080-exec-2] (HttpIdentifierConverter) Checking if fedora ID info:fedora/qucosa/qucosa-10919 is in domain
TRACE 07:47:13.227 [http-nio-8080-exec-2] (HttpIdentifierConverter) Translating Fedora ID info:fedora/qucosa/qucosa-10919 to Http URI
TRACE 07:47:13.227 [http-nio-8080-exec-2] (HttpIdentifierConverter) Checking if fedora ID info:fedora/qucosa/qucosa-10919 is in domain
TRACE 07:47:13.227 [http-nio-8080-exec-2] (HttpIdentifierConverter) Checking if fedora ID info:fedora/qucosa is in domain
TRACE 07:47:13.227 [http-nio-8080-exec-2] (HttpIdentifierConverter) Translating Fedora ID info:fedora/qucosa to Http URI
TRACE 07:47:13.227 [http-nio-8080-exec-2] (HttpIdentifierConverter) Checking if fedora ID info:fedora/qucosa is in domain
TRACE 07:47:13.227 [http-nio-8080-exec-2] (HttpIdentifierConverter) Checking if fedora ID info:fedora/qucosa/qucosa-10923 is in domain
TRACE 07:47:13.227 [http-nio-8080-exec-2] (HttpIdentifierConverter) Translating Fedora ID info:fedora/qucosa/qucosa-10923 to Http URI
TRACE 07:47:13.227 [http-nio-8080-exec-2] (HttpIdentifierConverter) Checking if fedora ID info:fedora/qucosa/qucosa-10923 is in domain
TRACE 07:47:13.227 [http-nio-8080-exec-2] (HttpIdentifierConverter) Checking if fedora ID info:fedora/qucosa is in domain
TRACE 07:47:13.227 [http-nio-8080-exec-2] (HttpIdentifierConverter) Translating Fedora ID info:fedora/qucosa to Http URI
TRACE 07:47:13.227 [http-nio-8080-exec-2] (HttpIdentifierConverter) Checking if fedora ID info:fedora/qucosa is in domain
TRACE 07:47:13.227 [http-nio-8080-exec-2] (HttpIdentifierConverter) Checking if fedora ID info:fedora/qucosa/qucosa-10934 is in domain
TRACE 07:47:13.227 [http-nio-8080-exec-2] (HttpIdentifierConverter) Translating Fedora ID info:fedora/qucosa/qucosa-10934 to Http URI
TRACE 07:47:13.227 [http-nio-8080-exec-2] (HttpIdentifierConverter) Checking if fedora ID info:fedora/qucosa/qucosa-10934 is in domain
TRACE 07:47:13.227 [http-nio-8080-exec-2] (HttpIdentifierConverter) Checking if fedora ID info:fedora/qucosa is in domain
TRACE 07:47:13.227 [http-nio-8080-exec-2] (HttpIdentifierConverter) Translating Fedora ID info:fedora/qucosa to Http URI
TRACE 07:47:13.227 [http-nio-8080-exec-2] (HttpIdentifierConverter) Checking if fedora ID info:fedora/qucosa is in domain
TRACE 07:47:13.227 [http-nio-8080-exec-2] (HttpIdentifierConverter) Checking if fedora ID info:fedora/qucosa/qucosa-10938 is in domain
TRACE 07:47:13.227 [http-nio-8080-exec-2] (HttpIdentifierConverter) Translating Fedora ID info:fedora/qucosa/qucosa-10938 to Http URI
TRACE 07:47:13.227 [http-nio-8080-exec-2] (HttpIdentifierConverter) Checking if fedora ID info:fedora/qucosa/qucosa-10938 is in domain
TRACE 07:47:13.227 [http-nio-8080-exec-2] (HttpIdentifierConverter) Checking if fedora ID info:fedora/qucosa is in domain
TRACE 07:47:13.227 [http-nio-8080-exec-2] (HttpIdentifierConverter) Translating Fedora ID info:fedora/qucosa to Http URI
TRACE 07:47:13.227 [http-nio-8080-exec-2] (HttpIdentifierConverter) Checking if fedora ID info:fedora/qucosa is in domain
TRACE 07:47:13.227 [http-nio-8080-exec-2] (HttpIdentifierConverter) Checking if fedora ID info:fedora/qucosa/qucosa-10939 is in domain
TRACE 07:47:13.227 [http-nio-8080-exec-2] (HttpIdentifierConverter) Translating Fedora ID info:fedora/qucosa/qucosa-10939 to Http URI
TRACE 07:47:13.227 [http-nio-8080-exec-2] (HttpIdentifierConverter) Checking if fedora ID info:fedora/qucosa/qucosa-10939 is in domain
TRACE 07:47:13.227 [http-nio-8080-exec-2] (HttpIdentifierConverter) Checking if fedora ID info:fedora/qucosa is in domain
TRACE 07:47:13.227 [http-nio-8080-exec-2] (HttpIdentifierConverter) Translating Fedora ID info:fedora/qucosa to Http URI
TRACE 07:47:13.227 [http-nio-8080-exec-2] (HttpIdentifierConverter) Checking if fedora ID info:fedora/qucosa is in domain
TRACE 07:47:13.227 [http-nio-8080-exec-2] (HttpIdentifierConverter) Checking if fedora ID info:fedora/qucosa/qucosa-10977 is in domain
TRACE 07:47:13.227 [http-nio-8080-exec-2] (HttpIdentifierConverter) Translating Fedora ID info:fedora/qucosa/qucosa-10977 to Http URI
TRACE 07:47:13.227 [http-nio-8080-exec-2] (HttpIdentifierConverter) Checking if fedora ID info:fedora/qucosa/qucosa-10977 is in domain
TRACE 07:47:13.227 [http-nio-8080-exec-2] (HttpIdentifierConverter) Checking if fedora ID info:fedora/qucosa is in domain
TRACE 07:47:13.227 [http-nio-8080-exec-2] (HttpIdentifierConverter) Translating Fedora ID info:fedora/qucosa to Http URI
TRACE 07:47:13.227 [http-nio-8080-exec-2] (HttpIdentifierConverter) Checking if fedora ID info:fedora/qucosa is in domain
TRACE 07:47:13.227 [http-nio-8080-exec-2] (HttpIdentifierConverter) Checking if fedora ID info:fedora/qucosa/qucosa-10995 is in domain
TRACE 07:47:13.227 [http-nio-8080-exec-2] (HttpIdentifierConverter) Translating Fedora ID info:fedora/qucosa/qucosa-10995 to Http URI
TRACE 07:47:13.227 [http-nio-8080-exec-2] (HttpIdentifierConverter) Checking if fedora ID info:fedora/qucosa/qucosa-10995 is in domain
TRACE 07:47:13.227 [http-nio-8080-exec-2] (HttpIdentifierConverter) Checking if fedora ID info:fedora/qucosa is in domain
TRACE 07:47:13.227 [http-nio-8080-exec-2] (HttpIdentifierConverter) Translating Fedora ID info:fedora/qucosa to Http URI
TRACE 07:47:13.227 [http-nio-8080-exec-2] (HttpIdentifierConverter) Checking if fedora ID info:fedora/qucosa is in domain
TRACE 07:47:13.227 [http-nio-8080-exec-2] (HttpIdentifierConverter) Checking if fedora ID info:fedora/qucosa/qucosa-11006 is in domain
TRACE 07:47:13.227 [http-nio-8080-exec-2] (HttpIdentifierConverter) Translating Fedora ID info:fedora/qucosa/qucosa-11006 to Http URI
TRACE 07:47:13.227 [http-nio-8080-exec-2] (HttpIdentifierConverter) Checking if fedora ID info:fedora/qucosa/qucosa-11006 is in domain
TRACE 07:47:13.227 [http-nio-8080-exec-2] (HttpIdentifierConverter) Checking if fedora ID info:fedora/qucosa is in domain
TRACE 07:47:13.227 [http-nio-8080-exec-2] (HttpIdentifierConverter) Translating Fedora ID info:fedora/qucosa to Http URI
TRACE 07:47:13.227 [http-nio-8080-exec-2] (HttpIdentifierConverter) Checking if fedora ID info:fedora/qucosa is in domain
TRACE 07:47:13.227 [http-nio-8080-exec-2] (HttpIdentifierConverter) Checking if fedora ID info:fedora/qucosa/qucosa-11015 is in domain
TRACE 07:47:13.227 [http-nio-8080-exec-2] (HttpIdentifierConverter) Translating Fedora ID info:fedora/qucosa/qucosa-11015 to Http URI
TRACE 07:47:13.227 [http-nio-8080-exec-2] (HttpIdentifierConverter) Checking if fedora ID info:fedora/qucosa/qucosa-11015 is in domain
TRACE 07:47:13.227 [http-nio-8080-exec-2] (HttpIdentifierConverter) Checking if fedora ID info:fedora/qucosa is in domain
TRACE 07:47:13.227 [http-nio-8080-exec-2] (HttpIdentifierConverter) Translating Fedora ID info:fedora/qucosa to Http URI
TRACE 07:47:13.227 [http-nio-8080-exec-2] (HttpIdentifierConverter) Checking if fedora ID info:fedora/qucosa is in domain
TRACE 07:47:13.227 [http-nio-8080-exec-2] (HttpIdentifierConverter) Checking if fedora ID info:fedora/qucosa/qucosa-11018 is in domain
TRACE 07:47:13.227 [http-nio-8080-exec-2] (HttpIdentifierConverter) Translating Fedora ID info:fedora/qucosa/qucosa-11018 to Http URI
TRACE 07:47:13.227 [http-nio-8080-exec-2] (HttpIdentifierConverter) Checking if fedora ID info:fedora/qucosa/qucosa-11018 is in domain
TRACE 07:47:13.227 [http-nio-8080-exec-2] (HttpIdentifierConverter) Checking if fedora ID info:fedora/qucosa is in domain
TRACE 07:47:13.227 [http-nio-8080-exec-2] (HttpIdentifierConverter) Translating Fedora ID info:fedora/qucosa to Http URI
TRACE 07:47:13.227 [http-nio-8080-exec-2] (HttpIdentifierConverter) Checking if fedora ID info:fedora/qucosa is in domain
TRACE 07:47:13.227 [http-nio-8080-exec-2] (HttpIdentifierConverter) Checking if fedora ID info:fedora/qucosa/qucosa-11020 is in domain
TRACE 07:47:13.227 [http-nio-8080-exec-2] (HttpIdentifierConverter) Translating Fedora ID info:fedora/qucosa/qucosa-11020 to Http URI
TRACE 07:47:13.227 [http-nio-8080-exec-2] (HttpIdentifierConverter) Checking if fedora ID info:fedora/qucosa/qucosa-11020 is in domain
TRACE 07:47:13.227 [http-nio-8080-exec-2] (HttpIdentifierConverter) Checking if fedora ID info:fedora/qucosa is in domain
TRACE 07:47:13.227 [http-nio-8080-exec-2] (HttpIdentifierConverter) Translating Fedora ID info:fedora/qucosa to Http URI
TRACE 07:47:13.227 [http-nio-8080-exec-2] (HttpIdentifierConverter) Checking if fedora ID info:fedora/qucosa is in domain
TRACE 07:47:13.227 [http-nio-8080-exec-2] (HttpIdentifierConverter) Checking if fedora ID info:fedora/qucosa/qucosa-11022 is in domain
TRACE 07:47:13.227 [http-nio-8080-exec-2] (HttpIdentifierConverter) Translating Fedora ID info:fedora/qucosa/qucosa-11022 to Http URI
TRACE 07:47:13.227 [http-nio-8080-exec-2] (HttpIdentifierConverter) Checking if fedora ID info:fedora/qucosa/qucosa-11022 is in domain
TRACE 07:47:13.227 [http-nio-8080-exec-2] (HttpIdentifierConverter) Checking if fedora ID info:fedora/qucosa is in domain
TRACE 07:47:13.227 [http-nio-8080-exec-2] (HttpIdentifierConverter) Translating Fedora ID info:fedora/qucosa to Http URI
TRACE 07:47:13.227 [http-nio-8080-exec-2] (HttpIdentifierConverter) Checking if fedora ID info:fedora/qucosa is in domain
TRACE 07:47:13.227 [http-nio-8080-exec-2] (HttpIdentifierConverter) Checking if fedora ID info:fedora/qucosa/qucosa-11039 is in domain
TRACE 07:47:13.227 [http-nio-8080-exec-2] (HttpIdentifierConverter) Translating Fedora ID info:fedora/qucosa/qucosa-11039 to Http URI
TRACE 07:47:13.227 [http-nio-8080-exec-2] (HttpIdentifierConverter) Checking if fedora ID info:fedora/qucosa/qucosa-11039 is in domain
TRACE 07:47:13.227 [http-nio-8080-exec-2] (HttpIdentifierConverter) Checking if fedora ID info:fedora/qucosa is in domain
TRACE 07:47:13.227 [http-nio-8080-exec-2] (HttpIdentifierConverter) Translating Fedora ID info:fedora/qucosa to Http URI
TRACE 07:47:13.227 [http-nio-8080-exec-2] (HttpIdentifierConverter) Checking if fedora ID info:fedora/qucosa is in domain
TRACE 07:47:13.227 [http-nio-8080-exec-2] (HttpIdentifierConverter) Checking if fedora ID info:fedora/qucosa/qucosa-11057 is in domain
TRACE 07:47:13.227 [http-nio-8080-exec-2] (HttpIdentifierConverter) Translating Fedora ID info:fedora/qucosa/qucosa-11057 to Http URI
TRACE 07:47:13.227 [http-nio-8080-exec-2] (HttpIdentifierConverter) Checking if fedora ID info:fedora/qucosa/qucosa-11057 is in domain
TRACE 07:47:13.227 [http-nio-8080-exec-2] (HttpIdentifierConverter) Checking if fedora ID info:fedora/qucosa is in domain
TRACE 07:47:13.227 [http-nio-8080-exec-2] (HttpIdentifierConverter) Translating Fedora ID info:fedora/qucosa to Http URI
TRACE 07:47:13.227 [http-nio-8080-exec-2] (HttpIdentifierConverter) Checking if fedora ID info:fedora/qucosa is in domain
TRACE 07:47:13.227 [http-nio-8080-exec-2] (HttpIdentifierConverter) Checking if fedora ID info:fedora/qucosa/qucosa-11060 is in domain
TRACE 07:47:13.227 [http-nio-8080-exec-2] (HttpIdentifierConverter) Translating Fedora ID info:fedora/qucosa/qucosa-11060 to Http URI
TRACE 07:47:13.227 [http-nio-8080-exec-2] (HttpIdentifierConverter) Checking if fedora ID info:fedora/qucosa/qucosa-11060 is in domain
TRACE 07:47:13.227 [http-nio-8080-exec-2] (HttpIdentifierConverter) Checking if fedora ID info:fedora/qucosa is in domain
TRACE 07:47:13.227 [http-nio-8080-exec-2] (HttpIdentifierConverter) Translating Fedora ID info:fedora/qucosa to Http URI
TRACE 07:47:13.227 [http-nio-8080-exec-2] (HttpIdentifierConverter) Checking if fedora ID info:fedora/qucosa is in domain
TRACE 07:47:13.227 [http-nio-8080-exec-2] (HttpIdentifierConverter) Checking if fedora ID info:fedora/qucosa/qucosa-11072 is in domain
TRACE 07:47:13.227 [http-nio-8080-exec-2] (HttpIdentifierConverter) Translating Fedora ID info:fedora/qucosa/qucosa-11072 to Http URI
TRACE 07:47:13.227 [http-nio-8080-exec-2] (HttpIdentifierConverter) Checking if fedora ID info:fedora/qucosa/qucosa-11072 is in domain
TRACE 07:47:13.227 [http-nio-8080-exec-2] (HttpIdentifierConverter) Checking if fedora ID info:fedora/qucosa is in domain
TRACE 07:47:13.227 [http-nio-8080-exec-2] (HttpIdentifierConverter) Translating Fedora ID info:fedora/qucosa to Http URI
TRACE 07:47:13.227 [http-nio-8080-exec-2] (HttpIdentifierConverter) Checking if fedora ID info:fedora/qucosa is in domain
TRACE 07:47:13.227 [http-nio-8080-exec-2] (HttpIdentifierConverter) Checking if fedora ID info:fedora/qucosa/qucosa-11073 is in domain
TRACE 07:47:13.227 [http-nio-8080-exec-2] (HttpIdentifierConverter) Translating Fedora ID info:fedora/qucosa/qucosa-11073 to Http URI
TRACE 07:47:13.227 [http-nio-8080-exec-2] (HttpIdentifierConverter) Checking if fedora ID info:fedora/qucosa/qucosa-11073 is in domain
TRACE 07:47:13.227 [http-nio-8080-exec-2] (HttpIdentifierConverter) Checking if fedora ID info:fedora/qucosa is in domain
TRACE 07:47:13.227 [http-nio-8080-exec-2] (HttpIdentifierConverter) Translating Fedora ID info:fedora/qucosa to Http URI
TRACE 07:47:13.227 [http-nio-8080-exec-2] (HttpIdentifierConverter) Checking if fedora ID info:fedora/qucosa is in domain
TRACE 07:47:13.227 [http-nio-8080-exec-2] (HttpIdentifierConverter) Checking if fedora ID info:fedora/qucosa/qucosa-11085 is in domain
TRACE 07:47:13.227 [http-nio-8080-exec-2] (HttpIdentifierConverter) Translating Fedora ID info:fedora/qucosa/qucosa-11085 to Http URI
TRACE 07:47:13.227 [http-nio-8080-exec-2] (HttpIdentifierConverter) Checking if fedora ID info:fedora/qucosa/qucosa-11085 is in domain
TRACE 07:47:13.227 [http-nio-8080-exec-2] (HttpIdentifierConverter) Checking if fedora ID info:fedora/qucosa is in domain
TRACE 07:47:13.227 [http-nio-8080-exec-2] (HttpIdentifierConverter) Translating Fedora ID info:fedora/qucosa to Http URI
TRACE 07:47:13.227 [http-nio-8080-exec-2] (HttpIdentifierConverter) Checking if fedora ID info:fedora/qucosa is in domain
TRACE 07:47:13.227 [http-nio-8080-exec-2] (HttpIdentifierConverter) Checking if fedora ID info:fedora/qucosa/qucosa-11091 is in domain
TRACE 07:47:13.227 [http-nio-8080-exec-2] (HttpIdentifierConverter) Translating Fedora ID info:fedora/qucosa/qucosa-11091 to Http URI
TRACE 07:47:13.227 [http-nio-8080-exec-2] (HttpIdentifierConverter) Checking if fedora ID info:fedora/qucosa/qucosa-11091 is in domain
TRACE 07:47:13.227 [http-nio-8080-exec-2] (HttpIdentifierConverter) Checking if fedora ID info:fedora/qucosa is in domain
TRACE 07:47:13.227 [http-nio-8080-exec-2] (HttpIdentifierConverter) Translating Fedora ID info:fedora/qucosa to Http URI
TRACE 07:47:13.241 [http-nio-8080-exec-2] (HttpIdentifierConverter) Checking if fedora ID info:fedora/qucosa is in domain
TRACE 07:47:13.242 [http-nio-8080-exec-2] (HttpIdentifierConverter) Checking if fedora ID info:fedora/qucosa/qucosa-11095 is in domain
TRACE 07:47:13.242 [http-nio-8080-exec-2] (HttpIdentifierConverter) Translating Fedora ID info:fedora/qucosa/qucosa-11095 to Http URI
TRACE 07:47:13.242 [http-nio-8080-exec-2] (HttpIdentifierConverter) Checking if fedora ID info:fedora/qucosa/qucosa-11095 is in domain
TRACE 07:47:13.242 [http-nio-8080-exec-2] (HttpIdentifierConverter) Checking if fedora ID info:fedora/qucosa is in domain
TRACE 07:47:13.242 [http-nio-8080-exec-2] (HttpIdentifierConverter) Translating Fedora ID info:fedora/qucosa to Http URI
TRACE 07:47:13.242 [http-nio-8080-exec-2] (HttpIdentifierConverter) Checking if fedora ID info:fedora/qucosa is in domain
TRACE 07:47:13.242 [http-nio-8080-exec-2] (HttpIdentifierConverter) Checking if fedora ID info:fedora/qucosa/qucosa-11097 is in domain
TRACE 07:47:13.242 [http-nio-8080-exec-2] (HttpIdentifierConverter) Translating Fedora ID info:fedora/qucosa/qucosa-11097 to Http URI
TRACE 07:47:13.242 [http-nio-8080-exec-2] (HttpIdentifierConverter) Checking if fedora ID info:fedora/qucosa/qucosa-11097 is in domain
TRACE 07:47:13.243 [http-nio-8080-exec-2] (HttpIdentifierConverter) Checking if fedora ID info:fedora/qucosa is in domain
TRACE 07:47:13.243 [http-nio-8080-exec-2] (HttpIdentifierConverter) Translating Fedora ID info:fedora/qucosa to Http URI
TRACE 07:47:13.243 [http-nio-8080-exec-2] (HttpIdentifierConverter) Checking if fedora ID info:fedora/qucosa is in domain
TRACE 07:47:13.243 [http-nio-8080-exec-2] (HttpIdentifierConverter) Checking if fedora ID info:fedora/qucosa/qucosa-11107 is in domain
TRACE 07:47:13.243 [http-nio-8080-exec-2] (HttpIdentifierConverter) Translating Fedora ID info:fedora/qucosa/qucosa-11107 to Http URI
TRACE 07:47:13.243 [http-nio-8080-exec-2] (HttpIdentifierConverter) Checking if fedora ID info:fedora/qucosa/qucosa-11107 is in domain
TRACE 07:47:13.243 [http-nio-8080-exec-2] (HttpIdentifierConverter) Checking if fedora ID info:fedora/qucosa is in domain
TRACE 07:47:13.243 [http-nio-8080-exec-2] (HttpIdentifierConverter) Translating Fedora ID info:fedora/qucosa to Http URI
TRACE 07:47:13.243 [http-nio-8080-exec-2] (HttpIdentifierConverter) Checking if fedora ID info:fedora/qucosa is in domain
TRACE 07:47:13.244 [http-nio-8080-exec-2] (HttpIdentifierConverter) Checking if fedora ID info:fedora/qucosa/qucosa-11109 is in domain
TRACE 07:47:13.244 [http-nio-8080-exec-2] (HttpIdentifierConverter) Translating Fedora ID info:fedora/qucosa/qucosa-11109 to Http URI
TRACE 07:47:13.244 [http-nio-8080-exec-2] (HttpIdentifierConverter) Checking if fedora ID info:fedora/qucosa/qucosa-11109 is in domain
TRACE 07:47:13.244 [http-nio-8080-exec-2] (HttpIdentifierConverter) Checking if fedora ID info:fedora/qucosa is in domain
TRACE 07:47:13.244 [http-nio-8080-exec-2] (HttpIdentifierConverter) Translating Fedora ID info:fedora/qucosa to Http URI
TRACE 07:47:13.244 [http-nio-8080-exec-2] (HttpIdentifierConverter) Checking if fedora ID info:fedora/qucosa is in domain
TRACE 07:47:13.245 [http-nio-8080-exec-2] (HttpIdentifierConverter) Checking if fedora ID info:fedora/qucosa/qucosa-11148 is in domain
TRACE 07:47:13.245 [http-nio-8080-exec-2] (HttpIdentifierConverter) Translating Fedora ID info:fedora/qucosa/qucosa-11148 to Http URI
TRACE 07:47:13.245 [http-nio-8080-exec-2] (HttpIdentifierConverter) Checking if fedora ID info:fedora/qucosa/qucosa-11148 is in domain
TRACE 07:47:13.245 [http-nio-8080-exec-2] (HttpIdentifierConverter) Checking if fedora ID info:fedora/qucosa is in domain
TRACE 07:47:13.245 [http-nio-8080-exec-2] (HttpIdentifierConverter) Translating Fedora ID info:fedora/qucosa to Http URI
TRACE 07:47:13.245 [http-nio-8080-exec-2] (HttpIdentifierConverter) Checking if fedora ID info:fedora/qucosa is in domain
TRACE 07:47:13.245 [http-nio-8080-exec-2] (HttpIdentifierConverter) Checking if fedora ID info:fedora/qucosa/qucosa-11157 is in domain
TRACE 07:47:13.245 [http-nio-8080-exec-2] (HttpIdentifierConverter) Translating Fedora ID info:fedora/qucosa/qucosa-11157 to Http URI
TRACE 07:47:13.245 [http-nio-8080-exec-2] (HttpIdentifierConverter) Checking if fedora ID info:fedora/qucosa/qucosa-11157 is in domain
TRACE 07:47:13.245 [http-nio-8080-exec-2] (HttpIdentifierConverter) Checking if fedora ID info:fedora/qucosa is in domain
TRACE 07:47:13.246 [http-nio-8080-exec-2] (HttpIdentifierConverter) Translating Fedora ID info:fedora/qucosa to Http URI
TRACE 07:47:13.246 [http-nio-8080-exec-2] (HttpIdentifierConverter) Checking if fedora ID info:fedora/qucosa is in domain
TRACE 07:47:13.246 [http-nio-8080-exec-2] (HttpIdentifierConverter) Checking if fedora ID info:fedora/qucosa/qucosa-11158 is in domain
TRACE 07:47:13.246 [http-nio-8080-exec-2] (HttpIdentifierConverter) Translating Fedora ID info:fedora/qucosa/qucosa-11158 to Http URI
TRACE 07:47:13.246 [http-nio-8080-exec-2] (HttpIdentifierConverter) Checking if fedora ID info:fedora/qucosa/qucosa-11158 is in domain
TRACE 07:47:13.246 [http-nio-8080-exec-2] (HttpIdentifierConverter) Checking if fedora ID info:fedora/qucosa is in domain
TRACE 07:47:13.246 [http-nio-8080-exec-2] (HttpIdentifierConverter) Translating Fedora ID info:fedora/qucosa to Http URI
TRACE 07:47:13.246 [http-nio-8080-exec-2] (HttpIdentifierConverter) Checking if fedora ID info:fedora/qucosa is in domain
TRACE 07:47:13.246 [http-nio-8080-exec-2] (HttpIdentifierConverter) Checking if fedora ID info:fedora/qucosa/qucosa-11162 is in domain
TRACE 07:47:13.246 [http-nio-8080-exec-2] (HttpIdentifierConverter) Translating Fedora ID info:fedora/qucosa/qucosa-11162 to Http URI
TRACE 07:47:13.246 [http-nio-8080-exec-2] (HttpIdentifierConverter) Checking if fedora ID info:fedora/qucosa/qucosa-11162 is in domain
TRACE 07:47:13.246 [http-nio-8080-exec-2] (HttpIdentifierConverter) Checking if fedora ID info:fedora/qucosa is in domain
TRACE 07:47:13.246 [http-nio-8080-exec-2] (HttpIdentifierConverter) Translating Fedora ID info:fedora/qucosa to Http URI
TRACE 07:47:13.246 [http-nio-8080-exec-2] (HttpIdentifierConverter) Checking if fedora ID info:fedora/qucosa is in domain
TRACE 07:47:13.246 [http-nio-8080-exec-2] (HttpIdentifierConverter) Checking if fedora ID info:fedora/qucosa/qucosa-11188 is in domain
TRACE 07:47:13.246 [http-nio-8080-exec-2] (HttpIdentifierConverter) Translating Fedora ID info:fedora/qucosa/qucosa-11188 to Http URI
TRACE 07:47:13.246 [http-nio-8080-exec-2] (HttpIdentifierConverter) Checking if fedora ID info:fedora/qucosa/qucosa-11188 is in domain
TRACE 07:47:13.246 [http-nio-8080-exec-2] (HttpIdentifierConverter) Checking if fedora ID info:fedora/qucosa is in domain
TRACE 07:47:13.246 [http-nio-8080-exec-2] (HttpIdentifierConverter) Translating Fedora ID info:fedora/qucosa to Http URI
TRACE 07:47:13.246 [http-nio-8080-exec-2] (HttpIdentifierConverter) Checking if fedora ID info:fedora/qucosa is in domain
TRACE 07:47:13.246 [http-nio-8080-exec-2] (HttpIdentifierConverter) Checking if fedora ID info:fedora/qucosa/qucosa-11196 is in domain
TRACE 07:47:13.246 [http-nio-8080-exec-2] (HttpIdentifierConverter) Translating Fedora ID info:fedora/qucosa/qucosa-11196 to Http URI
TRACE 07:47:13.246 [http-nio-8080-exec-2] (HttpIdentifierConverter) Checking if fedora ID info:fedora/qucosa/qucosa-11196 is in domain
TRACE 07:47:13.246 [http-nio-8080-exec-2] (HttpIdentifierConverter) Checking if fedora ID info:fedora/qucosa is in domain
TRACE 07:47:13.246 [http-nio-8080-exec-2] (HttpIdentifierConverter) Translating Fedora ID info:fedora/qucosa to Http URI
TRACE 07:47:13.246 [http-nio-8080-exec-2] (HttpIdentifierConverter) Checking if fedora ID info:fedora/qucosa is in domain
TRACE 07:47:13.246 [http-nio-8080-exec-2] (HttpIdentifierConverter) Checking if fedora ID info:fedora/qucosa/qucosa-11204 is in domain
TRACE 07:47:13.246 [http-nio-8080-exec-2] (HttpIdentifierConverter) Translating Fedora ID info:fedora/qucosa/qucosa-11204 to Http URI
TRACE 07:47:13.246 [http-nio-8080-exec-2] (HttpIdentifierConverter) Checking if fedora ID info:fedora/qucosa/qucosa-11204 is in domain
TRACE 07:47:13.246 [http-nio-8080-exec-2] (HttpIdentifierConverter) Checking if fedora ID info:fedora/qucosa is in domain
TRACE 07:47:13.246 [http-nio-8080-exec-2] (HttpIdentifierConverter) Translating Fedora ID info:fedora/qucosa to Http URI
TRACE 07:47:13.246 [http-nio-8080-exec-2] (HttpIdentifierConverter) Checking if fedora ID info:fedora/qucosa is in domain
TRACE 07:47:13.246 [http-nio-8080-exec-2] (HttpIdentifierConverter) Checking if fedora ID info:fedora/qucosa/qucosa-11206 is in domain
TRACE 07:47:13.246 [http-nio-8080-exec-2] (HttpIdentifierConverter) Translating Fedora ID info:fedora/qucosa/qucosa-11206 to Http URI
TRACE 07:47:13.246 [http-nio-8080-exec-2] (HttpIdentifierConverter) Checking if fedora ID info:fedora/qucosa/qucosa-11206 is in domain
TRACE 07:47:13.246 [http-nio-8080-exec-2] (HttpIdentifierConverter) Checking if fedora ID info:fedora/qucosa is in domain
TRACE 07:47:13.246 [http-nio-8080-exec-2] (HttpIdentifierConverter) Translating Fedora ID info:fedora/qucosa to Http URI
TRACE 07:47:13.246 [http-nio-8080-exec-2] (HttpIdentifierConverter) Checking if fedora ID info:fedora/qucosa is in domain
TRACE 07:47:13.246 [http-nio-8080-exec-2] (HttpIdentifierConverter) Checking if fedora ID info:fedora/qucosa/qucosa-11261 is in domain
TRACE 07:47:13.246 [http-nio-8080-exec-2] (HttpIdentifierConverter) Translating Fedora ID info:fedora/qucosa/qucosa-11261 to Http URI
TRACE 07:47:13.246 [http-nio-8080-exec-2] (HttpIdentifierConverter) Checking if fedora ID info:fedora/qucosa/qucosa-11261 is in domain
TRACE 07:47:13.246 [http-nio-8080-exec-2] (HttpIdentifierConverter) Checking if fedora ID info:fedora/qucosa is in domain
TRACE 07:47:13.246 [http-nio-8080-exec-2] (HttpIdentifierConverter) Translating Fedora ID info:fedora/qucosa to Http URI
TRACE 07:47:13.246 [http-nio-8080-exec-2] (HttpIdentifierConverter) Checking if fedora ID info:fedora/qucosa is in domain
TRACE 07:47:13.246 [http-nio-8080-exec-2] (HttpIdentifierConverter) Checking if fedora ID info:fedora/qucosa/qucosa-11267 is in domain
TRACE 07:47:13.246 [http-nio-8080-exec-2] (HttpIdentifierConverter) Translating Fedora ID info:fedora/qucosa/qucosa-11267 to Http URI
TRACE 07:47:13.246 [http-nio-8080-exec-2] (HttpIdentifierConverter) Checking if fedora ID info:fedora/qucosa/qucosa-11267 is in domain
TRACE 07:47:13.246 [http-nio-8080-exec-2] (HttpIdentifierConverter) Checking if fedora ID info:fedora/qucosa is in domain
TRACE 07:47:13.246 [http-nio-8080-exec-2] (HttpIdentifierConverter) Translating Fedora ID info:fedora/qucosa to Http URI
TRACE 07:47:13.246 [http-nio-8080-exec-2] (HttpIdentifierConverter) Checking if fedora ID info:fedora/qucosa is in domain
TRACE 07:47:13.246 [http-nio-8080-exec-2] (HttpIdentifierConverter) Checking if fedora ID info:fedora/qucosa/qucosa-11271 is in domain
TRACE 07:47:13.246 [http-nio-8080-exec-2] (HttpIdentifierConverter) Translating Fedora ID info:fedora/qucosa/qucosa-11271 to Http URI
TRACE 07:47:13.246 [http-nio-8080-exec-2] (HttpIdentifierConverter) Checking if fedora ID info:fedora/qucosa/qucosa-11271 is in domain
TRACE 07:47:13.246 [http-nio-8080-exec-2] (HttpIdentifierConverter) Checking if fedora ID info:fedora/qucosa is in domain
TRACE 07:47:13.246 [http-nio-8080-exec-2] (HttpIdentifierConverter) Translating Fedora ID info:fedora/qucosa to Http URI
TRACE 07:47:13.246 [http-nio-8080-exec-2] (HttpIdentifierConverter) Checking if fedora ID info:fedora/qucosa is in domain
TRACE 07:47:13.246 [http-nio-8080-exec-2] (HttpIdentifierConverter) Checking if fedora ID info:fedora/qucosa/qucosa-11283 is in domain
TRACE 07:47:13.246 [http-nio-8080-exec-2] (HttpIdentifierConverter) Translating Fedora ID info:fedora/qucosa/qucosa-11283 to Http URI
TRACE 07:47:13.246 [http-nio-8080-exec-2] (HttpIdentifierConverter) Checking if fedora ID info:fedora/qucosa/qucosa-11283 is in domain
TRACE 07:47:13.246 [http-nio-8080-exec-2] (HttpIdentifierConverter) Checking if fedora ID info:fedora/qucosa is in domain
TRACE 07:47:13.246 [http-nio-8080-exec-2] (HttpIdentifierConverter) Translating Fedora ID info:fedora/qucosa to Http URI
TRACE 07:47:13.246 [http-nio-8080-exec-2] (HttpIdentifierConverter) Checking if fedora ID info:fedora/qucosa is in domain
TRACE 07:47:13.246 [http-nio-8080-exec-2] (HttpIdentifierConverter) Checking if fedora ID info:fedora/qucosa/qucosa-11290 is in domain
TRACE 07:47:13.246 [http-nio-8080-exec-2] (HttpIdentifierConverter) Translating Fedora ID info:fedora/qucosa/qucosa-11290 to Http URI
TRACE 07:47:13.246 [http-nio-8080-exec-2] (HttpIdentifierConverter) Checking if fedora ID info:fedora/qucosa/qucosa-11290 is in domain
TRACE 07:47:13.246 [http-nio-8080-exec-2] (HttpIdentifierConverter) Checking if fedora ID info:fedora/qucosa is in domain
TRACE 07:47:13.246 [http-nio-8080-exec-2] (HttpIdentifierConverter) Translating Fedora ID info:fedora/qucosa to Http URI
TRACE 07:47:13.246 [http-nio-8080-exec-2] (HttpIdentifierConverter) Checking if fedora ID info:fedora/qucosa is in domain
TRACE 07:47:13.246 [http-nio-8080-exec-2] (HttpIdentifierConverter) Checking if fedora ID info:fedora/qucosa/qucosa-11310 is in domain
TRACE 07:47:13.246 [http-nio-8080-exec-2] (HttpIdentifierConverter) Translating Fedora ID info:fedora/qucosa/qucosa-11310 to Http URI
TRACE 07:47:13.246 [http-nio-8080-exec-2] (HttpIdentifierConverter) Checking if fedora ID info:fedora/qucosa/qucosa-11310 is in domain
TRACE 07:47:13.246 [http-nio-8080-exec-2] (HttpIdentifierConverter) Checking if fedora ID info:fedora/qucosa is in domain
TRACE 07:47:13.246 [http-nio-8080-exec-2] (HttpIdentifierConverter) Translating Fedora ID info:fedora/qucosa to Http URI
TRACE 07:47:13.246 [http-nio-8080-exec-2] (HttpIdentifierConverter) Checking if fedora ID info:fedora/qucosa is in domain
TRACE 07:47:13.246 [http-nio-8080-exec-2] (HttpIdentifierConverter) Checking if fedora ID info:fedora/qucosa/qucosa-11317 is in domain
TRACE 07:47:13.246 [http-nio-8080-exec-2] (HttpIdentifierConverter) Translating Fedora ID info:fedora/qucosa/qucosa-11317 to Http URI
TRACE 07:47:13.246 [http-nio-8080-exec-2] (HttpIdentifierConverter) Checking if fedora ID info:fedora/qucosa/qucosa-11317 is in domain
TRACE 07:47:13.246 [http-nio-8080-exec-2] (HttpIdentifierConverter) Checking if fedora ID info:fedora/qucosa is in domain
TRACE 07:47:13.246 [http-nio-8080-exec-2] (HttpIdentifierConverter) Translating Fedora ID info:fedora/qucosa to Http URI
TRACE 07:47:13.246 [http-nio-8080-exec-2] (HttpIdentifierConverter) Checking if fedora ID info:fedora/qucosa is in domain
TRACE 07:47:13.246 [http-nio-8080-exec-2] (HttpIdentifierConverter) Checking if fedora ID info:fedora/qucosa/qucosa-11326 is in domain
TRACE 07:47:13.246 [http-nio-8080-exec-2] (HttpIdentifierConverter) Translating Fedora ID info:fedora/qucosa/qucosa-11326 to Http URI
TRACE 07:47:13.246 [http-nio-8080-exec-2] (HttpIdentifierConverter) Checking if fedora ID info:fedora/qucosa/qucosa-11326 is in domain
TRACE 07:47:13.246 [http-nio-8080-exec-2] (HttpIdentifierConverter) Checking if fedora ID info:fedora/qucosa is in domain
TRACE 07:47:13.247 [http-nio-8080-exec-2] (HttpIdentifierConverter) Translating Fedora ID info:fedora/qucosa to Http URI
TRACE 07:47:13.247 [http-nio-8080-exec-2] (HttpIdentifierConverter) Checking if fedora ID info:fedora/qucosa is in domain
TRACE 07:47:13.247 [http-nio-8080-exec-2] (HttpIdentifierConverter) Checking if fedora ID info:fedora/qucosa/qucosa-11331 is in domain
TRACE 07:47:13.247 [http-nio-8080-exec-2] (HttpIdentifierConverter) Translating Fedora ID info:fedora/qucosa/qucosa-11331 to Http URI
TRACE 07:47:13.247 [http-nio-8080-exec-2] (HttpIdentifierConverter) Checking if fedora ID info:fedora/qucosa/qucosa-11331 is in domain
TRACE 07:47:13.247 [http-nio-8080-exec-2] (HttpIdentifierConverter) Checking if fedora ID info:fedora/qucosa is in domain
TRACE 07:47:13.247 [http-nio-8080-exec-2] (HttpIdentifierConverter) Translating Fedora ID info:fedora/qucosa to Http URI
TRACE 07:47:13.247 [http-nio-8080-exec-2] (HttpIdentifierConverter) Checking if fedora ID info:fedora/qucosa is in domain
TRACE 07:47:13.247 [http-nio-8080-exec-2] (HttpIdentifierConverter) Checking if fedora ID info:fedora/qucosa/qucosa-11333 is in domain
TRACE 07:47:13.247 [http-nio-8080-exec-2] (HttpIdentifierConverter) Translating Fedora ID info:fedora/qucosa/qucosa-11333 to Http URI
TRACE 07:47:13.247 [http-nio-8080-exec-2] (HttpIdentifierConverter) Checking if fedora ID info:fedora/qucosa/qucosa-11333 is in domain
TRACE 07:47:13.247 [http-nio-8080-exec-2] (HttpIdentifierConverter) Checking if fedora ID info:fedora/qucosa is in domain
TRACE 07:47:13.247 [http-nio-8080-exec-2] (HttpIdentifierConverter) Translating Fedora ID info:fedora/qucosa to Http URI
TRACE 07:47:13.247 [http-nio-8080-exec-2] (HttpIdentifierConverter) Checking if fedora ID info:fedora/qucosa is in domain
TRACE 07:47:13.247 [http-nio-8080-exec-2] (HttpIdentifierConverter) Checking if fedora ID info:fedora/qucosa/qucosa-11335 is in domain
TRACE 07:47:13.247 [http-nio-8080-exec-2] (HttpIdentifierConverter) Translating Fedora ID info:fedora/qucosa/qucosa-11335 to Http URI
TRACE 07:47:13.247 [http-nio-8080-exec-2] (HttpIdentifierConverter) Checking if fedora ID info:fedora/qucosa/qucosa-11335 is in domain
TRACE 07:47:13.247 [http-nio-8080-exec-2] (HttpIdentifierConverter) Checking if fedora ID info:fedora/qucosa is in domain
TRACE 07:47:13.247 [http-nio-8080-exec-2] (HttpIdentifierConverter) Translating Fedora ID info:fedora/qucosa to Http URI
TRACE 07:47:13.247 [http-nio-8080-exec-2] (HttpIdentifierConverter) Checking if fedora ID info:fedora/qucosa is in domain
TRACE 07:47:13.247 [http-nio-8080-exec-2] (HttpIdentifierConverter) Checking if fedora ID info:fedora/qucosa/qucosa-11338 is in domain
TRACE 07:47:13.247 [http-nio-8080-exec-2] (HttpIdentifierConverter) Translating Fedora ID info:fedora/qucosa/qucosa-11338 to Http URI
TRACE 07:47:13.247 [http-nio-8080-exec-2] (HttpIdentifierConverter) Checking if fedora ID info:fedora/qucosa/qucosa-11338 is in domain
TRACE 07:47:13.247 [http-nio-8080-exec-2] (HttpIdentifierConverter) Checking if fedora ID info:fedora/qucosa is in domain
TRACE 07:47:13.247 [http-nio-8080-exec-2] (HttpIdentifierConverter) Translating Fedora ID info:fedora/qucosa to Http URI
TRACE 07:47:13.247 [http-nio-8080-exec-2] (HttpIdentifierConverter) Checking if fedora ID info:fedora/qucosa is in domain
TRACE 07:47:13.247 [http-nio-8080-exec-2] (HttpIdentifierConverter) Checking if fedora ID info:fedora/qucosa/qucosa-11342 is in domain
TRACE 07:47:13.247 [http-nio-8080-exec-2] (HttpIdentifierConverter) Translating Fedora ID info:fedora/qucosa/qucosa-11342 to Http URI
TRACE 07:47:13.247 [http-nio-8080-exec-2] (HttpIdentifierConverter) Checking if fedora ID info:fedora/qucosa/qucosa-11342 is in domain
TRACE 07:47:13.247 [http-nio-8080-exec-2] (HttpIdentifierConverter) Checking if fedora ID info:fedora/qucosa is in domain
TRACE 07:47:13.247 [http-nio-8080-exec-2] (HttpIdentifierConverter) Translating Fedora ID info:fedora/qucosa to Http URI
TRACE 07:47:13.247 [http-nio-8080-exec-2] (HttpIdentifierConverter) Checking if fedora ID info:fedora/qucosa is in domain
TRACE 07:47:13.247 [http-nio-8080-exec-2] (HttpIdentifierConverter) Checking if fedora ID info:fedora/qucosa/qucosa-11390 is in domain
TRACE 07:47:13.247 [http-nio-8080-exec-2] (HttpIdentifierConverter) Translating Fedora ID info:fedora/qucosa/qucosa-11390 to Http URI
TRACE 07:47:13.247 [http-nio-8080-exec-2] (HttpIdentifierConverter) Checking if fedora ID info:fedora/qucosa/qucosa-11390 is in domain
TRACE 07:47:13.247 [http-nio-8080-exec-2] (HttpIdentifierConverter) Checking if fedora ID info:fedora/qucosa is in domain
TRACE 07:47:13.247 [http-nio-8080-exec-2] (HttpIdentifierConverter) Translating Fedora ID info:fedora/qucosa to Http URI
TRACE 07:47:13.247 [http-nio-8080-exec-2] (HttpIdentifierConverter) Checking if fedora ID info:fedora/qucosa is in domain
TRACE 07:47:13.247 [http-nio-8080-exec-2] (HttpIdentifierConverter) Checking if fedora ID info:fedora/qucosa/qucosa-11400 is in domain
TRACE 07:47:13.247 [http-nio-8080-exec-2] (HttpIdentifierConverter) Translating Fedora ID info:fedora/qucosa/qucosa-11400 to Http URI
TRACE 07:47:13.247 [http-nio-8080-exec-2] (HttpIdentifierConverter) Checking if fedora ID info:fedora/qucosa/qucosa-11400 is in domain
TRACE 07:47:13.247 [http-nio-8080-exec-2] (HttpIdentifierConverter) Checking if fedora ID info:fedora/qucosa is in domain
TRACE 07:47:13.247 [http-nio-8080-exec-2] (HttpIdentifierConverter) Translating Fedora ID info:fedora/qucosa to Http URI
TRACE 07:47:13.247 [http-nio-8080-exec-2] (HttpIdentifierConverter) Checking if fedora ID info:fedora/qucosa is in domain
TRACE 07:47:13.247 [http-nio-8080-exec-2] (HttpIdentifierConverter) Checking if fedora ID info:fedora/qucosa/qucosa-11404 is in domain
TRACE 07:47:13.247 [http-nio-8080-exec-2] (HttpIdentifierConverter) Translating Fedora ID info:fedora/qucosa/qucosa-11404 to Http URI
TRACE 07:47:13.247 [http-nio-8080-exec-2] (HttpIdentifierConverter) Checking if fedora ID info:fedora/qucosa/qucosa-11404 is in domain
TRACE 07:47:13.247 [http-nio-8080-exec-2] (HttpIdentifierConverter) Checking if fedora ID info:fedora/qucosa is in domain
TRACE 07:47:13.247 [http-nio-8080-exec-2] (HttpIdentifierConverter) Translating Fedora ID info:fedora/qucosa to Http URI
TRACE 07:47:13.247 [http-nio-8080-exec-2] (HttpIdentifierConverter) Checking if fedora ID info:fedora/qucosa is in domain
TRACE 07:47:13.247 [http-nio-8080-exec-2] (HttpIdentifierConverter) Checking if fedora ID info:fedora/qucosa/qucosa-11414 is in domain
TRACE 07:47:13.247 [http-nio-8080-exec-2] (HttpIdentifierConverter) Translating Fedora ID info:fedora/qucosa/qucosa-11414 to Http URI
TRACE 07:47:13.247 [http-nio-8080-exec-2] (HttpIdentifierConverter) Checking if fedora ID info:fedora/qucosa/qucosa-11414 is in domain
TRACE 07:47:13.247 [http-nio-8080-exec-2] (HttpIdentifierConverter) Checking if fedora ID info:fedora/qucosa is in domain
TRACE 07:47:13.247 [http-nio-8080-exec-2] (HttpIdentifierConverter) Translating Fedora ID info:fedora/qucosa to Http URI
TRACE 07:47:13.247 [http-nio-8080-exec-2] (HttpIdentifierConverter) Checking if fedora ID info:fedora/qucosa is in domain
TRACE 07:47:13.247 [http-nio-8080-exec-2] (HttpIdentifierConverter) Checking if fedora ID info:fedora/qucosa/qucosa-11425 is in domain
TRACE 07:47:13.247 [http-nio-8080-exec-2] (HttpIdentifierConverter) Translating Fedora ID info:fedora/qucosa/qucosa-11425 to Http URI
TRACE 07:47:13.247 [http-nio-8080-exec-2] (HttpIdentifierConverter) Checking if fedora ID info:fedora/qucosa/qucosa-11425 is in domain
TRACE 07:47:13.247 [http-nio-8080-exec-2] (HttpIdentifierConverter) Checking if fedora ID info:fedora/qucosa is in domain
TRACE 07:47:13.247 [http-nio-8080-exec-2] (HttpIdentifierConverter) Translating Fedora ID info:fedora/qucosa to Http URI
TRACE 07:47:13.247 [http-nio-8080-exec-2] (HttpIdentifierConverter) Checking if fedora ID info:fedora/qucosa is in domain
TRACE 07:47:13.247 [http-nio-8080-exec-2] (HttpIdentifierConverter) Checking if fedora ID info:fedora/qucosa/qucosa-11426 is in domain
TRACE 07:47:13.247 [http-nio-8080-exec-2] (HttpIdentifierConverter) Translating Fedora ID info:fedora/qucosa/qucosa-11426 to Http URI
TRACE 07:47:13.247 [http-nio-8080-exec-2] (HttpIdentifierConverter) Checking if fedora ID info:fedora/qucosa/qucosa-11426 is in domain
TRACE 07:47:13.247 [http-nio-8080-exec-2] (HttpIdentifierConverter) Checking if fedora ID info:fedora/qucosa is in domain
TRACE 07:47:13.247 [http-nio-8080-exec-2] (HttpIdentifierConverter) Translating Fedora ID info:fedora/qucosa to Http URI
TRACE 07:47:13.247 [http-nio-8080-exec-2] (HttpIdentifierConverter) Checking if fedora ID info:fedora/qucosa is in domain
TRACE 07:47:13.247 [http-nio-8080-exec-2] (HttpIdentifierConverter) Checking if fedora ID info:fedora/qucosa/qucosa-11430 is in domain
TRACE 07:47:13.247 [http-nio-8080-exec-2] (HttpIdentifierConverter) Translating Fedora ID info:fedora/qucosa/qucosa-11430 to Http URI
TRACE 07:47:13.247 [http-nio-8080-exec-2] (HttpIdentifierConverter) Checking if fedora ID info:fedora/qucosa/qucosa-11430 is in domain
TRACE 07:47:13.247 [http-nio-8080-exec-2] (HttpIdentifierConverter) Checking if fedora ID info:fedora/qucosa is in domain
TRACE 07:47:13.247 [http-nio-8080-exec-2] (HttpIdentifierConverter) Translating Fedora ID info:fedora/qucosa to Http URI
TRACE 07:47:13.247 [http-nio-8080-exec-2] (HttpIdentifierConverter) Checking if fedora ID info:fedora/qucosa is in domain
TRACE 07:47:13.247 [http-nio-8080-exec-2] (HttpIdentifierConverter) Checking if fedora ID info:fedora/qucosa/qucosa-11444 is in domain
TRACE 07:47:13.247 [http-nio-8080-exec-2] (HttpIdentifierConverter) Translating Fedora ID info:fedora/qucosa/qucosa-11444 to Http URI
TRACE 07:47:13.247 [http-nio-8080-exec-2] (HttpIdentifierConverter) Checking if fedora ID info:fedora/qucosa/qucosa-11444 is in domain
TRACE 07:47:13.247 [http-nio-8080-exec-2] (HttpIdentifierConverter) Checking if fedora ID info:fedora/qucosa is in domain
TRACE 07:47:13.247 [http-nio-8080-exec-2] (HttpIdentifierConverter) Translating Fedora ID info:fedora/qucosa to Http URI
TRACE 07:47:13.247 [http-nio-8080-exec-2] (HttpIdentifierConverter) Checking if fedora ID info:fedora/qucosa is in domain
TRACE 07:47:13.247 [http-nio-8080-exec-2] (HttpIdentifierConverter) Checking if fedora ID info:fedora/qucosa/qucosa-11480 is in domain
TRACE 07:47:13.247 [http-nio-8080-exec-2] (HttpIdentifierConverter) Translating Fedora ID info:fedora/qucosa/qucosa-11480 to Http URI
TRACE 07:47:13.247 [http-nio-8080-exec-2] (HttpIdentifierConverter) Checking if fedora ID info:fedora/qucosa/qucosa-11480 is in domain
TRACE 07:47:13.247 [http-nio-8080-exec-2] (HttpIdentifierConverter) Checking if fedora ID info:fedora/qucosa is in domain
TRACE 07:47:13.247 [http-nio-8080-exec-2] (HttpIdentifierConverter) Translating Fedora ID info:fedora/qucosa to Http URI
TRACE 07:47:13.247 [http-nio-8080-exec-2] (HttpIdentifierConverter) Checking if fedora ID info:fedora/qucosa is in domain
TRACE 07:47:13.247 [http-nio-8080-exec-2] (HttpIdentifierConverter) Checking if fedora ID info:fedora/qucosa/qucosa-11482 is in domain
TRACE 07:47:13.247 [http-nio-8080-exec-2] (HttpIdentifierConverter) Translating Fedora ID info:fedora/qucosa/qucosa-11482 to Http URI
TRACE 07:47:13.247 [http-nio-8080-exec-2] (HttpIdentifierConverter) Checking if fedora ID info:fedora/qucosa/qucosa-11482 is in domain
TRACE 07:47:13.247 [http-nio-8080-exec-2] (HttpIdentifierConverter) Checking if fedora ID info:fedora/qucosa is in domain
TRACE 07:47:13.247 [http-nio-8080-exec-2] (HttpIdentifierConverter) Translating Fedora ID info:fedora/qucosa to Http URI
TRACE 07:47:13.247 [http-nio-8080-exec-2] (HttpIdentifierConverter) Checking if fedora ID info:fedora/qucosa is in domain
TRACE 07:47:13.247 [http-nio-8080-exec-2] (HttpIdentifierConverter) Checking if fedora ID info:fedora/qucosa/qucosa-11487 is in domain
TRACE 07:47:13.247 [http-nio-8080-exec-2] (HttpIdentifierConverter) Translating Fedora ID info:fedora/qucosa/qucosa-11487 to Http URI
TRACE 07:47:13.247 [http-nio-8080-exec-2] (HttpIdentifierConverter) Checking if fedora ID info:fedora/qucosa/qucosa-11487 is in domain
TRACE 07:47:13.247 [http-nio-8080-exec-2] (HttpIdentifierConverter) Checking if fedora ID info:fedora/qucosa is in domain
TRACE 07:47:13.247 [http-nio-8080-exec-2] (HttpIdentifierConverter) Translating Fedora ID info:fedora/qucosa to Http URI
TRACE 07:47:13.247 [http-nio-8080-exec-2] (HttpIdentifierConverter) Checking if fedora ID info:fedora/qucosa is in domain
TRACE 07:47:13.247 [http-nio-8080-exec-2] (HttpIdentifierConverter) Checking if fedora ID info:fedora/qucosa/qucosa-11500 is in domain
TRACE 07:47:13.247 [http-nio-8080-exec-2] (HttpIdentifierConverter) Translating Fedora ID info:fedora/qucosa/qucosa-11500 to Http URI
TRACE 07:47:13.247 [http-nio-8080-exec-2] (HttpIdentifierConverter) Checking if fedora ID info:fedora/qucosa/qucosa-11500 is in domain
TRACE 07:47:13.247 [http-nio-8080-exec-2] (HttpIdentifierConverter) Checking if fedora ID info:fedora/qucosa is in domain
TRACE 07:47:13.247 [http-nio-8080-exec-2] (HttpIdentifierConverter) Translating Fedora ID info:fedora/qucosa to Http URI
TRACE 07:47:13.247 [http-nio-8080-exec-2] (HttpIdentifierConverter) Checking if fedora ID info:fedora/qucosa is in domain
TRACE 07:47:13.247 [http-nio-8080-exec-2] (HttpIdentifierConverter) Checking if fedora ID info:fedora/qucosa/qucosa-11515 is in domain
TRACE 07:47:13.247 [http-nio-8080-exec-2] (HttpIdentifierConverter) Translating Fedora ID info:fedora/qucosa/qucosa-11515 to Http URI
TRACE 07:47:13.247 [http-nio-8080-exec-2] (HttpIdentifierConverter) Checking if fedora ID info:fedora/qucosa/qucosa-11515 is in domain
TRACE 07:47:13.247 [http-nio-8080-exec-2] (HttpIdentifierConverter) Checking if fedora ID info:fedora/qucosa is in domain
TRACE 07:47:13.247 [http-nio-8080-exec-2] (HttpIdentifierConverter) Translating Fedora ID info:fedora/qucosa to Http URI
TRACE 07:47:13.247 [http-nio-8080-exec-2] (HttpIdentifierConverter) Checking if fedora ID info:fedora/qucosa is in domain
TRACE 07:47:13.247 [http-nio-8080-exec-2] (HttpIdentifierConverter) Checking if fedora ID info:fedora/qucosa/qucosa-11529 is in domain
TRACE 07:47:13.247 [http-nio-8080-exec-2] (HttpIdentifierConverter) Translating Fedora ID info:fedora/qucosa/qucosa-11529 to Http URI
TRACE 07:47:13.247 [http-nio-8080-exec-2] (HttpIdentifierConverter) Checking if fedora ID info:fedora/qucosa/qucosa-11529 is in domain
TRACE 07:47:13.247 [http-nio-8080-exec-2] (HttpIdentifierConverter) Checking if fedora ID info:fedora/qucosa is in domain
TRACE 07:47:13.247 [http-nio-8080-exec-2] (HttpIdentifierConverter) Translating Fedora ID info:fedora/qucosa to Http URI
TRACE 07:47:13.247 [http-nio-8080-exec-2] (HttpIdentifierConverter) Checking if fedora ID info:fedora/qucosa is in domain
TRACE 07:47:13.247 [http-nio-8080-exec-2] (HttpIdentifierConverter) Checking if fedora ID info:fedora/qucosa/qucosa-11536 is in domain
TRACE 07:47:13.247 [http-nio-8080-exec-2] (HttpIdentifierConverter) Translating Fedora ID info:fedora/qucosa/qucosa-11536 to Http URI
TRACE 07:47:13.247 [http-nio-8080-exec-2] (HttpIdentifierConverter) Checking if fedora ID info:fedora/qucosa/qucosa-11536 is in domain
TRACE 07:47:13.247 [http-nio-8080-exec-2] (HttpIdentifierConverter) Checking if fedora ID info:fedora/qucosa is in domain
TRACE 07:47:13.247 [http-nio-8080-exec-2] (HttpIdentifierConverter) Translating Fedora ID info:fedora/qucosa to Http URI
TRACE 07:47:13.247 [http-nio-8080-exec-2] (HttpIdentifierConverter) Checking if fedora ID info:fedora/qucosa is in domain
TRACE 07:47:13.247 [http-nio-8080-exec-2] (HttpIdentifierConverter) Checking if fedora ID info:fedora/qucosa/qucosa-11540 is in domain
TRACE 07:47:13.247 [http-nio-8080-exec-2] (HttpIdentifierConverter) Translating Fedora ID info:fedora/qucosa/qucosa-11540 to Http URI
TRACE 07:47:13.247 [http-nio-8080-exec-2] (HttpIdentifierConverter) Checking if fedora ID info:fedora/qucosa/qucosa-11540 is in domain
TRACE 07:47:13.247 [http-nio-8080-exec-2] (HttpIdentifierConverter) Checking if fedora ID info:fedora/qucosa is in domain
TRACE 07:47:13.247 [http-nio-8080-exec-2] (HttpIdentifierConverter) Translating Fedora ID info:fedora/qucosa to Http URI
TRACE 07:47:13.247 [http-nio-8080-exec-2] (HttpIdentifierConverter) Checking if fedora ID info:fedora/qucosa is in domain
TRACE 07:47:13.247 [http-nio-8080-exec-2] (HttpIdentifierConverter) Checking if fedora ID info:fedora/qucosa/qucosa-11550 is in domain
TRACE 07:47:13.247 [http-nio-8080-exec-2] (HttpIdentifierConverter) Translating Fedora ID info:fedora/qucosa/qucosa-11550 to Http URI
TRACE 07:47:13.247 [http-nio-8080-exec-2] (HttpIdentifierConverter) Checking if fedora ID info:fedora/qucosa/qucosa-11550 is in domain
TRACE 07:47:13.247 [http-nio-8080-exec-2] (HttpIdentifierConverter) Checking if fedora ID info:fedora/qucosa is in domain
TRACE 07:47:13.247 [http-nio-8080-exec-2] (HttpIdentifierConverter) Translating Fedora ID info:fedora/qucosa to Http URI
TRACE 07:47:13.247 [http-nio-8080-exec-2] (HttpIdentifierConverter) Checking if fedora ID info:fedora/qucosa is in domain
TRACE 07:47:13.247 [http-nio-8080-exec-2] (HttpIdentifierConverter) Checking if fedora ID info:fedora/qucosa/qucosa-11553 is in domain
TRACE 07:47:13.247 [http-nio-8080-exec-2] (HttpIdentifierConverter) Translating Fedora ID info:fedora/qucosa/qucosa-11553 to Http URI
TRACE 07:47:13.247 [http-nio-8080-exec-2] (HttpIdentifierConverter) Checking if fedora ID info:fedora/qucosa/qucosa-11553 is in domain
TRACE 07:47:13.247 [http-nio-8080-exec-2] (HttpIdentifierConverter) Checking if fedora ID info:fedora/qucosa is in domain
TRACE 07:47:13.247 [http-nio-8080-exec-2] (HttpIdentifierConverter) Translating Fedora ID info:fedora/qucosa to Http URI
TRACE 07:47:13.247 [http-nio-8080-exec-2] (HttpIdentifierConverter) Checking if fedora ID info:fedora/qucosa is in domain
TRACE 07:47:13.247 [http-nio-8080-exec-2] (HttpIdentifierConverter) Checking if fedora ID info:fedora/qucosa/qucosa-11557 is in domain
TRACE 07:47:13.247 [http-nio-8080-exec-2] (HttpIdentifierConverter) Translating Fedora ID info:fedora/qucosa/qucosa-11557 to Http URI
TRACE 07:47:13.247 [http-nio-8080-exec-2] (HttpIdentifierConverter) Checking if fedora ID info:fedora/qucosa/qucosa-11557 is in domain
TRACE 07:47:13.247 [http-nio-8080-exec-2] (HttpIdentifierConverter) Checking if fedora ID info:fedora/qucosa is in domain
TRACE 07:47:13.247 [http-nio-8080-exec-2] (HttpIdentifierConverter) Translating Fedora ID info:fedora/qucosa to Http URI
TRACE 07:47:13.247 [http-nio-8080-exec-2] (HttpIdentifierConverter) Checking if fedora ID info:fedora/qucosa is in domain
TRACE 07:47:13.247 [http-nio-8080-exec-2] (HttpIdentifierConverter) Checking if fedora ID info:fedora/qucosa/qucosa-11563 is in domain
TRACE 07:47:13.247 [http-nio-8080-exec-2] (HttpIdentifierConverter) Translating Fedora ID info:fedora/qucosa/qucosa-11563 to Http URI
TRACE 07:47:13.247 [http-nio-8080-exec-2] (HttpIdentifierConverter) Checking if fedora ID info:fedora/qucosa/qucosa-11563 is in domain
DEBUG 07:47:13.248 [http-nio-8080-exec-2] (HttpTripleUtil) Adding response information using: httpApiResources
TRACE 07:47:13.248 [http-nio-8080-exec-2] (HttpIdentifierConverter) Translating http URI http://sdvcmr-test-app01.slub-dresden.de:8082/fcrepo/rest/qucosa to Fedora ID with encoded set to false
WARN 07:47:13.249 [http-nio-8080-exec-2] (WildcardExceptionMapper) Unmapped exception
java.lang.IllegalArgumentException: Cannot translate NULL path
	at org.fcrepo.http.commons.api.rdf.HttpIdentifierConverter.toInternalId(HttpIdentifierConverter.java:83)
	at org.fcrepo.http.commons.api.rdf.HttpIdentifierConverter.toInternalId(HttpIdentifierConverter.java:58)
	at org.fcrepo.http.api.responses.StreamingBaseHtmlProvider.writeTo(StreamingBaseHtmlProvider.java:205)
	at org.fcrepo.http.api.responses.StreamingBaseHtmlProvider.writeTo(StreamingBaseHtmlProvider.java:83)
	at org.glassfish.jersey.message.internal.WriterInterceptorExecutor$TerminalWriterInterceptor.invokeWriteTo(WriterInterceptorExecutor.java:242)
	at org.glassfish.jersey.message.internal.WriterInterceptorExecutor$TerminalWriterInterceptor.aroundWriteTo(WriterInterceptorExecutor.java:227)
	at org.glassfish.jersey.message.internal.WriterInterceptorExecutor.proceed(WriterInterceptorExecutor.java:139)
	at org.glassfish.jersey.server.internal.JsonWithPaddingInterceptor.aroundWriteTo(JsonWithPaddingInterceptor.java:85)
	at org.glassfish.jersey.message.internal.WriterInterceptorExecutor.proceed(WriterInterceptorExecutor.java:139)
	at org.glassfish.jersey.server.internal.MappableExceptionWrapperInterceptor.aroundWriteTo(MappableExceptionWrapperInterceptor.java:61)
	at org.glassfish.jersey.message.internal.WriterInterceptorExecutor.proceed(WriterInterceptorExecutor.java:139)
	at org.glassfish.jersey.logging.LoggingInterceptor.aroundWriteTo(LoggingInterceptor.java:224)
	at org.glassfish.jersey.message.internal.WriterInterceptorExecutor.proceed(WriterInterceptorExecutor.java:139)
	at org.glassfish.jersey.message.internal.MessageBodyFactory.writeTo(MessageBodyFactory.java:1116)
	at org.glassfish.jersey.server.ServerRuntime$Responder.writeResponse(ServerRuntime.java:635)
	at org.glassfish.jersey.server.ServerRuntime$Responder.processResponse(ServerRuntime.java:373)
	at org.glassfish.jersey.server.ServerRuntime$Responder.process(ServerRuntime.java:363)
	at org.glassfish.jersey.server.ServerRuntime$1.run(ServerRuntime.java:258)
	at org.glassfish.jersey.internal.Errors$1.call(Errors.java:248)
	at org.glassfish.jersey.internal.Errors$1.call(Errors.java:244)
	at org.glassfish.jersey.internal.Errors.process(Errors.java:292)
	at org.glassfish.jersey.internal.Errors.process(Errors.java:274)
	at org.glassfish.jersey.internal.Errors.process(Errors.java:244)
	at org.glassfish.jersey.process.internal.RequestScope.runInScope(RequestScope.java:265)
	at org.glassfish.jersey.server.ServerRuntime.process(ServerRuntime.java:234)
	at org.glassfish.jersey.server.ApplicationHandler.handle(ApplicationHandler.java:684)
	at org.glassfish.jersey.servlet.WebComponent.serviceImpl(WebComponent.java:394)
	at org.glassfish.jersey.servlet.WebComponent.service(WebComponent.java:346)
	at org.glassfish.jersey.servlet.ServletContainer.service(ServletContainer.java:366)
	at org.glassfish.jersey.servlet.ServletContainer.service(ServletContainer.java:319)
	at org.glassfish.jersey.servlet.ServletContainer.service(ServletContainer.java:205)
	at org.apache.catalina.core.ApplicationFilterChain.internalDoFilter(ApplicationFilterChain.java:227)
	at org.apache.catalina.core.ApplicationFilterChain.doFilter(ApplicationFilterChain.java:162)
	at org.apache.tomcat.websocket.server.WsFilter.doFilter(WsFilter.java:53)
	at org.apache.catalina.core.ApplicationFilterChain.internalDoFilter(ApplicationFilterChain.java:189)
	at org.apache.catalina.core.ApplicationFilterChain.doFilter(ApplicationFilterChain.java:162)
	at org.apache.shiro.web.servlet.ProxiedFilterChain.doFilter(ProxiedFilterChain.java:61)
	at org.fcrepo.auth.webac.WebACFilter.doFilterInternal(WebACFilter.java:253)
	at org.springframework.web.filter.OncePerRequestFilter.doFilter(OncePerRequestFilter.java:119)
	at org.apache.shiro.web.servlet.ProxiedFilterChain.doFilter(ProxiedFilterChain.java:66)
	at org.fcrepo.auth.common.AbstractPrincipalProvider.doFilter(AbstractPrincipalProvider.java:74)
	at org.fcrepo.auth.common.HttpHeaderPrincipalProvider.doFilter(HttpHeaderPrincipalProvider.java:26)
	at org.apache.shiro.web.servlet.ProxiedFilterChain.doFilter(ProxiedFilterChain.java:66)
	at org.fcrepo.auth.common.ServletContainerAuthFilter.doFilter(ServletContainerAuthFilter.java:77)
	at org.apache.shiro.web.servlet.ProxiedFilterChain.doFilter(ProxiedFilterChain.java:66)
	at org.apache.shiro.web.servlet.AdviceFilter.executeChain(AdviceFilter.java:108)
	at org.apache.shiro.web.servlet.AdviceFilter.doFilterInternal(AdviceFilter.java:137)
	at org.apache.shiro.web.servlet.OncePerRequestFilter.doFilter(OncePerRequestFilter.java:125)
	at org.apache.shiro.web.servlet.ProxiedFilterChain.doFilter(ProxiedFilterChain.java:66)
	at org.apache.shiro.web.servlet.AbstractShiroFilter.executeChain(AbstractShiroFilter.java:450)
	at org.apache.shiro.web.servlet.AbstractShiroFilter$1.call(AbstractShiroFilter.java:365)
	at org.apache.shiro.subject.support.SubjectCallable.doCall(SubjectCallable.java:90)
	at org.apache.shiro.subject.support.SubjectCallable.call(SubjectCallable.java:83)
	at org.apache.shiro.subject.support.DelegatingSubject.execute(DelegatingSubject.java:387)
	at org.apache.shiro.web.servlet.AbstractShiroFilter.doFilterInternal(AbstractShiroFilter.java:362)
	at org.apache.shiro.web.servlet.OncePerRequestFilter.doFilter(OncePerRequestFilter.java:125)
	at org.springframework.web.filter.DelegatingFilterProxy.invokeDelegate(DelegatingFilterProxy.java:358)
	at org.springframework.web.filter.DelegatingFilterProxy.doFilter(DelegatingFilterProxy.java:271)
	at org.apache.catalina.core.ApplicationFilterChain.internalDoFilter(ApplicationFilterChain.java:189)
	at org.apache.catalina.core.ApplicationFilterChain.doFilter(ApplicationFilterChain.java:162)
	at org.apache.catalina.core.StandardWrapperValve.invoke(StandardWrapperValve.java:197)
	at org.apache.catalina.core.StandardContextValve.invoke(StandardContextValve.java:97)
	at org.apache.catalina.authenticator.AuthenticatorBase.invoke(AuthenticatorBase.java:659)
	at org.apache.catalina.core.StandardHostValve.invoke(StandardHostValve.java:135)
	at org.apache.catalina.valves.ErrorReportValve.invoke(ErrorReportValve.java:92)
	at org.apache.catalina.valves.AbstractAccessLogValve.invoke(AbstractAccessLogValve.java:687)
	at org.apache.catalina.core.StandardEngineValve.invoke(StandardEngineValve.java:78)
	at org.apache.catalina.connector.CoyoteAdapter.service(CoyoteAdapter.java:357)
	at org.apache.coyote.http11.Http11Processor.service(Http11Processor.java:382)
	at org.apache.coyote.AbstractProcessorLight.process(AbstractProcessorLight.java:65)
	at org.apache.coyote.AbstractProtocol$ConnectionHandler.process(AbstractProtocol.java:895)
	at org.apache.tomcat.util.net.NioEndpoint$SocketProcessor.doRun(NioEndpoint.java:1722)
	at org.apache.tomcat.util.net.SocketProcessorBase.run(SocketProcessorBase.java:49)
	at org.apache.tomcat.util.threads.ThreadPoolExecutor.runWorker(ThreadPoolExecutor.java:1191)
	at org.apache.tomcat.util.threads.ThreadPoolExecutor$Worker.run(ThreadPoolExecutor.java:659)
	at org.apache.tomcat.util.threads.TaskThread$WrappingRunnable.run(TaskThread.java:61)
	at java.base/java.lang.Thread.run(Thread.java:829)



